18:36:13 v2 start harness_pid=45461 pswpin=115394 pswpout=210313
18:36:13 phase=idle avail_mib=62826 free_mib=16846 cached_mib=46457 swapused_mib=17 swapout_kib+=0 swapin_kib+=0 gpu_mib=7
18:36:15 phase=load avail_mib=62385 free_mib=16406 cached_mib=46465 swapused_mib=17 swapout_kib+=0 swapin_kib+=0 gpu_mib=17588
18:36:17 phase=load avail_mib=61643 free_mib=15664 cached_mib=46997 swapused_mib=17 swapout_kib+=0 swapin_kib+=0 gpu_mib=21858
18:36:19 phase=load avail_mib=61464 free_mib=15483 cached_mib=46998 swapused_mib=17 swapout_kib+=0 swapin_kib+=0 gpu_mib=21868
18:36:21 phase=load avail_mib=61303 free_mib=15323 cached_mib=46998 swapused_mib=17 swapout_kib+=0 swapin_kib+=0 gpu_mib=22184
18:36:23 phase=load avail_mib=61251 free_mib=15271 cached_mib=46998 swapused_mib=17 swapout_kib+=0 swapin_kib+=0 gpu_mib=22184
18:36:25 phase=load avail_mib=61121 free_mib=15141 cached_mib=46998 swapused_mib=17 swapout_kib+=0 swapin_kib+=0 gpu_mib=22184
18:36:27 phase=measured avail_mib=61127 free_mib=15146 cached_mib=46998 swapused_mib=17 swapout_kib+=0 swapin_kib+=0 gpu_mib=22184
18:36:29 phase=measured avail_mib=61137 free_mib=15157 cached_mib=46998 swapused_mib=17 swapout_kib+=0 swapin_kib+=0 gpu_mib=22184
18:36:31 phase=measured avail_mib=61145 free_mib=15164 cached_mib=46998 swapused_mib=17 swapout_kib+=0 swapin_kib+=0 gpu_mib=22184
18:36:33 phase=measured avail_mib=61139 free_mib=15159 cached_mib=46998 swapused_mib=17 swapout_kib+=0 swapin_kib+=0 gpu_mib=22184
18:36:35 phase=measured avail_mib=61146 free_mib=15165 cached_mib=46999 swapused_mib=17 swapout_kib+=0 swapin_kib+=0 gpu_mib=22184
18:36:37 phase=measured avail_mib=60610 free_mib=14628 cached_mib=47000 swapused_mib=17 swapout_kib+=0 swapin_kib+=0 gpu_mib=22184
18:36:39 phase=measured avail_mib=60639 free_mib=14657 cached_mib=47000 swapused_mib=17 swapout_kib+=0 swapin_kib+=0 gpu_mib=22184
18:36:42 phase=measured avail_mib=60645 free_mib=14663 cached_mib=47000 swapused_mib=17 swapout_kib+=0 swapin_kib+=0 gpu_mib=22184
18:36:44 phase=measured avail_mib=60641 free_mib=14659 cached_mib=47000 swapused_mib=17 swapout_kib+=0 swapin_kib+=0 gpu_mib=22184
18:36:46 phase=measured avail_mib=60642 free_mib=14658 cached_mib=47002 swapused_mib=17 swapout_kib+=0 swapin_kib+=0 gpu_mib=22184
18:36:48 phase=measured avail_mib=60637 free_mib=14652 cached_mib=47002 swapused_mib=17 swapout_kib+=0 swapin_kib+=0 gpu_mib=22184
18:36:50 phase=measured avail_mib=60650 free_mib=14664 cached_mib=47003 swapused_mib=17 swapout_kib+=0 swapin_kib+=0 gpu_mib=22184
18:36:52 phase=measured avail_mib=60644 free_mib=14658 cached_mib=47003 swapused_mib=17 swapout_kib+=0 swapin_kib+=0 gpu_mib=22184
18:36:54 phase=measured avail_mib=60670 free_mib=14684 cached_mib=47004 swapused_mib=17 swapout_kib+=0 swapin_kib+=0 gpu_mib=22184
18:36:56 phase=measured avail_mib=60671 free_mib=14684 cached_mib=47004 swapused_mib=17 swapout_kib+=0 swapin_kib+=0 gpu_mib=22184
18:36:58 phase=measured avail_mib=60168 free_mib=14181 cached_mib=47005 swapused_mib=17 swapout_kib+=0 swapin_kib+=0 gpu_mib=22184
18:37:00 phase=measured avail_mib=60142 free_mib=14155 cached_mib=47005 swapused_mib=17 swapout_kib+=0 swapin_kib+=0 gpu_mib=22184
18:37:02 phase=measured avail_mib=60135 free_mib=14148 cached_mib=47005 swapused_mib=17 swapout_kib+=0 swapin_kib+=0 gpu_mib=22184
18:37:04 phase=measured avail_mib=60103 free_mib=14115 cached_mib=47005 swapused_mib=17 swapout_kib+=0 swapin_kib+=0 gpu_mib=22184
18:37:06 phase=measured avail_mib=60133 free_mib=14146 cached_mib=47005 swapused_mib=17 swapout_kib+=0 swapin_kib+=0 gpu_mib=22184
18:37:08 phase=measured avail_mib=60153 free_mib=14165 cached_mib=47005 swapused_mib=17 swapout_kib+=0 swapin_kib+=0 gpu_mib=22184
18:37:10 phase=measured avail_mib=60155 free_mib=14168 cached_mib=47005 swapused_mib=17 swapout_kib+=0 swapin_kib+=0 gpu_mib=22184
18:37:12 phase=measured avail_mib=60154 free_mib=14167 cached_mib=47005 swapused_mib=17 swapout_kib+=0 swapin_kib+=0 gpu_mib=22184
18:37:14 phase=measured avail_mib=60166 free_mib=14178 cached_mib=47005 swapused_mib=17 swapout_kib+=0 swapin_kib+=0 gpu_mib=22184
18:37:16 phase=measured avail_mib=59705 free_mib=13717 cached_mib=47005 swapused_mib=17 swapout_kib+=0 swapin_kib+=0 gpu_mib=22184
18:37:18 phase=measured avail_mib=59723 free_mib=13735 cached_mib=47005 swapused_mib=17 swapout_kib+=0 swapin_kib+=0 gpu_mib=22184
18:37:20 phase=measured avail_mib=59675 free_mib=13687 cached_mib=47005 swapused_mib=17 swapout_kib+=0 swapin_kib+=0 gpu_mib=22184
18:37:22 phase=measured avail_mib=59540 free_mib=13552 cached_mib=47005 swapused_mib=17 swapout_kib+=0 swapin_kib+=4 gpu_mib=22184
18:37:24 phase=measured avail_mib=59532 free_mib=13543 cached_mib=47006 swapused_mib=17 swapout_kib+=0 swapin_kib+=0 gpu_mib=22184
18:37:26 phase=measured avail_mib=59516 free_mib=13527 cached_mib=47007 swapused_mib=17 swapout_kib+=0 swapin_kib+=0 gpu_mib=22184
18:37:28 phase=measured avail_mib=59561 free_mib=13571 cached_mib=47007 swapused_mib=17 swapout_kib+=0 swapin_kib+=0 gpu_mib=22184
18:37:30 phase=measured avail_mib=59594 free_mib=13604 cached_mib=47008 swapused_mib=17 swapout_kib+=0 swapin_kib+=0 gpu_mib=22184
18:37:32 phase=measured avail_mib=59641 free_mib=13650 cached_mib=47008 swapused_mib=17 swapout_kib+=0 swapin_kib+=0 gpu_mib=22184
18:37:34 phase=measured avail_mib=59659 free_mib=13666 cached_mib=47010 swapused_mib=17 swapout_kib+=0 swapin_kib+=0 gpu_mib=22184
18:37:37 phase=measured avail_mib=59123 free_mib=13130 cached_mib=47011 swapused_mib=17 swapout_kib+=0 swapin_kib+=0 gpu_mib=22184
18:37:39 phase=measured avail_mib=59075 free_mib=13081 cached_mib=47011 swapused_mib=17 swapout_kib+=0 swapin_kib+=0 gpu_mib=22184
18:37:41 phase=measured avail_mib=58980 free_mib=12987 cached_mib=47011 swapused_mib=17 swapout_kib+=0 swapin_kib+=0 gpu_mib=22184
18:37:43 phase=measured avail_mib=59019 free_mib=13026 cached_mib=47011 swapused_mib=17 swapout_kib+=0 swapin_kib+=0 gpu_mib=22184
18:37:45 phase=measured avail_mib=59020 free_mib=13027 cached_mib=47011 swapused_mib=17 swapout_kib+=0 swapin_kib+=0 gpu_mib=22184
18:37:47 phase=measured avail_mib=58999 free_mib=13006 cached_mib=47011 swapused_mib=17 swapout_kib+=0 swapin_kib+=0 gpu_mib=22184
18:37:49 phase=measured avail_mib=58984 free_mib=12991 cached_mib=47011 swapused_mib=17 swapout_kib+=0 swapin_kib+=0 gpu_mib=22184
18:37:51 phase=measured avail_mib=59008 free_mib=13014 cached_mib=47011 swapused_mib=17 swapout_kib+=0 swapin_kib+=0 gpu_mib=22184
18:37:53 phase=measured avail_mib=59033 free_mib=13039 cached_mib=47011 swapused_mib=17 swapout_kib+=0 swapin_kib+=0 gpu_mib=22184
18:37:55 phase=measured avail_mib=58701 free_mib=12707 cached_mib=47011 swapused_mib=17 swapout_kib+=0 swapin_kib+=0 gpu_mib=22184
18:37:57 phase=measured avail_mib=58680 free_mib=12686 cached_mib=47011 swapused_mib=17 swapout_kib+=0 swapin_kib+=0 gpu_mib=22184
18:37:59 phase=measured avail_mib=58671 free_mib=12677 cached_mib=47011 swapused_mib=17 swapout_kib+=0 swapin_kib+=0 gpu_mib=22184
18:38:01 phase=measured avail_mib=58704 free_mib=12710 cached_mib=47011 swapused_mib=17 swapout_kib+=0 swapin_kib+=0 gpu_mib=22184
18:38:03 phase=measured avail_mib=58660 free_mib=12665 cached_mib=47012 swapused_mib=17 swapout_kib+=0 swapin_kib+=0 gpu_mib=22184
18:38:05 phase=measured avail_mib=58688 free_mib=12693 cached_mib=47012 swapused_mib=17 swapout_kib+=0 swapin_kib+=0 gpu_mib=22184
18:38:07 phase=measured avail_mib=58703 free_mib=12707 cached_mib=47013 swapused_mib=17 swapout_kib+=0 swapin_kib+=0 gpu_mib=22184
18:38:09 phase=measured avail_mib=58728 free_mib=12731 cached_mib=47013 swapused_mib=17 swapout_kib+=0 swapin_kib+=0 gpu_mib=22184
18:38:11 phase=measured avail_mib=58721 free_mib=12725 cached_mib=47014 swapused_mib=17 swapout_kib+=0 swapin_kib+=0 gpu_mib=22184
18:38:13 phase=measured avail_mib=58698 free_mib=12700 cached_mib=47015 swapused_mib=17 swapout_kib+=0 swapin_kib+=0 gpu_mib=22184
18:38:15 phase=measured avail_mib=58192 free_mib=12193 cached_mib=47015 swapused_mib=17 swapout_kib+=0 swapin_kib+=0 gpu_mib=22184
18:38:17 phase=measured avail_mib=58204 free_mib=12206 cached_mib=47015 swapused_mib=17 swapout_kib+=0 swapin_kib+=0 gpu_mib=22184
18:38:19 phase=measured avail_mib=58237 free_mib=12239 cached_mib=47016 swapused_mib=17 swapout_kib+=0 swapin_kib+=0 gpu_mib=22184
18:38:21 phase=measured avail_mib=58228 free_mib=12230 cached_mib=47016 swapused_mib=17 swapout_kib+=0 swapin_kib+=0 gpu_mib=22184
18:38:23 phase=measured avail_mib=58227 free_mib=12228 cached_mib=47016 swapused_mib=17 swapout_kib+=0 swapin_kib+=0 gpu_mib=22184
18:38:25 phase=measured avail_mib=58242 free_mib=12243 cached_mib=47016 swapused_mib=17 swapout_kib+=0 swapin_kib+=0 gpu_mib=22184
18:38:27 phase=measured avail_mib=58258 free_mib=12259 cached_mib=47016 swapused_mib=17 swapout_kib+=0 swapin_kib+=0 gpu_mib=22184
18:38:29 phase=measured avail_mib=58130 free_mib=12131 cached_mib=47016 swapused_mib=17 swapout_kib+=0 swapin_kib+=0 gpu_mib=22184
18:38:31 phase=measured avail_mib=58144 free_mib=12145 cached_mib=47016 swapused_mib=17 swapout_kib+=0 swapin_kib+=0 gpu_mib=22184
18:38:34 phase=measured avail_mib=58022 free_mib=12024 cached_mib=47016 swapused_mib=17 swapout_kib+=0 swapin_kib+=0 gpu_mib=22184
18:38:36 phase=measured avail_mib=58030 free_mib=12031 cached_mib=47016 swapused_mib=17 swapout_kib+=0 swapin_kib+=0 gpu_mib=22184
18:38:38 phase=measured avail_mib=58084 free_mib=12085 cached_mib=47016 swapused_mib=17 swapout_kib+=0 swapin_kib+=0 gpu_mib=22184
18:38:40 phase=measured avail_mib=58052 free_mib=12054 cached_mib=47016 swapused_mib=17 swapout_kib+=0 swapin_kib+=0 gpu_mib=22184
18:38:42 phase=measured avail_mib=58065 free_mib=12066 cached_mib=47016 swapused_mib=17 swapout_kib+=0 swapin_kib+=0 gpu_mib=22184
18:38:44 phase=measured avail_mib=58111 free_mib=12112 cached_mib=47016 swapused_mib=17 swapout_kib+=0 swapin_kib+=0 gpu_mib=22184
18:38:46 phase=measured avail_mib=58123 free_mib=12122 cached_mib=47018 swapused_mib=17 swapout_kib+=0 swapin_kib+=0 gpu_mib=22184
18:38:48 phase=measured avail_mib=57263 free_mib=11261 cached_mib=47019 swapused_mib=17 swapout_kib+=0 swapin_kib+=0 gpu_mib=22184
18:38:50 phase=measured avail_mib=57268 free_mib=11265 cached_mib=47020 swapused_mib=17 swapout_kib+=0 swapin_kib+=4 gpu_mib=22184
18:38:52 phase=measured avail_mib=57285 free_mib=11282 cached_mib=47020 swapused_mib=17 swapout_kib+=0 swapin_kib+=0 gpu_mib=22184
18:38:54 phase=measured avail_mib=57282 free_mib=11279 cached_mib=47020 swapused_mib=17 swapout_kib+=0 swapin_kib+=0 gpu_mib=22184
18:38:56 phase=measured avail_mib=57289 free_mib=11286 cached_mib=47020 swapused_mib=17 swapout_kib+=0 swapin_kib+=0 gpu_mib=22184
18:38:58 phase=measured avail_mib=57305 free_mib=11302 cached_mib=47020 swapused_mib=17 swapout_kib+=0 swapin_kib+=0 gpu_mib=22184
18:39:00 phase=measured avail_mib=57327 free_mib=11324 cached_mib=47020 swapused_mib=17 swapout_kib+=0 swapin_kib+=0 gpu_mib=22184
18:39:02 phase=measured avail_mib=57335 free_mib=11332 cached_mib=47020 swapused_mib=17 swapout_kib+=0 swapin_kib+=0 gpu_mib=22184
18:39:04 phase=measured avail_mib=57306 free_mib=11303 cached_mib=47020 swapused_mib=17 swapout_kib+=0 swapin_kib+=0 gpu_mib=22184
18:39:06 phase=measured avail_mib=57270 free_mib=11267 cached_mib=47020 swapused_mib=17 swapout_kib+=0 swapin_kib+=0 gpu_mib=22184
18:39:08 phase=measured avail_mib=57275 free_mib=11272 cached_mib=47020 swapused_mib=17 swapout_kib+=0 swapin_kib+=0 gpu_mib=22184
18:39:10 phase=measured avail_mib=57300 free_mib=11297 cached_mib=47020 swapused_mib=17 swapout_kib+=0 swapin_kib+=0 gpu_mib=22184
18:39:12 phase=measured avail_mib=57301 free_mib=11298 cached_mib=47020 swapused_mib=17 swapout_kib+=0 swapin_kib+=0 gpu_mib=22184
18:39:14 phase=measured avail_mib=57296 free_mib=11293 cached_mib=47020 swapused_mib=17 swapout_kib+=0 swapin_kib+=0 gpu_mib=22184
18:39:16 phase=measured avail_mib=57292 free_mib=11289 cached_mib=47020 swapused_mib=17 swapout_kib+=0 swapin_kib+=0 gpu_mib=22184
18:39:18 phase=measured avail_mib=57324 free_mib=11321 cached_mib=47020 swapused_mib=17 swapout_kib+=0 swapin_kib+=0 gpu_mib=22184
18:39:20 phase=measured avail_mib=56444 free_mib=10441 cached_mib=47020 swapused_mib=17 swapout_kib+=0 swapin_kib+=0 gpu_mib=22184
18:39:22 phase=measured avail_mib=56417 free_mib=10414 cached_mib=47020 swapused_mib=17 swapout_kib+=0 swapin_kib+=0 gpu_mib=22184
18:39:24 phase=measured avail_mib=56404 free_mib=10401 cached_mib=47020 swapused_mib=17 swapout_kib+=0 swapin_kib+=0 gpu_mib=22184
18:39:26 phase=measured avail_mib=56448 free_mib=10445 cached_mib=47020 swapused_mib=17 swapout_kib+=0 swapin_kib+=0 gpu_mib=22184
18:39:28 phase=measured avail_mib=56414 free_mib=10411 cached_mib=47020 swapused_mib=17 swapout_kib+=0 swapin_kib+=0 gpu_mib=22184
18:39:31 phase=measured avail_mib=56452 free_mib=10449 cached_mib=47020 swapused_mib=17 swapout_kib+=0 swapin_kib+=0 gpu_mib=22184
18:39:33 phase=measured avail_mib=56462 free_mib=10459 cached_mib=47020 swapused_mib=17 swapout_kib+=0 swapin_kib+=0 gpu_mib=22184
18:39:35 phase=measured avail_mib=56375 free_mib=10371 cached_mib=47020 swapused_mib=17 swapout_kib+=0 swapin_kib+=0 gpu_mib=22184
18:39:37 phase=measured avail_mib=56398 free_mib=10395 cached_mib=47020 swapused_mib=17 swapout_kib+=0 swapin_kib+=0 gpu_mib=22184
18:39:39 phase=measured avail_mib=56389 free_mib=10386 cached_mib=47020 swapused_mib=17 swapout_kib+=0 swapin_kib+=0 gpu_mib=22184
18:39:41 phase=measured avail_mib=56398 free_mib=10395 cached_mib=47020 swapused_mib=17 swapout_kib+=0 swapin_kib+=0 gpu_mib=22184
18:39:43 phase=measured avail_mib=56388 free_mib=10385 cached_mib=47020 swapused_mib=17 swapout_kib+=0 swapin_kib+=0 gpu_mib=22184
18:39:45 phase=measured avail_mib=56410 free_mib=10407 cached_mib=47020 swapused_mib=17 swapout_kib+=0 swapin_kib+=0 gpu_mib=22184
18:39:47 phase=measured avail_mib=56404 free_mib=10400 cached_mib=47020 swapused_mib=17 swapout_kib+=0 swapin_kib+=0 gpu_mib=22184
18:39:49 phase=measured avail_mib=56400 free_mib=10397 cached_mib=47021 swapused_mib=17 swapout_kib+=0 swapin_kib+=0 gpu_mib=22184
18:39:51 phase=measured avail_mib=56392 free_mib=10388 cached_mib=47021 swapused_mib=17 swapout_kib+=0 swapin_kib+=0 gpu_mib=22184
18:39:53 phase=measured avail_mib=56364 free_mib=10360 cached_mib=47021 swapused_mib=17 swapout_kib+=0 swapin_kib+=0 gpu_mib=22184
18:39:55 phase=measured avail_mib=55524 free_mib=9520 cached_mib=47022 swapused_mib=17 swapout_kib+=0 swapin_kib+=0 gpu_mib=22184
18:39:57 phase=measured avail_mib=55570 free_mib=9565 cached_mib=47022 swapused_mib=17 swapout_kib+=0 swapin_kib+=0 gpu_mib=22184
18:39:59 phase=measured avail_mib=55557 free_mib=9552 cached_mib=47022 swapused_mib=17 swapout_kib+=0 swapin_kib+=0 gpu_mib=22184
18:40:01 phase=measured avail_mib=55586 free_mib=9581 cached_mib=47022 swapused_mib=17 swapout_kib+=0 swapin_kib+=0 gpu_mib=22184
18:40:03 phase=measured avail_mib=55616 free_mib=9611 cached_mib=47022 swapused_mib=17 swapout_kib+=0 swapin_kib+=0 gpu_mib=22184
18:40:05 phase=measured avail_mib=55661 free_mib=9656 cached_mib=47022 swapused_mib=17 swapout_kib+=0 swapin_kib+=0 gpu_mib=22184
18:40:07 phase=measured avail_mib=55682 free_mib=9677 cached_mib=47022 swapused_mib=17 swapout_kib+=0 swapin_kib+=0 gpu_mib=22184
18:40:09 phase=measured avail_mib=55581 free_mib=9576 cached_mib=47022 swapused_mib=17 swapout_kib+=0 swapin_kib+=0 gpu_mib=22184
18:40:11 phase=measured avail_mib=55587 free_mib=9582 cached_mib=47022 swapused_mib=17 swapout_kib+=0 swapin_kib+=0 gpu_mib=22184
18:40:13 phase=measured avail_mib=55605 free_mib=9601 cached_mib=47022 swapused_mib=17 swapout_kib+=0 swapin_kib+=0 gpu_mib=22184
18:40:15 phase=measured avail_mib=55618 free_mib=9613 cached_mib=47022 swapused_mib=17 swapout_kib+=0 swapin_kib+=0 gpu_mib=22184
18:40:17 phase=measured avail_mib=55601 free_mib=9596 cached_mib=47022 swapused_mib=17 swapout_kib+=0 swapin_kib+=0 gpu_mib=22184
18:40:19 phase=measured avail_mib=55604 free_mib=9599 cached_mib=47022 swapused_mib=17 swapout_kib+=0 swapin_kib+=0 gpu_mib=22184
18:40:21 phase=measured avail_mib=55565 free_mib=9560 cached_mib=47022 swapused_mib=17 swapout_kib+=0 swapin_kib+=0 gpu_mib=22184
18:40:23 phase=measured avail_mib=55578 free_mib=9573 cached_mib=47022 swapused_mib=17 swapout_kib+=0 swapin_kib+=0 gpu_mib=22184
18:40:25 phase=measured avail_mib=55556 free_mib=9551 cached_mib=47022 swapused_mib=17 swapout_kib+=0 swapin_kib+=0 gpu_mib=22184
18:40:28 phase=measured avail_mib=54692 free_mib=8687 cached_mib=47022 swapused_mib=17 swapout_kib+=0 swapin_kib+=0 gpu_mib=22184
18:40:30 phase=measured avail_mib=54685 free_mib=8680 cached_mib=47022 swapused_mib=17 swapout_kib+=0 swapin_kib+=0 gpu_mib=22184
18:40:32 phase=measured avail_mib=54668 free_mib=8663 cached_mib=47022 swapused_mib=17 swapout_kib+=0 swapin_kib+=0 gpu_mib=22184
18:40:34 phase=measured avail_mib=54686 free_mib=8681 cached_mib=47022 swapused_mib=17 swapout_kib+=0 swapin_kib+=0 gpu_mib=22184
18:40:36 phase=measured avail_mib=54716 free_mib=8711 cached_mib=47022 swapused_mib=17 swapout_kib+=0 swapin_kib+=0 gpu_mib=22184
18:40:38 phase=measured avail_mib=54739 free_mib=8733 cached_mib=47022 swapused_mib=17 swapout_kib+=0 swapin_kib+=0 gpu_mib=22184
18:40:40 phase=measured avail_mib=54706 free_mib=8701 cached_mib=47022 swapused_mib=17 swapout_kib+=0 swapin_kib+=0 gpu_mib=22184
18:40:42 phase=measured avail_mib=54604 free_mib=8599 cached_mib=47022 swapused_mib=17 swapout_kib+=0 swapin_kib+=0 gpu_mib=22184
18:40:44 phase=measured avail_mib=54628 free_mib=8623 cached_mib=47022 swapused_mib=17 swapout_kib+=0 swapin_kib+=0 gpu_mib=22184
18:40:46 phase=measured avail_mib=54485 free_mib=8480 cached_mib=47022 swapused_mib=17 swapout_kib+=0 swapin_kib+=0 gpu_mib=22184
18:40:48 phase=measured avail_mib=54518 free_mib=8513 cached_mib=47022 swapused_mib=17 swapout_kib+=0 swapin_kib+=0 gpu_mib=22184
18:40:50 phase=measured avail_mib=54557 free_mib=8551 cached_mib=47022 swapused_mib=17 swapout_kib+=0 swapin_kib+=0 gpu_mib=22184
18:40:52 phase=measured avail_mib=54581 free_mib=8575 cached_mib=47022 swapused_mib=17 swapout_kib+=0 swapin_kib+=0 gpu_mib=22184
18:40:54 phase=measured avail_mib=54560 free_mib=8555 cached_mib=47022 swapused_mib=17 swapout_kib+=0 swapin_kib+=0 gpu_mib=22184
18:40:56 phase=measured avail_mib=54578 free_mib=8572 cached_mib=47022 swapused_mib=17 swapout_kib+=0 swapin_kib+=0 gpu_mib=22184
18:40:58 phase=measured avail_mib=54561 free_mib=8556 cached_mib=47022 swapused_mib=17 swapout_kib+=0 swapin_kib+=0 gpu_mib=22184
18:41:00 phase=measured avail_mib=54394 free_mib=8389 cached_mib=47022 swapused_mib=17 swapout_kib+=0 swapin_kib+=0 gpu_mib=22184
18:41:02 phase=measured avail_mib=53843 free_mib=7837 cached_mib=47022 swapused_mib=17 swapout_kib+=0 swapin_kib+=0 gpu_mib=22184
18:41:04 phase=measured avail_mib=53827 free_mib=7821 cached_mib=47022 swapused_mib=17 swapout_kib+=0 swapin_kib+=0 gpu_mib=22184
18:41:06 phase=measured avail_mib=53814 free_mib=7808 cached_mib=47022 swapused_mib=17 swapout_kib+=0 swapin_kib+=0 gpu_mib=22184
18:41:08 phase=measured avail_mib=53823 free_mib=7817 cached_mib=47022 swapused_mib=17 swapout_kib+=0 swapin_kib+=0 gpu_mib=22184
18:41:10 phase=measured avail_mib=53808 free_mib=7802 cached_mib=47022 swapused_mib=17 swapout_kib+=0 swapin_kib+=0 gpu_mib=22184
18:41:12 phase=measured avail_mib=53821 free_mib=7815 cached_mib=47022 swapused_mib=17 swapout_kib+=0 swapin_kib+=0 gpu_mib=22184
18:41:14 phase=measured avail_mib=53816 free_mib=7811 cached_mib=47022 swapused_mib=17 swapout_kib+=0 swapin_kib+=0 gpu_mib=22184
18:41:16 phase=measured avail_mib=53740 free_mib=7734 cached_mib=47022 swapused_mib=17 swapout_kib+=0 swapin_kib+=0 gpu_mib=22184
18:41:18 phase=measured avail_mib=53741 free_mib=7735 cached_mib=47022 swapused_mib=17 swapout_kib+=0 swapin_kib+=0 gpu_mib=22184
18:41:20 phase=measured avail_mib=53728 free_mib=7722 cached_mib=47023 swapused_mib=17 swapout_kib+=0 swapin_kib+=0 gpu_mib=22184
18:41:22 phase=measured avail_mib=53727 free_mib=7721 cached_mib=47023 swapused_mib=17 swapout_kib+=0 swapin_kib+=0 gpu_mib=22184
18:41:25 phase=measured avail_mib=53754 free_mib=7748 cached_mib=47023 swapused_mib=17 swapout_kib+=0 swapin_kib+=0 gpu_mib=22184
18:41:27 phase=measured avail_mib=53741 free_mib=7735 cached_mib=47023 swapused_mib=17 swapout_kib+=0 swapin_kib+=0 gpu_mib=22184
18:41:29 phase=measured avail_mib=53754 free_mib=7748 cached_mib=47023 swapused_mib=17 swapout_kib+=0 swapin_kib+=0 gpu_mib=22184
18:41:31 phase=measured avail_mib=53772 free_mib=7766 cached_mib=47023 swapused_mib=17 swapout_kib+=0 swapin_kib+=0 gpu_mib=22184
18:41:33 phase=measured avail_mib=53778 free_mib=7772 cached_mib=47023 swapused_mib=17 swapout_kib+=0 swapin_kib+=0 gpu_mib=22184
18:41:35 phase=measured avail_mib=52911 free_mib=6904 cached_mib=47023 swapused_mib=17 swapout_kib+=0 swapin_kib+=0 gpu_mib=22184
18:41:37 phase=measured avail_mib=52908 free_mib=6901 cached_mib=47023 swapused_mib=17 swapout_kib+=0 swapin_kib+=0 gpu_mib=22184
18:41:39 phase=measured avail_mib=52922 free_mib=6915 cached_mib=47023 swapused_mib=17 swapout_kib+=0 swapin_kib+=0 gpu_mib=22184
18:41:41 phase=measured avail_mib=52916 free_mib=6909 cached_mib=47023 swapused_mib=17 swapout_kib+=0 swapin_kib+=0 gpu_mib=22184
18:41:43 phase=measured avail_mib=52939 free_mib=6932 cached_mib=47023 swapused_mib=17 swapout_kib+=0 swapin_kib+=0 gpu_mib=22184
18:41:45 phase=measured avail_mib=52952 free_mib=6945 cached_mib=47023 swapused_mib=17 swapout_kib+=0 swapin_kib+=0 gpu_mib=22184
18:41:47 phase=measured avail_mib=52968 free_mib=6961 cached_mib=47023 swapused_mib=17 swapout_kib+=0 swapin_kib+=0 gpu_mib=22184
18:41:49 phase=measured avail_mib=52963 free_mib=6956 cached_mib=47023 swapused_mib=17 swapout_kib+=0 swapin_kib+=0 gpu_mib=22184
18:41:51 phase=measured avail_mib=52998 free_mib=6992 cached_mib=47023 swapused_mib=17 swapout_kib+=0 swapin_kib+=0 gpu_mib=22184
18:41:53 phase=measured avail_mib=53005 free_mib=6999 cached_mib=47023 swapused_mib=17 swapout_kib+=0 swapin_kib+=0 gpu_mib=22184
18:41:55 phase=measured avail_mib=53021 free_mib=7015 cached_mib=47023 swapused_mib=17 swapout_kib+=0 swapin_kib+=0 gpu_mib=22184
18:41:57 phase=measured avail_mib=53034 free_mib=7027 cached_mib=47023 swapused_mib=17 swapout_kib+=0 swapin_kib+=0 gpu_mib=22184
18:41:59 phase=measured avail_mib=53030 free_mib=7023 cached_mib=47023 swapused_mib=17 swapout_kib+=0 swapin_kib+=0 gpu_mib=22184
18:42:01 phase=measured avail_mib=53023 free_mib=7016 cached_mib=47023 swapused_mib=17 swapout_kib+=0 swapin_kib+=0 gpu_mib=22184
18:42:03 phase=measured avail_mib=53064 free_mib=7057 cached_mib=47023 swapused_mib=17 swapout_kib+=0 swapin_kib+=0 gpu_mib=22184
18:42:05 phase=measured avail_mib=53068 free_mib=7061 cached_mib=47023 swapused_mib=17 swapout_kib+=0 swapin_kib+=0 gpu_mib=22184
18:42:07 phase=measured avail_mib=52946 free_mib=6939 cached_mib=47023 swapused_mib=17 swapout_kib+=0 swapin_kib+=0 gpu_mib=22184
18:42:09 phase=measured avail_mib=52978 free_mib=6972 cached_mib=47023 swapused_mib=17 swapout_kib+=0 swapin_kib+=0 gpu_mib=22184
18:42:11 phase=measured avail_mib=52852 free_mib=6845 cached_mib=47023 swapused_mib=17 swapout_kib+=0 swapin_kib+=0 gpu_mib=22184
18:42:13 phase=measured avail_mib=52833 free_mib=6826 cached_mib=47023 swapused_mib=17 swapout_kib+=0 swapin_kib+=0 gpu_mib=22184
18:42:15 phase=measured avail_mib=52785 free_mib=6779 cached_mib=47023 swapused_mib=17 swapout_kib+=0 swapin_kib+=0 gpu_mib=22184
18:42:17 phase=measured avail_mib=52822 free_mib=6815 cached_mib=47023 swapused_mib=17 swapout_kib+=0 swapin_kib+=0 gpu_mib=22184
18:42:19 phase=measured avail_mib=52872 free_mib=6865 cached_mib=47023 swapused_mib=17 swapout_kib+=0 swapin_kib+=0 gpu_mib=22184
18:42:21 phase=measured avail_mib=52923 free_mib=6916 cached_mib=47023 swapused_mib=17 swapout_kib+=0 swapin_kib+=0 gpu_mib=22184
18:42:24 phase=measured avail_mib=52941 free_mib=6934 cached_mib=47023 swapused_mib=17 swapout_kib+=0 swapin_kib+=0 gpu_mib=22184
18:42:26 phase=measured avail_mib=52942 free_mib=6935 cached_mib=47023 swapused_mib=17 swapout_kib+=0 swapin_kib+=0 gpu_mib=22184
18:42:28 phase=measured avail_mib=52944 free_mib=6937 cached_mib=47024 swapused_mib=17 swapout_kib+=0 swapin_kib+=0 gpu_mib=22184
18:42:30 phase=measured avail_mib=52909 free_mib=6902 cached_mib=47024 swapused_mib=17 swapout_kib+=0 swapin_kib+=0 gpu_mib=22184
18:42:32 phase=measured avail_mib=52904 free_mib=6897 cached_mib=47024 swapused_mib=17 swapout_kib+=0 swapin_kib+=0 gpu_mib=22184
18:42:34 phase=measured avail_mib=52965 free_mib=6958 cached_mib=47024 swapused_mib=17 swapout_kib+=0 swapin_kib+=0 gpu_mib=22184
18:42:36 phase=measured avail_mib=52959 free_mib=6951 cached_mib=47024 swapused_mib=17 swapout_kib+=0 swapin_kib+=0 gpu_mib=22184
18:42:38 phase=measured avail_mib=53016 free_mib=7009 cached_mib=47024 swapused_mib=17 swapout_kib+=0 swapin_kib+=0 gpu_mib=22184
18:42:40 phase=measured avail_mib=53053 free_mib=7046 cached_mib=47024 swapused_mib=17 swapout_kib+=0 swapin_kib+=0 gpu_mib=22184
18:42:42 phase=measured avail_mib=53051 free_mib=7044 cached_mib=47024 swapused_mib=17 swapout_kib+=0 swapin_kib+=0 gpu_mib=22184
18:42:44 phase=measured avail_mib=53088 free_mib=7081 cached_mib=47024 swapused_mib=17 swapout_kib+=0 swapin_kib+=0 gpu_mib=22184
18:42:46 phase=measured avail_mib=53101 free_mib=7093 cached_mib=47024 swapused_mib=17 swapout_kib+=0 swapin_kib+=0 gpu_mib=22184
18:42:48 phase=measured avail_mib=53092 free_mib=7084 cached_mib=47024 swapused_mib=17 swapout_kib+=0 swapin_kib+=0 gpu_mib=22184
18:42:50 phase=measured avail_mib=53055 free_mib=7047 cached_mib=47024 swapused_mib=17 swapout_kib+=0 swapin_kib+=0 gpu_mib=22184
18:42:52 phase=measured avail_mib=53088 free_mib=7080 cached_mib=47024 swapused_mib=17 swapout_kib+=0 swapin_kib+=0 gpu_mib=22184
18:42:54 phase=measured avail_mib=53072 free_mib=7064 cached_mib=47024 swapused_mib=17 swapout_kib+=0 swapin_kib+=0 gpu_mib=22184
18:42:56 phase=measured avail_mib=53091 free_mib=7084 cached_mib=47024 swapused_mib=17 swapout_kib+=0 swapin_kib+=0 gpu_mib=22184
18:42:58 phase=measured avail_mib=53079 free_mib=7071 cached_mib=47024 swapused_mib=17 swapout_kib+=0 swapin_kib+=0 gpu_mib=22184
18:43:00 phase=measured avail_mib=53045 free_mib=7038 cached_mib=47024 swapused_mib=17 swapout_kib+=0 swapin_kib+=0 gpu_mib=22184
18:43:02 phase=measured avail_mib=53055 free_mib=7048 cached_mib=47024 swapused_mib=17 swapout_kib+=0 swapin_kib+=0 gpu_mib=22184
18:43:04 phase=measured avail_mib=53052 free_mib=7044 cached_mib=47024 swapused_mib=17 swapout_kib+=0 swapin_kib+=0 gpu_mib=22184
18:43:06 phase=measured avail_mib=52959 free_mib=6951 cached_mib=47024 swapused_mib=17 swapout_kib+=0 swapin_kib+=0 gpu_mib=22184
18:43:08 phase=measured avail_mib=52952 free_mib=6944 cached_mib=47024 swapused_mib=17 swapout_kib+=0 swapin_kib+=0 gpu_mib=22184
18:43:10 phase=measured avail_mib=52949 free_mib=6942 cached_mib=47024 swapused_mib=17 swapout_kib+=0 swapin_kib+=0 gpu_mib=22184
18:43:12 phase=measured avail_mib=52953 free_mib=6946 cached_mib=47024 swapused_mib=17 swapout_kib+=0 swapin_kib+=0 gpu_mib=22184
18:43:14 phase=measured avail_mib=52928 free_mib=6921 cached_mib=47024 swapused_mib=17 swapout_kib+=0 swapin_kib+=0 gpu_mib=22184
18:43:16 phase=measured avail_mib=52958 free_mib=6950 cached_mib=47024 swapused_mib=17 swapout_kib+=0 swapin_kib+=0 gpu_mib=22184
18:43:18 phase=measured avail_mib=52956 free_mib=6948 cached_mib=47024 swapused_mib=17 swapout_kib+=0 swapin_kib+=0 gpu_mib=22184
18:43:21 phase=measured avail_mib=53004 free_mib=6996 cached_mib=47024 swapused_mib=17 swapout_kib+=0 swapin_kib+=0 gpu_mib=22184
18:43:23 phase=measured avail_mib=52976 free_mib=6968 cached_mib=47024 swapused_mib=17 swapout_kib+=0 swapin_kib+=0 gpu_mib=22184
18:43:25 phase=measured avail_mib=53019 free_mib=7011 cached_mib=47024 swapused_mib=17 swapout_kib+=0 swapin_kib+=0 gpu_mib=22184
18:43:27 phase=measured avail_mib=53030 free_mib=7022 cached_mib=47024 swapused_mib=17 swapout_kib+=0 swapin_kib+=0 gpu_mib=22184
18:43:29 phase=measured avail_mib=53015 free_mib=7007 cached_mib=47024 swapused_mib=17 swapout_kib+=0 swapin_kib+=0 gpu_mib=22184
18:43:31 phase=measured avail_mib=52997 free_mib=6989 cached_mib=47024 swapused_mib=17 swapout_kib+=0 swapin_kib+=0 gpu_mib=22184
18:43:33 phase=measured avail_mib=53024 free_mib=7017 cached_mib=47024 swapused_mib=17 swapout_kib+=0 swapin_kib+=0 gpu_mib=22184
18:43:35 phase=measured avail_mib=53012 free_mib=7004 cached_mib=47024 swapused_mib=17 swapout_kib+=0 swapin_kib+=0 gpu_mib=22184
18:43:37 phase=measured avail_mib=53021 free_mib=7013 cached_mib=47024 swapused_mib=17 swapout_kib+=0 swapin_kib+=0 gpu_mib=22184
18:43:39 phase=measured avail_mib=53039 free_mib=7031 cached_mib=47024 swapused_mib=17 swapout_kib+=0 swapin_kib+=0 gpu_mib=22184
18:43:41 phase=measured avail_mib=53080 free_mib=7072 cached_mib=47024 swapused_mib=17 swapout_kib+=0 swapin_kib+=0 gpu_mib=22184
18:43:43 phase=measured avail_mib=53074 free_mib=7066 cached_mib=47024 swapused_mib=17 swapout_kib+=0 swapin_kib+=0 gpu_mib=22184
18:43:45 phase=measured avail_mib=53092 free_mib=7084 cached_mib=47024 swapused_mib=17 swapout_kib+=0 swapin_kib+=0 gpu_mib=22184
18:43:47 phase=measured avail_mib=53077 free_mib=7069 cached_mib=47024 swapused_mib=17 swapout_kib+=0 swapin_kib+=0 gpu_mib=22184
18:43:49 phase=measured avail_mib=53081 free_mib=7073 cached_mib=47024 swapused_mib=17 swapout_kib+=0 swapin_kib+=0 gpu_mib=22184
18:43:51 phase=measured avail_mib=53125 free_mib=7117 cached_mib=47024 swapused_mib=17 swapout_kib+=0 swapin_kib+=0 gpu_mib=22184
18:43:53 phase=measured avail_mib=53001 free_mib=6993 cached_mib=47024 swapused_mib=17 swapout_kib+=0 swapin_kib+=0 gpu_mib=22184
18:43:55 phase=measured avail_mib=52988 free_mib=6980 cached_mib=47024 swapused_mib=17 swapout_kib+=0 swapin_kib+=0 gpu_mib=22184
18:43:57 phase=measured avail_mib=53006 free_mib=6998 cached_mib=47024 swapused_mib=17 swapout_kib+=0 swapin_kib+=0 gpu_mib=22184
18:43:59 phase=measured avail_mib=52898 free_mib=6890 cached_mib=47024 swapused_mib=17 swapout_kib+=0 swapin_kib+=0 gpu_mib=22184
18:44:01 phase=measured avail_mib=52915 free_mib=6906 cached_mib=47025 swapused_mib=17 swapout_kib+=0 swapin_kib+=0 gpu_mib=22184
18:44:03 phase=measured avail_mib=52959 free_mib=6951 cached_mib=47025 swapused_mib=17 swapout_kib+=0 swapin_kib+=0 gpu_mib=22184
18:44:05 phase=measured avail_mib=52926 free_mib=6917 cached_mib=47025 swapused_mib=17 swapout_kib+=0 swapin_kib+=0 gpu_mib=22184
18:44:07 phase=measured avail_mib=52954 free_mib=6945 cached_mib=47025 swapused_mib=17 swapout_kib+=0 swapin_kib+=0 gpu_mib=22184
18:44:09 phase=measured avail_mib=52962 free_mib=6953 cached_mib=47025 swapused_mib=17 swapout_kib+=0 swapin_kib+=0 gpu_mib=22184
18:44:11 phase=measured avail_mib=52961 free_mib=6951 cached_mib=47026 swapused_mib=17 swapout_kib+=0 swapin_kib+=0 gpu_mib=22184
18:44:13 phase=measured avail_mib=53342 free_mib=7332 cached_mib=47027 swapused_mib=17 swapout_kib+=0 swapin_kib+=0 gpu_mib=22184
18:44:15 phase=measured avail_mib=53338 free_mib=7328 cached_mib=47027 swapused_mib=17 swapout_kib+=0 swapin_kib+=0 gpu_mib=22184
18:44:17 phase=measured avail_mib=53351 free_mib=7340 cached_mib=47027 swapused_mib=17 swapout_kib+=0 swapin_kib+=0 gpu_mib=22184
18:44:20 phase=measured avail_mib=53351 free_mib=7341 cached_mib=47027 swapused_mib=17 swapout_kib+=0 swapin_kib+=0 gpu_mib=22184
18:44:22 phase=measured avail_mib=53309 free_mib=7299 cached_mib=47027 swapused_mib=17 swapout_kib+=0 swapin_kib+=0 gpu_mib=22184
18:44:24 phase=measured avail_mib=53343 free_mib=7333 cached_mib=47027 swapused_mib=17 swapout_kib+=0 swapin_kib+=0 gpu_mib=22184
18:44:26 phase=measured avail_mib=53328 free_mib=7318 cached_mib=47027 swapused_mib=17 swapout_kib+=0 swapin_kib+=0 gpu_mib=22184
18:44:28 phase=measured avail_mib=53359 free_mib=7349 cached_mib=47027 swapused_mib=17 swapout_kib+=0 swapin_kib+=0 gpu_mib=22184
18:44:30 phase=measured avail_mib=53315 free_mib=7305 cached_mib=47027 swapused_mib=17 swapout_kib+=0 swapin_kib+=0 gpu_mib=22184
18:44:32 phase=measured avail_mib=53316 free_mib=7306 cached_mib=47027 swapused_mib=17 swapout_kib+=0 swapin_kib+=0 gpu_mib=22184
18:44:34 phase=measured avail_mib=53322 free_mib=7312 cached_mib=47027 swapused_mib=17 swapout_kib+=0 swapin_kib+=0 gpu_mib=22184
18:44:36 phase=measured avail_mib=53285 free_mib=7275 cached_mib=47027 swapused_mib=17 swapout_kib+=0 swapin_kib+=0 gpu_mib=22184
18:44:38 phase=measured avail_mib=53327 free_mib=7317 cached_mib=47027 swapused_mib=17 swapout_kib+=0 swapin_kib+=0 gpu_mib=22184
18:44:40 phase=measured avail_mib=53356 free_mib=7346 cached_mib=47027 swapused_mib=17 swapout_kib+=0 swapin_kib+=0 gpu_mib=22184
18:44:42 phase=measured avail_mib=53349 free_mib=7339 cached_mib=47027 swapused_mib=17 swapout_kib+=0 swapin_kib+=0 gpu_mib=22184
18:44:44 phase=measured avail_mib=53367 free_mib=7357 cached_mib=47027 swapused_mib=17 swapout_kib+=0 swapin_kib+=0 gpu_mib=22184
18:44:46 phase=measured avail_mib=53278 free_mib=7268 cached_mib=47027 swapused_mib=17 swapout_kib+=0 swapin_kib+=0 gpu_mib=22184
18:44:48 phase=measured avail_mib=53303 free_mib=7292 cached_mib=47027 swapused_mib=17 swapout_kib+=0 swapin_kib+=0 gpu_mib=22184
18:44:50 phase=measured avail_mib=53292 free_mib=7281 cached_mib=47027 swapused_mib=17 swapout_kib+=0 swapin_kib+=0 gpu_mib=22184
18:44:52 phase=measured avail_mib=53172 free_mib=7161 cached_mib=47027 swapused_mib=17 swapout_kib+=0 swapin_kib+=0 gpu_mib=22184
18:44:54 phase=measured avail_mib=53191 free_mib=7180 cached_mib=47027 swapused_mib=17 swapout_kib+=0 swapin_kib+=0 gpu_mib=22184
18:44:56 phase=measured avail_mib=53230 free_mib=7219 cached_mib=47027 swapused_mib=17 swapout_kib+=0 swapin_kib+=0 gpu_mib=22184
18:44:58 phase=measured avail_mib=53251 free_mib=7241 cached_mib=47027 swapused_mib=17 swapout_kib+=0 swapin_kib+=0 gpu_mib=22184
18:45:00 phase=measured avail_mib=53230 free_mib=7219 cached_mib=47027 swapused_mib=17 swapout_kib+=0 swapin_kib+=0 gpu_mib=22184
18:45:02 phase=measured avail_mib=53245 free_mib=7235 cached_mib=47027 swapused_mib=17 swapout_kib+=0 swapin_kib+=0 gpu_mib=22184
18:45:04 phase=measured avail_mib=53274 free_mib=7264 cached_mib=47027 swapused_mib=17 swapout_kib+=0 swapin_kib+=0 gpu_mib=22184
18:45:06 phase=measured avail_mib=53625 free_mib=7614 cached_mib=47027 swapused_mib=17 swapout_kib+=0 swapin_kib+=0 gpu_mib=22184
18:45:08 phase=measured avail_mib=53614 free_mib=7604 cached_mib=47027 swapused_mib=17 swapout_kib+=0 swapin_kib+=0 gpu_mib=22184
18:45:10 phase=measured avail_mib=53670 free_mib=7659 cached_mib=47027 swapused_mib=17 swapout_kib+=0 swapin_kib+=0 gpu_mib=22184
18:45:12 phase=measured avail_mib=53700 free_mib=7689 cached_mib=47027 swapused_mib=17 swapout_kib+=0 swapin_kib+=0 gpu_mib=22184
18:45:14 phase=measured avail_mib=53697 free_mib=7687 cached_mib=47027 swapused_mib=17 swapout_kib+=0 swapin_kib+=0 gpu_mib=22184
18:45:16 phase=measured avail_mib=53693 free_mib=7682 cached_mib=47027 swapused_mib=17 swapout_kib+=0 swapin_kib+=0 gpu_mib=22184
18:45:19 phase=measured avail_mib=53717 free_mib=7706 cached_mib=47027 swapused_mib=17 swapout_kib+=0 swapin_kib+=0 gpu_mib=22184
18:45:21 phase=measured avail_mib=53726 free_mib=7715 cached_mib=47027 swapused_mib=17 swapout_kib+=0 swapin_kib+=0 gpu_mib=22184
18:45:23 phase=measured avail_mib=53735 free_mib=7724 cached_mib=47027 swapused_mib=17 swapout_kib+=0 swapin_kib+=0 gpu_mib=22184
18:45:25 phase=measured avail_mib=53767 free_mib=7756 cached_mib=47027 swapused_mib=17 swapout_kib+=0 swapin_kib+=0 gpu_mib=22184
18:45:27 phase=measured avail_mib=53800 free_mib=7789 cached_mib=47027 swapused_mib=17 swapout_kib+=0 swapin_kib+=0 gpu_mib=22184
18:45:29 phase=measured avail_mib=53787 free_mib=7776 cached_mib=47027 swapused_mib=17 swapout_kib+=0 swapin_kib+=0 gpu_mib=22184
18:45:31 phase=measured avail_mib=53800 free_mib=7789 cached_mib=47027 swapused_mib=17 swapout_kib+=0 swapin_kib+=0 gpu_mib=22184
18:45:33 phase=measured avail_mib=53818 free_mib=7807 cached_mib=47027 swapused_mib=17 swapout_kib+=0 swapin_kib+=0 gpu_mib=22184
18:45:35 phase=measured avail_mib=53817 free_mib=7807 cached_mib=47027 swapused_mib=17 swapout_kib+=0 swapin_kib+=0 gpu_mib=22184
18:45:37 phase=measured avail_mib=53811 free_mib=7800 cached_mib=47027 swapused_mib=17 swapout_kib+=0 swapin_kib+=0 gpu_mib=22184
18:45:39 phase=measured avail_mib=53681 free_mib=7671 cached_mib=47027 swapused_mib=17 swapout_kib+=0 swapin_kib+=0 gpu_mib=22184
18:45:41 phase=measured avail_mib=53683 free_mib=7672 cached_mib=47027 swapused_mib=17 swapout_kib+=0 swapin_kib+=0 gpu_mib=22184
18:45:43 phase=measured avail_mib=53699 free_mib=7689 cached_mib=47027 swapused_mib=17 swapout_kib+=0 swapin_kib+=0 gpu_mib=22184
18:45:45 phase=measured avail_mib=53597 free_mib=7587 cached_mib=47027 swapused_mib=17 swapout_kib+=0 swapin_kib+=0 gpu_mib=22184
18:45:47 phase=measured avail_mib=53624 free_mib=7613 cached_mib=47027 swapused_mib=17 swapout_kib+=0 swapin_kib+=0 gpu_mib=22184
18:45:49 phase=measured avail_mib=53642 free_mib=7631 cached_mib=47027 swapused_mib=17 swapout_kib+=0 swapin_kib+=0 gpu_mib=22184
18:45:51 phase=measured avail_mib=53622 free_mib=7611 cached_mib=47027 swapused_mib=17 swapout_kib+=0 swapin_kib+=0 gpu_mib=22184
18:45:53 phase=measured avail_mib=53596 free_mib=7585 cached_mib=47027 swapused_mib=17 swapout_kib+=0 swapin_kib+=0 gpu_mib=22184
18:45:55 phase=measured avail_mib=53617 free_mib=7606 cached_mib=47027 swapused_mib=17 swapout_kib+=0 swapin_kib+=0 gpu_mib=22184
18:45:57 phase=measured avail_mib=53637 free_mib=7626 cached_mib=47027 swapused_mib=17 swapout_kib+=0 swapin_kib+=0 gpu_mib=22184
18:45:59 phase=measured avail_mib=53124 free_mib=7113 cached_mib=47027 swapused_mib=17 swapout_kib+=0 swapin_kib+=0 gpu_mib=22184
18:46:01 phase=measured avail_mib=53123 free_mib=7111 cached_mib=47028 swapused_mib=17 swapout_kib+=0 swapin_kib+=0 gpu_mib=22184
18:46:03 phase=measured avail_mib=53145 free_mib=7134 cached_mib=47028 swapused_mib=17 swapout_kib+=0 swapin_kib+=0 gpu_mib=22184
18:46:05 phase=measured avail_mib=53177 free_mib=7165 cached_mib=47028 swapused_mib=17 swapout_kib+=0 swapin_kib+=0 gpu_mib=22184
18:46:07 phase=measured avail_mib=53194 free_mib=7183 cached_mib=47028 swapused_mib=17 swapout_kib+=0 swapin_kib+=0 gpu_mib=22184
18:46:09 phase=measured avail_mib=53238 free_mib=7227 cached_mib=47028 swapused_mib=17 swapout_kib+=0 swapin_kib+=0 gpu_mib=22184
18:46:11 phase=measured avail_mib=53247 free_mib=7236 cached_mib=47028 swapused_mib=17 swapout_kib+=0 swapin_kib+=0 gpu_mib=22184
18:46:13 phase=measured avail_mib=53261 free_mib=7250 cached_mib=47028 swapused_mib=17 swapout_kib+=0 swapin_kib+=0 gpu_mib=22184
18:46:16 phase=measured avail_mib=53267 free_mib=7256 cached_mib=47028 swapused_mib=17 swapout_kib+=0 swapin_kib+=0 gpu_mib=22184
18:46:18 phase=measured avail_mib=53238 free_mib=7227 cached_mib=47028 swapused_mib=17 swapout_kib+=0 swapin_kib+=0 gpu_mib=22184
18:46:20 phase=measured avail_mib=53216 free_mib=7205 cached_mib=47028 swapused_mib=17 swapout_kib+=0 swapin_kib+=0 gpu_mib=22184
18:46:22 phase=measured avail_mib=53245 free_mib=7234 cached_mib=47028 swapused_mib=17 swapout_kib+=0 swapin_kib+=0 gpu_mib=22184
18:46:24 phase=measured avail_mib=53267 free_mib=7256 cached_mib=47028 swapused_mib=17 swapout_kib+=0 swapin_kib+=0 gpu_mib=22184
18:46:26 phase=measured avail_mib=53270 free_mib=7259 cached_mib=47028 swapused_mib=17 swapout_kib+=0 swapin_kib+=0 gpu_mib=22184
18:46:28 phase=measured avail_mib=53273 free_mib=7262 cached_mib=47028 swapused_mib=17 swapout_kib+=0 swapin_kib+=0 gpu_mib=22184
18:46:30 phase=measured avail_mib=53242 free_mib=7231 cached_mib=47028 swapused_mib=17 swapout_kib+=0 swapin_kib+=0 gpu_mib=22184
18:46:32 phase=measured avail_mib=53160 free_mib=7149 cached_mib=47028 swapused_mib=17 swapout_kib+=0 swapin_kib+=0 gpu_mib=22184
18:46:34 phase=measured avail_mib=53182 free_mib=7171 cached_mib=47028 swapused_mib=17 swapout_kib+=0 swapin_kib+=0 gpu_mib=22184
18:46:36 phase=measured avail_mib=53176 free_mib=7164 cached_mib=47028 swapused_mib=17 swapout_kib+=0 swapin_kib+=0 gpu_mib=22184
18:46:38 phase=measured avail_mib=53093 free_mib=7082 cached_mib=47028 swapused_mib=17 swapout_kib+=0 swapin_kib+=0 gpu_mib=22184
18:46:40 phase=measured avail_mib=53102 free_mib=7090 cached_mib=47028 swapused_mib=17 swapout_kib+=0 swapin_kib+=0 gpu_mib=22184
18:46:42 phase=measured avail_mib=53087 free_mib=7075 cached_mib=47028 swapused_mib=17 swapout_kib+=0 swapin_kib+=0 gpu_mib=22184
18:46:44 phase=measured avail_mib=53112 free_mib=7100 cached_mib=47028 swapused_mib=17 swapout_kib+=0 swapin_kib+=0 gpu_mib=22184
18:46:46 phase=measured avail_mib=53126 free_mib=7115 cached_mib=47028 swapused_mib=17 swapout_kib+=0 swapin_kib+=0 gpu_mib=22184
18:46:48 phase=measured avail_mib=53082 free_mib=7070 cached_mib=47028 swapused_mib=17 swapout_kib+=0 swapin_kib+=0 gpu_mib=22184
18:46:50 phase=measured avail_mib=53077 free_mib=7065 cached_mib=47028 swapused_mib=17 swapout_kib+=0 swapin_kib+=0 gpu_mib=22184
18:46:52 phase=idle avail_mib=62737 free_mib=16726 cached_mib=46487 swapused_mib=17 swapout_kib+=0 swapin_kib+=0 gpu_mib=7
18:46:54 phase=idle avail_mib=62752 free_mib=16740 cached_mib=46487 swapused_mib=17 swapout_kib+=0 swapin_kib+=0 gpu_mib=7
18:46:56 phase=idle avail_mib=62787 free_mib=16776 cached_mib=46487 swapused_mib=17 swapout_kib+=0 swapin_kib+=0 gpu_mib=7
