18:25:27 v2 start harness_pid=41451 pswpin=115391 pswpout=210313
18:25:27 phase=idle avail_mib=62850 free_mib=16916 cached_mib=46413 swapused_mib=17 swapout_kib+=0 swapin_kib+=0 gpu_mib=7
18:25:30 phase=load avail_mib=62396 free_mib=16462 cached_mib=46421 swapused_mib=17 swapout_kib+=0 swapin_kib+=0 gpu_mib=17588
18:25:32 phase=load avail_mib=61662 free_mib=15727 cached_mib=46954 swapused_mib=17 swapout_kib+=0 swapin_kib+=0 gpu_mib=21858
18:25:34 phase=load avail_mib=61519 free_mib=15583 cached_mib=46954 swapused_mib=17 swapout_kib+=0 swapin_kib+=0 gpu_mib=21868
18:25:36 phase=load avail_mib=61316 free_mib=15379 cached_mib=46956 swapused_mib=17 swapout_kib+=0 swapin_kib+=0 gpu_mib=22184
18:25:38 phase=load avail_mib=61296 free_mib=15359 cached_mib=46956 swapused_mib=17 swapout_kib+=0 swapin_kib+=0 gpu_mib=22184
18:25:40 phase=load avail_mib=61179 free_mib=15242 cached_mib=46956 swapused_mib=17 swapout_kib+=0 swapin_kib+=0 gpu_mib=22184
18:25:42 phase=measured avail_mib=61176 free_mib=15238 cached_mib=46957 swapused_mib=17 swapout_kib+=0 swapin_kib+=0 gpu_mib=22184
18:25:44 phase=measured avail_mib=61141 free_mib=15203 cached_mib=46957 swapused_mib=17 swapout_kib+=0 swapin_kib+=0 gpu_mib=22184
18:25:46 phase=measured avail_mib=61127 free_mib=15188 cached_mib=46958 swapused_mib=17 swapout_kib+=0 swapin_kib+=0 gpu_mib=22184
18:25:48 phase=measured avail_mib=61131 free_mib=15191 cached_mib=46958 swapused_mib=17 swapout_kib+=0 swapin_kib+=0 gpu_mib=22184
18:25:50 phase=measured avail_mib=61105 free_mib=15165 cached_mib=46959 swapused_mib=17 swapout_kib+=0 swapin_kib+=0 gpu_mib=22184
18:25:52 phase=measured avail_mib=61121 free_mib=15180 cached_mib=46960 swapused_mib=17 swapout_kib+=0 swapin_kib+=0 gpu_mib=22184
18:25:54 phase=measured avail_mib=60531 free_mib=14590 cached_mib=46960 swapused_mib=17 swapout_kib+=0 swapin_kib+=0 gpu_mib=22184
18:25:56 phase=measured avail_mib=60601 free_mib=14660 cached_mib=46960 swapused_mib=17 swapout_kib+=0 swapin_kib+=0 gpu_mib=22184
18:25:58 phase=measured avail_mib=60511 free_mib=14570 cached_mib=46960 swapused_mib=17 swapout_kib+=0 swapin_kib+=0 gpu_mib=22184
18:26:00 phase=measured avail_mib=60492 free_mib=14551 cached_mib=46960 swapused_mib=17 swapout_kib+=0 swapin_kib+=0 gpu_mib=22184
18:26:02 phase=measured avail_mib=60499 free_mib=14557 cached_mib=46961 swapused_mib=17 swapout_kib+=0 swapin_kib+=0 gpu_mib=22184
18:26:04 phase=measured avail_mib=60510 free_mib=14567 cached_mib=46961 swapused_mib=17 swapout_kib+=0 swapin_kib+=0 gpu_mib=22184
18:26:06 phase=measured avail_mib=60525 free_mib=14583 cached_mib=46962 swapused_mib=17 swapout_kib+=0 swapin_kib+=0 gpu_mib=22184
18:26:08 phase=measured avail_mib=60505 free_mib=14562 cached_mib=46962 swapused_mib=17 swapout_kib+=0 swapin_kib+=0 gpu_mib=22184
18:26:10 phase=measured avail_mib=60524 free_mib=14581 cached_mib=46962 swapused_mib=17 swapout_kib+=0 swapin_kib+=0 gpu_mib=22184
18:26:12 phase=measured avail_mib=60138 free_mib=14194 cached_mib=46963 swapused_mib=17 swapout_kib+=0 swapin_kib+=0 gpu_mib=22184
18:26:14 phase=measured avail_mib=60118 free_mib=14174 cached_mib=46963 swapused_mib=17 swapout_kib+=0 swapin_kib+=0 gpu_mib=22184
18:26:16 phase=measured avail_mib=60169 free_mib=14226 cached_mib=46963 swapused_mib=17 swapout_kib+=0 swapin_kib+=0 gpu_mib=22184
18:26:18 phase=measured avail_mib=60035 free_mib=14091 cached_mib=46963 swapused_mib=17 swapout_kib+=0 swapin_kib+=0 gpu_mib=22184
18:26:21 phase=measured avail_mib=60011 free_mib=14067 cached_mib=46963 swapused_mib=17 swapout_kib+=0 swapin_kib+=8 gpu_mib=22184
18:26:23 phase=measured avail_mib=60045 free_mib=14101 cached_mib=46963 swapused_mib=17 swapout_kib+=0 swapin_kib+=0 gpu_mib=22184
18:26:25 phase=measured avail_mib=60082 free_mib=14137 cached_mib=46964 swapused_mib=17 swapout_kib+=0 swapin_kib+=0 gpu_mib=22184
18:26:27 phase=measured avail_mib=60118 free_mib=14172 cached_mib=46965 swapused_mib=17 swapout_kib+=0 swapin_kib+=0 gpu_mib=22184
18:26:29 phase=measured avail_mib=60154 free_mib=14207 cached_mib=46966 swapused_mib=17 swapout_kib+=0 swapin_kib+=0 gpu_mib=22184
18:26:31 phase=measured avail_mib=60155 free_mib=14206 cached_mib=46967 swapused_mib=17 swapout_kib+=0 swapin_kib+=0 gpu_mib=22184
18:26:33 phase=measured avail_mib=59596 free_mib=13647 cached_mib=46968 swapused_mib=17 swapout_kib+=0 swapin_kib+=0 gpu_mib=22184
18:26:35 phase=measured avail_mib=59644 free_mib=13695 cached_mib=46968 swapused_mib=17 swapout_kib+=0 swapin_kib+=0 gpu_mib=22184
18:26:37 phase=measured avail_mib=59512 free_mib=13563 cached_mib=46968 swapused_mib=17 swapout_kib+=0 swapin_kib+=0 gpu_mib=22184
18:26:39 phase=measured avail_mib=59479 free_mib=13530 cached_mib=46968 swapused_mib=17 swapout_kib+=0 swapin_kib+=0 gpu_mib=22184
18:26:41 phase=measured avail_mib=59539 free_mib=13591 cached_mib=46968 swapused_mib=17 swapout_kib+=0 swapin_kib+=0 gpu_mib=22184
18:26:43 phase=measured avail_mib=59547 free_mib=13598 cached_mib=46968 swapused_mib=17 swapout_kib+=0 swapin_kib+=0 gpu_mib=22184
18:26:45 phase=measured avail_mib=59522 free_mib=13573 cached_mib=46968 swapused_mib=17 swapout_kib+=0 swapin_kib+=0 gpu_mib=22184
18:26:47 phase=measured avail_mib=59575 free_mib=13625 cached_mib=46969 swapused_mib=17 swapout_kib+=0 swapin_kib+=0 gpu_mib=22184
18:26:49 phase=measured avail_mib=59636 free_mib=13685 cached_mib=46969 swapused_mib=17 swapout_kib+=0 swapin_kib+=0 gpu_mib=22184
18:26:51 phase=measured avail_mib=59198 free_mib=13247 cached_mib=46969 swapused_mib=17 swapout_kib+=0 swapin_kib+=0 gpu_mib=22184
18:26:53 phase=measured avail_mib=59135 free_mib=13184 cached_mib=46969 swapused_mib=17 swapout_kib+=0 swapin_kib+=0 gpu_mib=22184
18:26:55 phase=measured avail_mib=59155 free_mib=13204 cached_mib=46969 swapused_mib=17 swapout_kib+=0 swapin_kib+=0 gpu_mib=22184
18:26:57 phase=measured avail_mib=59177 free_mib=13227 cached_mib=46969 swapused_mib=17 swapout_kib+=0 swapin_kib+=0 gpu_mib=22184
18:26:59 phase=measured avail_mib=59132 free_mib=13182 cached_mib=46969 swapused_mib=17 swapout_kib+=0 swapin_kib+=0 gpu_mib=22184
18:27:01 phase=measured avail_mib=59164 free_mib=13213 cached_mib=46969 swapused_mib=17 swapout_kib+=0 swapin_kib+=0 gpu_mib=22184
18:27:03 phase=measured avail_mib=59187 free_mib=13236 cached_mib=46969 swapused_mib=17 swapout_kib+=0 swapin_kib+=0 gpu_mib=22184
18:27:05 phase=measured avail_mib=59184 free_mib=13233 cached_mib=46970 swapused_mib=17 swapout_kib+=0 swapin_kib+=0 gpu_mib=22184
18:27:07 phase=measured avail_mib=59189 free_mib=13237 cached_mib=46971 swapused_mib=17 swapout_kib+=0 swapin_kib+=0 gpu_mib=22184
18:27:09 phase=measured avail_mib=59197 free_mib=13245 cached_mib=46971 swapused_mib=17 swapout_kib+=0 swapin_kib+=0 gpu_mib=22184
18:27:11 phase=measured avail_mib=58681 free_mib=12729 cached_mib=46971 swapused_mib=17 swapout_kib+=0 swapin_kib+=0 gpu_mib=22184
18:27:13 phase=measured avail_mib=58648 free_mib=12696 cached_mib=46971 swapused_mib=17 swapout_kib+=0 swapin_kib+=0 gpu_mib=22184
18:27:15 phase=measured avail_mib=58624 free_mib=12672 cached_mib=46971 swapused_mib=17 swapout_kib+=0 swapin_kib+=0 gpu_mib=22184
18:27:18 phase=measured avail_mib=58620 free_mib=12667 cached_mib=46971 swapused_mib=17 swapout_kib+=0 swapin_kib+=0 gpu_mib=22184
18:27:20 phase=measured avail_mib=58563 free_mib=12610 cached_mib=46971 swapused_mib=17 swapout_kib+=0 swapin_kib+=0 gpu_mib=22184
18:27:22 phase=measured avail_mib=58610 free_mib=12658 cached_mib=46971 swapused_mib=17 swapout_kib+=0 swapin_kib+=0 gpu_mib=22184
18:27:24 phase=measured avail_mib=58635 free_mib=12683 cached_mib=46971 swapused_mib=17 swapout_kib+=0 swapin_kib+=0 gpu_mib=22184
18:27:26 phase=measured avail_mib=58652 free_mib=12699 cached_mib=46971 swapused_mib=17 swapout_kib+=0 swapin_kib+=0 gpu_mib=22184
18:27:28 phase=measured avail_mib=58701 free_mib=12749 cached_mib=46971 swapused_mib=17 swapout_kib+=0 swapin_kib+=0 gpu_mib=22184
18:27:30 phase=measured avail_mib=58259 free_mib=12306 cached_mib=46972 swapused_mib=17 swapout_kib+=0 swapin_kib+=0 gpu_mib=22184
18:27:32 phase=measured avail_mib=58252 free_mib=12299 cached_mib=46972 swapused_mib=17 swapout_kib+=0 swapin_kib+=0 gpu_mib=22184
18:27:34 phase=measured avail_mib=58231 free_mib=12278 cached_mib=46972 swapused_mib=17 swapout_kib+=0 swapin_kib+=0 gpu_mib=22184
18:27:36 phase=measured avail_mib=58253 free_mib=12300 cached_mib=46972 swapused_mib=17 swapout_kib+=0 swapin_kib+=0 gpu_mib=22184
18:27:38 phase=measured avail_mib=58258 free_mib=12305 cached_mib=46972 swapused_mib=17 swapout_kib+=0 swapin_kib+=0 gpu_mib=22184
18:27:40 phase=measured avail_mib=58261 free_mib=12308 cached_mib=46972 swapused_mib=17 swapout_kib+=0 swapin_kib+=0 gpu_mib=22184
18:27:42 phase=measured avail_mib=58247 free_mib=12293 cached_mib=46972 swapused_mib=17 swapout_kib+=0 swapin_kib+=0 gpu_mib=22184
18:27:44 phase=measured avail_mib=58234 free_mib=12281 cached_mib=46972 swapused_mib=17 swapout_kib+=0 swapin_kib+=0 gpu_mib=22184
18:27:46 phase=measured avail_mib=58269 free_mib=12316 cached_mib=46972 swapused_mib=17 swapout_kib+=0 swapin_kib+=0 gpu_mib=22184
18:27:48 phase=measured avail_mib=58167 free_mib=12214 cached_mib=46972 swapused_mib=17 swapout_kib+=0 swapin_kib+=0 gpu_mib=22184
18:27:50 phase=measured avail_mib=58184 free_mib=12231 cached_mib=46972 swapused_mib=17 swapout_kib+=0 swapin_kib+=0 gpu_mib=22184
18:27:52 phase=measured avail_mib=58223 free_mib=12270 cached_mib=46972 swapused_mib=17 swapout_kib+=0 swapin_kib+=0 gpu_mib=22184
18:27:54 phase=measured avail_mib=58202 free_mib=12248 cached_mib=46972 swapused_mib=17 swapout_kib+=0 swapin_kib+=0 gpu_mib=22184
18:27:56 phase=measured avail_mib=58212 free_mib=12259 cached_mib=46972 swapused_mib=17 swapout_kib+=0 swapin_kib+=0 gpu_mib=22184
18:27:58 phase=measured avail_mib=58211 free_mib=12258 cached_mib=46972 swapused_mib=17 swapout_kib+=0 swapin_kib+=0 gpu_mib=22184
18:28:00 phase=measured avail_mib=58244 free_mib=12291 cached_mib=46972 swapused_mib=17 swapout_kib+=0 swapin_kib+=0 gpu_mib=22184
18:28:02 phase=measured avail_mib=58259 free_mib=12305 cached_mib=46972 swapused_mib=17 swapout_kib+=0 swapin_kib+=0 gpu_mib=22184
18:28:04 phase=measured avail_mib=57369 free_mib=11415 cached_mib=46972 swapused_mib=17 swapout_kib+=0 swapin_kib+=0 gpu_mib=22184
18:28:06 phase=measured avail_mib=57351 free_mib=11398 cached_mib=46972 swapused_mib=17 swapout_kib+=0 swapin_kib+=0 gpu_mib=22184
18:28:08 phase=measured avail_mib=57355 free_mib=11401 cached_mib=46972 swapused_mib=17 swapout_kib+=0 swapin_kib+=0 gpu_mib=22184
18:28:10 phase=measured avail_mib=57404 free_mib=11450 cached_mib=46972 swapused_mib=17 swapout_kib+=0 swapin_kib+=0 gpu_mib=22184
18:28:12 phase=measured avail_mib=57459 free_mib=11505 cached_mib=46972 swapused_mib=17 swapout_kib+=0 swapin_kib+=0 gpu_mib=22184
18:28:14 phase=measured avail_mib=57420 free_mib=11466 cached_mib=46972 swapused_mib=17 swapout_kib+=0 swapin_kib+=0 gpu_mib=22184
18:28:17 phase=measured avail_mib=57418 free_mib=11464 cached_mib=46972 swapused_mib=17 swapout_kib+=0 swapin_kib+=0 gpu_mib=22184
18:28:19 phase=measured avail_mib=57421 free_mib=11467 cached_mib=46972 swapused_mib=17 swapout_kib+=0 swapin_kib+=0 gpu_mib=22184
18:28:21 phase=measured avail_mib=57437 free_mib=11483 cached_mib=46972 swapused_mib=17 swapout_kib+=0 swapin_kib+=0 gpu_mib=22184
18:28:23 phase=measured avail_mib=57364 free_mib=11410 cached_mib=46972 swapused_mib=17 swapout_kib+=0 swapin_kib+=0 gpu_mib=22184
18:28:25 phase=measured avail_mib=57365 free_mib=11411 cached_mib=46973 swapused_mib=17 swapout_kib+=0 swapin_kib+=0 gpu_mib=22184
18:28:27 phase=measured avail_mib=57339 free_mib=11385 cached_mib=46973 swapused_mib=17 swapout_kib+=0 swapin_kib+=0 gpu_mib=22184
18:28:29 phase=measured avail_mib=57349 free_mib=11395 cached_mib=46973 swapused_mib=17 swapout_kib+=0 swapin_kib+=0 gpu_mib=22184
18:28:31 phase=measured avail_mib=57367 free_mib=11412 cached_mib=46973 swapused_mib=17 swapout_kib+=0 swapin_kib+=0 gpu_mib=22184
18:28:33 phase=measured avail_mib=57347 free_mib=11392 cached_mib=46974 swapused_mib=17 swapout_kib+=0 swapin_kib+=0 gpu_mib=22184
18:28:35 phase=measured avail_mib=57317 free_mib=11362 cached_mib=46974 swapused_mib=17 swapout_kib+=0 swapin_kib+=0 gpu_mib=22184
18:28:37 phase=measured avail_mib=56617 free_mib=10660 cached_mib=46975 swapused_mib=17 swapout_kib+=0 swapin_kib+=0 gpu_mib=22184
18:28:39 phase=measured avail_mib=56500 free_mib=10543 cached_mib=46975 swapused_mib=17 swapout_kib+=0 swapin_kib+=0 gpu_mib=22184
18:28:41 phase=measured avail_mib=56489 free_mib=10533 cached_mib=46975 swapused_mib=17 swapout_kib+=0 swapin_kib+=0 gpu_mib=22184
18:28:43 phase=measured avail_mib=56489 free_mib=10532 cached_mib=46975 swapused_mib=17 swapout_kib+=0 swapin_kib+=0 gpu_mib=22184
18:28:45 phase=measured avail_mib=56484 free_mib=10527 cached_mib=46975 swapused_mib=17 swapout_kib+=0 swapin_kib+=0 gpu_mib=22184
18:28:47 phase=measured avail_mib=56510 free_mib=10553 cached_mib=46975 swapused_mib=17 swapout_kib+=0 swapin_kib+=0 gpu_mib=22184
18:28:49 phase=measured avail_mib=56534 free_mib=10577 cached_mib=46975 swapused_mib=17 swapout_kib+=0 swapin_kib+=0 gpu_mib=22184
18:28:51 phase=measured avail_mib=56581 free_mib=10625 cached_mib=46975 swapused_mib=17 swapout_kib+=0 swapin_kib+=0 gpu_mib=22184
18:28:53 phase=measured avail_mib=56555 free_mib=10598 cached_mib=46975 swapused_mib=17 swapout_kib+=0 swapin_kib+=0 gpu_mib=22184
18:28:55 phase=measured avail_mib=56501 free_mib=10544 cached_mib=46975 swapused_mib=17 swapout_kib+=0 swapin_kib+=0 gpu_mib=22184
18:28:57 phase=measured avail_mib=56507 free_mib=10550 cached_mib=46975 swapused_mib=17 swapout_kib+=0 swapin_kib+=0 gpu_mib=22184
18:28:59 phase=measured avail_mib=56484 free_mib=10527 cached_mib=46976 swapused_mib=17 swapout_kib+=0 swapin_kib+=0 gpu_mib=22184
18:29:01 phase=measured avail_mib=56467 free_mib=10510 cached_mib=46976 swapused_mib=17 swapout_kib+=0 swapin_kib+=0 gpu_mib=22184
18:29:03 phase=measured avail_mib=56438 free_mib=10481 cached_mib=46976 swapused_mib=17 swapout_kib+=0 swapin_kib+=0 gpu_mib=22184
18:29:05 phase=measured avail_mib=56421 free_mib=10463 cached_mib=46977 swapused_mib=17 swapout_kib+=0 swapin_kib+=0 gpu_mib=22184
18:29:07 phase=measured avail_mib=56443 free_mib=10484 cached_mib=46977 swapused_mib=17 swapout_kib+=0 swapin_kib+=0 gpu_mib=22184
18:29:09 phase=measured avail_mib=56460 free_mib=10500 cached_mib=46979 swapused_mib=17 swapout_kib+=0 swapin_kib+=0 gpu_mib=22184
18:29:11 phase=measured avail_mib=55799 free_mib=9839 cached_mib=46979 swapused_mib=17 swapout_kib+=0 swapin_kib+=0 gpu_mib=22184
18:29:14 phase=measured avail_mib=55755 free_mib=9794 cached_mib=46979 swapused_mib=17 swapout_kib+=0 swapin_kib+=0 gpu_mib=22184
18:29:16 phase=measured avail_mib=55785 free_mib=9825 cached_mib=46979 swapused_mib=17 swapout_kib+=0 swapin_kib+=0 gpu_mib=22184
18:29:18 phase=measured avail_mib=55759 free_mib=9798 cached_mib=46979 swapused_mib=17 swapout_kib+=0 swapin_kib+=0 gpu_mib=22184
18:29:20 phase=measured avail_mib=55800 free_mib=9840 cached_mib=46979 swapused_mib=17 swapout_kib+=0 swapin_kib+=0 gpu_mib=22184
18:29:22 phase=measured avail_mib=55773 free_mib=9813 cached_mib=46979 swapused_mib=17 swapout_kib+=0 swapin_kib+=0 gpu_mib=22184
18:29:24 phase=measured avail_mib=55809 free_mib=9849 cached_mib=46979 swapused_mib=17 swapout_kib+=0 swapin_kib+=0 gpu_mib=22184
18:29:26 phase=measured avail_mib=55690 free_mib=9729 cached_mib=46979 swapused_mib=17 swapout_kib+=0 swapin_kib+=0 gpu_mib=22184
18:29:28 phase=measured avail_mib=55717 free_mib=9757 cached_mib=46979 swapused_mib=17 swapout_kib+=0 swapin_kib+=0 gpu_mib=22184
18:29:30 phase=measured avail_mib=55619 free_mib=9659 cached_mib=46979 swapused_mib=17 swapout_kib+=0 swapin_kib+=0 gpu_mib=22184
18:29:32 phase=measured avail_mib=55631 free_mib=9670 cached_mib=46979 swapused_mib=17 swapout_kib+=0 swapin_kib+=0 gpu_mib=22184
18:29:34 phase=measured avail_mib=55587 free_mib=9626 cached_mib=46979 swapused_mib=17 swapout_kib+=0 swapin_kib+=0 gpu_mib=22184
18:29:36 phase=measured avail_mib=55630 free_mib=9670 cached_mib=46979 swapused_mib=17 swapout_kib+=0 swapin_kib+=0 gpu_mib=22184
18:29:38 phase=measured avail_mib=55590 free_mib=9629 cached_mib=46979 swapused_mib=17 swapout_kib+=0 swapin_kib+=0 gpu_mib=22184
18:29:40 phase=measured avail_mib=55580 free_mib=9619 cached_mib=46979 swapused_mib=17 swapout_kib+=0 swapin_kib+=0 gpu_mib=22184
18:29:42 phase=measured avail_mib=55579 free_mib=9618 cached_mib=46980 swapused_mib=17 swapout_kib+=0 swapin_kib+=0 gpu_mib=22184
18:29:44 phase=measured avail_mib=54675 free_mib=8713 cached_mib=46980 swapused_mib=17 swapout_kib+=0 swapin_kib+=0 gpu_mib=22184
18:29:46 phase=measured avail_mib=54653 free_mib=8691 cached_mib=46981 swapused_mib=17 swapout_kib+=0 swapin_kib+=0 gpu_mib=22184
18:29:48 phase=measured avail_mib=54675 free_mib=8713 cached_mib=46981 swapused_mib=17 swapout_kib+=0 swapin_kib+=0 gpu_mib=22184
18:29:50 phase=measured avail_mib=54682 free_mib=8720 cached_mib=46981 swapused_mib=17 swapout_kib+=0 swapin_kib+=0 gpu_mib=22184
18:29:52 phase=measured avail_mib=54676 free_mib=8714 cached_mib=46981 swapused_mib=17 swapout_kib+=0 swapin_kib+=0 gpu_mib=22184
18:29:54 phase=measured avail_mib=54709 free_mib=8747 cached_mib=46981 swapused_mib=17 swapout_kib+=0 swapin_kib+=0 gpu_mib=22184
18:29:56 phase=measured avail_mib=54688 free_mib=8726 cached_mib=46981 swapused_mib=17 swapout_kib+=0 swapin_kib+=0 gpu_mib=22184
18:29:58 phase=measured avail_mib=54597 free_mib=8635 cached_mib=46981 swapused_mib=17 swapout_kib+=0 swapin_kib+=0 gpu_mib=22184
18:30:00 phase=measured avail_mib=54581 free_mib=8618 cached_mib=46981 swapused_mib=17 swapout_kib+=0 swapin_kib+=0 gpu_mib=22184
18:30:02 phase=measured avail_mib=54601 free_mib=8638 cached_mib=46981 swapused_mib=17 swapout_kib+=0 swapin_kib+=0 gpu_mib=22184
18:30:04 phase=measured avail_mib=54528 free_mib=8566 cached_mib=46981 swapused_mib=17 swapout_kib+=0 swapin_kib+=0 gpu_mib=22184
18:30:06 phase=measured avail_mib=54536 free_mib=8574 cached_mib=46981 swapused_mib=17 swapout_kib+=0 swapin_kib+=0 gpu_mib=22184
18:30:08 phase=measured avail_mib=54566 free_mib=8604 cached_mib=46981 swapused_mib=17 swapout_kib+=0 swapin_kib+=0 gpu_mib=22184
18:30:10 phase=measured avail_mib=54571 free_mib=8609 cached_mib=46981 swapused_mib=17 swapout_kib+=0 swapin_kib+=0 gpu_mib=22184
18:30:13 phase=measured avail_mib=54584 free_mib=8622 cached_mib=46981 swapused_mib=17 swapout_kib+=0 swapin_kib+=0 gpu_mib=22184
18:30:15 phase=measured avail_mib=54577 free_mib=8615 cached_mib=46981 swapused_mib=17 swapout_kib+=0 swapin_kib+=0 gpu_mib=22184
18:30:17 phase=measured avail_mib=54557 free_mib=8594 cached_mib=46981 swapused_mib=17 swapout_kib+=0 swapin_kib+=0 gpu_mib=22184
18:30:19 phase=measured avail_mib=53757 free_mib=7794 cached_mib=46982 swapused_mib=17 swapout_kib+=0 swapin_kib+=0 gpu_mib=22184
18:30:21 phase=measured avail_mib=53784 free_mib=7821 cached_mib=46982 swapused_mib=17 swapout_kib+=0 swapin_kib+=0 gpu_mib=22184
18:30:23 phase=measured avail_mib=53800 free_mib=7836 cached_mib=46982 swapused_mib=17 swapout_kib+=0 swapin_kib+=0 gpu_mib=22184
18:30:25 phase=measured avail_mib=53822 free_mib=7858 cached_mib=46982 swapused_mib=17 swapout_kib+=0 swapin_kib+=0 gpu_mib=22184
18:30:27 phase=measured avail_mib=53822 free_mib=7859 cached_mib=46982 swapused_mib=17 swapout_kib+=0 swapin_kib+=0 gpu_mib=22184
18:30:29 phase=measured avail_mib=53844 free_mib=7881 cached_mib=46982 swapused_mib=17 swapout_kib+=0 swapin_kib+=0 gpu_mib=22184
18:30:31 phase=measured avail_mib=53864 free_mib=7901 cached_mib=46982 swapused_mib=17 swapout_kib+=0 swapin_kib+=0 gpu_mib=22184
18:30:33 phase=measured avail_mib=53729 free_mib=7765 cached_mib=46982 swapused_mib=17 swapout_kib+=0 swapin_kib+=0 gpu_mib=22184
18:30:35 phase=measured avail_mib=53749 free_mib=7786 cached_mib=46982 swapused_mib=17 swapout_kib+=0 swapin_kib+=0 gpu_mib=22184
18:30:37 phase=measured avail_mib=53640 free_mib=7676 cached_mib=46982 swapused_mib=17 swapout_kib+=0 swapin_kib+=0 gpu_mib=22184
18:30:39 phase=measured avail_mib=53649 free_mib=7686 cached_mib=46982 swapused_mib=17 swapout_kib+=0 swapin_kib+=0 gpu_mib=22184
18:30:41 phase=measured avail_mib=53662 free_mib=7699 cached_mib=46982 swapused_mib=17 swapout_kib+=0 swapin_kib+=0 gpu_mib=22184
18:30:43 phase=measured avail_mib=53680 free_mib=7716 cached_mib=46982 swapused_mib=17 swapout_kib+=0 swapin_kib+=0 gpu_mib=22184
18:30:45 phase=measured avail_mib=53704 free_mib=7741 cached_mib=46982 swapused_mib=17 swapout_kib+=0 swapin_kib+=0 gpu_mib=22184
18:30:47 phase=measured avail_mib=53736 free_mib=7772 cached_mib=46982 swapused_mib=17 swapout_kib+=0 swapin_kib+=0 gpu_mib=22184
18:30:49 phase=measured avail_mib=53782 free_mib=7819 cached_mib=46982 swapused_mib=17 swapout_kib+=0 swapin_kib+=0 gpu_mib=22184
18:30:51 phase=measured avail_mib=52889 free_mib=6925 cached_mib=46982 swapused_mib=17 swapout_kib+=0 swapin_kib+=0 gpu_mib=22184
18:30:53 phase=measured avail_mib=52891 free_mib=6927 cached_mib=46982 swapused_mib=17 swapout_kib+=0 swapin_kib+=0 gpu_mib=22184
18:30:55 phase=measured avail_mib=52915 free_mib=6950 cached_mib=46982 swapused_mib=17 swapout_kib+=0 swapin_kib+=0 gpu_mib=22184
18:30:57 phase=measured avail_mib=52867 free_mib=6902 cached_mib=46982 swapused_mib=17 swapout_kib+=0 swapin_kib+=0 gpu_mib=22184
18:30:59 phase=measured avail_mib=52839 free_mib=6875 cached_mib=46982 swapused_mib=17 swapout_kib+=0 swapin_kib+=0 gpu_mib=22184
18:31:01 phase=measured avail_mib=52876 free_mib=6912 cached_mib=46982 swapused_mib=17 swapout_kib+=0 swapin_kib+=0 gpu_mib=22184
18:31:03 phase=measured avail_mib=52853 free_mib=6888 cached_mib=46982 swapused_mib=17 swapout_kib+=0 swapin_kib+=0 gpu_mib=22184
18:31:05 phase=measured avail_mib=52875 free_mib=6911 cached_mib=46982 swapused_mib=17 swapout_kib+=0 swapin_kib+=0 gpu_mib=22184
18:31:07 phase=measured avail_mib=52834 free_mib=6870 cached_mib=46982 swapused_mib=17 swapout_kib+=0 swapin_kib+=0 gpu_mib=22184
18:31:10 phase=measured avail_mib=52879 free_mib=6915 cached_mib=46982 swapused_mib=17 swapout_kib+=0 swapin_kib+=0 gpu_mib=22184
18:31:12 phase=measured avail_mib=52887 free_mib=6923 cached_mib=46982 swapused_mib=17 swapout_kib+=0 swapin_kib+=0 gpu_mib=22184
18:31:14 phase=measured avail_mib=52918 free_mib=6954 cached_mib=46982 swapused_mib=17 swapout_kib+=0 swapin_kib+=0 gpu_mib=22184
18:31:16 phase=measured avail_mib=52866 free_mib=6901 cached_mib=46982 swapused_mib=17 swapout_kib+=0 swapin_kib+=0 gpu_mib=22184
18:31:18 phase=measured avail_mib=52891 free_mib=6927 cached_mib=46982 swapused_mib=17 swapout_kib+=0 swapin_kib+=0 gpu_mib=22184
18:31:20 phase=measured avail_mib=52898 free_mib=6934 cached_mib=46982 swapused_mib=17 swapout_kib+=0 swapin_kib+=0 gpu_mib=22184
18:31:22 phase=measured avail_mib=52917 free_mib=6952 cached_mib=46983 swapused_mib=17 swapout_kib+=0 swapin_kib+=0 gpu_mib=22184
18:31:24 phase=measured avail_mib=52795 free_mib=6831 cached_mib=46983 swapused_mib=17 swapout_kib+=0 swapin_kib+=0 gpu_mib=22184
18:31:26 phase=measured avail_mib=52793 free_mib=6829 cached_mib=46983 swapused_mib=17 swapout_kib+=0 swapin_kib+=0 gpu_mib=22184
18:31:28 phase=measured avail_mib=52739 free_mib=6775 cached_mib=46983 swapused_mib=17 swapout_kib+=0 swapin_kib+=0 gpu_mib=22184
18:31:30 phase=measured avail_mib=52738 free_mib=6774 cached_mib=46983 swapused_mib=17 swapout_kib+=0 swapin_kib+=0 gpu_mib=22184
18:31:32 phase=measured avail_mib=52744 free_mib=6779 cached_mib=46983 swapused_mib=17 swapout_kib+=0 swapin_kib+=0 gpu_mib=22184
18:31:34 phase=measured avail_mib=52743 free_mib=6779 cached_mib=46983 swapused_mib=17 swapout_kib+=0 swapin_kib+=0 gpu_mib=22184
18:31:36 phase=measured avail_mib=52774 free_mib=6809 cached_mib=46983 swapused_mib=17 swapout_kib+=0 swapin_kib+=0 gpu_mib=22184
18:31:38 phase=measured avail_mib=52767 free_mib=6802 cached_mib=46983 swapused_mib=17 swapout_kib+=0 swapin_kib+=0 gpu_mib=22184
18:31:40 phase=measured avail_mib=52787 free_mib=6822 cached_mib=46983 swapused_mib=17 swapout_kib+=0 swapin_kib+=0 gpu_mib=22184
18:31:42 phase=measured avail_mib=52789 free_mib=6823 cached_mib=46984 swapused_mib=17 swapout_kib+=0 swapin_kib+=0 gpu_mib=22184
18:31:44 phase=measured avail_mib=52872 free_mib=6906 cached_mib=46985 swapused_mib=17 swapout_kib+=0 swapin_kib+=0 gpu_mib=22184
18:31:46 phase=measured avail_mib=52866 free_mib=6899 cached_mib=46985 swapused_mib=17 swapout_kib+=0 swapin_kib+=0 gpu_mib=22184
18:31:48 phase=measured avail_mib=52860 free_mib=6893 cached_mib=46985 swapused_mib=17 swapout_kib+=0 swapin_kib+=0 gpu_mib=22184
18:31:50 phase=measured avail_mib=52846 free_mib=6879 cached_mib=46985 swapused_mib=17 swapout_kib+=0 swapin_kib+=0 gpu_mib=22184
18:31:52 phase=measured avail_mib=52838 free_mib=6871 cached_mib=46985 swapused_mib=17 swapout_kib+=0 swapin_kib+=0 gpu_mib=22184
18:31:54 phase=measured avail_mib=52846 free_mib=6879 cached_mib=46985 swapused_mib=17 swapout_kib+=0 swapin_kib+=0 gpu_mib=22184
18:31:56 phase=measured avail_mib=52891 free_mib=6924 cached_mib=46985 swapused_mib=17 swapout_kib+=0 swapin_kib+=0 gpu_mib=22184
18:31:58 phase=measured avail_mib=52934 free_mib=6967 cached_mib=46985 swapused_mib=17 swapout_kib+=0 swapin_kib+=0 gpu_mib=22184
18:32:00 phase=measured avail_mib=52964 free_mib=6998 cached_mib=46985 swapused_mib=17 swapout_kib+=0 swapin_kib+=0 gpu_mib=22184
18:32:02 phase=measured avail_mib=52965 free_mib=6998 cached_mib=46985 swapused_mib=17 swapout_kib+=0 swapin_kib+=0 gpu_mib=22184
18:32:04 phase=measured avail_mib=52975 free_mib=7008 cached_mib=46985 swapused_mib=17 swapout_kib+=0 swapin_kib+=0 gpu_mib=22184
18:32:06 phase=measured avail_mib=53007 free_mib=7040 cached_mib=46985 swapused_mib=17 swapout_kib+=0 swapin_kib+=0 gpu_mib=22184
18:32:08 phase=measured avail_mib=53034 free_mib=7067 cached_mib=46985 swapused_mib=17 swapout_kib+=0 swapin_kib+=0 gpu_mib=22184
18:32:11 phase=measured avail_mib=52994 free_mib=7027 cached_mib=46985 swapused_mib=17 swapout_kib+=0 swapin_kib+=0 gpu_mib=22184
18:32:13 phase=measured avail_mib=53010 free_mib=7043 cached_mib=46985 swapused_mib=17 swapout_kib+=0 swapin_kib+=0 gpu_mib=22184
18:32:15 phase=measured avail_mib=53006 free_mib=7039 cached_mib=46985 swapused_mib=17 swapout_kib+=0 swapin_kib+=0 gpu_mib=22184
18:32:17 phase=measured avail_mib=52897 free_mib=6930 cached_mib=46985 swapused_mib=17 swapout_kib+=0 swapin_kib+=0 gpu_mib=22184
18:32:19 phase=measured avail_mib=52891 free_mib=6924 cached_mib=46985 swapused_mib=17 swapout_kib+=0 swapin_kib+=0 gpu_mib=22184
18:32:21 phase=measured avail_mib=52924 free_mib=6957 cached_mib=46985 swapused_mib=17 swapout_kib+=0 swapin_kib+=0 gpu_mib=22184
18:32:23 phase=measured avail_mib=52778 free_mib=6811 cached_mib=46985 swapused_mib=17 swapout_kib+=0 swapin_kib+=0 gpu_mib=22184
18:32:25 phase=measured avail_mib=52792 free_mib=6825 cached_mib=46985 swapused_mib=17 swapout_kib+=0 swapin_kib+=0 gpu_mib=22184
18:32:27 phase=measured avail_mib=52805 free_mib=6838 cached_mib=46986 swapused_mib=17 swapout_kib+=0 swapin_kib+=0 gpu_mib=22184
18:32:29 phase=measured avail_mib=52861 free_mib=6892 cached_mib=46987 swapused_mib=17 swapout_kib+=0 swapin_kib+=0 gpu_mib=22184
18:32:31 phase=measured avail_mib=52873 free_mib=6903 cached_mib=46989 swapused_mib=17 swapout_kib+=0 swapin_kib+=0 gpu_mib=22184
18:32:33 phase=measured avail_mib=52878 free_mib=6906 cached_mib=46990 swapused_mib=17 swapout_kib+=0 swapin_kib+=0 gpu_mib=22184
18:32:35 phase=measured avail_mib=52912 free_mib=6938 cached_mib=46992 swapused_mib=17 swapout_kib+=0 swapin_kib+=0 gpu_mib=22184
18:32:37 phase=measured avail_mib=53284 free_mib=7310 cached_mib=46992 swapused_mib=17 swapout_kib+=0 swapin_kib+=0 gpu_mib=22184
18:32:39 phase=measured avail_mib=53024 free_mib=7050 cached_mib=46993 swapused_mib=17 swapout_kib+=0 swapin_kib+=0 gpu_mib=22184
18:32:41 phase=measured avail_mib=52985 free_mib=7010 cached_mib=46993 swapused_mib=17 swapout_kib+=0 swapin_kib+=0 gpu_mib=22184
18:32:43 phase=measured avail_mib=52980 free_mib=7005 cached_mib=46993 swapused_mib=17 swapout_kib+=0 swapin_kib+=0 gpu_mib=22184
18:32:45 phase=measured avail_mib=52985 free_mib=7010 cached_mib=46993 swapused_mib=17 swapout_kib+=0 swapin_kib+=0 gpu_mib=22184
18:32:47 phase=measured avail_mib=52980 free_mib=7005 cached_mib=46993 swapused_mib=17 swapout_kib+=0 swapin_kib+=0 gpu_mib=22184
18:32:49 phase=measured avail_mib=53004 free_mib=7030 cached_mib=46993 swapused_mib=17 swapout_kib+=0 swapin_kib+=0 gpu_mib=22184
18:32:51 phase=measured avail_mib=53020 free_mib=7045 cached_mib=46993 swapused_mib=17 swapout_kib+=0 swapin_kib+=0 gpu_mib=22184
18:32:53 phase=measured avail_mib=53044 free_mib=7070 cached_mib=46993 swapused_mib=17 swapout_kib+=0 swapin_kib+=0 gpu_mib=22184
18:32:55 phase=measured avail_mib=53026 free_mib=7052 cached_mib=46993 swapused_mib=17 swapout_kib+=0 swapin_kib+=0 gpu_mib=22184
18:32:57 phase=measured avail_mib=53014 free_mib=7040 cached_mib=46993 swapused_mib=17 swapout_kib+=0 swapin_kib+=0 gpu_mib=22184
18:32:59 phase=measured avail_mib=53012 free_mib=7037 cached_mib=46993 swapused_mib=17 swapout_kib+=0 swapin_kib+=0 gpu_mib=22184
18:33:01 phase=measured avail_mib=53015 free_mib=7041 cached_mib=46993 swapused_mib=17 swapout_kib+=0 swapin_kib+=0 gpu_mib=22184
18:33:03 phase=measured avail_mib=53040 free_mib=7066 cached_mib=46993 swapused_mib=17 swapout_kib+=0 swapin_kib+=0 gpu_mib=22184
18:33:05 phase=measured avail_mib=53042 free_mib=7067 cached_mib=46993 swapused_mib=17 swapout_kib+=0 swapin_kib+=0 gpu_mib=22184
18:33:07 phase=measured avail_mib=53024 free_mib=7049 cached_mib=46993 swapused_mib=17 swapout_kib+=0 swapin_kib+=0 gpu_mib=22184
18:33:10 phase=measured avail_mib=52898 free_mib=6923 cached_mib=46993 swapused_mib=17 swapout_kib+=0 swapin_kib+=0 gpu_mib=22184
18:33:12 phase=measured avail_mib=52930 free_mib=6955 cached_mib=46993 swapused_mib=17 swapout_kib+=0 swapin_kib+=0 gpu_mib=22184
18:33:14 phase=measured avail_mib=52938 free_mib=6964 cached_mib=46993 swapused_mib=17 swapout_kib+=0 swapin_kib+=0 gpu_mib=22184
18:33:16 phase=measured avail_mib=52822 free_mib=6847 cached_mib=46993 swapused_mib=17 swapout_kib+=0 swapin_kib+=0 gpu_mib=22184
18:33:18 phase=measured avail_mib=52834 free_mib=6859 cached_mib=46993 swapused_mib=17 swapout_kib+=0 swapin_kib+=0 gpu_mib=22184
18:33:20 phase=measured avail_mib=52882 free_mib=6908 cached_mib=46993 swapused_mib=17 swapout_kib+=0 swapin_kib+=0 gpu_mib=22184
18:33:22 phase=measured avail_mib=52878 free_mib=6903 cached_mib=46993 swapused_mib=17 swapout_kib+=0 swapin_kib+=0 gpu_mib=22184
18:33:24 phase=measured avail_mib=52895 free_mib=6920 cached_mib=46993 swapused_mib=17 swapout_kib+=0 swapin_kib+=0 gpu_mib=22184
18:33:26 phase=measured avail_mib=52921 free_mib=6946 cached_mib=46993 swapused_mib=17 swapout_kib+=0 swapin_kib+=0 gpu_mib=22184
18:33:28 phase=measured avail_mib=52950 free_mib=6975 cached_mib=46993 swapused_mib=17 swapout_kib+=0 swapin_kib+=0 gpu_mib=22184
18:33:30 phase=measured avail_mib=53534 free_mib=7559 cached_mib=46993 swapused_mib=17 swapout_kib+=0 swapin_kib+=0 gpu_mib=22184
18:33:32 phase=measured avail_mib=53278 free_mib=7303 cached_mib=46993 swapused_mib=17 swapout_kib+=0 swapin_kib+=0 gpu_mib=22184
18:33:34 phase=measured avail_mib=53278 free_mib=7303 cached_mib=46993 swapused_mib=17 swapout_kib+=0 swapin_kib+=0 gpu_mib=22184
18:33:36 phase=measured avail_mib=53298 free_mib=7322 cached_mib=46993 swapused_mib=17 swapout_kib+=0 swapin_kib+=0 gpu_mib=22184
18:33:38 phase=measured avail_mib=53319 free_mib=7344 cached_mib=46993 swapused_mib=17 swapout_kib+=0 swapin_kib+=0 gpu_mib=22184
18:33:40 phase=measured avail_mib=53300 free_mib=7325 cached_mib=46993 swapused_mib=17 swapout_kib+=0 swapin_kib+=0 gpu_mib=22184
18:33:42 phase=measured avail_mib=53301 free_mib=7326 cached_mib=46993 swapused_mib=17 swapout_kib+=0 swapin_kib+=0 gpu_mib=22184
18:33:44 phase=measured avail_mib=53347 free_mib=7372 cached_mib=46993 swapused_mib=17 swapout_kib+=0 swapin_kib+=0 gpu_mib=22184
18:33:46 phase=measured avail_mib=53399 free_mib=7424 cached_mib=46993 swapused_mib=17 swapout_kib+=0 swapin_kib+=0 gpu_mib=22184
18:33:48 phase=measured avail_mib=53427 free_mib=7452 cached_mib=46993 swapused_mib=17 swapout_kib+=0 swapin_kib+=0 gpu_mib=22184
18:33:50 phase=measured avail_mib=53446 free_mib=7471 cached_mib=46993 swapused_mib=17 swapout_kib+=0 swapin_kib+=0 gpu_mib=22184
18:33:52 phase=measured avail_mib=53461 free_mib=7486 cached_mib=46993 swapused_mib=17 swapout_kib+=0 swapin_kib+=0 gpu_mib=22184
18:33:54 phase=measured avail_mib=53456 free_mib=7481 cached_mib=46993 swapused_mib=17 swapout_kib+=0 swapin_kib+=0 gpu_mib=22184
18:33:56 phase=measured avail_mib=53505 free_mib=7529 cached_mib=46993 swapused_mib=17 swapout_kib+=0 swapin_kib+=0 gpu_mib=22184
18:33:58 phase=measured avail_mib=53527 free_mib=7552 cached_mib=46993 swapused_mib=17 swapout_kib+=0 swapin_kib+=0 gpu_mib=22184
18:34:00 phase=measured avail_mib=53527 free_mib=7552 cached_mib=46993 swapused_mib=17 swapout_kib+=0 swapin_kib+=0 gpu_mib=22184
18:34:02 phase=measured avail_mib=53439 free_mib=7464 cached_mib=46993 swapused_mib=17 swapout_kib+=0 swapin_kib+=0 gpu_mib=22184
18:34:04 phase=measured avail_mib=53439 free_mib=7464 cached_mib=46993 swapused_mib=17 swapout_kib+=0 swapin_kib+=0 gpu_mib=22184
18:34:06 phase=measured avail_mib=53426 free_mib=7451 cached_mib=46993 swapused_mib=17 swapout_kib+=0 swapin_kib+=0 gpu_mib=22184
18:34:09 phase=measured avail_mib=53340 free_mib=7365 cached_mib=46993 swapused_mib=17 swapout_kib+=0 swapin_kib+=0 gpu_mib=22184
18:34:11 phase=measured avail_mib=53362 free_mib=7386 cached_mib=46993 swapused_mib=17 swapout_kib+=0 swapin_kib+=0 gpu_mib=22184
18:34:13 phase=measured avail_mib=53342 free_mib=7367 cached_mib=46993 swapused_mib=17 swapout_kib+=0 swapin_kib+=0 gpu_mib=22184
18:34:15 phase=measured avail_mib=53348 free_mib=7372 cached_mib=46993 swapused_mib=17 swapout_kib+=0 swapin_kib+=0 gpu_mib=22184
18:34:17 phase=measured avail_mib=53337 free_mib=7362 cached_mib=46993 swapused_mib=17 swapout_kib+=0 swapin_kib+=0 gpu_mib=22184
18:34:19 phase=measured avail_mib=53333 free_mib=7358 cached_mib=46994 swapused_mib=17 swapout_kib+=0 swapin_kib+=0 gpu_mib=22184
18:34:21 phase=measured avail_mib=53317 free_mib=7341 cached_mib=46994 swapused_mib=17 swapout_kib+=0 swapin_kib+=0 gpu_mib=22184
18:34:23 phase=measured avail_mib=53923 free_mib=7947 cached_mib=46995 swapused_mib=17 swapout_kib+=0 swapin_kib+=0 gpu_mib=22184
18:34:25 phase=measured avail_mib=53650 free_mib=7673 cached_mib=46995 swapused_mib=17 swapout_kib+=0 swapin_kib+=0 gpu_mib=22184
18:34:27 phase=measured avail_mib=53655 free_mib=7678 cached_mib=46995 swapused_mib=17 swapout_kib+=0 swapin_kib+=0 gpu_mib=22184
18:34:29 phase=measured avail_mib=53657 free_mib=7679 cached_mib=46995 swapused_mib=17 swapout_kib+=0 swapin_kib+=0 gpu_mib=22184
18:34:31 phase=measured avail_mib=53711 free_mib=7734 cached_mib=46995 swapused_mib=17 swapout_kib+=0 swapin_kib+=0 gpu_mib=22184
18:34:33 phase=measured avail_mib=53728 free_mib=7751 cached_mib=46995 swapused_mib=17 swapout_kib+=0 swapin_kib+=0 gpu_mib=22184
18:34:35 phase=measured avail_mib=53774 free_mib=7797 cached_mib=46995 swapused_mib=17 swapout_kib+=0 swapin_kib+=0 gpu_mib=22184
18:34:37 phase=measured avail_mib=53778 free_mib=7801 cached_mib=46995 swapused_mib=17 swapout_kib+=0 swapin_kib+=0 gpu_mib=22184
18:34:39 phase=measured avail_mib=53787 free_mib=7810 cached_mib=46995 swapused_mib=17 swapout_kib+=0 swapin_kib+=0 gpu_mib=22184
18:34:41 phase=measured avail_mib=53778 free_mib=7801 cached_mib=46995 swapused_mib=17 swapout_kib+=0 swapin_kib+=0 gpu_mib=22184
18:34:43 phase=measured avail_mib=53804 free_mib=7827 cached_mib=46995 swapused_mib=17 swapout_kib+=0 swapin_kib+=0 gpu_mib=22184
18:34:45 phase=measured avail_mib=53791 free_mib=7814 cached_mib=46995 swapused_mib=17 swapout_kib+=0 swapin_kib+=0 gpu_mib=22184
18:34:47 phase=measured avail_mib=53830 free_mib=7853 cached_mib=46995 swapused_mib=17 swapout_kib+=0 swapin_kib+=0 gpu_mib=22184
18:34:49 phase=measured avail_mib=53854 free_mib=7876 cached_mib=46995 swapused_mib=17 swapout_kib+=0 swapin_kib+=0 gpu_mib=22184
18:34:51 phase=measured avail_mib=53841 free_mib=7864 cached_mib=46995 swapused_mib=17 swapout_kib+=0 swapin_kib+=0 gpu_mib=22184
18:34:53 phase=measured avail_mib=53897 free_mib=7920 cached_mib=46995 swapused_mib=17 swapout_kib+=0 swapin_kib+=0 gpu_mib=22184
18:34:55 phase=measured avail_mib=53783 free_mib=7806 cached_mib=46995 swapused_mib=17 swapout_kib+=0 swapin_kib+=0 gpu_mib=22184
18:34:57 phase=measured avail_mib=53753 free_mib=7776 cached_mib=46995 swapused_mib=17 swapout_kib+=0 swapin_kib+=0 gpu_mib=22184
18:34:59 phase=measured avail_mib=53738 free_mib=7761 cached_mib=46995 swapused_mib=17 swapout_kib+=0 swapin_kib+=0 gpu_mib=22184
18:35:01 phase=measured avail_mib=53657 free_mib=7680 cached_mib=46995 swapused_mib=17 swapout_kib+=0 swapin_kib+=0 gpu_mib=22184
18:35:03 phase=measured avail_mib=53694 free_mib=7717 cached_mib=46995 swapused_mib=17 swapout_kib+=0 swapin_kib+=0 gpu_mib=22184
18:35:05 phase=measured avail_mib=53683 free_mib=7706 cached_mib=46995 swapused_mib=17 swapout_kib+=0 swapin_kib+=0 gpu_mib=22184
18:35:08 phase=measured avail_mib=53718 free_mib=7741 cached_mib=46995 swapused_mib=17 swapout_kib+=0 swapin_kib+=0 gpu_mib=22184
18:35:10 phase=measured avail_mib=53682 free_mib=7704 cached_mib=46995 swapused_mib=17 swapout_kib+=0 swapin_kib+=0 gpu_mib=22184
18:35:12 phase=measured avail_mib=53714 free_mib=7736 cached_mib=46995 swapused_mib=17 swapout_kib+=0 swapin_kib+=0 gpu_mib=22184
18:35:14 phase=measured avail_mib=53726 free_mib=7748 cached_mib=46996 swapused_mib=17 swapout_kib+=0 swapin_kib+=0 gpu_mib=22184
18:35:16 phase=measured avail_mib=53345 free_mib=7366 cached_mib=46996 swapused_mib=17 swapout_kib+=0 swapin_kib+=0 gpu_mib=22184
18:35:18 phase=measured avail_mib=53161 free_mib=7182 cached_mib=46996 swapused_mib=17 swapout_kib+=0 swapin_kib+=0 gpu_mib=22184
18:35:20 phase=measured avail_mib=53147 free_mib=7168 cached_mib=46996 swapused_mib=17 swapout_kib+=0 swapin_kib+=0 gpu_mib=22184
18:35:22 phase=measured avail_mib=53188 free_mib=7209 cached_mib=46996 swapused_mib=17 swapout_kib+=0 swapin_kib+=4 gpu_mib=22184
18:35:24 phase=measured avail_mib=53187 free_mib=7208 cached_mib=46996 swapused_mib=17 swapout_kib+=0 swapin_kib+=0 gpu_mib=22184
18:35:26 phase=measured avail_mib=53203 free_mib=7225 cached_mib=46996 swapused_mib=17 swapout_kib+=0 swapin_kib+=0 gpu_mib=22184
18:35:28 phase=measured avail_mib=53224 free_mib=7245 cached_mib=46997 swapused_mib=17 swapout_kib+=0 swapin_kib+=0 gpu_mib=22184
18:35:30 phase=measured avail_mib=53230 free_mib=7251 cached_mib=46997 swapused_mib=17 swapout_kib+=0 swapin_kib+=0 gpu_mib=22184
18:35:32 phase=measured avail_mib=53197 free_mib=7218 cached_mib=46997 swapused_mib=17 swapout_kib+=0 swapin_kib+=0 gpu_mib=22184
18:35:34 phase=measured avail_mib=53197 free_mib=7218 cached_mib=46997 swapused_mib=17 swapout_kib+=0 swapin_kib+=0 gpu_mib=22184
18:35:36 phase=measured avail_mib=53186 free_mib=7207 cached_mib=46997 swapused_mib=17 swapout_kib+=0 swapin_kib+=0 gpu_mib=22184
18:35:38 phase=measured avail_mib=53183 free_mib=7204 cached_mib=46997 swapused_mib=17 swapout_kib+=0 swapin_kib+=0 gpu_mib=22184
18:35:40 phase=measured avail_mib=53183 free_mib=7204 cached_mib=46997 swapused_mib=17 swapout_kib+=0 swapin_kib+=0 gpu_mib=22184
18:35:42 phase=measured avail_mib=53176 free_mib=7197 cached_mib=46997 swapused_mib=17 swapout_kib+=0 swapin_kib+=0 gpu_mib=22184
18:35:44 phase=measured avail_mib=53224 free_mib=7245 cached_mib=46997 swapused_mib=17 swapout_kib+=0 swapin_kib+=0 gpu_mib=22184
18:35:46 phase=measured avail_mib=53216 free_mib=7237 cached_mib=46997 swapused_mib=17 swapout_kib+=0 swapin_kib+=0 gpu_mib=22184
18:35:48 phase=measured avail_mib=53101 free_mib=7122 cached_mib=46997 swapused_mib=17 swapout_kib+=0 swapin_kib+=0 gpu_mib=22184
18:35:50 phase=measured avail_mib=53112 free_mib=7133 cached_mib=46997 swapused_mib=17 swapout_kib+=0 swapin_kib+=0 gpu_mib=22184
18:35:52 phase=measured avail_mib=53124 free_mib=7145 cached_mib=46997 swapused_mib=17 swapout_kib+=0 swapin_kib+=0 gpu_mib=22184
18:35:54 phase=measured avail_mib=52967 free_mib=6988 cached_mib=46997 swapused_mib=17 swapout_kib+=0 swapin_kib+=0 gpu_mib=22184
18:35:56 phase=measured avail_mib=53006 free_mib=7027 cached_mib=46997 swapused_mib=17 swapout_kib+=0 swapin_kib+=0 gpu_mib=22184
18:35:58 phase=measured avail_mib=53056 free_mib=7077 cached_mib=46997 swapused_mib=17 swapout_kib+=0 swapin_kib+=0 gpu_mib=22184
18:36:00 phase=measured avail_mib=53059 free_mib=7080 cached_mib=46997 swapused_mib=17 swapout_kib+=0 swapin_kib+=0 gpu_mib=22184
18:36:02 phase=measured avail_mib=53066 free_mib=7087 cached_mib=46997 swapused_mib=17 swapout_kib+=0 swapin_kib+=0 gpu_mib=22184
18:36:04 phase=measured avail_mib=53089 free_mib=7110 cached_mib=46997 swapused_mib=17 swapout_kib+=0 swapin_kib+=0 gpu_mib=22184
18:36:07 phase=measured avail_mib=53164 free_mib=7184 cached_mib=46997 swapused_mib=17 swapout_kib+=0 swapin_kib+=0 gpu_mib=22184
18:36:09 phase=measured avail_mib=60314 free_mib=14334 cached_mib=46466 swapused_mib=17 swapout_kib+=0 swapin_kib+=0 gpu_mib=344
18:36:11 phase=idle avail_mib=62814 free_mib=16834 cached_mib=46457 swapused_mib=17 swapout_kib+=0 swapin_kib+=0 gpu_mib=7
18:36:13 phase=idle avail_mib=62826 free_mib=16846 cached_mib=46457 swapused_mib=17 swapout_kib+=0 swapin_kib+=0 gpu_mib=7
