=== seed 1 start 20:27:15 ===
load 9s | trainable params 79,691,776 | gc=True | vram 16.76 GiB
  epoch 1/10 mean_loss 0.1574 (98s)
  epoch 2/10 mean_loss 0.0566 (197s)
  epoch 3/10 mean_loss 0.0442 (295s)
  epoch 4/10 mean_loss 0.0304 (393s)
  epoch 5/10 mean_loss 0.0201 (492s)
  epoch 6/10 mean_loss 0.0113 (590s)
  epoch 7/10 mean_loss 0.0034 (688s)
  epoch 8/10 mean_loss 0.0003 (786s)
  epoch 9/10 mean_loss 0.0856 (885s)
  epoch 10/10 mean_loss 0.0355 (983s)
saved adapters/seed1 | train 983s | steps 60
=== seed 1 end 20:43:54 ===
=== seed 2 start 20:43:54 ===
load 10s | trainable params 79,691,776 | gc=True | vram 16.76 GiB
  epoch 1/10 mean_loss 0.1455 (99s)
  epoch 2/10 mean_loss 0.0617 (197s)
  epoch 3/10 mean_loss 0.0419 (296s)
  epoch 4/10 mean_loss 0.0351 (394s)
  epoch 5/10 mean_loss 0.0299 (492s)
  epoch 6/10 mean_loss 0.0239 (591s)
  epoch 7/10 mean_loss 0.0120 (689s)
  epoch 8/10 mean_loss 0.0054 (787s)
  epoch 9/10 mean_loss 0.0028 (885s)
  epoch 10/10 mean_loss 0.0016 (984s)
saved adapters/seed2 | train 984s | steps 60
=== seed 2 end 21:00:36 ===
