=== seed 3 start 10:44:34 ===
load 352s | trainable params 79,691,776 | gc=True | vram 16.76 GiB
torch.OutOfMemoryError: CUDA out of memory. Tried to allocate 618.00 MiB. GPU 0 has a total capacity of 23.56 GiB of which 510.25 MiB is free. Including non-PyTorch memory, this process has 18.91 GiB memory in use. Of the allocated memory 18.39 GiB is allocated by PyTorch, and 221.44 MiB is reserved by PyTorch but unallocated. If reserved but unallocated memory is large try setting PYTORCH_CUDA_ALLOC_CONF=expandable_segments:True to avoid fragmentation.  See documentation for Memory Management  (https://pytorch.org/docs/stable/notes/cuda.html#environment-variables)
=== seed 3 end 10:50:42 ===
=== seed 4 start 10:50:42 ===
load 342s | trainable params 79,691,776 | gc=True | vram 16.76 GiB
torch.OutOfMemoryError: CUDA out of memory. Tried to allocate 656.00 MiB. GPU 0 has a total capacity of 23.56 GiB of which 632.19 MiB is free. Including non-PyTorch memory, this process has 18.96 GiB memory in use. Of the allocated memory 18.48 GiB is allocated by PyTorch, and 171.91 MiB is reserved by PyTorch but unallocated. If reserved but unallocated memory is large try setting PYTORCH_CUDA_ALLOC_CONF=expandable_segments:True to avoid fragmentation.  See documentation for Memory Management  (https://pytorch.org/docs/stable/notes/cuda.html#environment-variables)
=== seed 4 end 10:56:37 ===
=== seed 5 start 10:56:37 ===
load 271s | trainable params 79,691,776 | gc=True | vram 16.76 GiB
torch.OutOfMemoryError: CUDA out of memory. Tried to allocate 644.00 MiB. GPU 0 has a total capacity of 23.56 GiB of which 521.44 MiB is free. Including non-PyTorch memory, this process has 18.95 GiB memory in use. Of the allocated memory 18.45 GiB is allocated by PyTorch, and 190.52 MiB is reserved by PyTorch but unallocated. If reserved but unallocated memory is large try setting PYTORCH_CUDA_ALLOC_CONF=expandable_segments:True to avoid fragmentation.  See documentation for Memory Management  (https://pytorch.org/docs/stable/notes/cuda.html#environment-variables)
=== seed 5 end 11:01:21 ===
=== seed 6 start 11:01:21 ===
load 303s | trainable params 79,691,776 | gc=True | vram 16.76 GiB
torch.OutOfMemoryError: CUDA out of memory. Tried to allocate 656.00 MiB. GPU 0 has a total capacity of 23.56 GiB of which 637.62 MiB is free. Including non-PyTorch memory, this process has 18.65 GiB memory in use. Of the allocated memory 18.17 GiB is allocated by PyTorch, and 173.72 MiB is reserved by PyTorch but unallocated. If reserved but unallocated memory is large try setting PYTORCH_CUDA_ALLOC_CONF=expandable_segments:True to avoid fragmentation.  See documentation for Memory Management  (https://pytorch.org/docs/stable/notes/cuda.html#environment-variables)
=== seed 6 end 11:06:35 ===
=== seed 7 start 11:06:35 ===
load 296s | trainable params 79,691,776 | gc=True | vram 16.76 GiB
torch.OutOfMemoryError: CUDA out of memory. Tried to allocate 682.00 MiB. GPU 0 has a total capacity of 23.56 GiB of which 490.69 MiB is free. Including non-PyTorch memory, this process has 19.04 GiB memory in use. Of the allocated memory 18.56 GiB is allocated by PyTorch, and 182.70 MiB is reserved by PyTorch but unallocated. If reserved but unallocated memory is large try setting PYTORCH_CUDA_ALLOC_CONF=expandable_segments:True to avoid fragmentation.  See documentation for Memory Management  (https://pytorch.org/docs/stable/notes/cuda.html#environment-variables)
=== seed 7 end 11:11:44 ===
=== seed 8 start 11:11:44 ===
load 247s | trainable params 79,691,776 | gc=True | vram 16.76 GiB
torch.OutOfMemoryError: CUDA out of memory. Tried to allocate 668.00 MiB. GPU 0 has a total capacity of 23.56 GiB of which 608.75 MiB is free. Including non-PyTorch memory, this process has 19.01 GiB memory in use. Of the allocated memory 18.52 GiB is allocated by PyTorch, and 188.41 MiB is reserved by PyTorch but unallocated. If reserved but unallocated memory is large try setting PYTORCH_CUDA_ALLOC_CONF=expandable_segments:True to avoid fragmentation.  See documentation for Memory Management  (https://pytorch.org/docs/stable/notes/cuda.html#environment-variables)
=== seed 8 end 11:16:03 ===
=== seed 9 start 11:16:03 ===
load 272s | trainable params 79,691,776 | gc=True | vram 16.76 GiB
torch.OutOfMemoryError: CUDA out of memory. Tried to allocate 614.00 MiB. GPU 0 has a total capacity of 23.56 GiB of which 398.19 MiB is free. Including non-PyTorch memory, this process has 18.90 GiB memory in use. Of the allocated memory 18.37 GiB is allocated by PyTorch, and 226.27 MiB is reserved by PyTorch but unallocated. If reserved but unallocated memory is large try setting PYTORCH_CUDA_ALLOC_CONF=expandable_segments:True to avoid fragmentation.  See documentation for Memory Management  (https://pytorch.org/docs/stable/notes/cuda.html#environment-variables)
=== seed 9 end 11:20:47 ===
=== seed 10 start 11:20:47 ===
=== seed 10 end 11:22:13 ===
ALL TRAINING DONE 11:22:13
