=== seed 3 start 19:15:44 ===
gate: free VRAM 24091 MiB (need >= 21864)
load 336s | trainable params 79,691,776 | gc=True | vram 16.76 GiB
  epoch 1/10 mean_loss 0.1475 (99s)
  epoch 2/10 mean_loss 0.0653 (196s)
  epoch 3/10 mean_loss 0.0428 (295s)
  epoch 4/10 mean_loss 0.0224 (393s)
  epoch 5/10 mean_loss 0.0212 (491s)
  epoch 6/10 mean_loss 0.0074 (589s)
  epoch 7/10 mean_loss 0.0059 (687s)
  epoch 8/10 mean_loss 0.0027 (785s)
  epoch 9/10 mean_loss 0.0013 (883s)
  epoch 10/10 mean_loss 0.0000 (981s)
saved adapters/seed3 | train 981s | steps 60
peak torch alloc 20797 MiB | peak torch reserved 23412 MiB
seed 3 rc=0 nvidia-smi peak used  22898 MiB
=== seed 3 end 19:37:49 ===
=== seed 4 start 19:37:49 ===
gate: free VRAM 24091 MiB (need >= 21864)
load 9s | trainable params 79,691,776 | gc=True | vram 16.76 GiB
  epoch 1/10 mean_loss 0.1494 (98s)
  epoch 2/10 mean_loss 0.0713 (196s)
  epoch 3/10 mean_loss 0.0437 (295s)
  epoch 4/10 mean_loss 0.0341 (393s)
  epoch 5/10 mean_loss 0.0225 (491s)
  epoch 6/10 mean_loss 0.0142 (589s)
  epoch 7/10 mean_loss 0.0095 (687s)
  epoch 8/10 mean_loss 0.0021 (786s)
  epoch 9/10 mean_loss 0.0019 (884s)
  epoch 10/10 mean_loss 0.0005 (982s)
saved adapters/seed4 | train 983s | steps 60
peak torch alloc 20791 MiB | peak torch reserved 23538 MiB
seed 4 rc=0 nvidia-smi peak used  23904 MiB
=== seed 4 end 19:54:29 ===
=== seed 5 start 19:54:29 ===
gate: free VRAM 24091 MiB (need >= 21864)
load 9s | trainable params 79,691,776 | gc=True | vram 16.76 GiB
  epoch 1/10 mean_loss 0.1477 (99s)
  epoch 2/10 mean_loss 0.0682 (197s)
  epoch 3/10 mean_loss 0.0428 (295s)
  epoch 4/10 mean_loss 0.0265 (394s)
  epoch 5/10 mean_loss 0.0132 (492s)
  epoch 6/10 mean_loss 0.0175 (590s)
  epoch 7/10 mean_loss 0.0072 (689s)
  epoch 8/10 mean_loss 0.0040 (787s)
  epoch 9/10 mean_loss 0.0068 (885s)
  epoch 10/10 mean_loss 0.0019 (983s)
saved adapters/seed5 | train 984s | steps 60
peak torch alloc 20789 MiB | peak torch reserved 23320 MiB
seed 5 rc=0 nvidia-smi peak used  22976 MiB
=== seed 5 end 20:11:10 ===
=== seed 6 start 20:11:10 ===
gate: free VRAM 24091 MiB (need >= 21864)
load 9s | trainable params 79,691,776 | gc=True | vram 16.76 GiB
  epoch 1/10 mean_loss 0.1760 (99s)
  epoch 2/10 mean_loss 0.0682 (197s)
  epoch 3/10 mean_loss 0.0488 (295s)
  epoch 4/10 mean_loss 0.0275 (393s)
  epoch 5/10 mean_loss 0.0171 (492s)
  epoch 6/10 mean_loss 0.0170 (590s)
  epoch 7/10 mean_loss 0.0163 (688s)
  epoch 8/10 mean_loss 0.0116 (786s)
  epoch 9/10 mean_loss 0.0099 (885s)
  epoch 10/10 mean_loss 0.0062 (983s)
saved adapters/seed6 | train 983s | steps 60
peak torch alloc 20786 MiB | peak torch reserved 23474 MiB
seed 6 rc=0 nvidia-smi peak used  23700 MiB
=== seed 6 end 20:27:50 ===
=== seed 7 start 20:27:50 ===
gate: free VRAM 24091 MiB (need >= 21864)
load 9s | trainable params 79,691,776 | gc=True | vram 16.76 GiB
  epoch 1/10 mean_loss 0.1590 (98s)
  epoch 2/10 mean_loss 0.0577 (197s)
  epoch 3/10 mean_loss 0.0403 (295s)
  epoch 4/10 mean_loss 0.0202 (393s)
  epoch 5/10 mean_loss 0.0067 (492s)
  epoch 6/10 mean_loss 0.0056 (590s)
  epoch 7/10 mean_loss 0.0247 (688s)
  epoch 8/10 mean_loss 0.0056 (786s)
  epoch 9/10 mean_loss 0.0048 (885s)
  epoch 10/10 mean_loss 0.0021 (983s)
saved adapters/seed7 | train 983s | steps 60
peak torch alloc 20788 MiB | peak torch reserved 23652 MiB
seed 7 rc=0 nvidia-smi peak used  23308 MiB
=== seed 7 end 20:44:30 ===
=== seed 8 start 20:44:30 ===
gate: free VRAM 24091 MiB (need >= 21864)
load 9s | trainable params 79,691,776 | gc=True | vram 16.76 GiB
  epoch 1/10 mean_loss 0.1492 (99s)
  epoch 2/10 mean_loss 0.0616 (197s)
  epoch 3/10 mean_loss 0.0471 (295s)
  epoch 4/10 mean_loss 0.0270 (394s)
  epoch 5/10 mean_loss 0.0177 (492s)
  epoch 6/10 mean_loss 0.0137 (590s)
  epoch 7/10 mean_loss 0.0057 (689s)
  epoch 8/10 mean_loss 0.0033 (787s)
  epoch 9/10 mean_loss 0.0020 (885s)
  epoch 10/10 mean_loss 0.0011 (984s)
saved adapters/seed8 | train 984s | steps 60
peak torch alloc 20793 MiB | peak torch reserved 23660 MiB
seed 8 rc=0 nvidia-smi peak used  23316 MiB
=== seed 8 end 21:01:11 ===
=== seed 9 start 21:01:11 ===
gate: free VRAM 24091 MiB (need >= 21864)
load 9s | trainable params 79,691,776 | gc=True | vram 16.76 GiB
  epoch 1/10 mean_loss 0.1428 (99s)
  epoch 2/10 mean_loss 0.0628 (197s)
  epoch 3/10 mean_loss 0.0424 (295s)
  epoch 4/10 mean_loss 0.0368 (393s)
  epoch 5/10 mean_loss 0.0175 (492s)
  epoch 6/10 mean_loss 0.0334 (590s)
  epoch 7/10 mean_loss 0.0164 (688s)
  epoch 8/10 mean_loss 0.0055 (786s)
  epoch 9/10 mean_loss 0.0035 (884s)
  epoch 10/10 mean_loss 0.0019 (982s)
saved adapters/seed9 | train 983s | steps 60
peak torch alloc 20802 MiB | peak torch reserved 23426 MiB
seed 9 rc=0 nvidia-smi peak used  23754 MiB
=== seed 9 end 21:17:51 ===
=== seed 10 start 21:17:51 ===
gate: free VRAM 24091 MiB (need >= 21864)
load 9s | trainable params 79,691,776 | gc=True | vram 16.76 GiB
  epoch 1/10 mean_loss 0.1415 (99s)
  epoch 2/10 mean_loss 0.0628 (197s)
  epoch 3/10 mean_loss 0.0361 (295s)
  epoch 4/10 mean_loss 0.0152 (394s)
  epoch 5/10 mean_loss 0.0200 (492s)
  epoch 6/10 mean_loss 0.0242 (590s)
  epoch 7/10 mean_loss 0.0097 (689s)
  epoch 8/10 mean_loss 0.0129 (787s)
  epoch 9/10 mean_loss 0.0137 (885s)
  epoch 10/10 mean_loss 0.0127 (983s)
saved adapters/seed10 | train 984s | steps 60
peak torch alloc 20795 MiB | peak torch reserved 23476 MiB
seed 10 rc=0 nvidia-smi peak used  23044 MiB
=== seed 10 end 21:34:32 ===
ALL TRAINING DONE 21:34:32
scoring plan: seed3:adapters/seed3:1,seed4:adapters/seed4:1,seed5:adapters/seed5:1,seed6:adapters/seed6:1,seed7:adapters/seed7:1,seed8:adapters/seed8:1,seed9:adapters/seed9:1,seed10:adapters/seed10:1
gate: free VRAM 24091 MiB (need >= 21864)
base loaded 11s | vram 16.46 GiB
  seed3                      exact 19/47 =  40.43%  eff  53.19%  raw_valid 47/47  170.2s
  seed4                      exact 19/47 =  40.43%  eff  51.06%  raw_valid 47/47  169.9s
  seed5                      exact 19/47 =  40.43%  eff  53.19%  raw_valid 47/47  169.6s
  seed6                      exact 21/47 =  44.68%  eff  55.32%  raw_valid 47/47  170.5s
  seed7                      exact 19/47 =  40.43%  eff  53.19%  raw_valid 47/47  170.1s
  seed8                      exact 20/47 =  42.55%  eff  53.19%  raw_valid 47/47  168.6s
  seed9                      exact 20/47 =  42.55%  eff  55.32%  raw_valid 47/47  169.8s
  seed10                     exact 21/47 =  44.68%  eff  57.45%  raw_valid 47/47  170.0s
ALL DONE 21:57:34
