Linux 6.8.0-136-generic (rushuna) 	10/05/2026 	_x86_64_	(8 CPU)

10/05/2026 09:57:18 PM
Device            r/s     rkB/s   rrqm/s  %rrqm r_await rareq-sz     w/s     wkB/s   wrqm/s  %wrqm w_await wareq-sz     d/s     dkB/s   drqm/s  %drqm d_await dareq-sz     f/s f_await  aqu-sz  %util
nvme0n1        157.25  14871.89     3.83   2.38    0.20    94.58    5.05     88.96    16.92  77.01   12.08    17.61    0.00      0.00     0.00   0.00    0.00     0.00    0.09    2.17    0.09   1.08


10/05/2026 09:57:19 PM
Device            r/s     rkB/s   rrqm/s  %rrqm r_await rareq-sz     w/s     wkB/s   wrqm/s  %wrqm w_await wareq-sz     d/s     dkB/s   drqm/s  %drqm d_await dareq-sz     f/s f_await  aqu-sz  %util
nvme0n1       13139.00 482172.00   638.00   4.63    0.13    36.70   93.00    376.00     1.00   1.06   41.13     4.04    0.00      0.00     0.00   0.00    0.00     0.00    0.00    0.00    5.50  63.00


10/05/2026 09:57:20 PM
Device            r/s     rkB/s   rrqm/s  %rrqm r_await rareq-sz     w/s     wkB/s   wrqm/s  %wrqm w_await wareq-sz     d/s     dkB/s   drqm/s  %drqm d_await dareq-sz     f/s f_await  aqu-sz  %util
nvme0n1       12662.00  75828.00   620.00   4.67    0.09     5.99    4.00     48.00     9.00  69.23    0.25    12.00    0.00      0.00     0.00   0.00    0.00     0.00    1.00    1.00    1.15  79.20


10/05/2026 09:57:21 PM
Device            r/s     rkB/s   rrqm/s  %rrqm r_await rareq-sz     w/s     wkB/s   wrqm/s  %wrqm w_await wareq-sz     d/s     dkB/s   drqm/s  %drqm d_await dareq-sz     f/s f_await  aqu-sz  %util
nvme0n1       10917.00 1380224.00    27.00   0.25    0.18   126.43    4.00     20.00     1.00  20.00    0.25     5.00    0.00      0.00     0.00   0.00    0.00     0.00    0.00    0.00    2.01  51.20


10/05/2026 09:57:22 PM
Device            r/s     rkB/s   rrqm/s  %rrqm r_await rareq-sz     w/s     wkB/s   wrqm/s  %wrqm w_await wareq-sz     d/s     dkB/s   drqm/s  %drqm d_await dareq-sz     f/s f_await  aqu-sz  %util
nvme0n1       10536.00 1334272.00    28.00   0.27    0.19   126.64    1.00      8.00     1.00  50.00    0.00     8.00    0.00      0.00     0.00   0.00    0.00     0.00    0.00    0.00    1.95  54.10


10/05/2026 09:57:23 PM
Device            r/s     rkB/s   rrqm/s  %rrqm r_await rareq-sz     w/s     wkB/s   wrqm/s  %wrqm w_await wareq-sz     d/s     dkB/s   drqm/s  %drqm d_await dareq-sz     f/s f_await  aqu-sz  %util
nvme0n1       10496.00 1336396.00     0.00   0.00    0.19   127.32    8.00     72.00    10.00  55.56   29.38     9.00    0.00      0.00     0.00   0.00    0.00     0.00    0.00    0.00    2.27  54.80


10/05/2026 09:57:24 PM
Device            r/s     rkB/s   rrqm/s  %rrqm r_await rareq-sz     w/s     wkB/s   wrqm/s  %wrqm w_await wareq-sz     d/s     dkB/s   drqm/s  %drqm d_await dareq-sz     f/s f_await  aqu-sz  %util
nvme0n1       11160.00 1418104.00     0.00   0.00    0.19   127.07  124.00    552.00    13.00   9.49    9.91     4.45    0.00      0.00     0.00   0.00    0.00     0.00    0.00    0.00    3.31  56.20


10/05/2026 09:57:25 PM
Device            r/s     rkB/s   rrqm/s  %rrqm r_await rareq-sz     w/s     wkB/s   wrqm/s  %wrqm w_await wareq-sz     d/s     dkB/s   drqm/s  %drqm d_await dareq-sz     f/s f_await  aqu-sz  %util
nvme0n1       10646.00 1357516.00     0.00   0.00    0.19   127.51    5.00     20.00    10.00  66.67    0.00     4.00    0.00      0.00     0.00   0.00    0.00     0.00    0.00    0.00    2.05  53.60


10/05/2026 09:57:26 PM
Device            r/s     rkB/s   rrqm/s  %rrqm r_await rareq-sz     w/s     wkB/s   wrqm/s  %wrqm w_await wareq-sz     d/s     dkB/s   drqm/s  %drqm d_await dareq-sz     f/s f_await  aqu-sz  %util
nvme0n1       10122.00 1266916.00    13.00   0.13    0.19   125.16   33.00    176.00     2.00   5.71    7.36     5.33    0.00      0.00     0.00   0.00    0.00     0.00    1.00    1.00    2.14  49.30


10/05/2026 09:57:27 PM
Device            r/s     rkB/s   rrqm/s  %rrqm r_await rareq-sz     w/s     wkB/s   wrqm/s  %wrqm w_await wareq-sz     d/s     dkB/s   drqm/s  %drqm d_await dareq-sz     f/s f_await  aqu-sz  %util
nvme0n1       10774.00 1373324.00     0.00   0.00    0.19   127.47    2.00      8.00     0.00   0.00    0.00     4.00    0.00      0.00     0.00   0.00    0.00     0.00    0.00    0.00    2.06  55.30


10/05/2026 09:57:28 PM
Device            r/s     rkB/s   rrqm/s  %rrqm r_await rareq-sz     w/s     wkB/s   wrqm/s  %wrqm w_await wareq-sz     d/s     dkB/s   drqm/s  %drqm d_await dareq-sz     f/s f_await  aqu-sz  %util
nvme0n1       10505.00 1339188.00     0.00   0.00    0.19   127.48    0.00      0.00     0.00   0.00    0.00     0.00    0.00      0.00     0.00   0.00    0.00     0.00    0.00    0.00    2.03  54.00


10/05/2026 09:57:29 PM
Device            r/s     rkB/s   rrqm/s  %rrqm r_await rareq-sz     w/s     wkB/s   wrqm/s  %wrqm w_await wareq-sz     d/s     dkB/s   drqm/s  %drqm d_await dareq-sz     f/s f_await  aqu-sz  %util
nvme0n1       10312.00 1314908.00     0.00   0.00    0.20   127.51   46.00    288.00    26.00  36.11   26.87     6.26    0.00      0.00     0.00   0.00    0.00     0.00    0.00    0.00    3.27  55.80


10/05/2026 09:57:30 PM
Device            r/s     rkB/s   rrqm/s  %rrqm r_await rareq-sz     w/s     wkB/s   wrqm/s  %wrqm w_await wareq-sz     d/s     dkB/s   drqm/s  %drqm d_await dareq-sz     f/s f_await  aqu-sz  %util
nvme0n1       10528.00 1341724.00     0.00   0.00    0.19   127.44   61.00    284.00    15.00  19.74   13.56     4.66    0.00      0.00     0.00   0.00    0.00     0.00    0.00    0.00    2.83  54.90


10/05/2026 09:57:31 PM
Device            r/s     rkB/s   rrqm/s  %rrqm r_await rareq-sz     w/s     wkB/s   wrqm/s  %wrqm w_await wareq-sz     d/s     dkB/s   drqm/s  %drqm d_await dareq-sz     f/s f_await  aqu-sz  %util
nvme0n1       10419.00 1327228.00     0.00   0.00    0.20   127.39   11.00     64.00     1.00   8.33    0.18     5.82    0.00      0.00     0.00   0.00    0.00     0.00    1.00    1.00    2.04  55.70


10/05/2026 09:57:32 PM
Device            r/s     rkB/s   rrqm/s  %rrqm r_await rareq-sz     w/s     wkB/s   wrqm/s  %wrqm w_await wareq-sz     d/s     dkB/s   drqm/s  %drqm d_await dareq-sz     f/s f_await  aqu-sz  %util
nvme0n1       10505.00 1339132.00     0.00   0.00    0.19   127.48    0.00      0.00     0.00   0.00    0.00     0.00    0.00      0.00     0.00   0.00    0.00     0.00    0.00    0.00    2.02  54.60


10/05/2026 09:57:33 PM
Device            r/s     rkB/s   rrqm/s  %rrqm r_await rareq-sz     w/s     wkB/s   wrqm/s  %wrqm w_await wareq-sz     d/s     dkB/s   drqm/s  %drqm d_await dareq-sz     f/s f_await  aqu-sz  %util
nvme0n1       10232.00 1303548.00     0.00   0.00    0.20   127.40    3.00     12.00     0.00   0.00    0.33     4.00    0.00      0.00     0.00   0.00    0.00     0.00    0.00    0.00    2.06  55.10


10/05/2026 09:57:34 PM
Device            r/s     rkB/s   rrqm/s  %rrqm r_await rareq-sz     w/s     wkB/s   wrqm/s  %wrqm w_await wareq-sz     d/s     dkB/s   drqm/s  %drqm d_await dareq-sz     f/s f_await  aqu-sz  %util
nvme0n1       10378.00 1320248.00     0.00   0.00    0.20   127.22    0.00      0.00     0.00   0.00    0.00     0.00    0.00      0.00     0.00   0.00    0.00     0.00    0.00    0.00    2.02  53.10


10/05/2026 09:57:35 PM
Device            r/s     rkB/s   rrqm/s  %rrqm r_await rareq-sz     w/s     wkB/s   wrqm/s  %wrqm w_await wareq-sz     d/s     dkB/s   drqm/s  %drqm d_await dareq-sz     f/s f_await  aqu-sz  %util
nvme0n1       8982.00 1114092.00     0.00   0.00    0.20   124.04    1.00      4.00     5.00  83.33    0.00     4.00    0.00      0.00     0.00   0.00    0.00     0.00    0.00    0.00    1.83  47.90


10/05/2026 09:57:36 PM
Device            r/s     rkB/s   rrqm/s  %rrqm r_await rareq-sz     w/s     wkB/s   wrqm/s  %wrqm w_await wareq-sz     d/s     dkB/s   drqm/s  %drqm d_await dareq-sz     f/s f_await  aqu-sz  %util
nvme0n1       7746.00 914444.00     0.00   0.00    0.20   118.05    3.00     28.00     0.00   0.00    0.67     9.33    0.00      0.00     0.00   0.00    0.00     0.00    1.00    1.00    1.52  46.60


10/05/2026 09:57:37 PM
Device            r/s     rkB/s   rrqm/s  %rrqm r_await rareq-sz     w/s     wkB/s   wrqm/s  %wrqm w_await wareq-sz     d/s     dkB/s   drqm/s  %drqm d_await dareq-sz     f/s f_await  aqu-sz  %util
nvme0n1       8148.00 992792.00     0.00   0.00    0.21   121.84  128.00    600.00    22.00  14.67    8.50     4.69    0.00      0.00     0.00   0.00    0.00     0.00    0.00    0.00    2.80  56.00


10/05/2026 09:57:38 PM
Device            r/s     rkB/s   rrqm/s  %rrqm r_await rareq-sz     w/s     wkB/s   wrqm/s  %wrqm w_await wareq-sz     d/s     dkB/s   drqm/s  %drqm d_await dareq-sz     f/s f_await  aqu-sz  %util
nvme0n1       8665.00 892288.00   160.00   1.81    0.19   102.98    4.00     28.00     4.00  50.00    0.50     7.00    0.00      0.00     0.00   0.00    0.00     0.00    1.00    1.00    1.63  55.30


10/05/2026 09:57:39 PM
Device            r/s     rkB/s   rrqm/s  %rrqm r_await rareq-sz     w/s     wkB/s   wrqm/s  %wrqm w_await wareq-sz     d/s     dkB/s   drqm/s  %drqm d_await dareq-sz     f/s f_await  aqu-sz  %util
nvme0n1       9653.00 1130572.00   150.00   1.53    0.20   117.12  842.00   8120.00  1188.00  58.52   14.02     9.64    0.00      0.00     0.00   0.00    0.00     0.00    0.00    0.00   13.73  54.90


10/05/2026 09:57:40 PM
Device            r/s     rkB/s   rrqm/s  %rrqm r_await rareq-sz     w/s     wkB/s   wrqm/s  %wrqm w_await wareq-sz     d/s     dkB/s   drqm/s  %drqm d_await dareq-sz     f/s f_await  aqu-sz  %util
nvme0n1       10405.00 1320604.00     0.00   0.00    0.19   126.92  519.00   2156.00    20.00   3.71    9.39     4.15    0.00      0.00     0.00   0.00    0.00     0.00    0.00    0.00    6.89  56.70


10/05/2026 09:57:41 PM
Device            r/s     rkB/s   rrqm/s  %rrqm r_await rareq-sz     w/s     wkB/s   wrqm/s  %wrqm w_await wareq-sz     d/s     dkB/s   drqm/s  %drqm d_await dareq-sz     f/s f_await  aqu-sz  %util
nvme0n1       6176.00 447688.00     4.00   0.06    0.18    72.49  125.00    508.00     2.00   1.57   27.34     4.06    0.00      0.00     0.00   0.00    0.00     0.00    0.00    0.00    4.53  64.50


10/05/2026 09:57:42 PM
Device            r/s     rkB/s   rrqm/s  %rrqm r_await rareq-sz     w/s     wkB/s   wrqm/s  %wrqm w_await wareq-sz     d/s     dkB/s   drqm/s  %drqm d_await dareq-sz     f/s f_await  aqu-sz  %util
nvme0n1       4566.00 164800.00     0.00   0.00    0.17    36.09   26.00    108.00     1.00   3.70   38.54     4.15    0.00      0.00     0.00   0.00    0.00     0.00    0.00    0.00    1.76  55.40


10/05/2026 09:57:43 PM
Device            r/s     rkB/s   rrqm/s  %rrqm r_await rareq-sz     w/s     wkB/s   wrqm/s  %wrqm w_await wareq-sz     d/s     dkB/s   drqm/s  %drqm d_await dareq-sz     f/s f_await  aqu-sz  %util
nvme0n1       5023.00 612400.00    30.00   0.59    0.23   121.92  162.00    864.00    18.00  10.00   14.56     5.33    0.00      0.00     0.00   0.00    0.00     0.00    1.00    3.00    3.52  42.10


10/05/2026 09:57:44 PM
Device            r/s     rkB/s   rrqm/s  %rrqm r_await rareq-sz     w/s     wkB/s   wrqm/s  %wrqm w_await wareq-sz     d/s     dkB/s   drqm/s  %drqm d_await dareq-sz     f/s f_await  aqu-sz  %util
nvme0n1       4991.00 609456.00     0.00   0.00    0.24   122.11  311.00   4640.00   849.00  73.19    9.57    14.92    0.00      0.00     0.00   0.00    0.00     0.00    0.00    0.00    4.18  46.20


10/05/2026 09:57:45 PM
Device            r/s     rkB/s   rrqm/s  %rrqm r_await rareq-sz     w/s     wkB/s   wrqm/s  %wrqm w_await wareq-sz     d/s     dkB/s   drqm/s  %drqm d_await dareq-sz     f/s f_await  aqu-sz  %util
nvme0n1       5215.00 636760.00     0.00   0.00    0.23   122.10   48.00    212.00     5.00   9.43   36.88     4.42    0.00      0.00     0.00   0.00    0.00     0.00    0.00    0.00    2.99  44.00


10/05/2026 09:57:46 PM
Device            r/s     rkB/s   rrqm/s  %rrqm r_await rareq-sz     w/s     wkB/s   wrqm/s  %wrqm w_await wareq-sz     d/s     dkB/s   drqm/s  %drqm d_await dareq-sz     f/s f_await  aqu-sz  %util
nvme0n1       5271.00 649380.00     0.00   0.00    0.22   123.20  575.00   2440.00    35.00   5.74    7.37     4.24    0.00      0.00     0.00   0.00    0.00     0.00    0.00    0.00    5.41  42.70


10/05/2026 09:57:47 PM
Device            r/s     rkB/s   rrqm/s  %rrqm r_await rareq-sz     w/s     wkB/s   wrqm/s  %wrqm w_await wareq-sz     d/s     dkB/s   drqm/s  %drqm d_await dareq-sz     f/s f_await  aqu-sz  %util
nvme0n1       4494.00 551040.00     0.00   0.00    0.23   122.62  100.00    440.00    10.00   9.09   14.75     4.40    0.00      0.00     0.00   0.00    0.00     0.00    0.00    0.00    2.53  37.30


10/05/2026 09:57:48 PM
Device            r/s     rkB/s   rrqm/s  %rrqm r_await rareq-sz     w/s     wkB/s   wrqm/s  %wrqm w_await wareq-sz     d/s     dkB/s   drqm/s  %drqm d_await dareq-sz     f/s f_await  aqu-sz  %util
nvme0n1       4618.00 571300.00     0.00   0.00    0.23   123.71   38.00    184.00     8.00  17.39    5.18     4.84    0.00      0.00     0.00   0.00    0.00     0.00    0.00    0.00    1.27  37.90


10/05/2026 09:57:49 PM
Device            r/s     rkB/s   rrqm/s  %rrqm r_await rareq-sz     w/s     wkB/s   wrqm/s  %wrqm w_await wareq-sz     d/s     dkB/s   drqm/s  %drqm d_await dareq-sz     f/s f_await  aqu-sz  %util
nvme0n1       4754.00 564632.00    31.00   0.65    0.23   118.77   38.00    156.00     2.00   5.00   19.82     4.11    0.00      0.00     0.00   0.00    0.00     0.00    1.00    1.00    1.86  41.90


10/05/2026 09:57:50 PM
Device            r/s     rkB/s   rrqm/s  %rrqm r_await rareq-sz     w/s     wkB/s   wrqm/s  %wrqm w_await wareq-sz     d/s     dkB/s   drqm/s  %drqm d_await dareq-sz     f/s f_await  aqu-sz  %util
nvme0n1       4529.00 545360.00    32.00   0.70    0.25   120.42   82.00   3496.00   792.00  90.62   14.22    42.63    0.00      0.00     0.00   0.00    0.00     0.00    0.00    0.00    2.29  41.80


10/05/2026 09:57:51 PM
Device            r/s     rkB/s   rrqm/s  %rrqm r_await rareq-sz     w/s     wkB/s   wrqm/s  %wrqm w_await wareq-sz     d/s     dkB/s   drqm/s  %drqm d_await dareq-sz     f/s f_await  aqu-sz  %util
nvme0n1       7980.00 594484.00   104.00   1.29    0.15    74.50   61.00    252.00     2.00   3.17   12.18     4.13    0.00      0.00     0.00   0.00    0.00     0.00    0.00    0.00    1.96  39.10


10/05/2026 09:57:52 PM
Device            r/s     rkB/s   rrqm/s  %rrqm r_await rareq-sz     w/s     wkB/s   wrqm/s  %wrqm w_await wareq-sz     d/s     dkB/s   drqm/s  %drqm d_await dareq-sz     f/s f_await  aqu-sz  %util
nvme0n1       4147.00 426348.00     0.00   0.00    0.21   102.81    0.00      0.00     0.00   0.00    0.00     0.00    0.00      0.00     0.00   0.00    0.00     0.00    0.00    0.00    0.88  37.90


10/05/2026 09:57:53 PM
Device            r/s     rkB/s   rrqm/s  %rrqm r_await rareq-sz     w/s     wkB/s   wrqm/s  %wrqm w_await wareq-sz     d/s     dkB/s   drqm/s  %drqm d_await dareq-sz     f/s f_await  aqu-sz  %util
nvme0n1       6320.00  25280.00     0.00   0.00    0.14     4.00    1.00      4.00     8.00  88.89    0.00     4.00    0.00      0.00     0.00   0.00    0.00     0.00    0.00    0.00    0.91  91.10


10/05/2026 09:57:54 PM
Device            r/s     rkB/s   rrqm/s  %rrqm r_await rareq-sz     w/s     wkB/s   wrqm/s  %wrqm w_await wareq-sz     d/s     dkB/s   drqm/s  %drqm d_await dareq-sz     f/s f_await  aqu-sz  %util
nvme0n1       2709.00 261848.00     2.00   0.07    0.23    96.66    3.00     40.00     0.00   0.00    1.67    13.33    0.00      0.00     0.00   0.00    0.00     0.00    1.00    1.00    0.62  29.80


10/05/2026 09:57:55 PM
Device            r/s     rkB/s   rrqm/s  %rrqm r_await rareq-sz     w/s     wkB/s   wrqm/s  %wrqm w_await wareq-sz     d/s     dkB/s   drqm/s  %drqm d_await dareq-sz     f/s f_await  aqu-sz  %util
nvme0n1       2118.00 256588.00     0.00   0.00    0.25   121.15    0.00      0.00     0.00   0.00    0.00     0.00    0.00      0.00     0.00   0.00    0.00     0.00    0.00    0.00    0.52  23.00


10/05/2026 09:57:56 PM
Device            r/s     rkB/s   rrqm/s  %rrqm r_await rareq-sz     w/s     wkB/s   wrqm/s  %wrqm w_await wareq-sz     d/s     dkB/s   drqm/s  %drqm d_await dareq-sz     f/s f_await  aqu-sz  %util
nvme0n1       2309.00 281624.00     2.00   0.09    0.23   121.97  320.00   1400.00    29.00   8.31    9.93     4.38    0.00      0.00     0.00   0.00    0.00     0.00    0.00    0.00    3.71  19.60


10/05/2026 09:57:57 PM
Device            r/s     rkB/s   rrqm/s  %rrqm r_await rareq-sz     w/s     wkB/s   wrqm/s  %wrqm w_await wareq-sz     d/s     dkB/s   drqm/s  %drqm d_await dareq-sz     f/s f_await  aqu-sz  %util
nvme0n1       1999.00 242792.00     0.00   0.00    0.25   121.46   80.00    328.00     2.00   2.44    5.78     4.10    0.00      0.00     0.00   0.00    0.00     0.00    0.00    0.00    0.97  18.50


10/05/2026 09:57:58 PM
Device            r/s     rkB/s   rrqm/s  %rrqm r_await rareq-sz     w/s     wkB/s   wrqm/s  %wrqm w_await wareq-sz     d/s     dkB/s   drqm/s  %drqm d_await dareq-sz     f/s f_await  aqu-sz  %util
nvme0n1       2402.00 296504.00     0.00   0.00    0.24   123.44   81.00    332.00     9.00  10.00    2.47     4.10    0.00      0.00     0.00   0.00    0.00     0.00    0.00    0.00    0.77  22.60


10/05/2026 09:57:59 PM
Device            r/s     rkB/s   rrqm/s  %rrqm r_await rareq-sz     w/s     wkB/s   wrqm/s  %wrqm w_await wareq-sz     d/s     dkB/s   drqm/s  %drqm d_await dareq-sz     f/s f_await  aqu-sz  %util
nvme0n1       1988.00 243048.00     1.00   0.05    0.24   122.26   12.00     76.00     1.00   7.69    0.75     6.33    0.00      0.00     0.00   0.00    0.00     0.00    1.00    1.00    0.50  17.70


10/05/2026 09:58:00 PM
Device            r/s     rkB/s   rrqm/s  %rrqm r_await rareq-sz     w/s     wkB/s   wrqm/s  %wrqm w_await wareq-sz     d/s     dkB/s   drqm/s  %drqm d_await dareq-sz     f/s f_await  aqu-sz  %util
nvme0n1       4638.00  49560.00     3.00   0.06    0.21    10.69  846.00  32392.00  7252.00  89.55   25.24    38.29    0.00      0.00     0.00   0.00    0.00     0.00    0.00    0.00   22.34  80.30


10/05/2026 09:58:01 PM
Device            r/s     rkB/s   rrqm/s  %rrqm r_await rareq-sz     w/s     wkB/s   wrqm/s  %wrqm w_await wareq-sz     d/s     dkB/s   drqm/s  %drqm d_await dareq-sz     f/s f_await  aqu-sz  %util
nvme0n1       1117.00 132940.00     0.00   0.00    0.80   119.02  871.00 103612.00 25032.00  96.64  228.14   118.96    0.00      0.00     0.00   0.00    0.00     0.00    0.00    0.00  199.61  41.10


10/05/2026 09:58:02 PM
Device            r/s     rkB/s   rrqm/s  %rrqm r_await rareq-sz     w/s     wkB/s   wrqm/s  %wrqm w_await wareq-sz     d/s     dkB/s   drqm/s  %drqm d_await dareq-sz     f/s f_await  aqu-sz  %util
nvme0n1        705.00  88280.00     0.00   0.00    2.04   125.22 1014.00 117140.00 28612.00  96.58  255.46   115.52    0.00      0.00     0.00   0.00    0.00     0.00    0.00    0.00  260.47  61.90


10/05/2026 09:58:03 PM
Device            r/s     rkB/s   rrqm/s  %rrqm r_await rareq-sz     w/s     wkB/s   wrqm/s  %wrqm w_await wareq-sz     d/s     dkB/s   drqm/s  %drqm d_await dareq-sz     f/s f_await  aqu-sz  %util
nvme0n1       1037.00 127728.00     0.00   0.00    1.15   123.17  822.00  84252.00 22974.00  96.55   67.41   102.50    0.00      0.00     0.00   0.00    0.00     0.00    0.00    0.00   56.60  36.00


10/05/2026 09:58:04 PM
Device            r/s     rkB/s   rrqm/s  %rrqm r_await rareq-sz     w/s     wkB/s   wrqm/s  %wrqm w_await wareq-sz     d/s     dkB/s   drqm/s  %drqm d_await dareq-sz     f/s f_await  aqu-sz  %util
nvme0n1       1264.00 156852.00     0.00   0.00    1.06   124.09 1031.00  93668.00 19313.00  94.93  137.57    90.85    0.00      0.00     0.00   0.00    0.00     0.00    1.00    4.00  143.18  50.60


10/05/2026 09:58:05 PM
Device            r/s     rkB/s   rrqm/s  %rrqm r_await rareq-sz     w/s     wkB/s   wrqm/s  %wrqm w_await wareq-sz     d/s     dkB/s   drqm/s  %drqm d_await dareq-sz     f/s f_await  aqu-sz  %util
nvme0n1       1274.00 156844.00     0.00   0.00    0.28   123.11  141.00    644.00    20.00  12.42    2.38     4.57    0.00      0.00     0.00   0.00    0.00     0.00    0.00    0.00    0.69  17.90


10/05/2026 09:58:06 PM
Device            r/s     rkB/s   rrqm/s  %rrqm r_await rareq-sz     w/s     wkB/s   wrqm/s  %wrqm w_await wareq-sz     d/s     dkB/s   drqm/s  %drqm d_await dareq-sz     f/s f_await  aqu-sz  %util
nvme0n1       1783.00 216896.00     0.00   0.00    0.25   121.65   34.00    200.00    16.00  32.00   20.56     5.88    0.00      0.00     0.00   0.00    0.00     0.00    0.00    0.00    1.14  15.20


10/05/2026 09:58:07 PM
Device            r/s     rkB/s   rrqm/s  %rrqm r_await rareq-sz     w/s     wkB/s   wrqm/s  %wrqm w_await wareq-sz     d/s     dkB/s   drqm/s  %drqm d_await dareq-sz     f/s f_await  aqu-sz  %util
nvme0n1       3649.00 104912.00    61.00   1.64    0.17    28.75    0.00      0.00     0.00   0.00    0.00     0.00    0.00      0.00     0.00   0.00    0.00     0.00    0.00    0.00    0.60  46.80


10/05/2026 09:58:08 PM
Device            r/s     rkB/s   rrqm/s  %rrqm r_await rareq-sz     w/s     wkB/s   wrqm/s  %wrqm w_await wareq-sz     d/s     dkB/s   drqm/s  %drqm d_await dareq-sz     f/s f_await  aqu-sz  %util
nvme0n1       4782.00  41580.00   162.00   3.28    0.15     8.70    0.00      0.00     3.00 100.00    0.00     0.00    0.00      0.00     0.00   0.00    0.00     0.00    0.00    0.00    0.71  69.70


10/05/2026 09:58:09 PM
Device            r/s     rkB/s   rrqm/s  %rrqm r_await rareq-sz     w/s     wkB/s   wrqm/s  %wrqm w_await wareq-sz     d/s     dkB/s   drqm/s  %drqm d_await dareq-sz     f/s f_await  aqu-sz  %util
nvme0n1       4130.00 353204.00   257.00   5.86    0.18    85.52   12.00     56.00     0.00   0.00    0.17     4.67    0.00      0.00     0.00   0.00    0.00     0.00    1.00    1.00    0.76  28.20


10/05/2026 09:58:10 PM
Device            r/s     rkB/s   rrqm/s  %rrqm r_await rareq-sz     w/s     wkB/s   wrqm/s  %wrqm w_await wareq-sz     d/s     dkB/s   drqm/s  %drqm d_await dareq-sz     f/s f_await  aqu-sz  %util
nvme0n1       2534.00 311476.00     0.00   0.00    0.25   122.92    1.00      4.00     0.00   0.00   26.00     4.00    0.00      0.00     0.00   0.00    0.00     0.00    0.00    0.00    0.65  25.30


10/05/2026 09:58:11 PM
Device            r/s     rkB/s   rrqm/s  %rrqm r_await rareq-sz     w/s     wkB/s   wrqm/s  %wrqm w_await wareq-sz     d/s     dkB/s   drqm/s  %drqm d_await dareq-sz     f/s f_await  aqu-sz  %util
nvme0n1       2435.00 304176.00     0.00   0.00    0.25   124.92    1.00      8.00     1.00  50.00    0.00     8.00    0.00      0.00     0.00   0.00    0.00     0.00    0.00    0.00    0.60  25.30


10/05/2026 09:58:12 PM
Device            r/s     rkB/s   rrqm/s  %rrqm r_await rareq-sz     w/s     wkB/s   wrqm/s  %wrqm w_await wareq-sz     d/s     dkB/s   drqm/s  %drqm d_await dareq-sz     f/s f_await  aqu-sz  %util
nvme0n1       1495.00 182200.00     0.00   0.00    0.28   121.87 1215.00   5416.00   139.00  10.27   15.21     4.46    0.00      0.00     0.00   0.00    0.00     0.00    0.00    0.00   18.89  18.40


10/05/2026 09:58:13 PM
Device            r/s     rkB/s   rrqm/s  %rrqm r_await rareq-sz     w/s     wkB/s   wrqm/s  %wrqm w_await wareq-sz     d/s     dkB/s   drqm/s  %drqm d_await dareq-sz     f/s f_await  aqu-sz  %util
nvme0n1       2032.00 246664.00     0.00   0.00    0.25   121.39    1.00      4.00     0.00   0.00    0.00     4.00    0.00      0.00     0.00   0.00    0.00     0.00    0.00    0.00    0.50  19.60


10/05/2026 09:58:14 PM
Device            r/s     rkB/s   rrqm/s  %rrqm r_await rareq-sz     w/s     wkB/s   wrqm/s  %wrqm w_await wareq-sz     d/s     dkB/s   drqm/s  %drqm d_await dareq-sz     f/s f_await  aqu-sz  %util
nvme0n1       1373.00 168244.00     0.00   0.00    0.27   122.54  111.00    672.00    19.00  14.62    0.95     6.05    0.00      0.00     0.00   0.00    0.00     0.00    1.00    4.00    0.49  16.00


10/05/2026 09:58:15 PM
Device            r/s     rkB/s   rrqm/s  %rrqm r_await rareq-sz     w/s     wkB/s   wrqm/s  %wrqm w_await wareq-sz     d/s     dkB/s   drqm/s  %drqm d_await dareq-sz     f/s f_await  aqu-sz  %util
nvme0n1       4859.00 212776.00   499.00   9.31    0.15    43.79    3.00     12.00     0.00   0.00    1.00     4.00    0.00      0.00     0.00   0.00    0.00     0.00    0.00    0.00    0.75  22.60


10/05/2026 09:58:16 PM
Device            r/s     rkB/s   rrqm/s  %rrqm r_await rareq-sz     w/s     wkB/s   wrqm/s  %wrqm w_await wareq-sz     d/s     dkB/s   drqm/s  %drqm d_await dareq-sz     f/s f_await  aqu-sz  %util
nvme0n1       1133.00  57892.00    21.00   1.82    0.20    51.10    0.00      0.00     0.00   0.00    0.00     0.00    0.00      0.00     0.00   0.00    0.00     0.00    0.00    0.00    0.23   7.90


10/05/2026 09:58:17 PM
Device            r/s     rkB/s   rrqm/s  %rrqm r_await rareq-sz     w/s     wkB/s   wrqm/s  %wrqm w_await wareq-sz     d/s     dkB/s   drqm/s  %drqm d_await dareq-sz     f/s f_await  aqu-sz  %util
nvme0n1       1111.00  53276.00    11.00   0.98    0.21    47.95    1.00      8.00     1.00  50.00    1.00     8.00    0.00      0.00     0.00   0.00    0.00     0.00    0.00    0.00    0.24   6.60


10/05/2026 09:58:18 PM
Device            r/s     rkB/s   rrqm/s  %rrqm r_await rareq-sz     w/s     wkB/s   wrqm/s  %wrqm w_await wareq-sz     d/s     dkB/s   drqm/s  %drqm d_await dareq-sz     f/s f_await  aqu-sz  %util
nvme0n1       1243.00  60500.00     0.00   0.00    0.22    48.67    0.00      0.00     0.00   0.00    0.00     0.00    0.00      0.00     0.00   0.00    0.00     0.00    0.00    0.00    0.28   8.50


10/05/2026 09:58:19 PM
Device            r/s     rkB/s   rrqm/s  %rrqm r_await rareq-sz     w/s     wkB/s   wrqm/s  %wrqm w_await wareq-sz     d/s     dkB/s   drqm/s  %drqm d_await dareq-sz     f/s f_await  aqu-sz  %util
nvme0n1        997.00  47348.00     0.00   0.00    0.20    47.49   18.00    104.00     9.00  33.33    0.22     5.78    0.00      0.00     0.00   0.00    0.00     0.00    1.00    2.00    0.21   7.60


10/05/2026 09:58:20 PM
Device            r/s     rkB/s   rrqm/s  %rrqm r_await rareq-sz     w/s     wkB/s   wrqm/s  %wrqm w_await wareq-sz     d/s     dkB/s   drqm/s  %drqm d_await dareq-sz     f/s f_await  aqu-sz  %util
nvme0n1       2033.00 106388.00     3.00   0.15    0.22    52.33    3.00     12.00     0.00   0.00    0.67     4.00    0.00      0.00     0.00   0.00    0.00     0.00    0.00    0.00    0.44  10.60


10/05/2026 09:58:21 PM
Device            r/s     rkB/s   rrqm/s  %rrqm r_await rareq-sz     w/s     wkB/s   wrqm/s  %wrqm w_await wareq-sz     d/s     dkB/s   drqm/s  %drqm d_await dareq-sz     f/s f_await  aqu-sz  %util
nvme0n1       3602.00  41272.00   400.00  10.00    0.08    11.46    0.00      0.00     0.00   0.00    0.00     0.00    0.00      0.00     0.00   0.00    0.00     0.00    0.00    0.00    0.30  19.70


10/05/2026 09:58:22 PM
Device            r/s     rkB/s   rrqm/s  %rrqm r_await rareq-sz     w/s     wkB/s   wrqm/s  %wrqm w_await wareq-sz     d/s     dkB/s   drqm/s  %drqm d_await dareq-sz     f/s f_await  aqu-sz  %util
nvme0n1       1235.00  62092.00     5.00   0.40    0.19    50.28    1.00      4.00     0.00   0.00    1.00     4.00    0.00      0.00     0.00   0.00    0.00     0.00    0.00    0.00    0.24   8.00


10/05/2026 09:58:23 PM
Device            r/s     rkB/s   rrqm/s  %rrqm r_await rareq-sz     w/s     wkB/s   wrqm/s  %wrqm w_await wareq-sz     d/s     dkB/s   drqm/s  %drqm d_await dareq-sz     f/s f_await  aqu-sz  %util
nvme0n1        911.00  40412.00     1.00   0.11    0.23    44.36    0.00      0.00     0.00   0.00    0.00     0.00    0.00      0.00     0.00   0.00    0.00     0.00    0.00    0.00    0.21   7.00


10/05/2026 09:58:24 PM
Device            r/s     rkB/s   rrqm/s  %rrqm r_await rareq-sz     w/s     wkB/s   wrqm/s  %wrqm w_await wareq-sz     d/s     dkB/s   drqm/s  %drqm d_await dareq-sz     f/s f_await  aqu-sz  %util
nvme0n1       2766.00 140928.00     0.00   0.00    0.20    50.95    3.00     44.00     9.00  75.00    1.00    14.67    0.00      0.00     0.00   0.00    0.00     0.00    1.00    2.00    0.55  11.70


10/05/2026 09:58:25 PM
Device            r/s     rkB/s   rrqm/s  %rrqm r_await rareq-sz     w/s     wkB/s   wrqm/s  %wrqm w_await wareq-sz     d/s     dkB/s   drqm/s  %drqm d_await dareq-sz     f/s f_await  aqu-sz  %util
nvme0n1       3063.00 161800.00     0.00   0.00    0.20    52.82    0.00      0.00     0.00   0.00    0.00     0.00    0.00      0.00     0.00   0.00    0.00     0.00    0.00    0.00    0.62  12.70


10/05/2026 09:58:26 PM
Device            r/s     rkB/s   rrqm/s  %rrqm r_await rareq-sz     w/s     wkB/s   wrqm/s  %wrqm w_await wareq-sz     d/s     dkB/s   drqm/s  %drqm d_await dareq-sz     f/s f_await  aqu-sz  %util
nvme0n1       1470.00  65660.00     5.00   0.34    0.20    44.67   35.00    148.00     0.00   0.00    0.06     4.23    0.00      0.00     0.00   0.00    0.00     0.00    0.00    0.00    0.30   8.70


10/05/2026 09:58:27 PM
Device            r/s     rkB/s   rrqm/s  %rrqm r_await rareq-sz     w/s     wkB/s   wrqm/s  %wrqm w_await wareq-sz     d/s     dkB/s   drqm/s  %drqm d_await dareq-sz     f/s f_await  aqu-sz  %util
nvme0n1       8979.00  48604.00   302.00   3.25    0.09     5.41    0.00      0.00     0.00   0.00    0.00     0.00    0.00      0.00     0.00   0.00    0.00     0.00    0.00    0.00    0.80  76.60


10/05/2026 09:58:28 PM
Device            r/s     rkB/s   rrqm/s  %rrqm r_await rareq-sz     w/s     wkB/s   wrqm/s  %wrqm w_await wareq-sz     d/s     dkB/s   drqm/s  %drqm d_await dareq-sz     f/s f_await  aqu-sz  %util
nvme0n1       5077.00  30172.00     0.00   0.00    0.15     5.94    1.00      8.00     1.00  50.00    0.00     8.00    0.00      0.00     0.00   0.00    0.00     0.00    0.00    0.00    0.75  71.20


10/05/2026 09:58:29 PM
Device            r/s     rkB/s   rrqm/s  %rrqm r_await rareq-sz     w/s     wkB/s   wrqm/s  %wrqm w_await wareq-sz     d/s     dkB/s   drqm/s  %drqm d_await dareq-sz     f/s f_await  aqu-sz  %util
nvme0n1       1575.00 196164.00     5.00   0.32    0.27   124.55   13.00     88.00    10.00  43.48    0.23     6.77    0.00      0.00     0.00   0.00    0.00     0.00    1.00    1.00    0.43  18.70


10/05/2026 09:58:30 PM
Device            r/s     rkB/s   rrqm/s  %rrqm r_await rareq-sz     w/s     wkB/s   wrqm/s  %wrqm w_await wareq-sz     d/s     dkB/s   drqm/s  %drqm d_await dareq-sz     f/s f_await  aqu-sz  %util
nvme0n1       2324.00 291736.00     0.00   0.00    0.26   125.53   89.00   3056.00   675.00  88.35    3.79    34.34    0.00      0.00     0.00   0.00    0.00     0.00    0.00    0.00    0.94  23.20


10/05/2026 09:58:31 PM
Device            r/s     rkB/s   rrqm/s  %rrqm r_await rareq-sz     w/s     wkB/s   wrqm/s  %wrqm w_await wareq-sz     d/s     dkB/s   drqm/s  %drqm d_await dareq-sz     f/s f_await  aqu-sz  %util
nvme0n1       2468.00 306956.00     0.00   0.00    0.24   124.37  184.00    752.00     4.00   2.13    5.67     4.09    0.00      0.00     0.00   0.00    0.00     0.00    0.00    0.00    1.64  22.60


10/05/2026 09:58:32 PM
Device            r/s     rkB/s   rrqm/s  %rrqm r_await rareq-sz     w/s     wkB/s   wrqm/s  %wrqm w_await wareq-sz     d/s     dkB/s   drqm/s  %drqm d_await dareq-sz     f/s f_await  aqu-sz  %util
nvme0n1       2208.00 278148.00     0.00   0.00    0.25   125.97   17.00     76.00     2.00  10.53    7.82     4.47    0.00      0.00     0.00   0.00    0.00     0.00    0.00    0.00    0.68  21.80


10/05/2026 09:58:33 PM
Device            r/s     rkB/s   rrqm/s  %rrqm r_await rareq-sz     w/s     wkB/s   wrqm/s  %wrqm w_await wareq-sz     d/s     dkB/s   drqm/s  %drqm d_await dareq-sz     f/s f_await  aqu-sz  %util
nvme0n1       2577.00 320460.00     0.00   0.00    0.23   124.35   44.00    180.00     1.00   2.22    0.09     4.09    0.00      0.00     0.00   0.00    0.00     0.00    0.00    0.00    0.60  21.70


10/05/2026 09:58:34 PM
Device            r/s     rkB/s   rrqm/s  %rrqm r_await rareq-sz     w/s     wkB/s   wrqm/s  %wrqm w_await wareq-sz     d/s     dkB/s   drqm/s  %drqm d_await dareq-sz     f/s f_await  aqu-sz  %util
nvme0n1       2652.00 194644.00     0.00   0.00    0.21    73.40    3.00     20.00     3.00  50.00    1.00     6.67    0.00      0.00     0.00   0.00    0.00     0.00    1.00    2.00    0.57  33.60


10/05/2026 09:58:35 PM
Device            r/s     rkB/s   rrqm/s  %rrqm r_await rareq-sz     w/s     wkB/s   wrqm/s  %wrqm w_await wareq-sz     d/s     dkB/s   drqm/s  %drqm d_await dareq-sz     f/s f_await  aqu-sz  %util
nvme0n1       4640.00  47728.00     0.00   0.00    0.15    10.29    1.00      4.00     0.00   0.00    0.00     4.00    0.00      0.00     0.00   0.00    0.00     0.00    0.00    0.00    0.70  64.60


10/05/2026 09:58:36 PM
Device            r/s     rkB/s   rrqm/s  %rrqm r_await rareq-sz     w/s     wkB/s   wrqm/s  %wrqm w_await wareq-sz     d/s     dkB/s   drqm/s  %drqm d_await dareq-sz     f/s f_await  aqu-sz  %util
nvme0n1       2601.00 322504.00     1.00   0.04    0.24   123.99    9.00    124.00    22.00  70.97    9.44    13.78    0.00      0.00     0.00   0.00    0.00     0.00    0.00    0.00    0.72  23.50


10/05/2026 09:58:37 PM
Device            r/s     rkB/s   rrqm/s  %rrqm r_await rareq-sz     w/s     wkB/s   wrqm/s  %wrqm w_await wareq-sz     d/s     dkB/s   drqm/s  %drqm d_await dareq-sz     f/s f_await  aqu-sz  %util
nvme0n1       2546.00 320448.00     0.00   0.00    0.25   125.86    0.00      0.00     0.00   0.00    0.00     0.00    0.00      0.00     0.00   0.00    0.00     0.00    0.00    0.00    0.62  25.60


10/05/2026 09:58:38 PM
Device            r/s     rkB/s   rrqm/s  %rrqm r_await rareq-sz     w/s     wkB/s   wrqm/s  %wrqm w_await wareq-sz     d/s     dkB/s   drqm/s  %drqm d_await dareq-sz     f/s f_await  aqu-sz  %util
nvme0n1       1842.00 229524.00     0.00   0.00    0.25   124.61    3.00     12.00     0.00   0.00    0.00     4.00    0.00      0.00     0.00   0.00    0.00     0.00    0.00    0.00    0.46  19.10


10/05/2026 09:58:39 PM
Device            r/s     rkB/s   rrqm/s  %rrqm r_await rareq-sz     w/s     wkB/s   wrqm/s  %wrqm w_await wareq-sz     d/s     dkB/s   drqm/s  %drqm d_await dareq-sz     f/s f_await  aqu-sz  %util
nvme0n1       1889.00 216092.00    86.00   4.35    0.23   114.39    3.00     32.00     6.00  66.67    0.67    10.67    0.00      0.00     0.00   0.00    0.00     0.00    1.00    0.00    0.44  19.80


10/05/2026 09:58:40 PM
Device            r/s     rkB/s   rrqm/s  %rrqm r_await rareq-sz     w/s     wkB/s   wrqm/s  %wrqm w_await wareq-sz     d/s     dkB/s   drqm/s  %drqm d_await dareq-sz     f/s f_await  aqu-sz  %util
nvme0n1       2984.00 276332.00  1773.00  37.27    0.18    92.60    6.00     28.00     1.00  14.29    0.17     4.67    0.00      0.00     0.00   0.00    0.00     0.00    0.00    0.00    0.52  23.00


10/05/2026 09:58:41 PM
Device            r/s     rkB/s   rrqm/s  %rrqm r_await rareq-sz     w/s     wkB/s   wrqm/s  %wrqm w_await wareq-sz     d/s     dkB/s   drqm/s  %drqm d_await dareq-sz     f/s f_await  aqu-sz  %util
nvme0n1       3562.00 225156.00     0.00   0.00    0.19    63.21    0.00      0.00     0.00   0.00    0.00     0.00    0.00      0.00     0.00   0.00    0.00     0.00    0.00    0.00    0.68  44.50


10/05/2026 09:58:42 PM
Device            r/s     rkB/s   rrqm/s  %rrqm r_await rareq-sz     w/s     wkB/s   wrqm/s  %wrqm w_await wareq-sz     d/s     dkB/s   drqm/s  %drqm d_await dareq-sz     f/s f_await  aqu-sz  %util
nvme0n1       5342.00  46620.00     0.00   0.00    0.15     8.73    0.00      0.00     0.00   0.00    0.00     0.00    0.00      0.00     0.00   0.00    0.00     0.00    0.00    0.00    0.80  77.30


10/05/2026 09:58:43 PM
Device            r/s     rkB/s   rrqm/s  %rrqm r_await rareq-sz     w/s     wkB/s   wrqm/s  %wrqm w_await wareq-sz     d/s     dkB/s   drqm/s  %drqm d_await dareq-sz     f/s f_await  aqu-sz  %util
nvme0n1       1580.00 186644.00     0.00   0.00    0.24   118.13   33.00    132.00     0.00   0.00   24.39     4.00    0.00      0.00     0.00   0.00    0.00     0.00    0.00    0.00    1.19  17.10


10/05/2026 09:58:44 PM
Device            r/s     rkB/s   rrqm/s  %rrqm r_await rareq-sz     w/s     wkB/s   wrqm/s  %wrqm w_await wareq-sz     d/s     dkB/s   drqm/s  %drqm d_await dareq-sz     f/s f_await  aqu-sz  %util
nvme0n1       1657.00 206668.00     0.00   0.00    0.24   124.72    5.00     72.00    14.00  73.68    0.40    14.40    0.00      0.00     0.00   0.00    0.00     0.00    1.00    2.00    0.41  17.20


10/05/2026 09:58:45 PM
Device            r/s     rkB/s   rrqm/s  %rrqm r_await rareq-sz     w/s     wkB/s   wrqm/s  %wrqm w_await wareq-sz     d/s     dkB/s   drqm/s  %drqm d_await dareq-sz     f/s f_await  aqu-sz  %util
nvme0n1       1503.00 186332.00     0.00   0.00    0.33   123.97  877.00  11876.00  2058.00  70.12   20.24    13.54    0.00      0.00     0.00   0.00    0.00     0.00    0.00    0.00   18.24  19.50


10/05/2026 09:58:46 PM
Device            r/s     rkB/s   rrqm/s  %rrqm r_await rareq-sz     w/s     wkB/s   wrqm/s  %wrqm w_await wareq-sz     d/s     dkB/s   drqm/s  %drqm d_await dareq-sz     f/s f_await  aqu-sz  %util
nvme0n1       1050.00 131532.00     0.00   0.00    0.28   125.27    2.00     16.00     2.00  50.00   12.00     8.00    0.00      0.00     0.00   0.00    0.00     0.00    0.00    0.00    0.32  14.60


10/05/2026 09:58:47 PM
Device            r/s     rkB/s   rrqm/s  %rrqm r_await rareq-sz     w/s     wkB/s   wrqm/s  %wrqm w_await wareq-sz     d/s     dkB/s   drqm/s  %drqm d_await dareq-sz     f/s f_await  aqu-sz  %util
nvme0n1       1376.00 168120.00     0.00   0.00    0.27   122.18    0.00      0.00     0.00   0.00    0.00     0.00    0.00      0.00     0.00   0.00    0.00     0.00    0.00    0.00    0.37  16.30


10/05/2026 09:58:48 PM
Device            r/s     rkB/s   rrqm/s  %rrqm r_await rareq-sz     w/s     wkB/s   wrqm/s  %wrqm w_await wareq-sz     d/s     dkB/s   drqm/s  %drqm d_await dareq-sz     f/s f_await  aqu-sz  %util
nvme0n1       3644.00  89840.00     4.00   0.11    0.16    24.65    1.00     20.00     4.00  80.00   23.00    20.00    0.00      0.00     0.00   0.00    0.00     0.00    0.00    0.00    0.62  49.60


10/05/2026 09:58:49 PM
Device            r/s     rkB/s   rrqm/s  %rrqm r_await rareq-sz     w/s     wkB/s   wrqm/s  %wrqm w_await wareq-sz     d/s     dkB/s   drqm/s  %drqm d_await dareq-sz     f/s f_await  aqu-sz  %util
nvme0n1       1849.00  76836.00     0.00   0.00    0.19    41.56   17.00    108.00    11.00  39.29    0.24     6.35    0.00      0.00     0.00   0.00    0.00     0.00    1.00    1.00    0.36  26.00


10/05/2026 09:58:50 PM
Device            r/s     rkB/s   rrqm/s  %rrqm r_await rareq-sz     w/s     wkB/s   wrqm/s  %wrqm w_await wareq-sz     d/s     dkB/s   drqm/s  %drqm d_await dareq-sz     f/s f_await  aqu-sz  %util
nvme0n1        946.00 117848.00     0.00   0.00    0.43   124.58  422.00  13412.00  2931.00  87.41   23.70    31.78    0.00      0.00     0.00   0.00    0.00     0.00    0.00    0.00   10.41  18.70


10/05/2026 09:58:51 PM
Device            r/s     rkB/s   rrqm/s  %rrqm r_await rareq-sz     w/s     wkB/s   wrqm/s  %wrqm w_await wareq-sz     d/s     dkB/s   drqm/s  %drqm d_await dareq-sz     f/s f_await  aqu-sz  %util
nvme0n1       2022.00 228420.00     0.00   0.00    0.24   112.97    0.00      0.00     0.00   0.00    0.00     0.00    0.00      0.00     0.00   0.00    0.00     0.00    0.00    0.00    0.47  17.50


10/05/2026 09:58:52 PM
Device            r/s     rkB/s   rrqm/s  %rrqm r_await rareq-sz     w/s     wkB/s   wrqm/s  %wrqm w_await wareq-sz     d/s     dkB/s   drqm/s  %drqm d_await dareq-sz     f/s f_await  aqu-sz  %util
nvme0n1        940.00 114196.00     0.00   0.00    0.30   121.49    0.00      0.00     0.00   0.00    0.00     0.00    0.00      0.00     0.00   0.00    0.00     0.00    0.00    0.00    0.28  14.30


10/05/2026 09:58:53 PM
Device            r/s     rkB/s   rrqm/s  %rrqm r_await rareq-sz     w/s     wkB/s   wrqm/s  %wrqm w_await wareq-sz     d/s     dkB/s   drqm/s  %drqm d_await dareq-sz     f/s f_await  aqu-sz  %util
nvme0n1       2506.00  98288.00    74.00   2.87    0.19    39.22    1.00      4.00     0.00   0.00    0.00     4.00    0.00      0.00     0.00   0.00    0.00     0.00    0.00    0.00    0.46  35.30


10/05/2026 09:58:54 PM
Device            r/s     rkB/s   rrqm/s  %rrqm r_await rareq-sz     w/s     wkB/s   wrqm/s  %wrqm w_await wareq-sz     d/s     dkB/s   drqm/s  %drqm d_await dareq-sz     f/s f_await  aqu-sz  %util
nvme0n1       5803.00  24188.00     0.00   0.00    0.15     4.17    3.00     48.00    10.00  76.92    5.33    16.00    0.00      0.00     0.00   0.00    0.00     0.00    1.00    1.00    0.87  84.50


10/05/2026 09:58:55 PM
Device            r/s     rkB/s   rrqm/s  %rrqm r_await rareq-sz     w/s     wkB/s   wrqm/s  %wrqm w_await wareq-sz     d/s     dkB/s   drqm/s  %drqm d_await dareq-sz     f/s f_await  aqu-sz  %util
nvme0n1       1657.00 204876.00     0.00   0.00    0.27   123.64    0.00      0.00     0.00   0.00    0.00     0.00    0.00      0.00     0.00   0.00    0.00     0.00    0.00    0.00    0.45  19.10


10/05/2026 09:58:56 PM
Device            r/s     rkB/s   rrqm/s  %rrqm r_await rareq-sz     w/s     wkB/s   wrqm/s  %wrqm w_await wareq-sz     d/s     dkB/s   drqm/s  %drqm d_await dareq-sz     f/s f_await  aqu-sz  %util
nvme0n1       1508.00 188028.00     0.00   0.00    0.27   124.69    4.00     16.00     0.00   0.00    0.00     4.00    0.00      0.00     0.00   0.00    0.00     0.00    0.00    0.00    0.41  17.80


10/05/2026 09:58:57 PM
Device            r/s     rkB/s   rrqm/s  %rrqm r_await rareq-sz     w/s     wkB/s   wrqm/s  %wrqm w_await wareq-sz     d/s     dkB/s   drqm/s  %drqm d_await dareq-sz     f/s f_await  aqu-sz  %util
nvme0n1       1881.00 214084.00     4.00   0.21    0.24   113.81   31.00    132.00     1.00   3.12    0.03     4.26    0.00      0.00     0.00   0.00    0.00     0.00    0.00    0.00    0.46  19.40


10/05/2026 09:58:58 PM
Device            r/s     rkB/s   rrqm/s  %rrqm r_await rareq-sz     w/s     wkB/s   wrqm/s  %wrqm w_await wareq-sz     d/s     dkB/s   drqm/s  %drqm d_await dareq-sz     f/s f_await  aqu-sz  %util
nvme0n1       1178.00 138244.00     0.00   0.00    0.26   117.35    0.00      0.00     0.00   0.00    0.00     0.00    0.00      0.00     0.00   0.00    0.00     0.00    0.00    0.00    0.30  15.50


10/05/2026 09:58:59 PM
Device            r/s     rkB/s   rrqm/s  %rrqm r_await rareq-sz     w/s     wkB/s   wrqm/s  %wrqm w_await wareq-sz     d/s     dkB/s   drqm/s  %drqm d_await dareq-sz     f/s f_await  aqu-sz  %util
nvme0n1       1360.00 154924.00     0.00   0.00    0.26   113.91    7.00     76.00    13.00  65.00   16.57    10.86    0.00      0.00     0.00   0.00    0.00     0.00    1.00    2.00    0.47  19.10


10/05/2026 09:59:00 PM
Device            r/s     rkB/s   rrqm/s  %rrqm r_await rareq-sz     w/s     wkB/s   wrqm/s  %wrqm w_await wareq-sz     d/s     dkB/s   drqm/s  %drqm d_await dareq-sz     f/s f_await  aqu-sz  %util
nvme0n1       3189.00 118028.00  2985.00  48.35    0.14    37.01   13.00     52.00     0.00   0.00    0.00     4.00    0.00      0.00     0.00   0.00    0.00     0.00    0.00    0.00    0.45  18.20


10/05/2026 09:59:01 PM
Device            r/s     rkB/s   rrqm/s  %rrqm r_await rareq-sz     w/s     wkB/s   wrqm/s  %wrqm w_await wareq-sz     d/s     dkB/s   drqm/s  %drqm d_await dareq-sz     f/s f_await  aqu-sz  %util
nvme0n1        529.00  14768.00    86.00  13.98    0.20    27.92    0.00      0.00     0.00   0.00    0.00     0.00    0.00      0.00     0.00   0.00    0.00     0.00    0.00    0.00    0.10   5.50


10/05/2026 09:59:02 PM
Device            r/s     rkB/s   rrqm/s  %rrqm r_await rareq-sz     w/s     wkB/s   wrqm/s  %wrqm w_await wareq-sz     d/s     dkB/s   drqm/s  %drqm d_await dareq-sz     f/s f_await  aqu-sz  %util
nvme0n1        478.00  14916.00    15.00   3.04    0.24    31.21    3.00     16.00     1.00  25.00    0.00     5.33    0.00      0.00     0.00   0.00    0.00     0.00    0.00    0.00    0.12   5.30


10/05/2026 09:59:03 PM
Device            r/s     rkB/s   rrqm/s  %rrqm r_await rareq-sz     w/s     wkB/s   wrqm/s  %wrqm w_await wareq-sz     d/s     dkB/s   drqm/s  %drqm d_await dareq-sz     f/s f_await  aqu-sz  %util
nvme0n1        575.00  18900.00     4.00   0.69    0.21    32.87    0.00      0.00     0.00   0.00    0.00     0.00    0.00      0.00     0.00   0.00    0.00     0.00    0.00    0.00    0.12   4.60


10/05/2026 09:59:04 PM
Device            r/s     rkB/s   rrqm/s  %rrqm r_await rareq-sz     w/s     wkB/s   wrqm/s  %wrqm w_await wareq-sz     d/s     dkB/s   drqm/s  %drqm d_await dareq-sz     f/s f_await  aqu-sz  %util
nvme0n1        359.00  10752.00     8.00   2.18    0.28    29.95    4.00     40.00     7.00  63.64    1.00    10.00    0.00      0.00     0.00   0.00    0.00     0.00    1.00    1.00    0.11   4.40


10/05/2026 09:59:05 PM
Device            r/s     rkB/s   rrqm/s  %rrqm r_await rareq-sz     w/s     wkB/s   wrqm/s  %wrqm w_await wareq-sz     d/s     dkB/s   drqm/s  %drqm d_await dareq-sz     f/s f_await  aqu-sz  %util
nvme0n1        754.00  29472.00     4.00   0.53    0.26    39.09    0.00      0.00     0.00   0.00    0.00     0.00    0.00      0.00     0.00   0.00    0.00     0.00    0.00    0.00    0.20   6.30


10/05/2026 09:59:06 PM
Device            r/s     rkB/s   rrqm/s  %rrqm r_await rareq-sz     w/s     wkB/s   wrqm/s  %wrqm w_await wareq-sz     d/s     dkB/s   drqm/s  %drqm d_await dareq-sz     f/s f_await  aqu-sz  %util
nvme0n1        434.00  13668.00     5.00   1.14    0.22    31.49    0.00      0.00     0.00   0.00    0.00     0.00    0.00      0.00     0.00   0.00    0.00     0.00    0.00    0.00    0.10   4.80


10/05/2026 09:59:07 PM
Device            r/s     rkB/s   rrqm/s  %rrqm r_await rareq-sz     w/s     wkB/s   wrqm/s  %wrqm w_await wareq-sz     d/s     dkB/s   drqm/s  %drqm d_await dareq-sz     f/s f_await  aqu-sz  %util
nvme0n1        465.00  14976.00    11.00   2.31    0.24    32.21    0.00      0.00     0.00   0.00    0.00     0.00    0.00      0.00     0.00   0.00    0.00     0.00    0.00    0.00    0.11   5.30


10/05/2026 09:59:08 PM
Device            r/s     rkB/s   rrqm/s  %rrqm r_await rareq-sz     w/s     wkB/s   wrqm/s  %wrqm w_await wareq-sz     d/s     dkB/s   drqm/s  %drqm d_await dareq-sz     f/s f_await  aqu-sz  %util
nvme0n1        770.00  28584.00     1.00   0.13    0.22    37.12    3.00     12.00     0.00   0.00    0.00     4.00    0.00      0.00     0.00   0.00    0.00     0.00    0.00    0.00    0.17   4.80


10/05/2026 09:59:09 PM
Device            r/s     rkB/s   rrqm/s  %rrqm r_await rareq-sz     w/s     wkB/s   wrqm/s  %wrqm w_await wareq-sz     d/s     dkB/s   drqm/s  %drqm d_await dareq-sz     f/s f_await  aqu-sz  %util
nvme0n1       1126.00  53036.00     1.00   0.09    0.22    47.10   10.00     72.00     9.00  47.37    0.70     7.20    0.00      0.00     0.00   0.00    0.00     0.00    1.00    1.00    0.26   7.00


10/05/2026 09:59:10 PM
Device            r/s     rkB/s   rrqm/s  %rrqm r_await rareq-sz     w/s     wkB/s   wrqm/s  %wrqm w_await wareq-sz     d/s     dkB/s   drqm/s  %drqm d_await dareq-sz     f/s f_await  aqu-sz  %util
nvme0n1       1197.00  41404.00     9.00   0.75    0.21    34.59    1.00      4.00     0.00   0.00    0.00     4.00    0.00      0.00     0.00   0.00    0.00     0.00    0.00    0.00    0.25   8.30


10/05/2026 09:59:11 PM
Device            r/s     rkB/s   rrqm/s  %rrqm r_await rareq-sz     w/s     wkB/s   wrqm/s  %wrqm w_await wareq-sz     d/s     dkB/s   drqm/s  %drqm d_await dareq-sz     f/s f_await  aqu-sz  %util
nvme0n1       5308.00  29808.00   394.00   6.91    0.09     5.62    0.00      0.00     0.00   0.00    0.00     0.00    0.00      0.00     0.00   0.00    0.00     0.00    0.00    0.00    0.50  42.30


10/05/2026 09:59:12 PM
Device            r/s     rkB/s   rrqm/s  %rrqm r_await rareq-sz     w/s     wkB/s   wrqm/s  %wrqm w_await wareq-sz     d/s     dkB/s   drqm/s  %drqm d_await dareq-sz     f/s f_await  aqu-sz  %util
nvme0n1       5486.00  21944.00     0.00   0.00    0.15     4.00    0.00      0.00     0.00   0.00    0.00     0.00    0.00      0.00     0.00   0.00    0.00     0.00    0.00    0.00    0.81  80.70


10/05/2026 09:59:13 PM
Device            r/s     rkB/s   rrqm/s  %rrqm r_await rareq-sz     w/s     wkB/s   wrqm/s  %wrqm w_await wareq-sz     d/s     dkB/s   drqm/s  %drqm d_await dareq-sz     f/s f_await  aqu-sz  %util
nvme0n1        327.00  39040.00     1.00   0.30    0.44   119.39    0.00      0.00     0.00   0.00    0.00     0.00    0.00      0.00     0.00   0.00    0.00     0.00    0.00    0.00    0.14   7.60


10/05/2026 09:59:14 PM
Device            r/s     rkB/s   rrqm/s  %rrqm r_await rareq-sz     w/s     wkB/s   wrqm/s  %wrqm w_await wareq-sz     d/s     dkB/s   drqm/s  %drqm d_await dareq-sz     f/s f_await  aqu-sz  %util
nvme0n1       2079.00 255704.00     0.00   0.00    0.27   122.99    8.00     76.00    12.00  60.00    0.88     9.50    0.00      0.00     0.00   0.00    0.00     0.00    1.00    2.00    0.56  22.70


10/05/2026 09:59:15 PM
Device            r/s     rkB/s   rrqm/s  %rrqm r_await rareq-sz     w/s     wkB/s   wrqm/s  %wrqm w_await wareq-sz     d/s     dkB/s   drqm/s  %drqm d_await dareq-sz     f/s f_await  aqu-sz  %util
nvme0n1       2139.00 266492.00     0.00   0.00    0.22   124.59    0.00      0.00     0.00   0.00    0.00     0.00    0.00      0.00     0.00   0.00    0.00     0.00    0.00    0.00    0.48  20.60


10/05/2026 09:59:16 PM
Device            r/s     rkB/s   rrqm/s  %rrqm r_await rareq-sz     w/s     wkB/s   wrqm/s  %wrqm w_await wareq-sz     d/s     dkB/s   drqm/s  %drqm d_await dareq-sz     f/s f_await  aqu-sz  %util
nvme0n1       2090.00 242656.00     0.00   0.00    0.21   116.10  485.00   2136.00    13.00   2.61    1.15     4.40    0.00      0.00     0.00   0.00    0.00     0.00    0.00    0.00    1.00  19.90


10/05/2026 09:59:17 PM
Device            r/s     rkB/s   rrqm/s  %rrqm r_await rareq-sz     w/s     wkB/s   wrqm/s  %wrqm w_await wareq-sz     d/s     dkB/s   drqm/s  %drqm d_await dareq-sz     f/s f_await  aqu-sz  %util
nvme0n1       2131.00 218564.00     0.00   0.00    0.22   102.56  122.00    528.00    10.00   7.58    0.74     4.33    0.00      0.00     0.00   0.00    0.00     0.00    0.00    0.00    0.57  20.60


10/05/2026 09:59:18 PM
Device            r/s     rkB/s   rrqm/s  %rrqm r_await rareq-sz     w/s     wkB/s   wrqm/s  %wrqm w_await wareq-sz     d/s     dkB/s   drqm/s  %drqm d_await dareq-sz     f/s f_await  aqu-sz  %util
nvme0n1       3895.00 165468.00     0.00   0.00    0.18    42.48   88.00    380.00     7.00   7.37    0.11     4.32    0.00      0.00     0.00   0.00    0.00     0.00    0.00    0.00    0.72  49.40


10/05/2026 09:59:19 PM
Device            r/s     rkB/s   rrqm/s  %rrqm r_await rareq-sz     w/s     wkB/s   wrqm/s  %wrqm w_await wareq-sz     d/s     dkB/s   drqm/s  %drqm d_await dareq-sz     f/s f_await  aqu-sz  %util
nvme0n1       3808.00  44528.00     0.00   0.00    0.16    11.69    3.00     52.00    11.00  78.57    1.67    17.33    0.00      0.00     0.00   0.00    0.00     0.00    1.00    2.00    0.60  53.80


10/05/2026 09:59:20 PM
Device            r/s     rkB/s   rrqm/s  %rrqm r_await rareq-sz     w/s     wkB/s   wrqm/s  %wrqm w_await wareq-sz     d/s     dkB/s   drqm/s  %drqm d_await dareq-sz     f/s f_await  aqu-sz  %util
nvme0n1       2110.00 250384.00     1.00   0.05    0.28   118.67  370.00   5884.00  1101.00  74.85    5.08    15.90    0.00      0.00     0.00   0.00    0.00     0.00    0.00    0.00    2.46  23.80


10/05/2026 09:59:21 PM
Device            r/s     rkB/s   rrqm/s  %rrqm r_await rareq-sz     w/s     wkB/s   wrqm/s  %wrqm w_await wareq-sz     d/s     dkB/s   drqm/s  %drqm d_await dareq-sz     f/s f_await  aqu-sz  %util
nvme0n1       3761.00 256740.00    32.00   0.84    0.16    68.26    2.00      8.00     0.00   0.00    0.00     4.00    0.00      0.00     0.00   0.00    0.00     0.00    0.00    0.00    0.59  25.10


10/05/2026 09:59:22 PM
Device            r/s     rkB/s   rrqm/s  %rrqm r_await rareq-sz     w/s     wkB/s   wrqm/s  %wrqm w_await wareq-sz     d/s     dkB/s   drqm/s  %drqm d_await dareq-sz     f/s f_await  aqu-sz  %util
nvme0n1       2509.00 250384.00     2.00   0.08    0.22    99.79    1.00      4.00     0.00   0.00    0.00     4.00    0.00      0.00     0.00   0.00    0.00     0.00    0.00    0.00    0.55  21.80


10/05/2026 09:59:23 PM
Device            r/s     rkB/s   rrqm/s  %rrqm r_await rareq-sz     w/s     wkB/s   wrqm/s  %wrqm w_await wareq-sz     d/s     dkB/s   drqm/s  %drqm d_await dareq-sz     f/s f_await  aqu-sz  %util
nvme0n1       1779.00 206960.00     0.00   0.00    0.26   116.34    0.00      0.00     0.00   0.00    0.00     0.00    0.00      0.00     0.00   0.00    0.00     0.00    0.00    0.00    0.46  20.00


10/05/2026 09:59:24 PM
Device            r/s     rkB/s   rrqm/s  %rrqm r_await rareq-sz     w/s     wkB/s   wrqm/s  %wrqm w_await wareq-sz     d/s     dkB/s   drqm/s  %drqm d_await dareq-sz     f/s f_await  aqu-sz  %util
nvme0n1       1833.00 213104.00     0.00   0.00    0.25   116.26   14.00     80.00     7.00  33.33    0.36     5.71    0.00      0.00     0.00   0.00    0.00     0.00    1.00    2.00    0.47  20.00


10/05/2026 09:59:25 PM
Device            r/s     rkB/s   rrqm/s  %rrqm r_await rareq-sz     w/s     wkB/s   wrqm/s  %wrqm w_await wareq-sz     d/s     dkB/s   drqm/s  %drqm d_await dareq-sz     f/s f_await  aqu-sz  %util
nvme0n1       2046.00 235140.00     1.00   0.05    0.25   114.93    0.00      0.00     0.00   0.00    0.00     0.00    0.00      0.00     0.00   0.00    0.00     0.00    0.00    0.00    0.52  19.90


10/05/2026 09:59:26 PM
Device            r/s     rkB/s   rrqm/s  %rrqm r_await rareq-sz     w/s     wkB/s   wrqm/s  %wrqm w_await wareq-sz     d/s     dkB/s   drqm/s  %drqm d_await dareq-sz     f/s f_await  aqu-sz  %util
nvme0n1       6497.00  31300.00     0.00   0.00    0.15     4.82    0.00      0.00     0.00   0.00    0.00     0.00    0.00      0.00     0.00   0.00    0.00     0.00    0.00    0.00    0.95  93.60


10/05/2026 09:59:27 PM
Device            r/s     rkB/s   rrqm/s  %rrqm r_await rareq-sz     w/s     wkB/s   wrqm/s  %wrqm w_await wareq-sz     d/s     dkB/s   drqm/s  %drqm d_await dareq-sz     f/s f_await  aqu-sz  %util
nvme0n1       1138.00 111780.00     0.00   0.00    0.28    98.22   37.00    160.00     1.00   2.63    0.14     4.32    0.00      0.00     0.00   0.00    0.00     0.00    0.00    0.00    0.32  16.70


10/05/2026 09:59:28 PM
Device            r/s     rkB/s   rrqm/s  %rrqm r_await rareq-sz     w/s     wkB/s   wrqm/s  %wrqm w_await wareq-sz     d/s     dkB/s   drqm/s  %drqm d_await dareq-sz     f/s f_await  aqu-sz  %util
nvme0n1        848.00 101740.00     0.00   0.00    0.34   119.98    0.00      0.00     0.00   0.00    0.00     0.00    0.00      0.00     0.00   0.00    0.00     0.00    0.00    0.00    0.29  13.40


10/05/2026 09:59:29 PM
Device            r/s     rkB/s   rrqm/s  %rrqm r_await rareq-sz     w/s     wkB/s   wrqm/s  %wrqm w_await wareq-sz     d/s     dkB/s   drqm/s  %drqm d_await dareq-sz     f/s f_await  aqu-sz  %util
nvme0n1       1735.00 203428.00     0.00   0.00    0.26   117.25    3.00     40.00     8.00  72.73    0.33    13.33    0.00      0.00     0.00   0.00    0.00     0.00    1.00    1.00    0.46  17.50


10/05/2026 09:59:30 PM
Device            r/s     rkB/s   rrqm/s  %rrqm r_await rareq-sz     w/s     wkB/s   wrqm/s  %wrqm w_await wareq-sz     d/s     dkB/s   drqm/s  %drqm d_await dareq-sz     f/s f_await  aqu-sz  %util
nvme0n1       2116.00 252460.00     0.00   0.00    0.24   119.31    0.00      0.00     0.00   0.00    0.00     0.00    0.00      0.00     0.00   0.00    0.00     0.00    0.00    0.00    0.52  19.10


10/05/2026 09:59:31 PM
Device            r/s     rkB/s   rrqm/s  %rrqm r_await rareq-sz     w/s     wkB/s   wrqm/s  %wrqm w_await wareq-sz     d/s     dkB/s   drqm/s  %drqm d_await dareq-sz     f/s f_await  aqu-sz  %util
nvme0n1       1932.00 230016.00     0.00   0.00    0.25   119.06    0.00      0.00     0.00   0.00    0.00     0.00    0.00      0.00     0.00   0.00    0.00     0.00    0.00    0.00    0.48  19.80


10/05/2026 09:59:32 PM
Device            r/s     rkB/s   rrqm/s  %rrqm r_await rareq-sz     w/s     wkB/s   wrqm/s  %wrqm w_await wareq-sz     d/s     dkB/s   drqm/s  %drqm d_await dareq-sz     f/s f_await  aqu-sz  %util
nvme0n1       4066.00  51120.00     0.00   0.00    0.16    12.57    0.00      0.00     0.00   0.00    0.00     0.00    0.00      0.00     0.00   0.00    0.00     0.00    0.00    0.00    0.65  58.50


10/05/2026 09:59:33 PM
Device            r/s     rkB/s   rrqm/s  %rrqm r_await rareq-sz     w/s     wkB/s   wrqm/s  %wrqm w_await wareq-sz     d/s     dkB/s   drqm/s  %drqm d_await dareq-sz     f/s f_await  aqu-sz  %util
nvme0n1       1375.00 157496.00     0.00   0.00    0.27   114.54    3.00     16.00     1.00  25.00    0.00     5.33    0.00      0.00     0.00   0.00    0.00     0.00    0.00    0.00    0.37  15.00


10/05/2026 09:59:34 PM
Device            r/s     rkB/s   rrqm/s  %rrqm r_await rareq-sz     w/s     wkB/s   wrqm/s  %wrqm w_await wareq-sz     d/s     dkB/s   drqm/s  %drqm d_await dareq-sz     f/s f_await  aqu-sz  %util
nvme0n1       1520.00 179216.00     1.00   0.07    0.25   117.91    9.00     56.00     6.00  40.00    0.22     6.22    0.00      0.00     0.00   0.00    0.00     0.00    1.00    1.00    0.39  15.40


10/05/2026 09:59:35 PM
Device            r/s     rkB/s   rrqm/s  %rrqm r_await rareq-sz     w/s     wkB/s   wrqm/s  %wrqm w_await wareq-sz     d/s     dkB/s   drqm/s  %drqm d_await dareq-sz     f/s f_await  aqu-sz  %util
nvme0n1       1134.00 137064.00     0.00   0.00    0.29   120.87    0.00      0.00     0.00   0.00    0.00     0.00    0.00      0.00     0.00   0.00    0.00     0.00    0.00    0.00    0.33  14.60


10/05/2026 09:59:36 PM
Device            r/s     rkB/s   rrqm/s  %rrqm r_await rareq-sz     w/s     wkB/s   wrqm/s  %wrqm w_await wareq-sz     d/s     dkB/s   drqm/s  %drqm d_await dareq-sz     f/s f_await  aqu-sz  %util
nvme0n1       1794.00 221716.00     0.00   0.00    0.25   123.59    0.00      0.00     0.00   0.00    0.00     0.00    0.00      0.00     0.00   0.00    0.00     0.00    0.00    0.00    0.44  17.50


10/05/2026 09:59:37 PM
Device            r/s     rkB/s   rrqm/s  %rrqm r_await rareq-sz     w/s     wkB/s   wrqm/s  %wrqm w_await wareq-sz     d/s     dkB/s   drqm/s  %drqm d_await dareq-sz     f/s f_await  aqu-sz  %util
nvme0n1       5534.00  35592.00     0.00   0.00    0.15     6.43    3.00     12.00     0.00   0.00   28.00     4.00    0.00      0.00     0.00   0.00    0.00     0.00    0.00    0.00    0.91  80.00


10/05/2026 09:59:38 PM
Device            r/s     rkB/s   rrqm/s  %rrqm r_await rareq-sz     w/s     wkB/s   wrqm/s  %wrqm w_await wareq-sz     d/s     dkB/s   drqm/s  %drqm d_await dareq-sz     f/s f_await  aqu-sz  %util
nvme0n1       2682.00 165116.00     0.00   0.00    0.21    61.56    7.00     28.00     0.00   0.00   30.71     4.00    0.00      0.00     0.00   0.00    0.00     0.00    0.00    0.00    0.77  34.50


10/05/2026 09:59:39 PM
Device            r/s     rkB/s   rrqm/s  %rrqm r_await rareq-sz     w/s     wkB/s   wrqm/s  %wrqm w_await wareq-sz     d/s     dkB/s   drqm/s  %drqm d_await dareq-sz     f/s f_await  aqu-sz  %util
nvme0n1       3042.00 320664.00     0.00   0.00    0.23   105.41    6.00     48.00     7.00  53.85    0.33     8.00    0.00      0.00     0.00   0.00    0.00     0.00    1.00    1.00    0.70  27.40


10/05/2026 09:59:40 PM
Device            r/s     rkB/s   rrqm/s  %rrqm r_await rareq-sz     w/s     wkB/s   wrqm/s  %wrqm w_await wareq-sz     d/s     dkB/s   drqm/s  %drqm d_await dareq-sz     f/s f_await  aqu-sz  %util
nvme0n1       2634.00 271788.00     2.00   0.08    0.22   103.18   69.00    280.00     1.00   1.43    0.12     4.06    0.00      0.00     0.00   0.00    0.00     0.00    0.00    0.00    0.58  23.30


10/05/2026 09:59:41 PM
Device            r/s     rkB/s   rrqm/s  %rrqm r_await rareq-sz     w/s     wkB/s   wrqm/s  %wrqm w_await wareq-sz     d/s     dkB/s   drqm/s  %drqm d_await dareq-sz     f/s f_await  aqu-sz  %util
nvme0n1       2172.00 178344.00    40.00   1.81    0.42    82.11  692.00  23004.00  5059.00  87.97  116.62    33.24    0.00      0.00     0.00   0.00    0.00     0.00    0.00    0.00   81.61  30.70


10/05/2026 09:59:42 PM
Device            r/s     rkB/s   rrqm/s  %rrqm r_await rareq-sz     w/s     wkB/s   wrqm/s  %wrqm w_await wareq-sz     d/s     dkB/s   drqm/s  %drqm d_await dareq-sz     f/s f_await  aqu-sz  %util
nvme0n1       1472.00 180180.00     0.00   0.00    0.25   122.40   60.00    560.00    80.00  57.14   19.88     9.33    0.00      0.00     0.00   0.00    0.00     0.00    0.00    0.00    1.57  14.30


10/05/2026 09:59:43 PM
Device            r/s     rkB/s   rrqm/s  %rrqm r_await rareq-sz     w/s     wkB/s   wrqm/s  %wrqm w_await wareq-sz     d/s     dkB/s   drqm/s  %drqm d_await dareq-sz     f/s f_await  aqu-sz  %util
nvme0n1       2089.00 224888.00     0.00   0.00    0.23   107.65  223.00    916.00     6.00   2.62    0.39     4.11    0.00      0.00     0.00   0.00    0.00     0.00    0.00    0.00    0.57  20.70


10/05/2026 09:59:44 PM
Device            r/s     rkB/s   rrqm/s  %rrqm r_await rareq-sz     w/s     wkB/s   wrqm/s  %wrqm w_await wareq-sz     d/s     dkB/s   drqm/s  %drqm d_await dareq-sz     f/s f_await  aqu-sz  %util
nvme0n1       1534.00 109484.00   172.00  10.08    0.59    71.37  914.00  86828.00 20794.00  95.79  190.86    95.00    0.00      0.00     0.00   0.00    0.00     0.00    1.00    1.00  175.36  38.60


10/05/2026 09:59:45 PM
Device            r/s     rkB/s   rrqm/s  %rrqm r_await rareq-sz     w/s     wkB/s   wrqm/s  %wrqm w_await wareq-sz     d/s     dkB/s   drqm/s  %drqm d_await dareq-sz     f/s f_await  aqu-sz  %util
nvme0n1       6285.00 220044.00  4083.00  39.38    0.13    35.01  151.00   2568.00   491.00  76.48    1.10    17.01    0.00      0.00     0.00   0.00    0.00     0.00    0.00    0.00    0.96  24.90


10/05/2026 09:59:46 PM
Device            r/s     rkB/s   rrqm/s  %rrqm r_await rareq-sz     w/s     wkB/s   wrqm/s  %wrqm w_await wareq-sz     d/s     dkB/s   drqm/s  %drqm d_await dareq-sz     f/s f_await  aqu-sz  %util
nvme0n1       1113.00  56728.00    12.00   1.07    0.21    50.97   90.00    524.00     2.00   2.17    0.77     5.82    0.00      0.00     0.00   0.00    0.00     0.00    0.00    0.00    0.30   8.10


10/05/2026 09:59:47 PM
Device            r/s     rkB/s   rrqm/s  %rrqm r_await rareq-sz     w/s     wkB/s   wrqm/s  %wrqm w_await wareq-sz     d/s     dkB/s   drqm/s  %drqm d_await dareq-sz     f/s f_await  aqu-sz  %util
nvme0n1       1017.00  46408.00    22.00   2.12    0.22    45.63    0.00      0.00     0.00   0.00    0.00     0.00    0.00      0.00     0.00   0.00    0.00     0.00    0.00    0.00    0.22   7.20


10/05/2026 09:59:48 PM
Device            r/s     rkB/s   rrqm/s  %rrqm r_await rareq-sz     w/s     wkB/s   wrqm/s  %wrqm w_await wareq-sz     d/s     dkB/s   drqm/s  %drqm d_await dareq-sz     f/s f_await  aqu-sz  %util
nvme0n1       1018.00  47748.00     1.00   0.10    0.23    46.90    0.00      0.00     0.00   0.00    0.00     0.00    0.00      0.00     0.00   0.00    0.00     0.00    0.00    0.00    0.23   6.70


10/05/2026 09:59:49 PM
Device            r/s     rkB/s   rrqm/s  %rrqm r_await rareq-sz     w/s     wkB/s   wrqm/s  %wrqm w_await wareq-sz     d/s     dkB/s   drqm/s  %drqm d_await dareq-sz     f/s f_await  aqu-sz  %util
nvme0n1        976.00  45380.00    10.00   1.01    0.23    46.50    1.00     48.00    11.00  91.67    0.00    48.00    0.00      0.00     0.00   0.00    0.00     0.00    0.00    0.00    0.22   6.70


10/05/2026 09:59:50 PM
Device            r/s     rkB/s   rrqm/s  %rrqm r_await rareq-sz     w/s     wkB/s   wrqm/s  %wrqm w_await wareq-sz     d/s     dkB/s   drqm/s  %drqm d_await dareq-sz     f/s f_await  aqu-sz  %util
nvme0n1       1739.00  88044.00     4.00   0.23    0.22    50.63    2.00      4.00     0.00   0.00    0.50     2.00    0.00      0.00     0.00   0.00    0.00     0.00    1.00    1.00    0.39   9.90


10/05/2026 09:59:51 PM
Device            r/s     rkB/s   rrqm/s  %rrqm r_await rareq-sz     w/s     wkB/s   wrqm/s  %wrqm w_await wareq-sz     d/s     dkB/s   drqm/s  %drqm d_await dareq-sz     f/s f_await  aqu-sz  %util
nvme0n1        587.00  21196.00     7.00   1.18    0.21    36.11    3.00     12.00     0.00   0.00    0.67     4.00    0.00      0.00     0.00   0.00    0.00     0.00    0.00    0.00    0.13   5.30


10/05/2026 09:59:52 PM
Device            r/s     rkB/s   rrqm/s  %rrqm r_await rareq-sz     w/s     wkB/s   wrqm/s  %wrqm w_await wareq-sz     d/s     dkB/s   drqm/s  %drqm d_await dareq-sz     f/s f_await  aqu-sz  %util
nvme0n1       1462.00  68516.00    14.00   0.95    0.20    46.86    0.00      0.00     0.00   0.00    0.00     0.00    0.00      0.00     0.00   0.00    0.00     0.00    0.00    0.00    0.29  10.40


10/05/2026 09:59:53 PM
Device            r/s     rkB/s   rrqm/s  %rrqm r_await rareq-sz     w/s     wkB/s   wrqm/s  %wrqm w_await wareq-sz     d/s     dkB/s   drqm/s  %drqm d_await dareq-sz     f/s f_await  aqu-sz  %util
nvme0n1        915.00  39400.00     1.00   0.11    0.24    43.06    0.00      0.00     0.00   0.00    0.00     0.00    0.00      0.00     0.00   0.00    0.00     0.00    0.00    0.00    0.22   6.80


10/05/2026 09:59:54 PM
Device            r/s     rkB/s   rrqm/s  %rrqm r_await rareq-sz     w/s     wkB/s   wrqm/s  %wrqm w_await wareq-sz     d/s     dkB/s   drqm/s  %drqm d_await dareq-sz     f/s f_await  aqu-sz  %util
nvme0n1       2149.00 115596.00     0.00   0.00    0.20    53.79    0.00      0.00     6.00 100.00    0.00     0.00    0.00      0.00     0.00   0.00    0.00     0.00    0.00    0.00    0.43  11.00


10/05/2026 09:59:55 PM
Device            r/s     rkB/s   rrqm/s  %rrqm r_await rareq-sz     w/s     wkB/s   wrqm/s  %wrqm w_await wareq-sz     d/s     dkB/s   drqm/s  %drqm d_await dareq-sz     f/s f_await  aqu-sz  %util
nvme0n1       2080.00  98516.00     9.00   0.43    0.21    47.36   15.00     80.00     0.00   0.00    0.93     5.33    0.00      0.00     0.00   0.00    0.00     0.00    1.00    2.00    0.45  11.00

