choose_ref: choose exact 21/47 per-field {'tool': 30, 'mode': 30, 'scope': 28} raw_valid 47 wall mean 0.2975s p95 0.3453s
twopass_rep0: twopass exact 21/47 per-field {'tool': 31, 'mode': 29, 'scope': 28} raw_valid 47 wall mean 1.3286s p95 1.3947s
twopass_rep1: twopass exact 21/47 per-field {'tool': 31, 'mode': 29, 'scope': 28} raw_valid 47 wall mean 1.3504s p95 1.4091s
twopass_rep2: twopass exact 21/47 per-field {'tool': 31, 'mode': 29, 'scope': 28} raw_valid 47 wall mean 1.3409s p95 1.4022s
twopass_instr_rep0: twopass_instr exact 22/47 per-field {'tool': 31, 'mode': 29, 'scope': 29} raw_valid 47 wall mean 1.3601s p95 1.4173s
write_json_rep0: write_json exact 23/47 per-field {'tool': 30, 'mode': 30, 'scope': 30} raw_valid 46 wall mean 0.7839s p95 0.8946s tokens 19.72
write_json_rep1: write_json exact 23/47 per-field {'tool': 30, 'mode': 30, 'scope': 30} raw_valid 46 wall mean 0.781s p95 0.9237s tokens 19.72
write_json_rep2: write_json exact 23/47 per-field {'tool': 30, 'mode': 30, 'scope': 30} raw_valid 46 wall mean 0.7808s p95 0.9082s tokens 19.72
write_short_rep0: write_short exact 23/47 per-field {'tool': 30, 'mode': 29, 'scope': 30} raw_valid 46 wall mean 0.401s p95 0.494s tokens 4.47
write_short_rep1: write_short exact 23/47 per-field {'tool': 30, 'mode': 29, 'scope': 30} raw_valid 46 wall mean 0.3914s p95 0.484s tokens 4.47
write_short_rep2: write_short exact 23/47 per-field {'tool': 30, 'mode': 29, 'scope': 30} raw_valid 46 wall mean 0.3842s p95 0.4575s tokens 4.47
write_pretty_rep0: write_pretty exact 24/47 per-field {'tool': 32, 'mode': 31, 'scope': 30} raw_valid 46 wall mean 0.999s p95 1.0499s tokens 28.09
write_pretty_rep1: write_pretty exact 24/47 per-field {'tool': 32, 'mode': 31, 'scope': 30} raw_valid 46 wall mean 0.9988s p95 1.0483s tokens 28.09
write_pretty_rep2: write_pretty exact 24/47 per-field {'tool': 32, 'mode': 31, 'scope': 30} raw_valid 46 wall mean 0.9922s p95 1.0601s tokens 28.09
write_reason_rep0: write_reason exact 23/47 per-field {'tool': 30, 'mode': 32, 'scope': 30} raw_valid 46 wall mean 1.647s p95 2.0885s tokens 52.79
write_reason_rep1: write_reason exact 23/47 per-field {'tool': 30, 'mode': 32, 'scope': 30} raw_valid 46 wall mean 1.6427s p95 2.0837s tokens 52.79
write_reason_rep2: write_reason exact 23/47 per-field {'tool': 30, 'mode': 32, 'scope': 30} raw_valid 46 wall mean 1.6208s p95 2.1694s tokens 52.79
ALL-DONE
twopass_seq_rep0: twopass_seq exact 21/47 per-field {'tool': 30, 'mode': 30, 'scope': 28} raw_valid 47 wall mean 0.3233s p95 0.3622s
twopass_seq_rep1: twopass_seq exact 21/47 per-field {'tool': 30, 'mode': 30, 'scope': 28} raw_valid 47 wall mean 0.3265s p95 0.3548s
twopass_seq_rep2: twopass_seq exact 21/47 per-field {'tool': 30, 'mode': 30, 'scope': 28} raw_valid 47 wall mean 0.3331s p95 0.3868s
