00:05:48 v2 start harness_pid=77028 pswpin=652040 pswpout=2094374
00:05:49 phase=idle avail_mib=30967 free_mib=8690 cached_mib=22569 swapused_mib=122 swapout_kib+=0 swapin_kib+=0 gpu_mib=1
00:05:51 phase=load avail_mib=30590 free_mib=7768 cached_mib=23121 swapused_mib=122 swapout_kib+=0 swapin_kib+=4 gpu_mib=113
00:05:53 phase=load avail_mib=30572 free_mib=5603 cached_mib=25267 swapused_mib=122 swapout_kib+=0 swapin_kib+=0 gpu_mib=113
00:05:55 phase=load avail_mib=30568 free_mib=2773 cached_mib=28094 swapused_mib=122 swapout_kib+=0 swapin_kib+=0 gpu_mib=113
00:05:57 phase=load avail_mib=29697 free_mib=799 cached_mib=29728 swapused_mib=122 swapout_kib+=0 swapin_kib+=0 gpu_mib=10531
00:05:59 phase=load avail_mib=29500 free_mib=592 cached_mib=29738 swapused_mib=122 swapout_kib+=0 swapin_kib+=0 gpu_mib=10557
00:06:01 phase=load avail_mib=29358 free_mib=381 cached_mib=29808 swapused_mib=122 swapout_kib+=0 swapin_kib+=0 gpu_mib=10633
00:06:04 phase=load avail_mib=29341 free_mib=360 cached_mib=29812 swapused_mib=122 swapout_kib+=0 swapin_kib+=0 gpu_mib=10877
00:06:06 phase=load avail_mib=29347 free_mib=366 cached_mib=29812 swapused_mib=122 swapout_kib+=0 swapin_kib+=8 gpu_mib=10877
00:06:08 phase=load avail_mib=29369 free_mib=388 cached_mib=29812 swapused_mib=122 swapout_kib+=0 swapin_kib+=0 gpu_mib=10877
00:06:10 phase=measured avail_mib=29250 free_mib=270 cached_mib=29811 swapused_mib=122 swapout_kib+=0 swapin_kib+=0 gpu_mib=10877
00:06:12 phase=measured avail_mib=29251 free_mib=270 cached_mib=29812 swapused_mib=122 swapout_kib+=0 swapin_kib+=0 gpu_mib=10877
00:06:14 phase=measured avail_mib=29266 free_mib=283 cached_mib=29813 swapused_mib=122 swapout_kib+=0 swapin_kib+=0 gpu_mib=10877
00:06:16 phase=measured avail_mib=29281 free_mib=298 cached_mib=29814 swapused_mib=122 swapout_kib+=0 swapin_kib+=0 gpu_mib=10877
00:06:18 phase=measured avail_mib=29277 free_mib=294 cached_mib=29814 swapused_mib=122 swapout_kib+=0 swapin_kib+=0 gpu_mib=10877
00:06:20 phase=measured avail_mib=29292 free_mib=308 cached_mib=29815 swapused_mib=122 swapout_kib+=0 swapin_kib+=4 gpu_mib=10877
00:06:22 phase=measured avail_mib=29296 free_mib=311 cached_mib=29816 swapused_mib=122 swapout_kib+=0 swapin_kib+=0 gpu_mib=10877
00:06:24 phase=measured avail_mib=29303 free_mib=318 cached_mib=29816 swapused_mib=122 swapout_kib+=0 swapin_kib+=0 gpu_mib=10877
00:06:26 phase=measured avail_mib=29311 free_mib=325 cached_mib=29817 swapused_mib=122 swapout_kib+=0 swapin_kib+=0 gpu_mib=10877
00:06:28 phase=measured avail_mib=29318 free_mib=332 cached_mib=29817 swapused_mib=122 swapout_kib+=0 swapin_kib+=0 gpu_mib=10877
00:06:30 phase=measured avail_mib=29314 free_mib=326 cached_mib=29818 swapused_mib=122 swapout_kib+=0 swapin_kib+=0 gpu_mib=10877
00:06:32 phase=measured avail_mib=29307 free_mib=319 cached_mib=29819 swapused_mib=122 swapout_kib+=0 swapin_kib+=0 gpu_mib=10877
00:06:34 phase=measured avail_mib=29301 free_mib=313 cached_mib=29820 swapused_mib=122 swapout_kib+=0 swapin_kib+=0 gpu_mib=10877
00:06:36 phase=measured avail_mib=29296 free_mib=307 cached_mib=29820 swapused_mib=122 swapout_kib+=0 swapin_kib+=4 gpu_mib=10877
00:06:38 phase=measured avail_mib=29239 free_mib=248 cached_mib=29821 swapused_mib=122 swapout_kib+=0 swapin_kib+=0 gpu_mib=10877
00:06:40 phase=measured avail_mib=29027 free_mib=493 cached_mib=29370 swapused_mib=122 swapout_kib+=568 swapin_kib+=0 gpu_mib=10877
00:06:42 phase=measured avail_mib=28914 free_mib=318 cached_mib=29431 swapused_mib=122 swapout_kib+=0 swapin_kib+=0 gpu_mib=10877
00:06:44 phase=measured avail_mib=28896 free_mib=300 cached_mib=29431 swapused_mib=122 swapout_kib+=0 swapin_kib+=0 gpu_mib=10877
00:06:46 phase=measured avail_mib=28898 free_mib=299 cached_mib=29434 swapused_mib=122 swapout_kib+=0 swapin_kib+=0 gpu_mib=10877
00:06:48 phase=measured avail_mib=28913 free_mib=311 cached_mib=29437 swapused_mib=122 swapout_kib+=0 swapin_kib+=16 gpu_mib=10877
00:06:50 phase=measured avail_mib=28778 free_mib=299 cached_mib=29316 swapused_mib=122 swapout_kib+=0 swapin_kib+=4 gpu_mib=10877
00:06:52 phase=measured avail_mib=28779 free_mib=299 cached_mib=29317 swapused_mib=122 swapout_kib+=0 swapin_kib+=0 gpu_mib=10877
00:06:54 phase=measured avail_mib=28792 free_mib=310 cached_mib=29318 swapused_mib=122 swapout_kib+=0 swapin_kib+=0 gpu_mib=10877
00:06:56 phase=measured avail_mib=28798 free_mib=315 cached_mib=29319 swapused_mib=122 swapout_kib+=0 swapin_kib+=0 gpu_mib=10877
00:06:58 phase=measured avail_mib=28808 free_mib=325 cached_mib=29320 swapused_mib=122 swapout_kib+=0 swapin_kib+=0 gpu_mib=10877
00:07:00 phase=measured avail_mib=28814 free_mib=329 cached_mib=29321 swapused_mib=122 swapout_kib+=0 swapin_kib+=0 gpu_mib=10877
00:07:03 phase=measured avail_mib=28822 free_mib=337 cached_mib=29322 swapused_mib=122 swapout_kib+=0 swapin_kib+=0 gpu_mib=10877
00:07:05 phase=measured avail_mib=28829 free_mib=342 cached_mib=29323 swapused_mib=122 swapout_kib+=0 swapin_kib+=0 gpu_mib=10877
00:07:07 phase=measured avail_mib=28836 free_mib=347 cached_mib=29325 swapused_mib=122 swapout_kib+=0 swapin_kib+=0 gpu_mib=10877
00:07:09 phase=measured avail_mib=28814 free_mib=323 cached_mib=29327 swapused_mib=122 swapout_kib+=0 swapin_kib+=0 gpu_mib=10877
00:07:11 phase=measured avail_mib=28791 free_mib=298 cached_mib=29328 swapused_mib=122 swapout_kib+=0 swapin_kib+=0 gpu_mib=10877
00:07:13 phase=measured avail_mib=28791 free_mib=298 cached_mib=29329 swapused_mib=122 swapout_kib+=0 swapin_kib+=0 gpu_mib=10877
00:07:15 phase=measured avail_mib=28780 free_mib=286 cached_mib=29330 swapused_mib=122 swapout_kib+=0 swapin_kib+=0 gpu_mib=10877
00:07:17 phase=measured avail_mib=28739 free_mib=245 cached_mib=29330 swapused_mib=122 swapout_kib+=0 swapin_kib+=0 gpu_mib=10877
00:07:19 phase=measured avail_mib=28753 free_mib=257 cached_mib=29331 swapused_mib=122 swapout_kib+=0 swapin_kib+=0 gpu_mib=10877
00:07:21 phase=measured avail_mib=28675 free_mib=473 cached_mib=29049 swapused_mib=285 swapout_kib+=167180 swapin_kib+=0 gpu_mib=10877
00:07:23 phase=measured avail_mib=28513 free_mib=281 cached_mib=29079 swapused_mib=285 swapout_kib+=0 swapin_kib+=36 gpu_mib=10877
00:07:25 phase=measured avail_mib=28669 free_mib=348 cached_mib=29158 swapused_mib=339 swapout_kib+=55068 swapin_kib+=0 gpu_mib=10877
00:07:27 phase=measured avail_mib=28619 free_mib=272 cached_mib=29184 swapused_mib=339 swapout_kib+=0 swapin_kib+=0 gpu_mib=10877
00:07:29 phase=measured avail_mib=28618 free_mib=271 cached_mib=29184 swapused_mib=339 swapout_kib+=0 swapin_kib+=0 gpu_mib=10877
00:07:31 phase=measured avail_mib=28611 free_mib=263 cached_mib=29185 swapused_mib=339 swapout_kib+=0 swapin_kib+=20 gpu_mib=10877
00:07:33 phase=measured avail_mib=28589 free_mib=237 cached_mib=29189 swapused_mib=339 swapout_kib+=0 swapin_kib+=16 gpu_mib=10877
00:07:35 phase=measured avail_mib=28639 free_mib=286 cached_mib=29190 swapused_mib=463 swapout_kib+=127104 swapin_kib+=88 gpu_mib=10877
00:07:37 phase=measured avail_mib=28638 free_mib=264 cached_mib=29210 swapused_mib=463 swapout_kib+=0 swapin_kib+=4 gpu_mib=10877
00:07:39 phase=measured avail_mib=28646 free_mib=271 cached_mib=29211 swapused_mib=463 swapout_kib+=0 swapin_kib+=0 gpu_mib=10877
00:07:41 phase=measured avail_mib=28644 free_mib=269 cached_mib=29212 swapused_mib=463 swapout_kib+=0 swapin_kib+=0 gpu_mib=10877
00:07:43 phase=measured avail_mib=28631 free_mib=255 cached_mib=29213 swapused_mib=463 swapout_kib+=0 swapin_kib+=0 gpu_mib=10877
00:07:45 phase=measured avail_mib=28629 free_mib=252 cached_mib=29214 swapused_mib=463 swapout_kib+=0 swapin_kib+=0 gpu_mib=10877
00:07:47 phase=measured avail_mib=28646 free_mib=267 cached_mib=29215 swapused_mib=463 swapout_kib+=0 swapin_kib+=4 gpu_mib=10877
00:07:49 phase=measured avail_mib=28641 free_mib=262 cached_mib=29215 swapused_mib=463 swapout_kib+=0 swapin_kib+=8 gpu_mib=10877
00:07:51 phase=measured avail_mib=28623 free_mib=243 cached_mib=29216 swapused_mib=463 swapout_kib+=0 swapin_kib+=8 gpu_mib=10877
00:07:53 phase=measured avail_mib=28638 free_mib=257 cached_mib=29217 swapused_mib=463 swapout_kib+=0 swapin_kib+=0 gpu_mib=10877
00:07:55 phase=measured avail_mib=28637 free_mib=255 cached_mib=29218 swapused_mib=463 swapout_kib+=0 swapin_kib+=0 gpu_mib=10877
00:07:57 phase=measured avail_mib=28657 free_mib=274 cached_mib=29219 swapused_mib=463 swapout_kib+=0 swapin_kib+=0 gpu_mib=10877
00:07:59 phase=measured avail_mib=28632 free_mib=248 cached_mib=29220 swapused_mib=463 swapout_kib+=0 swapin_kib+=4 gpu_mib=10877
00:08:01 phase=measured avail_mib=28610 free_mib=226 cached_mib=29221 swapused_mib=463 swapout_kib+=0 swapin_kib+=388 gpu_mib=10877
00:08:04 phase=measured avail_mib=28395 free_mib=395 cached_mib=28837 swapused_mib=551 swapout_kib+=89400 swapin_kib+=28 gpu_mib=10877
00:08:06 phase=measured avail_mib=28370 free_mib=366 cached_mib=28840 swapused_mib=551 swapout_kib+=0 swapin_kib+=216 gpu_mib=10877
00:08:08 phase=measured avail_mib=28368 free_mib=363 cached_mib=28842 swapused_mib=551 swapout_kib+=0 swapin_kib+=0 gpu_mib=10877
00:08:10 phase=measured avail_mib=28391 free_mib=385 cached_mib=28843 swapused_mib=551 swapout_kib+=0 swapin_kib+=12 gpu_mib=10877
00:08:12 phase=measured avail_mib=28371 free_mib=364 cached_mib=28843 swapused_mib=551 swapout_kib+=0 swapin_kib+=0 gpu_mib=10877
00:08:14 phase=measured avail_mib=28252 free_mib=246 cached_mib=28843 swapused_mib=551 swapout_kib+=0 swapin_kib+=8 gpu_mib=10877
00:08:16 phase=measured avail_mib=28231 free_mib=340 cached_mib=28727 swapused_mib=551 swapout_kib+=0 swapin_kib+=0 gpu_mib=10877
00:08:18 phase=measured avail_mib=28232 free_mib=341 cached_mib=28728 swapused_mib=551 swapout_kib+=0 swapin_kib+=0 gpu_mib=10877
00:08:20 phase=measured avail_mib=28241 free_mib=350 cached_mib=28728 swapused_mib=551 swapout_kib+=0 swapin_kib+=0 gpu_mib=10877
00:08:22 phase=measured avail_mib=28245 free_mib=354 cached_mib=28728 swapused_mib=550 swapout_kib+=0 swapin_kib+=612 gpu_mib=10877
00:08:24 phase=measured avail_mib=28233 free_mib=342 cached_mib=28728 swapused_mib=550 swapout_kib+=0 swapin_kib+=0 gpu_mib=10877
00:08:26 phase=measured avail_mib=28246 free_mib=355 cached_mib=28728 swapused_mib=550 swapout_kib+=0 swapin_kib+=0 gpu_mib=10877
00:08:28 phase=measured avail_mib=28236 free_mib=345 cached_mib=28728 swapused_mib=550 swapout_kib+=0 swapin_kib+=4 gpu_mib=10877
00:08:30 phase=measured avail_mib=28246 free_mib=355 cached_mib=28728 swapused_mib=550 swapout_kib+=0 swapin_kib+=0 gpu_mib=10877
00:08:32 phase=measured avail_mib=28222 free_mib=331 cached_mib=28728 swapused_mib=550 swapout_kib+=0 swapin_kib+=0 gpu_mib=10877
00:08:34 phase=measured avail_mib=28238 free_mib=347 cached_mib=28728 swapused_mib=550 swapout_kib+=0 swapin_kib+=28 gpu_mib=10877
00:08:36 phase=measured avail_mib=28240 free_mib=348 cached_mib=28728 swapused_mib=550 swapout_kib+=0 swapin_kib+=8 gpu_mib=10877
00:08:38 phase=measured avail_mib=28267 free_mib=367 cached_mib=28736 swapused_mib=550 swapout_kib+=0 swapin_kib+=0 gpu_mib=10877
00:08:40 phase=measured avail_mib=28240 free_mib=339 cached_mib=28737 swapused_mib=550 swapout_kib+=0 swapin_kib+=4 gpu_mib=10877
00:08:42 phase=measured avail_mib=28091 free_mib=471 cached_mib=28456 swapused_mib=551 swapout_kib+=6288 swapin_kib+=164 gpu_mib=10877
00:08:44 phase=measured avail_mib=27920 free_mib=300 cached_mib=28457 swapused_mib=551 swapout_kib+=0 swapin_kib+=4 gpu_mib=10877
00:08:46 phase=measured avail_mib=27918 free_mib=298 cached_mib=28457 swapused_mib=551 swapout_kib+=0 swapin_kib+=0 gpu_mib=10877
00:08:48 phase=measured avail_mib=27916 free_mib=296 cached_mib=28457 swapused_mib=551 swapout_kib+=0 swapin_kib+=5904 gpu_mib=10877
00:08:50 phase=measured avail_mib=27916 free_mib=296 cached_mib=28457 swapused_mib=551 swapout_kib+=0 swapin_kib+=0 gpu_mib=10877
00:08:52 phase=measured avail_mib=27771 free_mib=280 cached_mib=28327 swapused_mib=551 swapout_kib+=0 swapin_kib+=16 gpu_mib=10877
00:08:54 phase=measured avail_mib=27766 free_mib=274 cached_mib=28328 swapused_mib=551 swapout_kib+=0 swapin_kib+=12 gpu_mib=10877
00:08:56 phase=measured avail_mib=27751 free_mib=260 cached_mib=28328 swapused_mib=551 swapout_kib+=0 swapin_kib+=4 gpu_mib=10877
00:08:58 phase=measured avail_mib=27776 free_mib=284 cached_mib=28328 swapused_mib=551 swapout_kib+=0 swapin_kib+=0 gpu_mib=10877
00:09:00 phase=measured avail_mib=27779 free_mib=287 cached_mib=28328 swapused_mib=551 swapout_kib+=0 swapin_kib+=0 gpu_mib=10877
00:09:03 phase=measured avail_mib=27768 free_mib=275 cached_mib=28329 swapused_mib=551 swapout_kib+=0 swapin_kib+=0 gpu_mib=10877
00:09:05 phase=measured avail_mib=27777 free_mib=284 cached_mib=28330 swapused_mib=551 swapout_kib+=0 swapin_kib+=4 gpu_mib=10877
00:09:07 phase=measured avail_mib=27767 free_mib=273 cached_mib=28330 swapused_mib=551 swapout_kib+=0 swapin_kib+=8 gpu_mib=10877
00:09:09 phase=measured avail_mib=27782 free_mib=288 cached_mib=28331 swapused_mib=551 swapout_kib+=0 swapin_kib+=12 gpu_mib=10877
00:09:11 phase=measured avail_mib=27785 free_mib=289 cached_mib=28332 swapused_mib=551 swapout_kib+=0 swapin_kib+=0 gpu_mib=10877
00:09:13 phase=measured avail_mib=27779 free_mib=283 cached_mib=28332 swapused_mib=551 swapout_kib+=0 swapin_kib+=0 gpu_mib=10877
00:09:15 phase=measured avail_mib=27778 free_mib=281 cached_mib=28333 swapused_mib=551 swapout_kib+=0 swapin_kib+=16 gpu_mib=10877
00:09:17 phase=measured avail_mib=27767 free_mib=270 cached_mib=28333 swapused_mib=551 swapout_kib+=0 swapin_kib+=0 gpu_mib=10877
00:09:19 phase=measured avail_mib=27788 free_mib=291 cached_mib=28333 swapused_mib=551 swapout_kib+=0 swapin_kib+=20 gpu_mib=10877
00:09:21 phase=measured avail_mib=27354 free_mib=377 cached_mib=27814 swapused_mib=550 swapout_kib+=0 swapin_kib+=36 gpu_mib=10877
00:09:23 phase=measured avail_mib=27313 free_mib=335 cached_mib=27814 swapused_mib=550 swapout_kib+=0 swapin_kib+=0 gpu_mib=10877
00:09:25 phase=measured avail_mib=27349 free_mib=372 cached_mib=27814 swapused_mib=550 swapout_kib+=0 swapin_kib+=0 gpu_mib=10877
00:09:27 phase=measured avail_mib=27356 free_mib=379 cached_mib=27814 swapused_mib=550 swapout_kib+=0 swapin_kib+=0 gpu_mib=10877
00:09:29 phase=measured avail_mib=27342 free_mib=364 cached_mib=27814 swapused_mib=550 swapout_kib+=0 swapin_kib+=0 gpu_mib=10877
00:09:31 phase=measured avail_mib=27278 free_mib=300 cached_mib=27814 swapused_mib=550 swapout_kib+=0 swapin_kib+=0 gpu_mib=10877
00:09:33 phase=measured avail_mib=27281 free_mib=303 cached_mib=27814 swapused_mib=550 swapout_kib+=0 swapin_kib+=0 gpu_mib=10877
00:09:35 phase=measured avail_mib=27286 free_mib=308 cached_mib=27814 swapused_mib=550 swapout_kib+=0 swapin_kib+=0 gpu_mib=10877
00:09:37 phase=measured avail_mib=27283 free_mib=305 cached_mib=27814 swapused_mib=550 swapout_kib+=0 swapin_kib+=0 gpu_mib=10877
00:09:39 phase=measured avail_mib=27286 free_mib=289 cached_mib=27834 swapused_mib=550 swapout_kib+=0 swapin_kib+=0 gpu_mib=10877
00:09:41 phase=measured avail_mib=27290 free_mib=293 cached_mib=27834 swapused_mib=550 swapout_kib+=0 swapin_kib+=0 gpu_mib=10877
00:09:43 phase=measured avail_mib=27283 free_mib=286 cached_mib=27834 swapused_mib=550 swapout_kib+=0 swapin_kib+=8 gpu_mib=10877
00:09:45 phase=measured avail_mib=27300 free_mib=303 cached_mib=27834 swapused_mib=550 swapout_kib+=0 swapin_kib+=0 gpu_mib=10877
00:09:47 phase=measured avail_mib=27310 free_mib=312 cached_mib=27834 swapused_mib=550 swapout_kib+=0 swapin_kib+=0 gpu_mib=10877
00:09:49 phase=measured avail_mib=27294 free_mib=296 cached_mib=27834 swapused_mib=550 swapout_kib+=0 swapin_kib+=4 gpu_mib=10877
00:09:51 phase=measured avail_mib=27296 free_mib=299 cached_mib=27834 swapused_mib=550 swapout_kib+=0 swapin_kib+=16 gpu_mib=10877
00:09:53 phase=measured avail_mib=27298 free_mib=300 cached_mib=27834 swapused_mib=550 swapout_kib+=0 swapin_kib+=4 gpu_mib=10877
00:09:55 phase=measured avail_mib=27310 free_mib=311 cached_mib=27835 swapused_mib=550 swapout_kib+=0 swapin_kib+=24 gpu_mib=10877
00:09:57 phase=measured avail_mib=27306 free_mib=307 cached_mib=27835 swapused_mib=550 swapout_kib+=0 swapin_kib+=0 gpu_mib=10877
00:09:59 phase=measured avail_mib=26817 free_mib=338 cached_mib=27315 swapused_mib=550 swapout_kib+=0 swapin_kib+=11196 gpu_mib=10877
00:10:01 phase=measured avail_mib=26796 free_mib=317 cached_mib=27315 swapused_mib=550 swapout_kib+=0 swapin_kib+=0 gpu_mib=10877
00:10:04 phase=measured avail_mib=26820 free_mib=341 cached_mib=27315 swapused_mib=550 swapout_kib+=0 swapin_kib+=0 gpu_mib=10877
00:10:06 phase=measured avail_mib=26822 free_mib=343 cached_mib=27315 swapused_mib=550 swapout_kib+=0 swapin_kib+=0 gpu_mib=10877
00:10:08 phase=measured avail_mib=26813 free_mib=287 cached_mib=27363 swapused_mib=550 swapout_kib+=0 swapin_kib+=348 gpu_mib=10877
00:10:10 phase=measured avail_mib=26855 free_mib=283 cached_mib=27409 swapused_mib=550 swapout_kib+=0 swapin_kib+=332 gpu_mib=10877
00:10:12 phase=measured avail_mib=26874 free_mib=301 cached_mib=27410 swapused_mib=550 swapout_kib+=0 swapin_kib+=0 gpu_mib=10877
00:10:14 phase=measured avail_mib=26886 free_mib=313 cached_mib=27410 swapused_mib=550 swapout_kib+=0 swapin_kib+=0 gpu_mib=10877
00:10:16 phase=measured avail_mib=26944 free_mib=371 cached_mib=27410 swapused_mib=550 swapout_kib+=0 swapin_kib+=0 gpu_mib=10877
00:10:18 phase=measured avail_mib=26968 free_mib=327 cached_mib=27476 swapused_mib=550 swapout_kib+=0 swapin_kib+=380 gpu_mib=10877
00:10:20 phase=measured avail_mib=26971 free_mib=303 cached_mib=27504 swapused_mib=550 swapout_kib+=0 swapin_kib+=228 gpu_mib=10877
00:10:22 phase=measured avail_mib=26981 free_mib=313 cached_mib=27504 swapused_mib=550 swapout_kib+=0 swapin_kib+=52 gpu_mib=10877
00:10:24 phase=measured avail_mib=27020 free_mib=352 cached_mib=27504 swapused_mib=550 swapout_kib+=0 swapin_kib+=0 gpu_mib=10877
00:10:26 phase=measured avail_mib=27001 free_mib=333 cached_mib=27504 swapused_mib=550 swapout_kib+=0 swapin_kib+=0 gpu_mib=10877
00:10:28 phase=measured avail_mib=27013 free_mib=344 cached_mib=27505 swapused_mib=550 swapout_kib+=0 swapin_kib+=140 gpu_mib=10877
00:10:30 phase=measured avail_mib=26897 free_mib=292 cached_mib=27440 swapused_mib=550 swapout_kib+=0 swapin_kib+=352 gpu_mib=10877
00:10:32 phase=measured avail_mib=26911 free_mib=281 cached_mib=27466 swapused_mib=550 swapout_kib+=0 swapin_kib+=0 gpu_mib=10877
00:10:34 phase=measured avail_mib=26902 free_mib=273 cached_mib=27466 swapused_mib=550 swapout_kib+=0 swapin_kib+=0 gpu_mib=10877
00:10:36 phase=measured avail_mib=26910 free_mib=280 cached_mib=27466 swapused_mib=550 swapout_kib+=0 swapin_kib+=0 gpu_mib=10877
00:10:38 phase=measured avail_mib=26882 free_mib=248 cached_mib=27470 swapused_mib=550 swapout_kib+=0 swapin_kib+=0 gpu_mib=10877
00:10:40 phase=measured avail_mib=26804 free_mib=295 cached_mib=27344 swapused_mib=548 swapout_kib+=0 swapin_kib+=1660 gpu_mib=10879
00:10:42 phase=measured avail_mib=26764 free_mib=255 cached_mib=27345 swapused_mib=548 swapout_kib+=0 swapin_kib+=0 gpu_mib=10879
00:10:44 phase=measured avail_mib=26792 free_mib=282 cached_mib=27346 swapused_mib=548 swapout_kib+=0 swapin_kib+=28 gpu_mib=10879
00:10:46 phase=measured avail_mib=26785 free_mib=274 cached_mib=27347 swapused_mib=548 swapout_kib+=0 swapin_kib+=12 gpu_mib=10879
00:10:48 phase=measured avail_mib=26793 free_mib=282 cached_mib=27347 swapused_mib=548 swapout_kib+=0 swapin_kib+=0 gpu_mib=10879
00:10:50 phase=measured avail_mib=26790 free_mib=278 cached_mib=27348 swapused_mib=548 swapout_kib+=0 swapin_kib+=32 gpu_mib=10879
00:10:52 phase=measured avail_mib=26769 free_mib=257 cached_mib=27349 swapused_mib=548 swapout_kib+=0 swapin_kib+=12 gpu_mib=10879
00:10:54 phase=measured avail_mib=26789 free_mib=276 cached_mib=27349 swapused_mib=548 swapout_kib+=0 swapin_kib+=8 gpu_mib=10879
00:10:56 phase=measured avail_mib=26771 free_mib=258 cached_mib=27350 swapused_mib=548 swapout_kib+=0 swapin_kib+=4 gpu_mib=10879
00:10:58 phase=measured avail_mib=26790 free_mib=276 cached_mib=27350 swapused_mib=548 swapout_kib+=0 swapin_kib+=36 gpu_mib=10879
00:11:00 phase=measured avail_mib=26781 free_mib=266 cached_mib=27351 swapused_mib=548 swapout_kib+=0 swapin_kib+=8 gpu_mib=10879
00:11:03 phase=measured avail_mib=26795 free_mib=280 cached_mib=27351 swapused_mib=548 swapout_kib+=0 swapin_kib+=20 gpu_mib=10879
00:11:05 phase=measured avail_mib=26796 free_mib=280 cached_mib=27352 swapused_mib=548 swapout_kib+=0 swapin_kib+=4 gpu_mib=10879
00:11:07 phase=measured avail_mib=26794 free_mib=277 cached_mib=27353 swapused_mib=548 swapout_kib+=0 swapin_kib+=76 gpu_mib=10879
00:11:09 phase=measured avail_mib=26799 free_mib=281 cached_mib=27354 swapused_mib=548 swapout_kib+=0 swapin_kib+=4 gpu_mib=10879
00:11:11 phase=measured avail_mib=26158 free_mib=534 cached_mib=26460 swapused_mib=548 swapout_kib+=0 swapin_kib+=1872 gpu_mib=10879
00:11:13 phase=measured avail_mib=26135 free_mib=445 cached_mib=26526 swapused_mib=548 swapout_kib+=0 swapin_kib+=8 gpu_mib=10879
00:11:15 phase=measured avail_mib=26138 free_mib=446 cached_mib=26528 swapused_mib=548 swapout_kib+=0 swapin_kib+=0 gpu_mib=10879
00:11:17 phase=measured avail_mib=26119 free_mib=426 cached_mib=26528 swapused_mib=548 swapout_kib+=0 swapin_kib+=0 gpu_mib=10879
00:11:19 phase=measured avail_mib=26119 free_mib=427 cached_mib=26528 swapused_mib=548 swapout_kib+=0 swapin_kib+=8 gpu_mib=10879
00:11:21 phase=measured avail_mib=26088 free_mib=396 cached_mib=26528 swapused_mib=548 swapout_kib+=0 swapin_kib+=0 gpu_mib=10879
00:11:23 phase=measured avail_mib=26123 free_mib=430 cached_mib=26528 swapused_mib=548 swapout_kib+=0 swapin_kib+=0 gpu_mib=10879
00:11:25 phase=measured avail_mib=26130 free_mib=438 cached_mib=26528 swapused_mib=548 swapout_kib+=0 swapin_kib+=0 gpu_mib=10879
00:11:27 phase=measured avail_mib=26159 free_mib=467 cached_mib=26528 swapused_mib=548 swapout_kib+=0 swapin_kib+=0 gpu_mib=10879
00:11:29 phase=measured avail_mib=26167 free_mib=474 cached_mib=26528 swapused_mib=548 swapout_kib+=0 swapin_kib+=0 gpu_mib=10879
00:11:31 phase=measured avail_mib=26150 free_mib=457 cached_mib=26528 swapused_mib=548 swapout_kib+=0 swapin_kib+=0 gpu_mib=10879
00:11:33 phase=measured avail_mib=26173 free_mib=481 cached_mib=26528 swapused_mib=548 swapout_kib+=0 swapin_kib+=0 gpu_mib=10879
00:11:35 phase=measured avail_mib=26104 free_mib=412 cached_mib=26528 swapused_mib=548 swapout_kib+=0 swapin_kib+=0 gpu_mib=10879
00:11:37 phase=measured avail_mib=25981 free_mib=289 cached_mib=26529 swapused_mib=548 swapout_kib+=0 swapin_kib+=668 gpu_mib=10881
00:11:39 phase=measured avail_mib=26009 free_mib=309 cached_mib=26536 swapused_mib=548 swapout_kib+=0 swapin_kib+=0 gpu_mib=10881
00:11:41 phase=measured avail_mib=26021 free_mib=320 cached_mib=26537 swapused_mib=548 swapout_kib+=0 swapin_kib+=0 gpu_mib=10881
00:11:43 phase=measured avail_mib=26014 free_mib=313 cached_mib=26537 swapused_mib=548 swapout_kib+=0 swapin_kib+=0 gpu_mib=10881
00:11:45 phase=measured avail_mib=25923 free_mib=352 cached_mib=26407 swapused_mib=548 swapout_kib+=0 swapin_kib+=0 gpu_mib=10881
00:11:47 phase=measured avail_mib=25869 free_mib=298 cached_mib=26407 swapused_mib=548 swapout_kib+=0 swapin_kib+=0 gpu_mib=10881
00:11:49 phase=measured avail_mib=25825 free_mib=253 cached_mib=26407 swapused_mib=548 swapout_kib+=0 swapin_kib+=24 gpu_mib=10881
00:11:51 phase=measured avail_mib=25842 free_mib=270 cached_mib=26408 swapused_mib=548 swapout_kib+=0 swapin_kib+=8 gpu_mib=10881
00:11:53 phase=measured avail_mib=25853 free_mib=280 cached_mib=26408 swapused_mib=548 swapout_kib+=0 swapin_kib+=0 gpu_mib=10881
00:11:55 phase=measured avail_mib=25858 free_mib=285 cached_mib=26410 swapused_mib=548 swapout_kib+=0 swapin_kib+=8 gpu_mib=10881
00:11:57 phase=measured avail_mib=25874 free_mib=299 cached_mib=26411 swapused_mib=548 swapout_kib+=0 swapin_kib+=0 gpu_mib=10881
00:11:59 phase=measured avail_mib=25876 free_mib=301 cached_mib=26411 swapused_mib=548 swapout_kib+=0 swapin_kib+=0 gpu_mib=10881
00:12:01 phase=measured avail_mib=25888 free_mib=312 cached_mib=26412 swapused_mib=548 swapout_kib+=0 swapin_kib+=0 gpu_mib=10881
00:12:03 phase=measured avail_mib=25899 free_mib=322 cached_mib=26413 swapused_mib=548 swapout_kib+=0 swapin_kib+=4 gpu_mib=10881
00:12:05 phase=measured avail_mib=25872 free_mib=295 cached_mib=26413 swapused_mib=548 swapout_kib+=0 swapin_kib+=4 gpu_mib=10881
00:12:08 phase=measured avail_mib=25890 free_mib=312 cached_mib=26414 swapused_mib=548 swapout_kib+=0 swapin_kib+=0 gpu_mib=10881
00:12:10 phase=measured avail_mib=25864 free_mib=285 cached_mib=26414 swapused_mib=548 swapout_kib+=0 swapin_kib+=8 gpu_mib=10881
00:12:12 phase=measured avail_mib=25887 free_mib=308 cached_mib=26415 swapused_mib=548 swapout_kib+=0 swapin_kib+=0 gpu_mib=10881
00:12:14 phase=measured avail_mib=25873 free_mib=294 cached_mib=26415 swapused_mib=548 swapout_kib+=0 swapin_kib+=16 gpu_mib=10881
00:12:16 phase=measured avail_mib=25862 free_mib=281 cached_mib=26416 swapused_mib=548 swapout_kib+=0 swapin_kib+=8 gpu_mib=10881
00:12:18 phase=measured avail_mib=25334 free_mib=385 cached_mib=25786 swapused_mib=575 swapout_kib+=25224 swapin_kib+=32 gpu_mib=10881
00:12:20 phase=measured avail_mib=25330 free_mib=362 cached_mib=25804 swapused_mib=575 swapout_kib+=0 swapin_kib+=4 gpu_mib=10881
00:12:22 phase=measured avail_mib=25346 free_mib=374 cached_mib=25808 swapused_mib=575 swapout_kib+=0 swapin_kib+=0 gpu_mib=10881
00:12:24 phase=measured avail_mib=25337 free_mib=355 cached_mib=25818 swapused_mib=575 swapout_kib+=0 swapin_kib+=0 gpu_mib=10881
00:12:26 phase=measured avail_mib=25334 free_mib=353 cached_mib=25818 swapused_mib=575 swapout_kib+=0 swapin_kib+=0 gpu_mib=10881
00:12:28 phase=measured avail_mib=25294 free_mib=282 cached_mib=25848 swapused_mib=575 swapout_kib+=0 swapin_kib+=0 gpu_mib=10881
00:12:30 phase=measured avail_mib=25265 free_mib=319 cached_mib=25782 swapused_mib=575 swapout_kib+=0 swapin_kib+=12 gpu_mib=10881
00:12:32 phase=measured avail_mib=25247 free_mib=301 cached_mib=25782 swapused_mib=575 swapout_kib+=0 swapin_kib+=0 gpu_mib=10881
00:12:34 phase=measured avail_mib=25273 free_mib=327 cached_mib=25782 swapused_mib=575 swapout_kib+=0 swapin_kib+=0 gpu_mib=10881
00:12:36 phase=measured avail_mib=25266 free_mib=312 cached_mib=25791 swapused_mib=575 swapout_kib+=0 swapin_kib+=0 gpu_mib=10881
00:12:38 phase=measured avail_mib=25306 free_mib=266 cached_mib=25877 swapused_mib=575 swapout_kib+=0 swapin_kib+=0 gpu_mib=10881
00:12:40 phase=measured avail_mib=25301 free_mib=370 cached_mib=25767 swapused_mib=575 swapout_kib+=0 swapin_kib+=0 gpu_mib=10881
00:12:42 phase=measured avail_mib=25298 free_mib=366 cached_mib=25767 swapused_mib=575 swapout_kib+=0 swapin_kib+=0 gpu_mib=10881
00:12:44 phase=measured avail_mib=25298 free_mib=367 cached_mib=25767 swapused_mib=575 swapout_kib+=0 swapin_kib+=0 gpu_mib=10881
00:12:46 phase=measured avail_mib=25281 free_mib=348 cached_mib=25768 swapused_mib=575 swapout_kib+=0 swapin_kib+=0 gpu_mib=10881
00:12:48 phase=measured avail_mib=25300 free_mib=336 cached_mib=25801 swapused_mib=698 swapout_kib+=126508 swapin_kib+=0 gpu_mib=10881
00:12:50 phase=measured avail_mib=25310 free_mib=282 cached_mib=25864 swapused_mib=698 swapout_kib+=0 swapin_kib+=8 gpu_mib=10881
00:12:52 phase=measured avail_mib=25316 free_mib=289 cached_mib=25864 swapused_mib=698 swapout_kib+=0 swapin_kib+=12 gpu_mib=10881
00:12:54 phase=measured avail_mib=25325 free_mib=297 cached_mib=25864 swapused_mib=698 swapout_kib+=0 swapin_kib+=0 gpu_mib=10881
00:12:56 phase=measured avail_mib=25314 free_mib=286 cached_mib=25864 swapused_mib=698 swapout_kib+=0 swapin_kib+=0 gpu_mib=10881
00:12:58 phase=measured avail_mib=25287 free_mib=267 cached_mib=25856 swapused_mib=796 swapout_kib+=100600 swapin_kib+=0 gpu_mib=10881
00:13:00 phase=measured avail_mib=25385 free_mib=363 cached_mib=25857 swapused_mib=893 swapout_kib+=99064 swapin_kib+=0 gpu_mib=10881
00:13:02 phase=measured avail_mib=25372 free_mib=350 cached_mib=25858 swapused_mib=893 swapout_kib+=0 swapin_kib+=0 gpu_mib=10881
00:13:04 phase=measured avail_mib=25388 free_mib=364 cached_mib=25859 swapused_mib=893 swapout_kib+=0 swapin_kib+=0 gpu_mib=10881
00:13:06 phase=measured avail_mib=25383 free_mib=359 cached_mib=25860 swapused_mib=893 swapout_kib+=0 swapin_kib+=0 gpu_mib=10881
00:13:08 phase=measured avail_mib=25380 free_mib=355 cached_mib=25861 swapused_mib=893 swapout_kib+=0 swapin_kib+=0 gpu_mib=10881
00:13:11 phase=measured avail_mib=25384 free_mib=358 cached_mib=25862 swapused_mib=893 swapout_kib+=0 swapin_kib+=4 gpu_mib=10881
00:13:13 phase=measured avail_mib=25382 free_mib=355 cached_mib=25863 swapused_mib=893 swapout_kib+=0 swapin_kib+=0 gpu_mib=10881
00:13:15 phase=measured avail_mib=25393 free_mib=364 cached_mib=25864 swapused_mib=893 swapout_kib+=0 swapin_kib+=0 gpu_mib=10881
00:13:17 phase=measured avail_mib=25389 free_mib=359 cached_mib=25865 swapused_mib=893 swapout_kib+=0 swapin_kib+=4 gpu_mib=10881
00:13:19 phase=measured avail_mib=25393 free_mib=363 cached_mib=25867 swapused_mib=893 swapout_kib+=0 swapin_kib+=0 gpu_mib=10881
00:13:21 phase=measured avail_mib=25397 free_mib=366 cached_mib=25868 swapused_mib=893 swapout_kib+=0 swapin_kib+=8 gpu_mib=10881
00:13:23 phase=measured avail_mib=25393 free_mib=361 cached_mib=25868 swapused_mib=893 swapout_kib+=0 swapin_kib+=0 gpu_mib=10881
00:13:25 phase=measured avail_mib=25393 free_mib=359 cached_mib=25869 swapused_mib=893 swapout_kib+=0 swapin_kib+=0 gpu_mib=10881
00:13:27 phase=measured avail_mib=25395 free_mib=361 cached_mib=25870 swapused_mib=893 swapout_kib+=0 swapin_kib+=0 gpu_mib=10881
00:13:29 phase=measured avail_mib=25396 free_mib=360 cached_mib=25872 swapused_mib=893 swapout_kib+=0 swapin_kib+=0 gpu_mib=10881
00:13:31 phase=measured avail_mib=24793 free_mib=316 cached_mib=25313 swapused_mib=1062 swapout_kib+=171944 swapin_kib+=156 gpu_mib=10881
00:13:33 phase=measured avail_mib=24776 free_mib=337 cached_mib=25275 swapused_mib=1062 swapout_kib+=0 swapin_kib+=4 gpu_mib=10881
00:13:35 phase=measured avail_mib=24741 free_mib=302 cached_mib=25275 swapused_mib=1062 swapout_kib+=0 swapin_kib+=0 gpu_mib=10881
00:13:37 phase=measured avail_mib=24738 free_mib=294 cached_mib=25279 swapused_mib=1062 swapout_kib+=0 swapin_kib+=0 gpu_mib=10881
00:13:39 phase=measured avail_mib=24724 free_mib=275 cached_mib=25285 swapused_mib=1062 swapout_kib+=0 swapin_kib+=0 gpu_mib=10881
00:13:41 phase=measured avail_mib=24816 free_mib=323 cached_mib=25329 swapused_mib=1062 swapout_kib+=0 swapin_kib+=4 gpu_mib=10881
00:13:43 phase=measured avail_mib=24838 free_mib=335 cached_mib=25338 swapused_mib=1062 swapout_kib+=0 swapin_kib+=0 gpu_mib=10881
00:13:45 phase=measured avail_mib=24841 free_mib=339 cached_mib=25338 swapused_mib=1062 swapout_kib+=0 swapin_kib+=0 gpu_mib=10881
00:13:47 phase=measured avail_mib=24860 free_mib=358 cached_mib=25338 swapused_mib=1062 swapout_kib+=0 swapin_kib+=0 gpu_mib=10881
00:13:49 phase=measured avail_mib=24878 free_mib=375 cached_mib=25338 swapused_mib=1062 swapout_kib+=0 swapin_kib+=0 gpu_mib=10881
00:13:51 phase=measured avail_mib=24896 free_mib=392 cached_mib=25339 swapused_mib=1062 swapout_kib+=0 swapin_kib+=16 gpu_mib=10881
00:13:53 phase=measured avail_mib=24845 free_mib=342 cached_mib=25339 swapused_mib=1062 swapout_kib+=0 swapin_kib+=8 gpu_mib=10881
00:13:55 phase=measured avail_mib=24853 free_mib=349 cached_mib=25339 swapused_mib=1062 swapout_kib+=0 swapin_kib+=0 gpu_mib=10881
00:13:57 phase=measured avail_mib=24877 free_mib=374 cached_mib=25339 swapused_mib=1062 swapout_kib+=0 swapin_kib+=0 gpu_mib=10881
00:13:59 phase=measured avail_mib=24774 free_mib=400 cached_mib=25210 swapused_mib=1062 swapout_kib+=0 swapin_kib+=0 gpu_mib=10881
00:14:01 phase=measured avail_mib=24765 free_mib=391 cached_mib=25210 swapused_mib=1062 swapout_kib+=0 swapin_kib+=0 gpu_mib=10881
00:14:03 phase=measured avail_mib=24750 free_mib=374 cached_mib=25212 swapused_mib=1062 swapout_kib+=0 swapin_kib+=0 gpu_mib=10881
00:14:05 phase=measured avail_mib=24734 free_mib=358 cached_mib=25212 swapused_mib=1062 swapout_kib+=0 swapin_kib+=0 gpu_mib=10881
00:14:07 phase=measured avail_mib=24644 free_mib=268 cached_mib=25212 swapused_mib=1062 swapout_kib+=0 swapin_kib+=0 gpu_mib=10881
00:14:10 phase=measured avail_mib=24645 free_mib=269 cached_mib=25212 swapused_mib=1062 swapout_kib+=0 swapin_kib+=0 gpu_mib=10881
00:14:12 phase=measured avail_mib=24647 free_mib=270 cached_mib=25212 swapused_mib=1062 swapout_kib+=0 swapin_kib+=0 gpu_mib=10881
00:14:14 phase=measured avail_mib=24646 free_mib=269 cached_mib=25212 swapused_mib=1062 swapout_kib+=0 swapin_kib+=0 gpu_mib=10881
00:14:16 phase=measured avail_mib=24644 free_mib=266 cached_mib=25213 swapused_mib=1062 swapout_kib+=0 swapin_kib+=0 gpu_mib=10881
00:14:18 phase=measured avail_mib=24653 free_mib=275 cached_mib=25213 swapused_mib=1062 swapout_kib+=0 swapin_kib+=0 gpu_mib=10881
00:14:20 phase=measured avail_mib=24656 free_mib=277 cached_mib=25214 swapused_mib=1062 swapout_kib+=0 swapin_kib+=0 gpu_mib=10881
00:14:22 phase=measured avail_mib=24645 free_mib=265 cached_mib=25215 swapused_mib=1062 swapout_kib+=0 swapin_kib+=0 gpu_mib=10881
00:14:24 phase=measured avail_mib=24669 free_mib=289 cached_mib=25216 swapused_mib=1062 swapout_kib+=0 swapin_kib+=28 gpu_mib=10881
00:14:26 phase=measured avail_mib=24657 free_mib=275 cached_mib=25217 swapused_mib=1062 swapout_kib+=0 swapin_kib+=0 gpu_mib=10881
00:14:28 phase=measured avail_mib=24652 free_mib=269 cached_mib=25219 swapused_mib=1062 swapout_kib+=0 swapin_kib+=12 gpu_mib=10881
00:14:30 phase=measured avail_mib=24674 free_mib=290 cached_mib=25220 swapused_mib=1062 swapout_kib+=0 swapin_kib+=12 gpu_mib=10881
00:14:32 phase=measured avail_mib=24666 free_mib=280 cached_mib=25221 swapused_mib=1062 swapout_kib+=0 swapin_kib+=4 gpu_mib=10881
00:14:34 phase=measured avail_mib=24675 free_mib=288 cached_mib=25222 swapused_mib=1062 swapout_kib+=0 swapin_kib+=0 gpu_mib=10881
00:14:36 phase=measured avail_mib=24656 free_mib=268 cached_mib=25223 swapused_mib=1062 swapout_kib+=0 swapin_kib+=0 gpu_mib=10881
00:14:38 phase=measured avail_mib=24426 free_mib=201 cached_mib=25061 swapused_mib=1114 swapout_kib+=54080 swapin_kib+=24 gpu_mib=10881
00:14:40 phase=measured avail_mib=24428 free_mib=555 cached_mib=24709 swapused_mib=1413 swapout_kib+=304208 swapin_kib+=0 gpu_mib=10881
00:14:42 phase=measured avail_mib=24348 free_mib=466 cached_mib=24717 swapused_mib=1413 swapout_kib+=0 swapin_kib+=0 gpu_mib=10881
00:14:44 phase=measured avail_mib=24354 free_mib=472 cached_mib=24717 swapused_mib=1413 swapout_kib+=0 swapin_kib+=0 gpu_mib=10881
00:14:46 phase=measured avail_mib=24369 free_mib=487 cached_mib=24717 swapused_mib=1413 swapout_kib+=0 swapin_kib+=60 gpu_mib=10881
00:14:48 phase=measured avail_mib=24380 free_mib=429 cached_mib=24787 swapused_mib=1413 swapout_kib+=0 swapin_kib+=4 gpu_mib=10881
00:14:50 phase=measured avail_mib=24371 free_mib=420 cached_mib=24787 swapused_mib=1413 swapout_kib+=0 swapin_kib+=4 gpu_mib=10881
00:14:53 phase=measured avail_mib=24343 free_mib=391 cached_mib=24787 swapused_mib=1413 swapout_kib+=0 swapin_kib+=28 gpu_mib=10881
00:14:55 phase=measured avail_mib=24378 free_mib=426 cached_mib=24787 swapused_mib=1413 swapout_kib+=0 swapin_kib+=0 gpu_mib=10881
00:14:57 phase=measured avail_mib=24379 free_mib=407 cached_mib=24807 swapused_mib=1413 swapout_kib+=0 swapin_kib+=0 gpu_mib=10881
00:14:59 phase=measured avail_mib=24392 free_mib=346 cached_mib=24881 swapused_mib=1413 swapout_kib+=0 swapin_kib+=0 gpu_mib=10881
00:15:01 phase=measured avail_mib=24362 free_mib=317 cached_mib=24881 swapused_mib=1413 swapout_kib+=0 swapin_kib+=0 gpu_mib=10881
00:15:03 phase=measured avail_mib=24366 free_mib=318 cached_mib=24883 swapused_mib=1413 swapout_kib+=0 swapin_kib+=4 gpu_mib=10881
00:15:05 phase=measured avail_mib=24381 free_mib=334 cached_mib=24883 swapused_mib=1413 swapout_kib+=0 swapin_kib+=0 gpu_mib=10881
00:15:07 phase=measured avail_mib=24373 free_mib=325 cached_mib=24884 swapused_mib=1413 swapout_kib+=0 swapin_kib+=0 gpu_mib=10881
00:15:09 phase=measured avail_mib=24258 free_mib=282 cached_mib=24811 swapused_mib=1413 swapout_kib+=0 swapin_kib+=0 gpu_mib=10881
00:15:11 phase=measured avail_mib=24261 free_mib=251 cached_mib=24845 swapused_mib=1413 swapout_kib+=0 swapin_kib+=0 gpu_mib=10881
00:15:13 phase=measured avail_mib=24270 free_mib=260 cached_mib=24845 swapused_mib=1413 swapout_kib+=0 swapin_kib+=0 gpu_mib=10881
00:15:15 phase=measured avail_mib=24260 free_mib=250 cached_mib=24845 swapused_mib=1413 swapout_kib+=0 swapin_kib+=0 gpu_mib=10881
00:15:17 phase=measured avail_mib=24256 free_mib=376 cached_mib=24715 swapused_mib=1413 swapout_kib+=0 swapin_kib+=0 gpu_mib=10881
00:15:19 phase=measured avail_mib=24137 free_mib=257 cached_mib=24716 swapused_mib=1413 swapout_kib+=0 swapin_kib+=40 gpu_mib=10881
00:15:21 phase=measured avail_mib=24144 free_mib=262 cached_mib=24717 swapused_mib=1413 swapout_kib+=0 swapin_kib+=0 gpu_mib=10881
00:15:23 phase=measured avail_mib=24148 free_mib=266 cached_mib=24717 swapused_mib=1413 swapout_kib+=0 swapin_kib+=12 gpu_mib=10881
00:15:25 phase=measured avail_mib=24145 free_mib=262 cached_mib=24718 swapused_mib=1413 swapout_kib+=0 swapin_kib+=0 gpu_mib=10881
00:15:27 phase=measured avail_mib=24157 free_mib=273 cached_mib=24719 swapused_mib=1413 swapout_kib+=0 swapin_kib+=8 gpu_mib=10881
00:15:29 phase=measured avail_mib=24141 free_mib=257 cached_mib=24720 swapused_mib=1413 swapout_kib+=0 swapin_kib+=4 gpu_mib=10881
00:15:31 phase=measured avail_mib=24140 free_mib=255 cached_mib=24721 swapused_mib=1413 swapout_kib+=0 swapin_kib+=4 gpu_mib=10881
00:15:33 phase=measured avail_mib=24147 free_mib=261 cached_mib=24722 swapused_mib=1413 swapout_kib+=0 swapin_kib+=0 gpu_mib=10881
00:15:35 phase=measured avail_mib=24152 free_mib=395 cached_mib=24592 swapused_mib=1413 swapout_kib+=0 swapin_kib+=0 gpu_mib=10881
00:15:37 phase=measured avail_mib=24092 free_mib=335 cached_mib=24593 swapused_mib=1413 swapout_kib+=0 swapin_kib+=12 gpu_mib=10881
00:15:39 phase=measured avail_mib=24109 free_mib=350 cached_mib=24594 swapused_mib=1413 swapout_kib+=0 swapin_kib+=0 gpu_mib=10881
00:15:41 phase=measured avail_mib=24105 free_mib=341 cached_mib=24599 swapused_mib=1413 swapout_kib+=0 swapin_kib+=8 gpu_mib=10881
00:15:43 phase=measured avail_mib=24144 free_mib=376 cached_mib=24603 swapused_mib=1413 swapout_kib+=0 swapin_kib+=0 gpu_mib=10881
00:15:45 phase=measured avail_mib=24141 free_mib=372 cached_mib=24604 swapused_mib=1413 swapout_kib+=0 swapin_kib+=8 gpu_mib=10881
00:15:47 phase=measured avail_mib=24143 free_mib=373 cached_mib=24605 swapused_mib=1413 swapout_kib+=0 swapin_kib+=0 gpu_mib=10881
00:15:49 phase=measured avail_mib=23258 free_mib=266 cached_mib=23827 swapused_mib=1413 swapout_kib+=0 swapin_kib+=0 gpu_mib=10881
00:15:51 phase=measured avail_mib=23261 free_mib=269 cached_mib=23827 swapused_mib=1413 swapout_kib+=0 swapin_kib+=0 gpu_mib=10881
00:15:53 phase=measured avail_mib=23271 free_mib=280 cached_mib=23827 swapused_mib=1413 swapout_kib+=0 swapin_kib+=8 gpu_mib=10881
00:15:56 phase=measured avail_mib=23290 free_mib=298 cached_mib=23827 swapused_mib=1413 swapout_kib+=0 swapin_kib+=0 gpu_mib=10881
00:15:58 phase=measured avail_mib=23283 free_mib=292 cached_mib=23827 swapused_mib=1413 swapout_kib+=0 swapin_kib+=0 gpu_mib=10881
00:16:00 phase=measured avail_mib=23294 free_mib=302 cached_mib=23827 swapused_mib=1413 swapout_kib+=0 swapin_kib+=0 gpu_mib=10881
00:16:02 phase=measured avail_mib=23290 free_mib=299 cached_mib=23827 swapused_mib=1413 swapout_kib+=0 swapin_kib+=0 gpu_mib=10881
00:16:04 phase=measured avail_mib=23310 free_mib=319 cached_mib=23827 swapused_mib=1413 swapout_kib+=0 swapin_kib+=0 gpu_mib=10881
00:16:06 phase=measured avail_mib=23316 free_mib=324 cached_mib=23827 swapused_mib=1413 swapout_kib+=0 swapin_kib+=4 gpu_mib=10881
00:16:08 phase=measured avail_mib=23308 free_mib=317 cached_mib=23827 swapused_mib=1413 swapout_kib+=0 swapin_kib+=0 gpu_mib=10881
00:16:10 phase=measured avail_mib=23328 free_mib=337 cached_mib=23827 swapused_mib=1413 swapout_kib+=0 swapin_kib+=0 gpu_mib=10881
00:16:12 phase=measured avail_mib=23343 free_mib=351 cached_mib=23827 swapused_mib=1413 swapout_kib+=0 swapin_kib+=0 gpu_mib=10881
00:16:14 phase=measured avail_mib=23368 free_mib=377 cached_mib=23827 swapused_mib=1413 swapout_kib+=0 swapin_kib+=0 gpu_mib=10881
00:16:16 phase=measured avail_mib=23288 free_mib=296 cached_mib=23827 swapused_mib=1413 swapout_kib+=0 swapin_kib+=0 gpu_mib=10881
00:16:18 phase=measured avail_mib=23288 free_mib=296 cached_mib=23827 swapused_mib=1413 swapout_kib+=0 swapin_kib+=0 gpu_mib=10881
00:16:20 phase=measured avail_mib=23263 free_mib=271 cached_mib=23827 swapused_mib=1413 swapout_kib+=0 swapin_kib+=8 gpu_mib=10881
00:16:22 phase=measured avail_mib=23284 free_mib=292 cached_mib=23827 swapused_mib=1413 swapout_kib+=0 swapin_kib+=0 gpu_mib=10881
00:16:24 phase=measured avail_mib=23162 free_mib=301 cached_mib=23697 swapused_mib=1413 swapout_kib+=0 swapin_kib+=8 gpu_mib=10881
00:16:26 phase=measured avail_mib=23188 free_mib=325 cached_mib=23698 swapused_mib=1413 swapout_kib+=0 swapin_kib+=0 gpu_mib=10881
00:16:28 phase=measured avail_mib=23185 free_mib=322 cached_mib=23698 swapused_mib=1413 swapout_kib+=0 swapin_kib+=4 gpu_mib=10881
00:16:30 phase=measured avail_mib=23197 free_mib=334 cached_mib=23699 swapused_mib=1413 swapout_kib+=0 swapin_kib+=0 gpu_mib=10881
00:16:32 phase=measured avail_mib=23218 free_mib=353 cached_mib=23699 swapused_mib=1413 swapout_kib+=0 swapin_kib+=0 gpu_mib=10881
00:16:34 phase=measured avail_mib=23234 free_mib=368 cached_mib=23701 swapused_mib=1413 swapout_kib+=0 swapin_kib+=8 gpu_mib=10881
00:16:36 phase=measured avail_mib=23237 free_mib=371 cached_mib=23701 swapused_mib=1413 swapout_kib+=0 swapin_kib+=0 gpu_mib=10881
00:16:38 phase=measured avail_mib=23229 free_mib=363 cached_mib=23702 swapused_mib=1413 swapout_kib+=0 swapin_kib+=0 gpu_mib=10881
00:16:40 phase=measured avail_mib=23221 free_mib=353 cached_mib=23703 swapused_mib=1413 swapout_kib+=0 swapin_kib+=0 gpu_mib=10881
00:16:42 phase=measured avail_mib=23250 free_mib=375 cached_mib=23710 swapused_mib=1413 swapout_kib+=0 swapin_kib+=0 gpu_mib=10881
00:16:44 phase=measured avail_mib=23234 free_mib=358 cached_mib=23711 swapused_mib=1413 swapout_kib+=0 swapin_kib+=0 gpu_mib=10881
00:16:46 phase=measured avail_mib=23222 free_mib=346 cached_mib=23712 swapused_mib=1413 swapout_kib+=0 swapin_kib+=4 gpu_mib=10881
00:16:48 phase=measured avail_mib=23238 free_mib=361 cached_mib=23712 swapused_mib=1413 swapout_kib+=0 swapin_kib+=0 gpu_mib=10881
00:16:50 phase=measured avail_mib=23244 free_mib=366 cached_mib=23713 swapused_mib=1413 swapout_kib+=0 swapin_kib+=8 gpu_mib=10881
00:16:52 phase=measured avail_mib=23237 free_mib=358 cached_mib=23714 swapused_mib=1413 swapout_kib+=0 swapin_kib+=0 gpu_mib=10881
00:16:54 phase=measured avail_mib=22662 free_mib=490 cached_mib=23007 swapused_mib=1413 swapout_kib+=236 swapin_kib+=5484 gpu_mib=10881
00:16:57 phase=measured avail_mib=22611 free_mib=348 cached_mib=23098 swapused_mib=1413 swapout_kib+=0 swapin_kib+=12 gpu_mib=10881
00:16:59 phase=measured avail_mib=22608 free_mib=334 cached_mib=23109 swapused_mib=1413 swapout_kib+=0 swapin_kib+=0 gpu_mib=10881
00:17:01 phase=measured avail_mib=22573 free_mib=293 cached_mib=23116 swapused_mib=1413 swapout_kib+=0 swapin_kib+=0 gpu_mib=10881
00:17:03 phase=measured avail_mib=22570 free_mib=289 cached_mib=23116 swapused_mib=1413 swapout_kib+=0 swapin_kib+=0 gpu_mib=10881
00:17:05 phase=measured avail_mib=22585 free_mib=285 cached_mib=23136 swapused_mib=1413 swapout_kib+=0 swapin_kib+=0 gpu_mib=10881
00:17:07 phase=measured avail_mib=22592 free_mib=286 cached_mib=23141 swapused_mib=1413 swapout_kib+=0 swapin_kib+=0 gpu_mib=10881
00:17:09 phase=measured avail_mib=22581 free_mib=275 cached_mib=23141 swapused_mib=1413 swapout_kib+=0 swapin_kib+=0 gpu_mib=10881
00:17:11 phase=measured avail_mib=22600 free_mib=292 cached_mib=23144 swapused_mib=1413 swapout_kib+=0 swapin_kib+=0 gpu_mib=10881
00:17:13 phase=measured avail_mib=22603 free_mib=295 cached_mib=23144 swapused_mib=1413 swapout_kib+=0 swapin_kib+=0 gpu_mib=10881
00:17:15 phase=measured avail_mib=22599 free_mib=291 cached_mib=23144 swapused_mib=1413 swapout_kib+=0 swapin_kib+=0 gpu_mib=10881
00:17:17 phase=measured avail_mib=22611 free_mib=302 cached_mib=23144 swapused_mib=1413 swapout_kib+=0 swapin_kib+=0 gpu_mib=10881
00:17:19 phase=measured avail_mib=22604 free_mib=296 cached_mib=23144 swapused_mib=1413 swapout_kib+=0 swapin_kib+=0 gpu_mib=10881
00:17:21 phase=measured avail_mib=22569 free_mib=260 cached_mib=23144 swapused_mib=1413 swapout_kib+=0 swapin_kib+=16 gpu_mib=10881
00:17:23 phase=measured avail_mib=22586 free_mib=275 cached_mib=23147 swapused_mib=1413 swapout_kib+=0 swapin_kib+=0 gpu_mib=10881
00:17:25 phase=measured avail_mib=22610 free_mib=298 cached_mib=23147 swapused_mib=1413 swapout_kib+=0 swapin_kib+=0 gpu_mib=10881
00:17:27 phase=measured avail_mib=22603 free_mib=291 cached_mib=23147 swapused_mib=1413 swapout_kib+=0 swapin_kib+=0 gpu_mib=10881
00:17:29 phase=measured avail_mib=22587 free_mib=275 cached_mib=23147 swapused_mib=1413 swapout_kib+=0 swapin_kib+=392 gpu_mib=10881
00:17:31 phase=measured avail_mib=22619 free_mib=338 cached_mib=23116 swapused_mib=1413 swapout_kib+=0 swapin_kib+=8 gpu_mib=10881
00:17:33 phase=measured avail_mib=22623 free_mib=342 cached_mib=23116 swapused_mib=1413 swapout_kib+=0 swapin_kib+=0 gpu_mib=10881
00:17:35 phase=measured avail_mib=22571 free_mib=290 cached_mib=23116 swapused_mib=1413 swapout_kib+=0 swapin_kib+=0 gpu_mib=10881
00:17:37 phase=measured avail_mib=22578 free_mib=297 cached_mib=23116 swapused_mib=1413 swapout_kib+=0 swapin_kib+=0 gpu_mib=10881
00:17:39 phase=measured avail_mib=22598 free_mib=314 cached_mib=23119 swapused_mib=1413 swapout_kib+=0 swapin_kib+=0 gpu_mib=10881
00:17:41 phase=measured avail_mib=22624 free_mib=257 cached_mib=23202 swapused_mib=1413 swapout_kib+=0 swapin_kib+=352 gpu_mib=10881
00:17:43 phase=measured avail_mib=22633 free_mib=247 cached_mib=23222 swapused_mib=1413 swapout_kib+=0 swapin_kib+=0 gpu_mib=10881
00:17:45 phase=measured avail_mib=22641 free_mib=253 cached_mib=23224 swapused_mib=1413 swapout_kib+=0 swapin_kib+=0 gpu_mib=10881
00:17:47 phase=measured avail_mib=22641 free_mib=252 cached_mib=23224 swapused_mib=1413 swapout_kib+=0 swapin_kib+=0 gpu_mib=10881
00:17:49 phase=measured avail_mib=22634 free_mib=244 cached_mib=23225 swapused_mib=1413 swapout_kib+=0 swapin_kib+=0 gpu_mib=10881
00:17:51 phase=measured avail_mib=22640 free_mib=318 cached_mib=23157 swapused_mib=1412 swapout_kib+=0 swapin_kib+=288 gpu_mib=10881
00:17:53 phase=measured avail_mib=22602 free_mib=268 cached_mib=23169 swapused_mib=1412 swapout_kib+=0 swapin_kib+=444 gpu_mib=10881
00:17:55 phase=measured avail_mib=22615 free_mib=278 cached_mib=23171 swapused_mib=1412 swapout_kib+=0 swapin_kib+=96 gpu_mib=10881
00:17:57 phase=measured avail_mib=22622 free_mib=286 cached_mib=23171 swapused_mib=1412 swapout_kib+=0 swapin_kib+=0 gpu_mib=10881
00:18:00 phase=measured avail_mib=22600 free_mib=264 cached_mib=23171 swapused_mib=1412 swapout_kib+=0 swapin_kib+=4 gpu_mib=10881
00:18:02 phase=measured avail_mib=22555 free_mib=281 cached_mib=23109 swapused_mib=1452 swapout_kib+=41428 swapin_kib+=376 gpu_mib=10881
00:18:04 phase=measured avail_mib=22698 free_mib=362 cached_mib=23172 swapused_mib=1572 swapout_kib+=122984 swapin_kib+=0 gpu_mib=10881
00:18:06 phase=measured avail_mib=22688 free_mib=349 cached_mib=23174 swapused_mib=1572 swapout_kib+=0 swapin_kib+=0 gpu_mib=10881
00:18:08 phase=measured avail_mib=22655 free_mib=317 cached_mib=23174 swapused_mib=1572 swapout_kib+=0 swapin_kib+=4 gpu_mib=10881
00:18:10 phase=measured avail_mib=22646 free_mib=307 cached_mib=23174 swapused_mib=1572 swapout_kib+=0 swapin_kib+=4 gpu_mib=10881
00:18:12 phase=measured avail_mib=22612 free_mib=271 cached_mib=23176 swapused_mib=1572 swapout_kib+=0 swapin_kib+=4 gpu_mib=10881
00:18:14 phase=measured avail_mib=22648 free_mib=307 cached_mib=23176 swapused_mib=1724 swapout_kib+=155780 swapin_kib+=4 gpu_mib=10881
00:18:16 phase=measured avail_mib=22674 free_mib=332 cached_mib=23177 swapused_mib=1724 swapout_kib+=0 swapin_kib+=224 gpu_mib=10883
00:18:18 phase=measured avail_mib=22646 free_mib=303 cached_mib=23178 swapused_mib=1724 swapout_kib+=0 swapin_kib+=0 gpu_mib=10883
00:18:20 phase=measured avail_mib=22606 free_mib=262 cached_mib=23179 swapused_mib=1724 swapout_kib+=0 swapin_kib+=0 gpu_mib=10883
00:18:22 phase=measured avail_mib=22611 free_mib=267 cached_mib=23179 swapused_mib=1724 swapout_kib+=0 swapin_kib+=0 gpu_mib=10883
00:18:24 phase=measured avail_mib=22631 free_mib=287 cached_mib=23180 swapused_mib=1724 swapout_kib+=0 swapin_kib+=16 gpu_mib=10883
00:18:26 phase=measured avail_mib=22642 free_mib=296 cached_mib=23181 swapused_mib=1724 swapout_kib+=0 swapin_kib+=8 gpu_mib=10883
00:18:28 phase=measured avail_mib=22639 free_mib=292 cached_mib=23182 swapused_mib=1724 swapout_kib+=0 swapin_kib+=0 gpu_mib=10883
00:18:30 phase=measured avail_mib=22649 free_mib=301 cached_mib=23183 swapused_mib=1724 swapout_kib+=0 swapin_kib+=0 gpu_mib=10883
00:18:32 phase=measured avail_mib=22641 free_mib=292 cached_mib=23183 swapused_mib=1724 swapout_kib+=0 swapin_kib+=0 gpu_mib=10883
00:18:34 phase=measured avail_mib=22643 free_mib=294 cached_mib=23184 swapused_mib=1724 swapout_kib+=0 swapin_kib+=0 gpu_mib=10883
00:18:36 phase=measured avail_mib=22631 free_mib=282 cached_mib=23185 swapused_mib=1724 swapout_kib+=0 swapin_kib+=0 gpu_mib=10883
00:18:38 phase=measured avail_mib=22637 free_mib=286 cached_mib=23185 swapused_mib=1724 swapout_kib+=0 swapin_kib+=0 gpu_mib=10883
00:18:40 phase=measured avail_mib=22649 free_mib=298 cached_mib=23186 swapused_mib=1724 swapout_kib+=0 swapin_kib+=0 gpu_mib=10883
00:18:42 phase=measured avail_mib=22626 free_mib=274 cached_mib=23187 swapused_mib=1724 swapout_kib+=0 swapin_kib+=20 gpu_mib=10883
00:18:44 phase=measured avail_mib=22655 free_mib=283 cached_mib=23207 swapused_mib=1724 swapout_kib+=0 swapin_kib+=48 gpu_mib=10883
00:18:47 phase=measured avail_mib=22653 free_mib=280 cached_mib=23207 swapused_mib=1724 swapout_kib+=0 swapin_kib+=1096 gpu_mib=10883
00:18:49 phase=measured avail_mib=22397 free_mib=238 cached_mib=22995 swapused_mib=1351 swapout_kib+=267544 swapin_kib+=56 gpu_mib=10883
00:18:51 phase=measured avail_mib=22539 free_mib=458 cached_mib=22916 swapused_mib=1351 swapout_kib+=0 swapin_kib+=168 gpu_mib=10883
00:18:53 phase=measured avail_mib=22513 free_mib=432 cached_mib=22916 swapused_mib=1351 swapout_kib+=0 swapin_kib+=0 gpu_mib=10883
00:18:55 phase=measured avail_mib=22527 free_mib=446 cached_mib=22916 swapused_mib=1351 swapout_kib+=0 swapin_kib+=8 gpu_mib=10883
00:18:57 phase=measured avail_mib=22544 free_mib=463 cached_mib=22916 swapused_mib=1351 swapout_kib+=0 swapin_kib+=0 gpu_mib=10883
00:18:59 phase=measured avail_mib=22546 free_mib=402 cached_mib=22979 swapused_mib=1351 swapout_kib+=0 swapin_kib+=0 gpu_mib=10883
00:19:01 phase=measured avail_mib=22516 free_mib=372 cached_mib=22979 swapused_mib=1351 swapout_kib+=0 swapin_kib+=0 gpu_mib=10883
00:19:03 phase=measured avail_mib=22558 free_mib=414 cached_mib=22979 swapused_mib=1351 swapout_kib+=0 swapin_kib+=0 gpu_mib=10883
00:19:05 phase=measured avail_mib=22559 free_mib=415 cached_mib=22979 swapused_mib=1351 swapout_kib+=0 swapin_kib+=0 gpu_mib=10883
00:19:07 phase=measured avail_mib=22575 free_mib=388 cached_mib=23021 swapused_mib=1351 swapout_kib+=0 swapin_kib+=8 gpu_mib=10883
00:19:09 phase=measured avail_mib=22562 free_mib=328 cached_mib=23069 swapused_mib=1351 swapout_kib+=0 swapin_kib+=0 gpu_mib=10883
00:19:11 phase=measured avail_mib=22547 free_mib=314 cached_mib=23069 swapused_mib=1351 swapout_kib+=0 swapin_kib+=0 gpu_mib=10883
00:19:13 phase=measured avail_mib=22567 free_mib=334 cached_mib=23069 swapused_mib=1351 swapout_kib+=0 swapin_kib+=0 gpu_mib=10883
00:19:15 phase=measured avail_mib=22554 free_mib=320 cached_mib=23069 swapused_mib=1351 swapout_kib+=0 swapin_kib+=0 gpu_mib=10883
00:19:17 phase=measured avail_mib=22568 free_mib=288 cached_mib=23115 swapused_mib=1351 swapout_kib+=0 swapin_kib+=0 gpu_mib=10883
00:19:19 phase=measured avail_mib=22593 free_mib=367 cached_mib=23062 swapused_mib=1351 swapout_kib+=92 swapin_kib+=0 gpu_mib=10883
00:19:21 phase=measured avail_mib=22570 free_mib=344 cached_mib=23062 swapused_mib=1351 swapout_kib+=0 swapin_kib+=0 gpu_mib=10883
00:19:23 phase=measured avail_mib=22559 free_mib=333 cached_mib=23062 swapused_mib=1351 swapout_kib+=0 swapin_kib+=4 gpu_mib=10883
00:19:25 phase=measured avail_mib=22549 free_mib=323 cached_mib=23062 swapused_mib=1351 swapout_kib+=0 swapin_kib+=28 gpu_mib=10883
00:19:27 phase=measured avail_mib=22558 free_mib=331 cached_mib=23062 swapused_mib=1351 swapout_kib+=0 swapin_kib+=0 gpu_mib=10883
00:19:29 phase=measured avail_mib=22570 free_mib=343 cached_mib=23062 swapused_mib=1351 swapout_kib+=0 swapin_kib+=4 gpu_mib=10883
00:19:31 phase=measured avail_mib=22581 free_mib=354 cached_mib=23062 swapused_mib=1351 swapout_kib+=0 swapin_kib+=0 gpu_mib=10883
00:19:33 phase=measured avail_mib=22577 free_mib=351 cached_mib=23062 swapused_mib=1351 swapout_kib+=0 swapin_kib+=0 gpu_mib=10883
00:19:35 phase=measured avail_mib=22535 free_mib=308 cached_mib=23062 swapused_mib=1351 swapout_kib+=0 swapin_kib+=0 gpu_mib=10883
00:19:37 phase=measured avail_mib=22550 free_mib=323 cached_mib=23062 swapused_mib=1351 swapout_kib+=0 swapin_kib+=0 gpu_mib=10883
00:19:39 phase=measured avail_mib=22557 free_mib=330 cached_mib=23062 swapused_mib=1351 swapout_kib+=0 swapin_kib+=0 gpu_mib=10883
00:19:41 phase=measured avail_mib=22558 free_mib=332 cached_mib=23062 swapused_mib=1351 swapout_kib+=0 swapin_kib+=0 gpu_mib=10883
00:19:43 phase=measured avail_mib=22539 free_mib=312 cached_mib=23062 swapused_mib=1351 swapout_kib+=0 swapin_kib+=0 gpu_mib=10883
00:19:45 phase=measured avail_mib=22549 free_mib=302 cached_mib=23082 swapused_mib=1351 swapout_kib+=0 swapin_kib+=168 gpu_mib=10883
00:19:47 phase=measured avail_mib=22552 free_mib=305 cached_mib=23082 swapused_mib=1351 swapout_kib+=0 swapin_kib+=0 gpu_mib=10883
00:19:49 phase=measured avail_mib=22575 free_mib=327 cached_mib=23082 swapused_mib=1351 swapout_kib+=0 swapin_kib+=0 gpu_mib=10883
00:19:51 phase=measured avail_mib=22578 free_mib=331 cached_mib=23082 swapused_mib=1351 swapout_kib+=0 swapin_kib+=4 gpu_mib=10883
00:19:54 phase=measured avail_mib=22465 free_mib=229 cached_mib=23071 swapused_mib=1351 swapout_kib+=528 swapin_kib+=20 gpu_mib=10883
00:19:56 phase=measured avail_mib=22437 free_mib=330 cached_mib=22941 swapused_mib=1351 swapout_kib+=0 swapin_kib+=0 gpu_mib=10883
00:19:58 phase=measured avail_mib=22437 free_mib=331 cached_mib=22941 swapused_mib=1351 swapout_kib+=0 swapin_kib+=12 gpu_mib=10883
00:20:00 phase=measured avail_mib=22460 free_mib=353 cached_mib=22941 swapused_mib=1351 swapout_kib+=0 swapin_kib+=0 gpu_mib=10883
00:20:02 phase=measured avail_mib=22468 free_mib=361 cached_mib=22941 swapused_mib=1351 swapout_kib+=0 swapin_kib+=0 gpu_mib=10883
00:20:04 phase=measured avail_mib=22371 free_mib=264 cached_mib=22942 swapused_mib=1351 swapout_kib+=0 swapin_kib+=0 gpu_mib=10883
00:20:06 phase=measured avail_mib=22373 free_mib=265 cached_mib=22943 swapused_mib=1351 swapout_kib+=0 swapin_kib+=16 gpu_mib=10883
00:20:08 phase=measured avail_mib=22368 free_mib=260 cached_mib=22944 swapused_mib=1351 swapout_kib+=0 swapin_kib+=0 gpu_mib=10883
00:20:10 phase=measured avail_mib=22376 free_mib=267 cached_mib=22944 swapused_mib=1351 swapout_kib+=0 swapin_kib+=0 gpu_mib=10883
00:20:12 phase=measured avail_mib=22373 free_mib=264 cached_mib=22944 swapused_mib=1351 swapout_kib+=0 swapin_kib+=0 gpu_mib=10883
00:20:14 phase=measured avail_mib=22373 free_mib=263 cached_mib=22945 swapused_mib=1351 swapout_kib+=0 swapin_kib+=0 gpu_mib=10883
00:20:16 phase=measured avail_mib=22370 free_mib=259 cached_mib=22946 swapused_mib=1351 swapout_kib+=0 swapin_kib+=0 gpu_mib=10883
00:20:18 phase=measured avail_mib=22376 free_mib=266 cached_mib=22946 swapused_mib=1351 swapout_kib+=0 swapin_kib+=4 gpu_mib=10883
00:20:20 phase=measured avail_mib=22379 free_mib=267 cached_mib=22947 swapused_mib=1351 swapout_kib+=0 swapin_kib+=0 gpu_mib=10883
00:20:22 phase=measured avail_mib=22344 free_mib=232 cached_mib=22947 swapused_mib=1351 swapout_kib+=0 swapin_kib+=4 gpu_mib=10883
00:20:24 phase=measured avail_mib=22321 free_mib=338 cached_mib=22818 swapused_mib=1350 swapout_kib+=0 swapin_kib+=1700 gpu_mib=10883
00:20:26 phase=measured avail_mib=22306 free_mib=322 cached_mib=22819 swapused_mib=1350 swapout_kib+=0 swapin_kib+=0 gpu_mib=10883
00:20:28 phase=measured avail_mib=22327 free_mib=343 cached_mib=22820 swapused_mib=1350 swapout_kib+=0 swapin_kib+=4 gpu_mib=10883
00:20:30 phase=measured avail_mib=22317 free_mib=331 cached_mib=22820 swapused_mib=1350 swapout_kib+=0 swapin_kib+=0 gpu_mib=10883
00:20:32 phase=measured avail_mib=22340 free_mib=354 cached_mib=22821 swapused_mib=1350 swapout_kib+=0 swapin_kib+=0 gpu_mib=10883
00:20:34 phase=measured avail_mib=22339 free_mib=352 cached_mib=22822 swapused_mib=1350 swapout_kib+=0 swapin_kib+=0 gpu_mib=10883
00:20:36 phase=measured avail_mib=22656 free_mib=668 cached_mib=22823 swapused_mib=930 swapout_kib+=0 swapin_kib+=1228 gpu_mib=10883
00:20:38 phase=measured avail_mib=22295 free_mib=441 cached_mib=22689 swapused_mib=998 swapout_kib+=162020 swapin_kib+=32 gpu_mib=10883
00:20:40 phase=measured avail_mib=22265 free_mib=347 cached_mib=22753 swapused_mib=998 swapout_kib+=0 swapin_kib+=0 gpu_mib=10883
00:20:42 phase=measured avail_mib=22238 free_mib=320 cached_mib=22754 swapused_mib=998 swapout_kib+=0 swapin_kib+=0 gpu_mib=10883
00:20:44 phase=measured avail_mib=22238 free_mib=318 cached_mib=22754 swapused_mib=998 swapout_kib+=0 swapin_kib+=4 gpu_mib=10883
00:20:46 phase=measured avail_mib=22222 free_mib=295 cached_mib=22762 swapused_mib=998 swapout_kib+=0 swapin_kib+=4 gpu_mib=10883
00:20:48 phase=measured avail_mib=22260 free_mib=302 cached_mib=22793 swapused_mib=998 swapout_kib+=0 swapin_kib+=0 gpu_mib=10883
00:20:50 phase=measured avail_mib=22257 free_mib=299 cached_mib=22793 swapused_mib=998 swapout_kib+=0 swapin_kib+=0 gpu_mib=10883
00:20:52 phase=measured avail_mib=22265 free_mib=307 cached_mib=22793 swapused_mib=998 swapout_kib+=0 swapin_kib+=4 gpu_mib=10883
00:20:54 phase=measured avail_mib=22253 free_mib=294 cached_mib=22793 swapused_mib=998 swapout_kib+=0 swapin_kib+=20 gpu_mib=10883
00:20:57 phase=measured avail_mib=22246 free_mib=283 cached_mib=22798 swapused_mib=998 swapout_kib+=0 swapin_kib+=0 gpu_mib=10883
00:20:59 phase=measured avail_mib=22253 free_mib=290 cached_mib=22798 swapused_mib=998 swapout_kib+=0 swapin_kib+=0 gpu_mib=10883
00:21:01 phase=measured avail_mib=22257 free_mib=294 cached_mib=22798 swapused_mib=998 swapout_kib+=0 swapin_kib+=0 gpu_mib=10883
00:21:03 phase=measured avail_mib=22264 free_mib=301 cached_mib=22798 swapused_mib=998 swapout_kib+=0 swapin_kib+=0 gpu_mib=10883
00:21:05 phase=measured avail_mib=22259 free_mib=286 cached_mib=22807 swapused_mib=998 swapout_kib+=0 swapin_kib+=0 gpu_mib=10883
00:21:07 phase=measured avail_mib=22263 free_mib=291 cached_mib=22808 swapused_mib=998 swapout_kib+=0 swapin_kib+=0 gpu_mib=10883
00:21:09 phase=measured avail_mib=22267 free_mib=294 cached_mib=22808 swapused_mib=998 swapout_kib+=0 swapin_kib+=0 gpu_mib=10883
00:21:11 phase=measured avail_mib=22258 free_mib=286 cached_mib=22808 swapused_mib=998 swapout_kib+=0 swapin_kib+=0 gpu_mib=10883
00:21:13 phase=measured avail_mib=22275 free_mib=281 cached_mib=22829 swapused_mib=998 swapout_kib+=0 swapin_kib+=0 gpu_mib=10883
00:21:15 phase=measured avail_mib=22420 free_mib=376 cached_mib=22879 swapused_mib=1203 swapout_kib+=209868 swapin_kib+=0 gpu_mib=10883
00:21:17 phase=measured avail_mib=22374 free_mib=330 cached_mib=22879 swapused_mib=1203 swapout_kib+=0 swapin_kib+=0 gpu_mib=10883
00:21:19 phase=measured avail_mib=22351 free_mib=307 cached_mib=22879 swapused_mib=1203 swapout_kib+=0 swapin_kib+=0 gpu_mib=10883
00:21:21 phase=measured avail_mib=22358 free_mib=312 cached_mib=22881 swapused_mib=1203 swapout_kib+=0 swapin_kib+=4 gpu_mib=10883
00:21:23 phase=measured avail_mib=22354 free_mib=308 cached_mib=22881 swapused_mib=1203 swapout_kib+=0 swapin_kib+=12 gpu_mib=10883
00:21:25 phase=measured avail_mib=22375 free_mib=266 cached_mib=22944 swapused_mib=1203 swapout_kib+=0 swapin_kib+=0 gpu_mib=10883
00:21:27 phase=measured avail_mib=22401 free_mib=292 cached_mib=22944 swapused_mib=1203 swapout_kib+=0 swapin_kib+=0 gpu_mib=10883
00:21:29 phase=measured avail_mib=22413 free_mib=303 cached_mib=22944 swapused_mib=1203 swapout_kib+=0 swapin_kib+=0 gpu_mib=10883
00:21:31 phase=measured avail_mib=22381 free_mib=271 cached_mib=22944 swapused_mib=1203 swapout_kib+=0 swapin_kib+=0 gpu_mib=10883
00:21:33 phase=measured avail_mib=22400 free_mib=291 cached_mib=22944 swapused_mib=1203 swapout_kib+=0 swapin_kib+=0 gpu_mib=10883
00:21:35 phase=measured avail_mib=22407 free_mib=245 cached_mib=22997 swapused_mib=1203 swapout_kib+=0 swapin_kib+=12 gpu_mib=10883
00:21:37 phase=measured avail_mib=22556 free_mib=391 cached_mib=22999 swapused_mib=1266 swapout_kib+=64392 swapin_kib+=20 gpu_mib=10883
00:21:39 phase=measured avail_mib=22537 free_mib=372 cached_mib=22999 swapused_mib=1266 swapout_kib+=0 swapin_kib+=0 gpu_mib=10883
00:21:41 phase=measured avail_mib=22513 free_mib=348 cached_mib=22999 swapused_mib=1266 swapout_kib+=0 swapin_kib+=0 gpu_mib=10883
00:21:43 phase=measured avail_mib=22518 free_mib=354 cached_mib=22999 swapused_mib=1266 swapout_kib+=0 swapin_kib+=0 gpu_mib=10883
00:21:45 phase=measured avail_mib=22495 free_mib=311 cached_mib=23018 swapused_mib=1289 swapout_kib+=24064 swapin_kib+=0 gpu_mib=10883
00:21:47 phase=measured avail_mib=22541 free_mib=301 cached_mib=23074 swapused_mib=1389 swapout_kib+=102248 swapin_kib+=0 gpu_mib=10883
00:21:49 phase=measured avail_mib=22504 free_mib=264 cached_mib=23074 swapused_mib=1389 swapout_kib+=0 swapin_kib+=0 gpu_mib=10883
00:21:51 phase=measured avail_mib=22525 free_mib=285 cached_mib=23074 swapused_mib=1389 swapout_kib+=0 swapin_kib+=12 gpu_mib=10883
00:21:53 phase=measured avail_mib=22523 free_mib=283 cached_mib=23074 swapused_mib=1389 swapout_kib+=0 swapin_kib+=0 gpu_mib=10883
00:21:55 phase=measured avail_mib=22541 free_mib=301 cached_mib=23074 swapused_mib=1389 swapout_kib+=0 swapin_kib+=0 gpu_mib=10883
00:21:57 phase=measured avail_mib=22550 free_mib=312 cached_mib=23072 swapused_mib=1545 swapout_kib+=160096 swapin_kib+=0 gpu_mib=10883
00:21:59 phase=measured avail_mib=22538 free_mib=299 cached_mib=23073 swapused_mib=1545 swapout_kib+=0 swapin_kib+=20 gpu_mib=10883
00:22:02 phase=measured avail_mib=22514 free_mib=274 cached_mib=23074 swapused_mib=1545 swapout_kib+=0 swapin_kib+=0 gpu_mib=10883
00:22:04 phase=measured avail_mib=22523 free_mib=283 cached_mib=23075 swapused_mib=1545 swapout_kib+=0 swapin_kib+=4 gpu_mib=10883
00:22:06 phase=measured avail_mib=22518 free_mib=276 cached_mib=23076 swapused_mib=1545 swapout_kib+=0 swapin_kib+=0 gpu_mib=10883
00:22:08 phase=measured avail_mib=22536 free_mib=294 cached_mib=23076 swapused_mib=1545 swapout_kib+=0 swapin_kib+=0 gpu_mib=10883
00:22:10 phase=measured avail_mib=22544 free_mib=301 cached_mib=23077 swapused_mib=1545 swapout_kib+=0 swapin_kib+=8 gpu_mib=10883
00:22:12 phase=measured avail_mib=22520 free_mib=277 cached_mib=23077 swapused_mib=1545 swapout_kib+=0 swapin_kib+=0 gpu_mib=10883
00:22:14 phase=measured avail_mib=22530 free_mib=286 cached_mib=23078 swapused_mib=1545 swapout_kib+=0 swapin_kib+=0 gpu_mib=10883
00:22:16 phase=measured avail_mib=22548 free_mib=303 cached_mib=23079 swapused_mib=1545 swapout_kib+=0 swapin_kib+=0 gpu_mib=10883
00:22:18 phase=measured avail_mib=22537 free_mib=291 cached_mib=23079 swapused_mib=1545 swapout_kib+=0 swapin_kib+=0 gpu_mib=10883
00:22:20 phase=measured avail_mib=22525 free_mib=279 cached_mib=23080 swapused_mib=1545 swapout_kib+=0 swapin_kib+=0 gpu_mib=10883
00:22:22 phase=measured avail_mib=22530 free_mib=283 cached_mib=23080 swapused_mib=1545 swapout_kib+=0 swapin_kib+=8 gpu_mib=10883
00:22:24 phase=measured avail_mib=22525 free_mib=278 cached_mib=23081 swapused_mib=1545 swapout_kib+=0 swapin_kib+=0 gpu_mib=10883
00:22:26 phase=measured avail_mib=22514 free_mib=267 cached_mib=23082 swapused_mib=1545 swapout_kib+=0 swapin_kib+=0 gpu_mib=10883
00:22:28 phase=measured avail_mib=22515 free_mib=266 cached_mib=23083 swapused_mib=1545 swapout_kib+=0 swapin_kib+=20 gpu_mib=10883
00:22:30 phase=measured avail_mib=23524 free_mib=1275 cached_mib=23083 swapused_mib=772 swapout_kib+=0 swapin_kib+=1004 gpu_mib=10883
00:22:32 phase=measured avail_mib=22446 free_mib=433 cached_mib=22848 swapused_mib=798 swapout_kib+=26320 swapin_kib+=72 gpu_mib=10883
00:22:34 phase=measured avail_mib=22390 free_mib=375 cached_mib=22850 swapused_mib=798 swapout_kib+=0 swapin_kib+=4 gpu_mib=10883
00:22:36 phase=measured avail_mib=22398 free_mib=375 cached_mib=22858 swapused_mib=798 swapout_kib+=0 swapin_kib+=0 gpu_mib=10883
00:22:38 phase=measured avail_mib=22425 free_mib=392 cached_mib=22867 swapused_mib=798 swapout_kib+=0 swapin_kib+=0 gpu_mib=10883
00:22:40 phase=measured avail_mib=22427 free_mib=367 cached_mib=22895 swapused_mib=798 swapout_kib+=0 swapin_kib+=8 gpu_mib=10883
00:22:42 phase=measured avail_mib=22379 free_mib=268 cached_mib=22946 swapused_mib=798 swapout_kib+=0 swapin_kib+=0 gpu_mib=10883
00:22:44 phase=measured avail_mib=22377 free_mib=266 cached_mib=22946 swapused_mib=798 swapout_kib+=0 swapin_kib+=0 gpu_mib=10883
00:22:46 phase=measured avail_mib=22438 free_mib=307 cached_mib=22966 swapused_mib=798 swapout_kib+=0 swapin_kib+=0 gpu_mib=10883
00:22:48 phase=measured avail_mib=22429 free_mib=298 cached_mib=22966 swapused_mib=798 swapout_kib+=0 swapin_kib+=4 gpu_mib=10883
00:22:50 phase=measured avail_mib=22444 free_mib=254 cached_mib=23025 swapused_mib=798 swapout_kib+=0 swapin_kib+=0 gpu_mib=10883
00:22:52 phase=measured avail_mib=22439 free_mib=345 cached_mib=22928 swapused_mib=798 swapout_kib+=0 swapin_kib+=0 gpu_mib=10883
00:22:54 phase=measured avail_mib=22419 free_mib=324 cached_mib=22930 swapused_mib=798 swapout_kib+=0 swapin_kib+=12 gpu_mib=10883
00:22:56 phase=measured avail_mib=22392 free_mib=297 cached_mib=22930 swapused_mib=798 swapout_kib+=0 swapin_kib+=0 gpu_mib=10883
00:22:58 phase=measured avail_mib=22349 free_mib=254 cached_mib=22930 swapused_mib=798 swapout_kib+=0 swapin_kib+=0 gpu_mib=10883
00:23:00 phase=measured avail_mib=22405 free_mib=247 cached_mib=22993 swapused_mib=798 swapout_kib+=0 swapin_kib+=0 gpu_mib=10883
00:23:02 phase=measured avail_mib=22417 free_mib=244 cached_mib=23009 swapused_mib=798 swapout_kib+=0 swapin_kib+=4 gpu_mib=10883
00:23:04 phase=measured avail_mib=22423 free_mib=249 cached_mib=23009 swapused_mib=798 swapout_kib+=0 swapin_kib+=0 gpu_mib=10883
00:23:07 phase=measured avail_mib=22424 free_mib=248 cached_mib=23011 swapused_mib=798 swapout_kib+=0 swapin_kib+=0 gpu_mib=10883
00:23:09 phase=measured avail_mib=22432 free_mib=386 cached_mib=22881 swapused_mib=798 swapout_kib+=0 swapin_kib+=0 gpu_mib=10883
00:23:11 phase=measured avail_mib=22433 free_mib=337 cached_mib=22930 swapused_mib=798 swapout_kib+=0 swapin_kib+=0 gpu_mib=10883
00:23:13 phase=measured avail_mib=22391 free_mib=295 cached_mib=22930 swapused_mib=798 swapout_kib+=0 swapin_kib+=0 gpu_mib=10883
00:23:15 phase=measured avail_mib=22380 free_mib=284 cached_mib=22930 swapused_mib=798 swapout_kib+=0 swapin_kib+=0 gpu_mib=10883
00:23:17 phase=measured avail_mib=22375 free_mib=280 cached_mib=22930 swapused_mib=798 swapout_kib+=0 swapin_kib+=0 gpu_mib=10883
00:23:19 phase=measured avail_mib=22397 free_mib=302 cached_mib=22930 swapused_mib=798 swapout_kib+=0 swapin_kib+=0 gpu_mib=10883
00:23:21 phase=measured avail_mib=22412 free_mib=312 cached_mib=22935 swapused_mib=798 swapout_kib+=0 swapin_kib+=0 gpu_mib=10883
00:23:23 phase=measured avail_mib=22414 free_mib=314 cached_mib=22935 swapused_mib=798 swapout_kib+=0 swapin_kib+=16 gpu_mib=10883
00:23:25 phase=measured avail_mib=22431 free_mib=332 cached_mib=22935 swapused_mib=798 swapout_kib+=0 swapin_kib+=16 gpu_mib=10883
00:23:27 phase=measured avail_mib=22397 free_mib=297 cached_mib=22935 swapused_mib=798 swapout_kib+=0 swapin_kib+=0 gpu_mib=10883
00:23:29 phase=measured avail_mib=22393 free_mib=288 cached_mib=22940 swapused_mib=798 swapout_kib+=0 swapin_kib+=244 gpu_mib=10883
00:23:31 phase=measured avail_mib=22401 free_mib=296 cached_mib=22940 swapused_mib=798 swapout_kib+=0 swapin_kib+=8 gpu_mib=10883
00:23:33 phase=measured avail_mib=22411 free_mib=306 cached_mib=22940 swapused_mib=798 swapout_kib+=0 swapin_kib+=0 gpu_mib=10883
00:23:35 phase=measured avail_mib=22372 free_mib=267 cached_mib=22940 swapused_mib=798 swapout_kib+=0 swapin_kib+=0 gpu_mib=10883
00:23:37 phase=measured avail_mib=22381 free_mib=276 cached_mib=22940 swapused_mib=798 swapout_kib+=0 swapin_kib+=0 gpu_mib=10883
00:23:39 phase=measured avail_mib=22263 free_mib=275 cached_mib=22823 swapused_mib=798 swapout_kib+=0 swapin_kib+=0 gpu_mib=10883
00:23:41 phase=measured avail_mib=22293 free_mib=305 cached_mib=22823 swapused_mib=798 swapout_kib+=0 swapin_kib+=0 gpu_mib=10883
00:23:43 phase=measured avail_mib=22264 free_mib=276 cached_mib=22823 swapused_mib=798 swapout_kib+=0 swapin_kib+=0 gpu_mib=10883
00:23:45 phase=measured avail_mib=22255 free_mib=267 cached_mib=22823 swapused_mib=798 swapout_kib+=0 swapin_kib+=0 gpu_mib=10883
00:23:47 phase=measured avail_mib=22279 free_mib=283 cached_mib=22831 swapused_mib=798 swapout_kib+=0 swapin_kib+=48 gpu_mib=10883
00:23:49 phase=measured avail_mib=22165 free_mib=293 cached_mib=22707 swapused_mib=803 swapout_kib+=4864 swapin_kib+=88 gpu_mib=10883
00:23:51 phase=measured avail_mib=22166 free_mib=293 cached_mib=22708 swapused_mib=803 swapout_kib+=0 swapin_kib+=0 gpu_mib=10883
00:23:53 phase=measured avail_mib=22177 free_mib=303 cached_mib=22709 swapused_mib=803 swapout_kib+=0 swapin_kib+=8 gpu_mib=10883
00:23:55 phase=measured avail_mib=22161 free_mib=286 cached_mib=22709 swapused_mib=803 swapout_kib+=0 swapin_kib+=4 gpu_mib=10883
00:23:57 phase=measured avail_mib=22181 free_mib=305 cached_mib=22710 swapused_mib=803 swapout_kib+=0 swapin_kib+=4 gpu_mib=10883
00:23:59 phase=measured avail_mib=22197 free_mib=320 cached_mib=22711 swapused_mib=803 swapout_kib+=0 swapin_kib+=0 gpu_mib=10883
00:24:01 phase=measured avail_mib=22168 free_mib=291 cached_mib=22712 swapused_mib=803 swapout_kib+=0 swapin_kib+=0 gpu_mib=10883
00:24:03 phase=measured avail_mib=22180 free_mib=302 cached_mib=22713 swapused_mib=803 swapout_kib+=0 swapin_kib+=0 gpu_mib=10883
00:24:05 phase=measured avail_mib=22186 free_mib=307 cached_mib=22714 swapused_mib=803 swapout_kib+=0 swapin_kib+=0 gpu_mib=10883
00:24:07 phase=measured avail_mib=22173 free_mib=293 cached_mib=22715 swapused_mib=803 swapout_kib+=0 swapin_kib+=0 gpu_mib=10883
00:24:09 phase=measured avail_mib=22181 free_mib=301 cached_mib=22715 swapused_mib=803 swapout_kib+=0 swapin_kib+=4 gpu_mib=10883
00:24:12 phase=measured avail_mib=22197 free_mib=316 cached_mib=22716 swapused_mib=803 swapout_kib+=0 swapin_kib+=4 gpu_mib=10883
00:24:14 phase=measured avail_mib=22166 free_mib=284 cached_mib=22717 swapused_mib=803 swapout_kib+=0 swapin_kib+=4 gpu_mib=10883
00:24:16 phase=measured avail_mib=22189 free_mib=306 cached_mib=22717 swapused_mib=803 swapout_kib+=0 swapin_kib+=0 gpu_mib=10883
00:24:18 phase=measured avail_mib=22193 free_mib=309 cached_mib=22718 swapused_mib=803 swapout_kib+=0 swapin_kib+=4 gpu_mib=10883
00:24:20 phase=measured avail_mib=22171 free_mib=287 cached_mib=22719 swapused_mib=803 swapout_kib+=0 swapin_kib+=0 gpu_mib=10883
00:24:22 phase=measured avail_mib=22513 free_mib=629 cached_mib=22719 swapused_mib=772 swapout_kib+=0 swapin_kib+=696 gpu_mib=10883
00:24:24 phase=measured avail_mib=22730 free_mib=760 cached_mib=22804 swapused_mib=772 swapout_kib+=0 swapin_kib+=136 gpu_mib=10883
00:24:26 phase=measured avail_mib=22729 free_mib=759 cached_mib=22804 swapused_mib=772 swapout_kib+=0 swapin_kib+=8 gpu_mib=10883
00:24:28 phase=measured avail_mib=22743 free_mib=773 cached_mib=22804 swapused_mib=772 swapout_kib+=0 swapin_kib+=0 gpu_mib=10883
00:24:30 phase=measured avail_mib=22736 free_mib=766 cached_mib=22804 swapused_mib=772 swapout_kib+=0 swapin_kib+=0 gpu_mib=10883
00:24:32 phase=measured avail_mib=22723 free_mib=730 cached_mib=22828 swapused_mib=772 swapout_kib+=0 swapin_kib+=0 gpu_mib=10883
00:24:34 phase=measured avail_mib=22704 free_mib=710 cached_mib=22829 swapused_mib=772 swapout_kib+=0 swapin_kib+=0 gpu_mib=10883
00:24:36 phase=measured avail_mib=22711 free_mib=717 cached_mib=22829 swapused_mib=772 swapout_kib+=0 swapin_kib+=0 gpu_mib=10883
00:24:38 phase=measured avail_mib=22739 free_mib=745 cached_mib=22829 swapused_mib=772 swapout_kib+=0 swapin_kib+=0 gpu_mib=10883
00:24:40 phase=measured avail_mib=22739 free_mib=745 cached_mib=22829 swapused_mib=772 swapout_kib+=0 swapin_kib+=0 gpu_mib=10883
00:24:42 phase=measured avail_mib=22739 free_mib=745 cached_mib=22829 swapused_mib=772 swapout_kib+=0 swapin_kib+=0 gpu_mib=10883
00:24:44 phase=measured avail_mib=22741 free_mib=747 cached_mib=22829 swapused_mib=772 swapout_kib+=0 swapin_kib+=0 gpu_mib=10883
00:24:46 phase=measured avail_mib=22754 free_mib=760 cached_mib=22829 swapused_mib=772 swapout_kib+=0 swapin_kib+=0 gpu_mib=10883
00:24:48 phase=measured avail_mib=22726 free_mib=719 cached_mib=22842 swapused_mib=772 swapout_kib+=0 swapin_kib+=0 gpu_mib=10883
00:24:50 phase=measured avail_mib=22742 free_mib=734 cached_mib=22842 swapused_mib=772 swapout_kib+=0 swapin_kib+=0 gpu_mib=10883
00:24:52 phase=measured avail_mib=22747 free_mib=739 cached_mib=22842 swapused_mib=772 swapout_kib+=0 swapin_kib+=0 gpu_mib=10883
00:24:54 phase=measured avail_mib=22728 free_mib=720 cached_mib=22842 swapused_mib=772 swapout_kib+=0 swapin_kib+=0 gpu_mib=10883
00:24:56 phase=measured avail_mib=22715 free_mib=702 cached_mib=22847 swapused_mib=772 swapout_kib+=0 swapin_kib+=0 gpu_mib=10883
00:24:58 phase=measured avail_mib=22720 free_mib=678 cached_mib=22876 swapused_mib=772 swapout_kib+=0 swapin_kib+=4 gpu_mib=10883
00:25:00 phase=measured avail_mib=22700 free_mib=659 cached_mib=22876 swapused_mib=772 swapout_kib+=0 swapin_kib+=0 gpu_mib=10883
00:25:02 phase=measured avail_mib=22695 free_mib=653 cached_mib=22876 swapused_mib=772 swapout_kib+=0 swapin_kib+=0 gpu_mib=10883
00:25:04 phase=measured avail_mib=22738 free_mib=696 cached_mib=22876 swapused_mib=772 swapout_kib+=0 swapin_kib+=0 gpu_mib=10883
00:25:06 phase=measured avail_mib=22736 free_mib=659 cached_mib=22912 swapused_mib=772 swapout_kib+=0 swapin_kib+=0 gpu_mib=10883
00:25:08 phase=measured avail_mib=22755 free_mib=651 cached_mib=22938 swapused_mib=772 swapout_kib+=0 swapin_kib+=0 gpu_mib=10883
00:25:10 phase=measured avail_mib=22754 free_mib=650 cached_mib=22938 swapused_mib=772 swapout_kib+=0 swapin_kib+=0 gpu_mib=10883
00:25:13 phase=measured avail_mib=22761 free_mib=657 cached_mib=22938 swapused_mib=772 swapout_kib+=0 swapin_kib+=0 gpu_mib=10883
00:25:15 phase=measured avail_mib=22752 free_mib=649 cached_mib=22938 swapused_mib=772 swapout_kib+=0 swapin_kib+=0 gpu_mib=10883
00:25:17 phase=measured avail_mib=22759 free_mib=634 cached_mib=22959 swapused_mib=772 swapout_kib+=0 swapin_kib+=12 gpu_mib=10883
00:25:19 phase=measured avail_mib=22720 free_mib=563 cached_mib=22991 swapused_mib=772 swapout_kib+=0 swapin_kib+=0 gpu_mib=10883
00:25:21 phase=measured avail_mib=22714 free_mib=558 cached_mib=22991 swapused_mib=772 swapout_kib+=0 swapin_kib+=0 gpu_mib=10883
00:25:23 phase=measured avail_mib=22689 free_mib=533 cached_mib=22991 swapused_mib=772 swapout_kib+=0 swapin_kib+=4 gpu_mib=10883
00:25:25 phase=measured avail_mib=22693 free_mib=536 cached_mib=22991 swapused_mib=772 swapout_kib+=0 swapin_kib+=0 gpu_mib=10883
00:25:27 phase=measured avail_mib=22570 free_mib=400 cached_mib=23004 swapused_mib=772 swapout_kib+=0 swapin_kib+=0 gpu_mib=10883
00:25:29 phase=measured avail_mib=22537 free_mib=302 cached_mib=23070 swapused_mib=772 swapout_kib+=0 swapin_kib+=0 gpu_mib=10883
00:25:31 phase=measured avail_mib=22554 free_mib=319 cached_mib=23070 swapused_mib=772 swapout_kib+=0 swapin_kib+=0 gpu_mib=10883
00:25:33 phase=measured avail_mib=22531 free_mib=295 cached_mib=23070 swapused_mib=772 swapout_kib+=0 swapin_kib+=0 gpu_mib=10883
00:25:35 phase=measured avail_mib=22548 free_mib=313 cached_mib=23070 swapused_mib=772 swapout_kib+=0 swapin_kib+=0 gpu_mib=10883
00:25:37 phase=measured avail_mib=22557 free_mib=321 cached_mib=23070 swapused_mib=772 swapout_kib+=0 swapin_kib+=0 gpu_mib=10883
00:25:39 phase=measured avail_mib=22531 free_mib=302 cached_mib=23063 swapused_mib=869 swapout_kib+=99276 swapin_kib+=32 gpu_mib=10883
00:25:41 phase=measured avail_mib=22510 free_mib=281 cached_mib=23064 swapused_mib=869 swapout_kib+=0 swapin_kib+=4 gpu_mib=10883
00:25:43 phase=measured avail_mib=22521 free_mib=291 cached_mib=23065 swapused_mib=869 swapout_kib+=0 swapin_kib+=0 gpu_mib=10883
00:25:45 phase=measured avail_mib=22528 free_mib=298 cached_mib=23065 swapused_mib=869 swapout_kib+=0 swapin_kib+=0 gpu_mib=10883
00:25:47 phase=measured avail_mib=22547 free_mib=316 cached_mib=23065 swapused_mib=869 swapout_kib+=0 swapin_kib+=0 gpu_mib=10883
00:25:49 phase=measured avail_mib=22558 free_mib=320 cached_mib=23073 swapused_mib=869 swapout_kib+=0 swapin_kib+=12 gpu_mib=10883
00:25:51 phase=measured avail_mib=22568 free_mib=329 cached_mib=23073 swapused_mib=869 swapout_kib+=0 swapin_kib+=0 gpu_mib=10883
00:25:53 phase=measured avail_mib=22569 free_mib=329 cached_mib=23074 swapused_mib=869 swapout_kib+=0 swapin_kib+=28 gpu_mib=10883
00:25:55 phase=measured avail_mib=22589 free_mib=349 cached_mib=23074 swapused_mib=869 swapout_kib+=0 swapin_kib+=0 gpu_mib=10883
00:25:57 phase=measured avail_mib=22583 free_mib=342 cached_mib=23075 swapused_mib=869 swapout_kib+=0 swapin_kib+=0 gpu_mib=10883
00:25:59 phase=measured avail_mib=22589 free_mib=348 cached_mib=23075 swapused_mib=869 swapout_kib+=0 swapin_kib+=0 gpu_mib=10883
00:26:01 phase=measured avail_mib=22586 free_mib=344 cached_mib=23076 swapused_mib=869 swapout_kib+=0 swapin_kib+=0 gpu_mib=10883
00:26:03 phase=measured avail_mib=22593 free_mib=351 cached_mib=23077 swapused_mib=869 swapout_kib+=0 swapin_kib+=4 gpu_mib=10883
00:26:05 phase=measured avail_mib=22592 free_mib=349 cached_mib=23077 swapused_mib=869 swapout_kib+=0 swapin_kib+=0 gpu_mib=10883
00:26:07 phase=measured avail_mib=22596 free_mib=352 cached_mib=23078 swapused_mib=869 swapout_kib+=0 swapin_kib+=0 gpu_mib=10883
00:26:09 phase=measured avail_mib=22597 free_mib=352 cached_mib=23079 swapused_mib=869 swapout_kib+=0 swapin_kib+=0 gpu_mib=10883
00:26:12 phase=measured avail_mib=22405 free_mib=192 cached_mib=23047 swapused_mib=790 swapout_kib+=488 swapin_kib+=1348 gpu_mib=10883
00:26:14 phase=measured avail_mib=22269 free_mib=413 cached_mib=22690 swapused_mib=790 swapout_kib+=0 swapin_kib+=20 gpu_mib=10883
00:26:16 phase=measured avail_mib=22236 free_mib=358 cached_mib=22713 swapused_mib=790 swapout_kib+=0 swapin_kib+=0 gpu_mib=10883
00:26:18 phase=measured avail_mib=22222 free_mib=338 cached_mib=22719 swapused_mib=790 swapout_kib+=0 swapin_kib+=0 gpu_mib=10883
00:26:20 phase=measured avail_mib=22218 free_mib=333 cached_mib=22719 swapused_mib=790 swapout_kib+=0 swapin_kib+=0 gpu_mib=10883
00:26:22 phase=measured avail_mib=22232 free_mib=310 cached_mib=22757 swapused_mib=790 swapout_kib+=0 swapin_kib+=0 gpu_mib=10883
00:26:24 phase=measured avail_mib=22213 free_mib=258 cached_mib=22789 swapused_mib=790 swapout_kib+=0 swapin_kib+=8 gpu_mib=10883
00:26:26 phase=measured avail_mib=22193 free_mib=368 cached_mib=22660 swapused_mib=790 swapout_kib+=0 swapin_kib+=0 gpu_mib=10883
00:26:28 phase=measured avail_mib=22171 free_mib=346 cached_mib=22660 swapused_mib=790 swapout_kib+=0 swapin_kib+=0 gpu_mib=10883
00:26:30 phase=measured avail_mib=22176 free_mib=351 cached_mib=22660 swapused_mib=790 swapout_kib+=0 swapin_kib+=0 gpu_mib=10883
00:26:32 phase=measured avail_mib=22197 free_mib=291 cached_mib=22740 swapused_mib=790 swapout_kib+=0 swapin_kib+=0 gpu_mib=10883
00:26:34 phase=measured avail_mib=22197 free_mib=271 cached_mib=22760 swapused_mib=790 swapout_kib+=0 swapin_kib+=0 gpu_mib=10883
00:26:36 phase=measured avail_mib=22211 free_mib=286 cached_mib=22760 swapused_mib=790 swapout_kib+=0 swapin_kib+=0 gpu_mib=10883
00:26:38 phase=measured avail_mib=22202 free_mib=277 cached_mib=22760 swapused_mib=790 swapout_kib+=0 swapin_kib+=0 gpu_mib=10883
00:26:40 phase=measured avail_mib=22206 free_mib=280 cached_mib=22760 swapused_mib=790 swapout_kib+=0 swapin_kib+=0 gpu_mib=10883
00:26:42 phase=measured avail_mib=22244 free_mib=373 cached_mib=22705 swapused_mib=790 swapout_kib+=0 swapin_kib+=0 gpu_mib=10883
00:26:44 phase=measured avail_mib=22222 free_mib=334 cached_mib=22722 swapused_mib=790 swapout_kib+=0 swapin_kib+=0 gpu_mib=10883
00:26:46 phase=measured avail_mib=22205 free_mib=318 cached_mib=22722 swapused_mib=790 swapout_kib+=0 swapin_kib+=0 gpu_mib=10883
00:26:48 phase=measured avail_mib=22195 free_mib=294 cached_mib=22735 swapused_mib=790 swapout_kib+=0 swapin_kib+=16 gpu_mib=10883
00:26:50 phase=measured avail_mib=22212 free_mib=304 cached_mib=22742 swapused_mib=790 swapout_kib+=0 swapin_kib+=4 gpu_mib=10883
00:26:52 phase=measured avail_mib=22239 free_mib=270 cached_mib=22804 swapused_mib=790 swapout_kib+=0 swapin_kib+=0 gpu_mib=10883
00:26:54 phase=measured avail_mib=22242 free_mib=373 cached_mib=22703 swapused_mib=791 swapout_kib+=508 swapin_kib+=0 gpu_mib=10883
00:26:56 phase=measured avail_mib=22231 free_mib=362 cached_mib=22703 swapused_mib=791 swapout_kib+=0 swapin_kib+=0 gpu_mib=10883
00:26:58 phase=measured avail_mib=22233 free_mib=364 cached_mib=22703 swapused_mib=791 swapout_kib+=0 swapin_kib+=0 gpu_mib=10883
00:27:00 phase=measured avail_mib=22242 free_mib=373 cached_mib=22703 swapused_mib=791 swapout_kib+=0 swapin_kib+=0 gpu_mib=10883
00:27:02 phase=measured avail_mib=22235 free_mib=311 cached_mib=22758 swapused_mib=791 swapout_kib+=0 swapin_kib+=0 gpu_mib=10883
00:27:04 phase=measured avail_mib=22215 free_mib=283 cached_mib=22766 swapused_mib=791 swapout_kib+=0 swapin_kib+=0 gpu_mib=10883
00:27:06 phase=measured avail_mib=22201 free_mib=269 cached_mib=22766 swapused_mib=791 swapout_kib+=0 swapin_kib+=0 gpu_mib=10883
00:27:08 phase=measured avail_mib=22197 free_mib=265 cached_mib=22766 swapused_mib=791 swapout_kib+=0 swapin_kib+=4 gpu_mib=10883
00:27:10 phase=measured avail_mib=22173 free_mib=241 cached_mib=22766 swapused_mib=791 swapout_kib+=0 swapin_kib+=0 gpu_mib=10883
00:27:12 phase=measured avail_mib=22206 free_mib=235 cached_mib=22805 swapused_mib=791 swapout_kib+=0 swapin_kib+=0 gpu_mib=10883
00:27:15 phase=measured avail_mib=22245 free_mib=258 cached_mib=22821 swapused_mib=796 swapout_kib+=5760 swapin_kib+=12 gpu_mib=10883
00:27:17 phase=measured avail_mib=22237 free_mib=250 cached_mib=22821 swapused_mib=796 swapout_kib+=0 swapin_kib+=0 gpu_mib=10883
00:27:19 phase=measured avail_mib=22225 free_mib=238 cached_mib=22821 swapused_mib=797 swapout_kib+=1052 swapin_kib+=0 gpu_mib=10883
00:27:21 phase=measured avail_mib=22376 free_mib=389 cached_mib=22821 swapused_mib=966 swapout_kib+=173140 swapin_kib+=0 gpu_mib=10883
00:27:23 phase=measured avail_mib=22240 free_mib=226 cached_mib=22849 swapused_mib=966 swapout_kib+=0 swapin_kib+=0 gpu_mib=10883
00:27:25 phase=measured avail_mib=22402 free_mib=336 cached_mib=22900 swapused_mib=1116 swapout_kib+=152980 swapin_kib+=0 gpu_mib=10883
00:27:27 phase=measured avail_mib=22367 free_mib=300 cached_mib=22901 swapused_mib=1116 swapout_kib+=0 swapin_kib+=12 gpu_mib=10883
00:27:29 phase=measured avail_mib=22360 free_mib=294 cached_mib=22901 swapused_mib=1116 swapout_kib+=0 swapin_kib+=0 gpu_mib=10883
00:27:31 phase=measured avail_mib=22360 free_mib=293 cached_mib=22901 swapused_mib=1116 swapout_kib+=0 swapin_kib+=0 gpu_mib=10883
00:27:33 phase=measured avail_mib=22342 free_mib=276 cached_mib=22901 swapused_mib=1116 swapout_kib+=0 swapin_kib+=0 gpu_mib=10883
00:27:35 phase=measured avail_mib=22428 free_mib=362 cached_mib=22901 swapused_mib=1204 swapout_kib+=90400 swapin_kib+=0 gpu_mib=10883
00:27:37 phase=measured avail_mib=22388 free_mib=320 cached_mib=22902 swapused_mib=1204 swapout_kib+=0 swapin_kib+=12 gpu_mib=10883
00:27:39 phase=measured avail_mib=22394 free_mib=326 cached_mib=22903 swapused_mib=1204 swapout_kib+=0 swapin_kib+=0 gpu_mib=10883
00:27:41 phase=measured avail_mib=22387 free_mib=318 cached_mib=22904 swapused_mib=1204 swapout_kib+=0 swapin_kib+=4 gpu_mib=10883
00:27:43 phase=measured avail_mib=22369 free_mib=299 cached_mib=22904 swapused_mib=1204 swapout_kib+=0 swapin_kib+=0 gpu_mib=10883
00:27:45 phase=measured avail_mib=22361 free_mib=290 cached_mib=22905 swapused_mib=1204 swapout_kib+=0 swapin_kib+=0 gpu_mib=10883
00:27:47 phase=measured avail_mib=22362 free_mib=291 cached_mib=22906 swapused_mib=1204 swapout_kib+=0 swapin_kib+=0 gpu_mib=10883
00:27:49 phase=measured avail_mib=22387 free_mib=307 cached_mib=22914 swapused_mib=1204 swapout_kib+=0 swapin_kib+=4 gpu_mib=10883
00:27:51 phase=measured avail_mib=22387 free_mib=306 cached_mib=22915 swapused_mib=1204 swapout_kib+=0 swapin_kib+=0 gpu_mib=10883
00:27:53 phase=measured avail_mib=22385 free_mib=303 cached_mib=22916 swapused_mib=1204 swapout_kib+=0 swapin_kib+=12 gpu_mib=10883
00:27:55 phase=measured avail_mib=22388 free_mib=305 cached_mib=22917 swapused_mib=1204 swapout_kib+=0 swapin_kib+=4 gpu_mib=10883
00:27:57 phase=measured avail_mib=22398 free_mib=314 cached_mib=22918 swapused_mib=1204 swapout_kib+=0 swapin_kib+=0 gpu_mib=10883
00:27:59 phase=measured avail_mib=22381 free_mib=296 cached_mib=22919 swapused_mib=1204 swapout_kib+=0 swapin_kib+=0 gpu_mib=10883
00:28:01 phase=measured avail_mib=22396 free_mib=309 cached_mib=22921 swapused_mib=1204 swapout_kib+=0 swapin_kib+=8 gpu_mib=10883
00:28:03 phase=measured avail_mib=22380 free_mib=292 cached_mib=22922 swapused_mib=1204 swapout_kib+=0 swapin_kib+=0 gpu_mib=10883
00:28:05 phase=measured avail_mib=22386 free_mib=298 cached_mib=22922 swapused_mib=1204 swapout_kib+=0 swapin_kib+=0 gpu_mib=10883
00:28:07 phase=measured avail_mib=22405 free_mib=316 cached_mib=22923 swapused_mib=1204 swapout_kib+=0 swapin_kib+=8 gpu_mib=10883
00:28:11 phase=measured avail_mib=31119 free_mib=8930 cached_mib=22483 swapused_mib=133 swapout_kib+=0 swapin_kib+=42428 gpu_mib=0
00:28:15 phase=idle avail_mib=31109 free_mib=8860 cached_mib=22543 swapused_mib=133 swapout_kib+=0 swapin_kib+=20 gpu_mib=0
