00:28:15 v2 start harness_pid=85884 pswpin=675807 pswpout=2892700
00:28:17 phase=idle avail_mib=31114 free_mib=8865 cached_mib=22543 swapused_mib=122 swapout_kib+=0 swapin_kib+=0 gpu_mib=1
00:28:19 phase=load avail_mib=30636 free_mib=7804 cached_mib=23133 swapused_mib=122 swapout_kib+=0 swapin_kib+=8 gpu_mib=113
00:28:21 phase=load avail_mib=30582 free_mib=5549 cached_mib=25335 swapused_mib=122 swapout_kib+=0 swapin_kib+=0 gpu_mib=113
00:28:23 phase=load avail_mib=30540 free_mib=2844 cached_mib=27998 swapused_mib=122 swapout_kib+=0 swapin_kib+=0 gpu_mib=113
00:28:25 phase=load avail_mib=29692 free_mib=805 cached_mib=29722 swapused_mib=122 swapout_kib+=0 swapin_kib+=0 gpu_mib=10523
00:28:27 phase=load avail_mib=29504 free_mib=607 cached_mib=29731 swapused_mib=122 swapout_kib+=0 swapin_kib+=0 gpu_mib=10557
00:28:29 phase=load avail_mib=29347 free_mib=383 cached_mib=29797 swapused_mib=122 swapout_kib+=0 swapin_kib+=16 gpu_mib=10557
00:28:31 phase=load avail_mib=29302 free_mib=323 cached_mib=29814 swapused_mib=122 swapout_kib+=0 swapin_kib+=0 gpu_mib=10877
00:28:33 phase=load avail_mib=29343 free_mib=363 cached_mib=29814 swapused_mib=122 swapout_kib+=0 swapin_kib+=0 gpu_mib=10877
00:28:35 phase=load avail_mib=29368 free_mib=388 cached_mib=29814 swapused_mib=122 swapout_kib+=0 swapin_kib+=0 gpu_mib=10877
00:28:37 phase=measured avail_mib=29223 free_mib=242 cached_mib=29815 swapused_mib=122 swapout_kib+=0 swapin_kib+=0 gpu_mib=10877
00:28:39 phase=measured avail_mib=29245 free_mib=267 cached_mib=29812 swapused_mib=122 swapout_kib+=0 swapin_kib+=0 gpu_mib=10877
00:28:41 phase=measured avail_mib=29256 free_mib=278 cached_mib=29813 swapused_mib=122 swapout_kib+=0 swapin_kib+=0 gpu_mib=10877
00:28:43 phase=measured avail_mib=29263 free_mib=284 cached_mib=29814 swapused_mib=122 swapout_kib+=0 swapin_kib+=0 gpu_mib=10877
00:28:45 phase=measured avail_mib=29257 free_mib=278 cached_mib=29814 swapused_mib=122 swapout_kib+=0 swapin_kib+=0 gpu_mib=10877
00:28:47 phase=measured avail_mib=29282 free_mib=301 cached_mib=29814 swapused_mib=122 swapout_kib+=0 swapin_kib+=0 gpu_mib=10877
00:28:49 phase=measured avail_mib=29278 free_mib=294 cached_mib=29818 swapused_mib=122 swapout_kib+=0 swapin_kib+=0 gpu_mib=10877
00:28:51 phase=measured avail_mib=29298 free_mib=312 cached_mib=29820 swapused_mib=122 swapout_kib+=0 swapin_kib+=0 gpu_mib=10877
00:28:53 phase=measured avail_mib=29306 free_mib=320 cached_mib=29821 swapused_mib=122 swapout_kib+=0 swapin_kib+=0 gpu_mib=10877
00:28:55 phase=measured avail_mib=29310 free_mib=323 cached_mib=29821 swapused_mib=122 swapout_kib+=0 swapin_kib+=0 gpu_mib=10877
00:28:58 phase=measured avail_mib=29323 free_mib=335 cached_mib=29822 swapused_mib=122 swapout_kib+=0 swapin_kib+=20 gpu_mib=10877
00:29:00 phase=measured avail_mib=29328 free_mib=339 cached_mib=29823 swapused_mib=122 swapout_kib+=0 swapin_kib+=0 gpu_mib=10877
00:29:02 phase=measured avail_mib=29318 free_mib=328 cached_mib=29824 swapused_mib=122 swapout_kib+=0 swapin_kib+=4 gpu_mib=10877
00:29:04 phase=measured avail_mib=29326 free_mib=335 cached_mib=29824 swapused_mib=122 swapout_kib+=0 swapin_kib+=0 gpu_mib=10877
00:29:06 phase=measured avail_mib=29308 free_mib=317 cached_mib=29825 swapused_mib=122 swapout_kib+=0 swapin_kib+=0 gpu_mib=10877
00:29:08 phase=measured avail_mib=29039 free_mib=474 cached_mib=29400 swapused_mib=122 swapout_kib+=416 swapin_kib+=0 gpu_mib=10877
00:29:10 phase=measured avail_mib=28915 free_mib=301 cached_mib=29449 swapused_mib=122 swapout_kib+=0 swapin_kib+=0 gpu_mib=10877
00:29:12 phase=measured avail_mib=28888 free_mib=271 cached_mib=29452 swapused_mib=122 swapout_kib+=0 swapin_kib+=0 gpu_mib=10877
00:29:14 phase=measured avail_mib=28904 free_mib=287 cached_mib=29452 swapused_mib=122 swapout_kib+=0 swapin_kib+=0 gpu_mib=10877
00:29:16 phase=measured avail_mib=28900 free_mib=283 cached_mib=29452 swapused_mib=122 swapout_kib+=0 swapin_kib+=0 gpu_mib=10877
00:29:18 phase=measured avail_mib=28762 free_mib=275 cached_mib=29322 swapused_mib=122 swapout_kib+=0 swapin_kib+=0 gpu_mib=10877
00:29:20 phase=measured avail_mib=28769 free_mib=281 cached_mib=29323 swapused_mib=122 swapout_kib+=0 swapin_kib+=0 gpu_mib=10877
00:29:22 phase=measured avail_mib=28766 free_mib=276 cached_mib=29324 swapused_mib=122 swapout_kib+=0 swapin_kib+=0 gpu_mib=10877
00:29:24 phase=measured avail_mib=28773 free_mib=283 cached_mib=29325 swapused_mib=122 swapout_kib+=0 swapin_kib+=0 gpu_mib=10877
00:29:26 phase=measured avail_mib=28723 free_mib=232 cached_mib=29326 swapused_mib=122 swapout_kib+=0 swapin_kib+=0 gpu_mib=10877
00:29:28 phase=measured avail_mib=28746 free_mib=254 cached_mib=29326 swapused_mib=122 swapout_kib+=0 swapin_kib+=0 gpu_mib=10877
00:29:30 phase=measured avail_mib=28775 free_mib=282 cached_mib=29327 swapused_mib=122 swapout_kib+=0 swapin_kib+=0 gpu_mib=10877
00:29:32 phase=measured avail_mib=28755 free_mib=262 cached_mib=29328 swapused_mib=122 swapout_kib+=0 swapin_kib+=0 gpu_mib=10877
00:29:34 phase=measured avail_mib=28768 free_mib=274 cached_mib=29329 swapused_mib=122 swapout_kib+=0 swapin_kib+=0 gpu_mib=10877
00:29:36 phase=measured avail_mib=28769 free_mib=274 cached_mib=29329 swapused_mib=122 swapout_kib+=0 swapin_kib+=0 gpu_mib=10877
00:29:38 phase=measured avail_mib=28773 free_mib=278 cached_mib=29330 swapused_mib=122 swapout_kib+=0 swapin_kib+=0 gpu_mib=10877
00:29:40 phase=measured avail_mib=28773 free_mib=277 cached_mib=29331 swapused_mib=122 swapout_kib+=0 swapin_kib+=0 gpu_mib=10877
00:29:42 phase=measured avail_mib=28767 free_mib=270 cached_mib=29332 swapused_mib=122 swapout_kib+=0 swapin_kib+=0 gpu_mib=10877
00:29:44 phase=measured avail_mib=28777 free_mib=279 cached_mib=29332 swapused_mib=122 swapout_kib+=0 swapin_kib+=0 gpu_mib=10877
00:29:46 phase=measured avail_mib=28786 free_mib=288 cached_mib=29333 swapused_mib=122 swapout_kib+=0 swapin_kib+=0 gpu_mib=10877
00:29:48 phase=measured avail_mib=28839 free_mib=604 cached_mib=29069 swapused_mib=339 swapout_kib+=223176 swapin_kib+=548 gpu_mib=10877
00:29:50 phase=measured avail_mib=28659 free_mib=349 cached_mib=29143 swapused_mib=339 swapout_kib+=0 swapin_kib+=8 gpu_mib=10877
00:29:53 phase=measured avail_mib=28692 free_mib=328 cached_mib=29197 swapused_mib=443 swapout_kib+=106448 swapin_kib+=0 gpu_mib=10877
00:29:55 phase=measured avail_mib=28701 free_mib=328 cached_mib=29206 swapused_mib=443 swapout_kib+=0 swapin_kib+=16 gpu_mib=10877
00:29:57 phase=measured avail_mib=28687 free_mib=313 cached_mib=29207 swapused_mib=443 swapout_kib+=0 swapin_kib+=32 gpu_mib=10877
00:29:59 phase=measured avail_mib=28683 free_mib=309 cached_mib=29207 swapused_mib=443 swapout_kib+=0 swapin_kib+=12 gpu_mib=10877
00:30:01 phase=measured avail_mib=28738 free_mib=363 cached_mib=29207 swapused_mib=531 swapout_kib+=89884 swapin_kib+=0 gpu_mib=10877
00:30:03 phase=measured avail_mib=28706 free_mib=330 cached_mib=29208 swapused_mib=531 swapout_kib+=0 swapin_kib+=8 gpu_mib=10877
00:30:05 phase=measured avail_mib=28718 free_mib=342 cached_mib=29209 swapused_mib=531 swapout_kib+=0 swapin_kib+=0 gpu_mib=10877
00:30:07 phase=measured avail_mib=28734 free_mib=356 cached_mib=29210 swapused_mib=531 swapout_kib+=0 swapin_kib+=0 gpu_mib=10877
00:30:09 phase=measured avail_mib=28697 free_mib=318 cached_mib=29211 swapused_mib=531 swapout_kib+=0 swapin_kib+=0 gpu_mib=10877
00:30:11 phase=measured avail_mib=28711 free_mib=331 cached_mib=29213 swapused_mib=531 swapout_kib+=0 swapin_kib+=4 gpu_mib=10877
00:30:13 phase=measured avail_mib=28704 free_mib=323 cached_mib=29214 swapused_mib=531 swapout_kib+=0 swapin_kib+=0 gpu_mib=10877
00:30:15 phase=measured avail_mib=28709 free_mib=327 cached_mib=29215 swapused_mib=531 swapout_kib+=0 swapin_kib+=0 gpu_mib=10877
00:30:17 phase=measured avail_mib=28708 free_mib=325 cached_mib=29216 swapused_mib=531 swapout_kib+=0 swapin_kib+=0 gpu_mib=10877
00:30:19 phase=measured avail_mib=28665 free_mib=281 cached_mib=29217 swapused_mib=531 swapout_kib+=0 swapin_kib+=0 gpu_mib=10877
00:30:21 phase=measured avail_mib=28686 free_mib=299 cached_mib=29219 swapused_mib=531 swapout_kib+=0 swapin_kib+=0 gpu_mib=10877
00:30:23 phase=measured avail_mib=28700 free_mib=312 cached_mib=29220 swapused_mib=531 swapout_kib+=0 swapin_kib+=0 gpu_mib=10877
00:30:25 phase=measured avail_mib=28678 free_mib=290 cached_mib=29221 swapused_mib=531 swapout_kib+=0 swapin_kib+=0 gpu_mib=10877
00:30:27 phase=measured avail_mib=28700 free_mib=311 cached_mib=29222 swapused_mib=531 swapout_kib+=0 swapin_kib+=440 gpu_mib=10877
00:30:29 phase=measured avail_mib=28718 free_mib=328 cached_mib=29223 swapused_mib=531 swapout_kib+=0 swapin_kib+=372 gpu_mib=10877
00:30:31 phase=measured avail_mib=28747 free_mib=438 cached_mib=29158 swapused_mib=753 swapout_kib+=227720 swapin_kib+=276 gpu_mib=10877
00:30:33 phase=measured avail_mib=28594 free_mib=271 cached_mib=29156 swapused_mib=753 swapout_kib+=0 swapin_kib+=0 gpu_mib=10877
00:30:35 phase=measured avail_mib=28613 free_mib=290 cached_mib=29156 swapused_mib=753 swapout_kib+=0 swapin_kib+=0 gpu_mib=10877
00:30:37 phase=measured avail_mib=28611 free_mib=286 cached_mib=29158 swapused_mib=753 swapout_kib+=0 swapin_kib+=0 gpu_mib=10877
00:30:39 phase=measured avail_mib=28623 free_mib=298 cached_mib=29158 swapused_mib=753 swapout_kib+=0 swapin_kib+=4 gpu_mib=10877
00:30:41 phase=measured avail_mib=28473 free_mib=342 cached_mib=28984 swapused_mib=753 swapout_kib+=0 swapin_kib+=0 gpu_mib=10877
00:30:43 phase=measured avail_mib=28410 free_mib=277 cached_mib=28985 swapused_mib=753 swapout_kib+=0 swapin_kib+=0 gpu_mib=10877
00:30:45 phase=measured avail_mib=28429 free_mib=297 cached_mib=28985 swapused_mib=753 swapout_kib+=0 swapin_kib+=0 gpu_mib=10877
00:30:47 phase=measured avail_mib=28446 free_mib=314 cached_mib=28985 swapused_mib=753 swapout_kib+=0 swapin_kib+=0 gpu_mib=10877
00:30:49 phase=measured avail_mib=28443 free_mib=310 cached_mib=28985 swapused_mib=753 swapout_kib+=0 swapin_kib+=0 gpu_mib=10877
00:30:52 phase=measured avail_mib=28435 free_mib=293 cached_mib=28997 swapused_mib=753 swapout_kib+=0 swapin_kib+=12 gpu_mib=10877
00:30:54 phase=measured avail_mib=28448 free_mib=304 cached_mib=28998 swapused_mib=753 swapout_kib+=0 swapin_kib+=0 gpu_mib=10877
00:30:56 phase=measured avail_mib=28430 free_mib=285 cached_mib=28999 swapused_mib=753 swapout_kib+=0 swapin_kib+=8 gpu_mib=10877
00:30:58 phase=measured avail_mib=28455 free_mib=309 cached_mib=29000 swapused_mib=753 swapout_kib+=0 swapin_kib+=20 gpu_mib=10877
00:31:00 phase=measured avail_mib=28448 free_mib=302 cached_mib=29000 swapused_mib=753 swapout_kib+=0 swapin_kib+=8 gpu_mib=10877
00:31:02 phase=measured avail_mib=28460 free_mib=314 cached_mib=29001 swapused_mib=753 swapout_kib+=0 swapin_kib+=0 gpu_mib=10877
00:31:04 phase=measured avail_mib=28432 free_mib=285 cached_mib=29002 swapused_mib=753 swapout_kib+=0 swapin_kib+=8 gpu_mib=10877
00:31:06 phase=measured avail_mib=28440 free_mib=292 cached_mib=29002 swapused_mib=753 swapout_kib+=0 swapin_kib+=0 gpu_mib=10877
00:31:08 phase=measured avail_mib=28452 free_mib=304 cached_mib=29002 swapused_mib=753 swapout_kib+=0 swapin_kib+=4 gpu_mib=10877
00:31:10 phase=measured avail_mib=28228 free_mib=469 cached_mib=28592 swapused_mib=753 swapout_kib+=0 swapin_kib+=220 gpu_mib=10877
00:31:12 phase=measured avail_mib=28123 free_mib=364 cached_mib=28592 swapused_mib=753 swapout_kib+=0 swapin_kib+=0 gpu_mib=10877
00:31:14 phase=measured avail_mib=28127 free_mib=368 cached_mib=28592 swapused_mib=753 swapout_kib+=0 swapin_kib+=0 gpu_mib=10877
00:31:16 phase=measured avail_mib=28127 free_mib=368 cached_mib=28592 swapused_mib=753 swapout_kib+=0 swapin_kib+=0 gpu_mib=10877
00:31:18 phase=measured avail_mib=28119 free_mib=360 cached_mib=28592 swapused_mib=753 swapout_kib+=0 swapin_kib+=0 gpu_mib=10877
00:31:20 phase=measured avail_mib=27987 free_mib=358 cached_mib=28462 swapused_mib=753 swapout_kib+=0 swapin_kib+=4 gpu_mib=10877
00:31:22 phase=measured avail_mib=27980 free_mib=351 cached_mib=28462 swapused_mib=753 swapout_kib+=0 swapin_kib+=0 gpu_mib=10877
00:31:24 phase=measured avail_mib=27953 free_mib=323 cached_mib=28462 swapused_mib=753 swapout_kib+=0 swapin_kib+=0 gpu_mib=10877
00:31:26 phase=measured avail_mib=27960 free_mib=330 cached_mib=28462 swapused_mib=753 swapout_kib+=0 swapin_kib+=0 gpu_mib=10877
00:31:28 phase=measured avail_mib=27965 free_mib=336 cached_mib=28462 swapused_mib=753 swapout_kib+=0 swapin_kib+=412 gpu_mib=10877
00:31:30 phase=measured avail_mib=27983 free_mib=354 cached_mib=28462 swapused_mib=753 swapout_kib+=0 swapin_kib+=0 gpu_mib=10877
00:31:32 phase=measured avail_mib=27964 free_mib=335 cached_mib=28462 swapused_mib=753 swapout_kib+=0 swapin_kib+=0 gpu_mib=10877
00:31:34 phase=measured avail_mib=27959 free_mib=330 cached_mib=28463 swapused_mib=753 swapout_kib+=0 swapin_kib+=0 gpu_mib=10877
00:31:36 phase=measured avail_mib=27940 free_mib=310 cached_mib=28463 swapused_mib=753 swapout_kib+=0 swapin_kib+=12 gpu_mib=10877
00:31:38 phase=measured avail_mib=27954 free_mib=324 cached_mib=28463 swapused_mib=753 swapout_kib+=0 swapin_kib+=0 gpu_mib=10877
00:31:40 phase=measured avail_mib=27951 free_mib=321 cached_mib=28463 swapused_mib=753 swapout_kib+=0 swapin_kib+=0 gpu_mib=10877
00:31:42 phase=measured avail_mib=27955 free_mib=324 cached_mib=28463 swapused_mib=753 swapout_kib+=0 swapin_kib+=8 gpu_mib=10877
00:31:44 phase=measured avail_mib=27973 free_mib=342 cached_mib=28464 swapused_mib=753 swapout_kib+=0 swapin_kib+=0 gpu_mib=10877
00:31:46 phase=measured avail_mib=27967 free_mib=336 cached_mib=28464 swapused_mib=753 swapout_kib+=0 swapin_kib+=0 gpu_mib=10877
00:31:48 phase=measured avail_mib=27580 free_mib=336 cached_mib=28077 swapused_mib=753 swapout_kib+=0 swapin_kib+=84 gpu_mib=10877
00:31:50 phase=measured avail_mib=27599 free_mib=353 cached_mib=28079 swapused_mib=753 swapout_kib+=0 swapin_kib+=0 gpu_mib=10877
00:31:53 phase=measured avail_mib=27620 free_mib=366 cached_mib=28087 swapused_mib=753 swapout_kib+=0 swapin_kib+=0 gpu_mib=10877
00:31:55 phase=measured avail_mib=27600 free_mib=345 cached_mib=28087 swapused_mib=753 swapout_kib+=0 swapin_kib+=12 gpu_mib=10877
00:31:57 phase=measured avail_mib=27613 free_mib=359 cached_mib=28087 swapused_mib=753 swapout_kib+=0 swapin_kib+=4 gpu_mib=10877
00:31:59 phase=measured avail_mib=27485 free_mib=360 cached_mib=27957 swapused_mib=753 swapout_kib+=0 swapin_kib+=16 gpu_mib=10877
00:32:01 phase=measured avail_mib=27477 free_mib=353 cached_mib=27957 swapused_mib=753 swapout_kib+=0 swapin_kib+=0 gpu_mib=10877
00:32:03 phase=measured avail_mib=27485 free_mib=361 cached_mib=27957 swapused_mib=753 swapout_kib+=0 swapin_kib+=0 gpu_mib=10877
00:32:05 phase=measured avail_mib=27480 free_mib=355 cached_mib=27958 swapused_mib=753 swapout_kib+=0 swapin_kib+=12 gpu_mib=10877
00:32:07 phase=measured avail_mib=27492 free_mib=366 cached_mib=27959 swapused_mib=753 swapout_kib+=0 swapin_kib+=12 gpu_mib=10877
00:32:09 phase=measured avail_mib=27505 free_mib=377 cached_mib=27960 swapused_mib=753 swapout_kib+=0 swapin_kib+=20 gpu_mib=10877
00:32:11 phase=measured avail_mib=27502 free_mib=374 cached_mib=27961 swapused_mib=753 swapout_kib+=0 swapin_kib+=8 gpu_mib=10877
00:32:13 phase=measured avail_mib=27492 free_mib=363 cached_mib=27962 swapused_mib=753 swapout_kib+=0 swapin_kib+=8 gpu_mib=10877
00:32:15 phase=measured avail_mib=27499 free_mib=369 cached_mib=27963 swapused_mib=753 swapout_kib+=0 swapin_kib+=0 gpu_mib=10877
00:32:17 phase=measured avail_mib=27495 free_mib=364 cached_mib=27964 swapused_mib=753 swapout_kib+=0 swapin_kib+=8 gpu_mib=10877
00:32:19 phase=measured avail_mib=27498 free_mib=366 cached_mib=27964 swapused_mib=753 swapout_kib+=0 swapin_kib+=8 gpu_mib=10877
00:32:21 phase=measured avail_mib=27506 free_mib=373 cached_mib=27965 swapused_mib=753 swapout_kib+=0 swapin_kib+=16 gpu_mib=10877
00:32:23 phase=measured avail_mib=27486 free_mib=352 cached_mib=27967 swapused_mib=753 swapout_kib+=0 swapin_kib+=8 gpu_mib=10877
00:32:25 phase=measured avail_mib=27480 free_mib=344 cached_mib=27968 swapused_mib=753 swapout_kib+=0 swapin_kib+=16 gpu_mib=10877
00:32:27 phase=measured avail_mib=27064 free_mib=317 cached_mib=27580 swapused_mib=752 swapout_kib+=0 swapin_kib+=13588 gpu_mib=10877
00:32:29 phase=measured avail_mib=27075 free_mib=326 cached_mib=27581 swapused_mib=752 swapout_kib+=0 swapin_kib+=84 gpu_mib=10877
00:32:31 phase=measured avail_mib=27100 free_mib=351 cached_mib=27581 swapused_mib=752 swapout_kib+=0 swapin_kib+=0 gpu_mib=10877
00:32:33 phase=measured avail_mib=27118 free_mib=369 cached_mib=27581 swapused_mib=752 swapout_kib+=0 swapin_kib+=0 gpu_mib=10877
00:32:35 phase=measured avail_mib=27140 free_mib=325 cached_mib=27647 swapused_mib=752 swapout_kib+=0 swapin_kib+=380 gpu_mib=10877
00:32:37 phase=measured avail_mib=27196 free_mib=336 cached_mib=27692 swapused_mib=752 swapout_kib+=0 swapin_kib+=324 gpu_mib=10879
00:32:39 phase=measured avail_mib=27227 free_mib=325 cached_mib=27734 swapused_mib=752 swapout_kib+=0 swapin_kib+=4 gpu_mib=10879
00:32:41 phase=measured avail_mib=27236 free_mib=334 cached_mib=27734 swapused_mib=752 swapout_kib+=0 swapin_kib+=0 gpu_mib=10879
00:32:43 phase=measured avail_mib=27247 free_mib=345 cached_mib=27734 swapused_mib=752 swapout_kib+=0 swapin_kib+=0 gpu_mib=10879
00:32:45 phase=measured avail_mib=27251 free_mib=283 cached_mib=27799 swapused_mib=752 swapout_kib+=0 swapin_kib+=356 gpu_mib=10879
00:32:47 phase=measured avail_mib=27174 free_mib=297 cached_mib=27708 swapused_mib=752 swapout_kib+=0 swapin_kib+=236 gpu_mib=10879
00:32:49 phase=measured avail_mib=27162 free_mib=267 cached_mib=27727 swapused_mib=752 swapout_kib+=0 swapin_kib+=0 gpu_mib=10879
00:32:51 phase=measured avail_mib=27166 free_mib=271 cached_mib=27727 swapused_mib=752 swapout_kib+=0 swapin_kib+=0 gpu_mib=10879
00:32:54 phase=measured avail_mib=27208 free_mib=305 cached_mib=27734 swapused_mib=752 swapout_kib+=0 swapin_kib+=4 gpu_mib=10879
00:32:56 phase=measured avail_mib=27202 free_mib=298 cached_mib=27735 swapused_mib=752 swapout_kib+=0 swapin_kib+=124 gpu_mib=10879
00:32:58 phase=measured avail_mib=27095 free_mib=268 cached_mib=27658 swapused_mib=751 swapout_kib+=0 swapin_kib+=372 gpu_mib=10879
00:33:00 phase=measured avail_mib=27108 free_mib=367 cached_mib=27572 swapused_mib=751 swapout_kib+=0 swapin_kib+=0 gpu_mib=10879
00:33:02 phase=measured avail_mib=27099 free_mib=354 cached_mib=27576 swapused_mib=751 swapout_kib+=0 swapin_kib+=0 gpu_mib=10879
00:33:04 phase=measured avail_mib=27106 free_mib=359 cached_mib=27579 swapused_mib=751 swapout_kib+=0 swapin_kib+=0 gpu_mib=10879
00:33:06 phase=measured avail_mib=27094 free_mib=346 cached_mib=27579 swapused_mib=751 swapout_kib+=0 swapin_kib+=0 gpu_mib=10879
00:33:08 phase=measured avail_mib=26958 free_mib=340 cached_mib=27449 swapused_mib=751 swapout_kib+=0 swapin_kib+=372 gpu_mib=10879
00:33:10 phase=measured avail_mib=26942 free_mib=324 cached_mib=27449 swapused_mib=751 swapout_kib+=0 swapin_kib+=0 gpu_mib=10879
00:33:12 phase=measured avail_mib=26961 free_mib=343 cached_mib=27449 swapused_mib=751 swapout_kib+=0 swapin_kib+=0 gpu_mib=10879
00:33:14 phase=measured avail_mib=26950 free_mib=331 cached_mib=27450 swapused_mib=751 swapout_kib+=0 swapin_kib+=0 gpu_mib=10879
00:33:16 phase=measured avail_mib=26944 free_mib=324 cached_mib=27450 swapused_mib=751 swapout_kib+=0 swapin_kib+=40 gpu_mib=10879
00:33:18 phase=measured avail_mib=26963 free_mib=343 cached_mib=27451 swapused_mib=751 swapout_kib+=0 swapin_kib+=24 gpu_mib=10879
00:33:20 phase=measured avail_mib=26980 free_mib=360 cached_mib=27451 swapused_mib=751 swapout_kib+=0 swapin_kib+=24 gpu_mib=10879
00:33:22 phase=measured avail_mib=26962 free_mib=341 cached_mib=27452 swapused_mib=751 swapout_kib+=0 swapin_kib+=0 gpu_mib=10879
00:33:24 phase=measured avail_mib=26986 free_mib=364 cached_mib=27453 swapused_mib=751 swapout_kib+=0 swapin_kib+=16 gpu_mib=10879
00:33:26 phase=measured avail_mib=26996 free_mib=374 cached_mib=27454 swapused_mib=751 swapout_kib+=0 swapin_kib+=8 gpu_mib=10879
00:33:28 phase=measured avail_mib=26986 free_mib=364 cached_mib=27454 swapused_mib=751 swapout_kib+=0 swapin_kib+=36 gpu_mib=10879
00:33:30 phase=measured avail_mib=26981 free_mib=358 cached_mib=27454 swapused_mib=751 swapout_kib+=0 swapin_kib+=8 gpu_mib=10879
00:33:32 phase=measured avail_mib=26975 free_mib=351 cached_mib=27455 swapused_mib=751 swapout_kib+=0 swapin_kib+=32 gpu_mib=10879
00:33:34 phase=measured avail_mib=26985 free_mib=361 cached_mib=27455 swapused_mib=751 swapout_kib+=0 swapin_kib+=8 gpu_mib=10879
00:33:36 phase=measured avail_mib=26988 free_mib=363 cached_mib=27456 swapused_mib=751 swapout_kib+=0 swapin_kib+=12 gpu_mib=10879
00:33:38 phase=measured avail_mib=26105 free_mib=260 cached_mib=26676 swapused_mib=751 swapout_kib+=0 swapin_kib+=2356 gpu_mib=10879
00:33:40 phase=measured avail_mib=26140 free_mib=294 cached_mib=26677 swapused_mib=751 swapout_kib+=0 swapin_kib+=112 gpu_mib=10879
00:33:42 phase=measured avail_mib=26134 free_mib=288 cached_mib=26677 swapused_mib=751 swapout_kib+=0 swapin_kib+=0 gpu_mib=10879
00:33:44 phase=measured avail_mib=26142 free_mib=296 cached_mib=26677 swapused_mib=751 swapout_kib+=0 swapin_kib+=0 gpu_mib=10879
00:33:46 phase=measured avail_mib=26130 free_mib=284 cached_mib=26677 swapused_mib=751 swapout_kib+=0 swapin_kib+=0 gpu_mib=10879
00:33:48 phase=measured avail_mib=26138 free_mib=292 cached_mib=26677 swapused_mib=751 swapout_kib+=0 swapin_kib+=0 gpu_mib=10879
00:33:50 phase=measured avail_mib=26155 free_mib=309 cached_mib=26677 swapused_mib=751 swapout_kib+=0 swapin_kib+=24 gpu_mib=10879
00:33:52 phase=measured avail_mib=26155 free_mib=309 cached_mib=26677 swapused_mib=751 swapout_kib+=0 swapin_kib+=4 gpu_mib=10879
00:33:54 phase=measured avail_mib=26183 free_mib=329 cached_mib=26685 swapused_mib=751 swapout_kib+=0 swapin_kib+=0 gpu_mib=10879
00:33:57 phase=measured avail_mib=26180 free_mib=326 cached_mib=26685 swapused_mib=751 swapout_kib+=0 swapin_kib+=0 gpu_mib=10879
00:33:59 phase=measured avail_mib=26203 free_mib=349 cached_mib=26685 swapused_mib=751 swapout_kib+=0 swapin_kib+=12 gpu_mib=10879
00:34:01 phase=measured avail_mib=26218 free_mib=364 cached_mib=26685 swapused_mib=751 swapout_kib+=0 swapin_kib+=0 gpu_mib=10879
00:34:03 phase=measured avail_mib=26238 free_mib=384 cached_mib=26685 swapused_mib=751 swapout_kib+=0 swapin_kib+=608 gpu_mib=10881
00:34:05 phase=measured avail_mib=26147 free_mib=292 cached_mib=26685 swapused_mib=751 swapout_kib+=0 swapin_kib+=0 gpu_mib=10881
00:34:07 phase=measured avail_mib=26157 free_mib=302 cached_mib=26685 swapused_mib=751 swapout_kib+=0 swapin_kib+=0 gpu_mib=10881
00:34:09 phase=measured avail_mib=26136 free_mib=282 cached_mib=26685 swapused_mib=751 swapout_kib+=0 swapin_kib+=0 gpu_mib=10881
00:34:11 phase=measured avail_mib=26163 free_mib=308 cached_mib=26685 swapused_mib=751 swapout_kib+=0 swapin_kib+=0 gpu_mib=10881
00:34:13 phase=measured avail_mib=26047 free_mib=322 cached_mib=26555 swapused_mib=751 swapout_kib+=0 swapin_kib+=0 gpu_mib=10881
00:34:15 phase=measured avail_mib=25995 free_mib=270 cached_mib=26555 swapused_mib=751 swapout_kib+=0 swapin_kib+=0 gpu_mib=10881
00:34:17 phase=measured avail_mib=26012 free_mib=287 cached_mib=26556 swapused_mib=751 swapout_kib+=0 swapin_kib+=0 gpu_mib=10881
00:34:19 phase=measured avail_mib=26035 free_mib=310 cached_mib=26556 swapused_mib=751 swapout_kib+=0 swapin_kib+=0 gpu_mib=10881
00:34:21 phase=measured avail_mib=26054 free_mib=329 cached_mib=26556 swapused_mib=751 swapout_kib+=0 swapin_kib+=0 gpu_mib=10881
00:34:23 phase=measured avail_mib=26088 free_mib=362 cached_mib=26556 swapused_mib=751 swapout_kib+=0 swapin_kib+=8 gpu_mib=10881
00:34:25 phase=measured avail_mib=26089 free_mib=363 cached_mib=26557 swapused_mib=750 swapout_kib+=0 swapin_kib+=0 gpu_mib=10881
00:34:27 phase=measured avail_mib=26083 free_mib=356 cached_mib=26557 swapused_mib=750 swapout_kib+=0 swapin_kib+=0 gpu_mib=10881
00:34:29 phase=measured avail_mib=26076 free_mib=349 cached_mib=26558 swapused_mib=750 swapout_kib+=0 swapin_kib+=12 gpu_mib=10881
00:34:31 phase=measured avail_mib=26066 free_mib=338 cached_mib=26558 swapused_mib=750 swapout_kib+=0 swapin_kib+=0 gpu_mib=10881
00:34:33 phase=measured avail_mib=26076 free_mib=348 cached_mib=26558 swapused_mib=750 swapout_kib+=0 swapin_kib+=0 gpu_mib=10881
00:34:35 phase=measured avail_mib=26073 free_mib=346 cached_mib=26558 swapused_mib=750 swapout_kib+=0 swapin_kib+=0 gpu_mib=10881
00:34:37 phase=measured avail_mib=26080 free_mib=353 cached_mib=26558 swapused_mib=750 swapout_kib+=0 swapin_kib+=0 gpu_mib=10881
00:34:39 phase=measured avail_mib=26103 free_mib=375 cached_mib=26558 swapused_mib=750 swapout_kib+=0 swapin_kib+=4 gpu_mib=10881
00:34:41 phase=measured avail_mib=26085 free_mib=356 cached_mib=26559 swapused_mib=750 swapout_kib+=0 swapin_kib+=0 gpu_mib=10881
00:34:43 phase=measured avail_mib=25240 free_mib=291 cached_mib=25780 swapused_mib=750 swapout_kib+=0 swapin_kib+=36 gpu_mib=10881
00:34:45 phase=measured avail_mib=25253 free_mib=303 cached_mib=25780 swapused_mib=750 swapout_kib+=0 swapin_kib+=0 gpu_mib=10881
00:34:47 phase=measured avail_mib=25251 free_mib=302 cached_mib=25780 swapused_mib=750 swapout_kib+=0 swapin_kib+=0 gpu_mib=10881
00:34:49 phase=measured avail_mib=25243 free_mib=294 cached_mib=25780 swapused_mib=750 swapout_kib+=0 swapin_kib+=0 gpu_mib=10881
00:34:51 phase=measured avail_mib=25226 free_mib=277 cached_mib=25780 swapused_mib=750 swapout_kib+=0 swapin_kib+=0 gpu_mib=10881
00:34:53 phase=measured avail_mib=25259 free_mib=303 cached_mib=25786 swapused_mib=750 swapout_kib+=0 swapin_kib+=0 gpu_mib=10881
00:34:55 phase=measured avail_mib=25264 free_mib=308 cached_mib=25786 swapused_mib=750 swapout_kib+=0 swapin_kib+=16 gpu_mib=10881
00:34:57 phase=measured avail_mib=25276 free_mib=320 cached_mib=25786 swapused_mib=750 swapout_kib+=0 swapin_kib+=0 gpu_mib=10881
00:35:00 phase=measured avail_mib=25300 free_mib=345 cached_mib=25786 swapused_mib=750 swapout_kib+=0 swapin_kib+=0 gpu_mib=10881
00:35:02 phase=measured avail_mib=25302 free_mib=346 cached_mib=25786 swapused_mib=750 swapout_kib+=0 swapin_kib+=124 gpu_mib=10881
00:35:04 phase=measured avail_mib=25317 free_mib=361 cached_mib=25786 swapused_mib=750 swapout_kib+=0 swapin_kib+=0 gpu_mib=10881
00:35:06 phase=measured avail_mib=25305 free_mib=349 cached_mib=25786 swapused_mib=750 swapout_kib+=0 swapin_kib+=0 gpu_mib=10881
00:35:08 phase=measured avail_mib=25312 free_mib=356 cached_mib=25786 swapused_mib=750 swapout_kib+=0 swapin_kib+=0 gpu_mib=10881
00:35:10 phase=measured avail_mib=25318 free_mib=362 cached_mib=25786 swapused_mib=750 swapout_kib+=0 swapin_kib+=0 gpu_mib=10881
00:35:12 phase=measured avail_mib=25319 free_mib=363 cached_mib=25786 swapused_mib=750 swapout_kib+=0 swapin_kib+=0 gpu_mib=10881
00:35:14 phase=measured avail_mib=25335 free_mib=379 cached_mib=25786 swapused_mib=750 swapout_kib+=0 swapin_kib+=0 gpu_mib=10881
00:35:16 phase=measured avail_mib=25356 free_mib=400 cached_mib=25786 swapused_mib=750 swapout_kib+=0 swapin_kib+=0 gpu_mib=10881
00:35:18 phase=measured avail_mib=25233 free_mib=277 cached_mib=25786 swapused_mib=750 swapout_kib+=0 swapin_kib+=0 gpu_mib=10881
00:35:20 phase=measured avail_mib=25232 free_mib=276 cached_mib=25786 swapused_mib=750 swapout_kib+=0 swapin_kib+=0 gpu_mib=10881
00:35:22 phase=measured avail_mib=25228 free_mib=272 cached_mib=25786 swapused_mib=750 swapout_kib+=0 swapin_kib+=0 gpu_mib=10881
00:35:24 phase=measured avail_mib=25234 free_mib=278 cached_mib=25786 swapused_mib=750 swapout_kib+=0 swapin_kib+=0 gpu_mib=10881
00:35:26 phase=measured avail_mib=25240 free_mib=283 cached_mib=25787 swapused_mib=750 swapout_kib+=0 swapin_kib+=0 gpu_mib=10881
00:35:28 phase=measured avail_mib=25246 free_mib=289 cached_mib=25787 swapused_mib=750 swapout_kib+=0 swapin_kib+=4 gpu_mib=10881
00:35:30 phase=measured avail_mib=25238 free_mib=280 cached_mib=25788 swapused_mib=750 swapout_kib+=0 swapin_kib+=8 gpu_mib=10881
00:35:32 phase=measured avail_mib=25241 free_mib=283 cached_mib=25789 swapused_mib=750 swapout_kib+=0 swapin_kib+=0 gpu_mib=10881
00:35:34 phase=measured avail_mib=25237 free_mib=278 cached_mib=25790 swapused_mib=750 swapout_kib+=0 swapin_kib+=0 gpu_mib=10881
00:35:36 phase=measured avail_mib=25238 free_mib=278 cached_mib=25790 swapused_mib=750 swapout_kib+=0 swapin_kib+=8 gpu_mib=10881
00:35:38 phase=measured avail_mib=25245 free_mib=284 cached_mib=25791 swapused_mib=750 swapout_kib+=0 swapin_kib+=0 gpu_mib=10881
00:35:40 phase=measured avail_mib=25236 free_mib=274 cached_mib=25792 swapused_mib=750 swapout_kib+=0 swapin_kib+=0 gpu_mib=10881
00:35:42 phase=measured avail_mib=25237 free_mib=275 cached_mib=25793 swapused_mib=750 swapout_kib+=0 swapin_kib+=0 gpu_mib=10881
00:35:44 phase=measured avail_mib=25243 free_mib=279 cached_mib=25794 swapused_mib=750 swapout_kib+=0 swapin_kib+=8 gpu_mib=10881
00:35:46 phase=measured avail_mib=25240 free_mib=275 cached_mib=25795 swapused_mib=750 swapout_kib+=0 swapin_kib+=16 gpu_mib=10881
00:35:48 phase=measured avail_mib=24365 free_mib=310 cached_mib=24885 swapused_mib=750 swapout_kib+=0 swapin_kib+=16 gpu_mib=10881
00:35:50 phase=measured avail_mib=24373 free_mib=318 cached_mib=24885 swapused_mib=750 swapout_kib+=0 swapin_kib+=0 gpu_mib=10881
00:35:52 phase=measured avail_mib=24353 free_mib=298 cached_mib=24885 swapused_mib=750 swapout_kib+=0 swapin_kib+=0 gpu_mib=10881
00:35:54 phase=measured avail_mib=24387 free_mib=325 cached_mib=24893 swapused_mib=750 swapout_kib+=0 swapin_kib+=0 gpu_mib=10881
00:35:56 phase=measured avail_mib=24370 free_mib=307 cached_mib=24893 swapused_mib=750 swapout_kib+=0 swapin_kib+=32 gpu_mib=10881
00:35:58 phase=measured avail_mib=24352 free_mib=290 cached_mib=24893 swapused_mib=750 swapout_kib+=0 swapin_kib+=0 gpu_mib=10881
00:36:00 phase=measured avail_mib=24397 free_mib=334 cached_mib=24893 swapused_mib=750 swapout_kib+=0 swapin_kib+=0 gpu_mib=10881
00:36:03 phase=measured avail_mib=24432 free_mib=370 cached_mib=24893 swapused_mib=750 swapout_kib+=0 swapin_kib+=0 gpu_mib=10881
00:36:05 phase=measured avail_mib=24461 free_mib=398 cached_mib=24893 swapused_mib=750 swapout_kib+=0 swapin_kib+=0 gpu_mib=10881
00:36:07 phase=measured avail_mib=24503 free_mib=441 cached_mib=24893 swapused_mib=750 swapout_kib+=0 swapin_kib+=0 gpu_mib=10881
00:36:09 phase=measured avail_mib=24532 free_mib=469 cached_mib=24893 swapused_mib=750 swapout_kib+=0 swapin_kib+=0 gpu_mib=10881
00:36:11 phase=measured avail_mib=24526 free_mib=463 cached_mib=24893 swapused_mib=750 swapout_kib+=0 swapin_kib+=0 gpu_mib=10881
00:36:13 phase=measured avail_mib=24457 free_mib=395 cached_mib=24893 swapused_mib=750 swapout_kib+=0 swapin_kib+=0 gpu_mib=10881
00:36:15 phase=measured avail_mib=24453 free_mib=390 cached_mib=24893 swapused_mib=750 swapout_kib+=0 swapin_kib+=0 gpu_mib=10881
00:36:17 phase=measured avail_mib=24462 free_mib=400 cached_mib=24893 swapused_mib=750 swapout_kib+=0 swapin_kib+=0 gpu_mib=10881
00:36:19 phase=measured avail_mib=24456 free_mib=391 cached_mib=24895 swapused_mib=750 swapout_kib+=0 swapin_kib+=0 gpu_mib=10881
00:36:21 phase=measured avail_mib=24451 free_mib=386 cached_mib=24895 swapused_mib=750 swapout_kib+=0 swapin_kib+=0 gpu_mib=10881
00:36:23 phase=measured avail_mib=24337 free_mib=272 cached_mib=24895 swapused_mib=750 swapout_kib+=0 swapin_kib+=0 gpu_mib=10881
00:36:25 phase=measured avail_mib=24343 free_mib=278 cached_mib=24895 swapused_mib=750 swapout_kib+=0 swapin_kib+=0 gpu_mib=10881
00:36:27 phase=measured avail_mib=24330 free_mib=265 cached_mib=24895 swapused_mib=750 swapout_kib+=0 swapin_kib+=0 gpu_mib=10881
00:36:29 phase=measured avail_mib=24328 free_mib=263 cached_mib=24895 swapused_mib=750 swapout_kib+=0 swapin_kib+=0 gpu_mib=10881
00:36:31 phase=measured avail_mib=24334 free_mib=270 cached_mib=24895 swapused_mib=750 swapout_kib+=0 swapin_kib+=0 gpu_mib=10881
00:36:33 phase=measured avail_mib=24346 free_mib=281 cached_mib=24895 swapused_mib=750 swapout_kib+=0 swapin_kib+=0 gpu_mib=10881
00:36:35 phase=measured avail_mib=24336 free_mib=270 cached_mib=24895 swapused_mib=750 swapout_kib+=0 swapin_kib+=0 gpu_mib=10881
00:36:37 phase=measured avail_mib=24334 free_mib=269 cached_mib=24895 swapused_mib=750 swapout_kib+=0 swapin_kib+=0 gpu_mib=10881
00:36:39 phase=measured avail_mib=24338 free_mib=273 cached_mib=24896 swapused_mib=750 swapout_kib+=0 swapin_kib+=4 gpu_mib=10881
00:36:41 phase=measured avail_mib=24334 free_mib=268 cached_mib=24896 swapused_mib=750 swapout_kib+=0 swapin_kib+=0 gpu_mib=10881
00:36:43 phase=measured avail_mib=24343 free_mib=277 cached_mib=24897 swapused_mib=750 swapout_kib+=0 swapin_kib+=8 gpu_mib=10881
00:36:45 phase=measured avail_mib=24343 free_mib=276 cached_mib=24897 swapused_mib=750 swapout_kib+=0 swapin_kib+=0 gpu_mib=10881
00:36:47 phase=measured avail_mib=24339 free_mib=271 cached_mib=24898 swapused_mib=750 swapout_kib+=0 swapin_kib+=0 gpu_mib=10881
00:36:49 phase=measured avail_mib=24337 free_mib=269 cached_mib=24898 swapused_mib=750 swapout_kib+=0 swapin_kib+=0 gpu_mib=10881
00:36:51 phase=measured avail_mib=23484 free_mib=326 cached_mib=23989 swapused_mib=750 swapout_kib+=0 swapin_kib+=8 gpu_mib=10881
00:36:53 phase=measured avail_mib=23466 free_mib=307 cached_mib=23989 swapused_mib=750 swapout_kib+=0 swapin_kib+=0 gpu_mib=10881
00:36:55 phase=measured avail_mib=23458 free_mib=292 cached_mib=23997 swapused_mib=750 swapout_kib+=0 swapin_kib+=0 gpu_mib=10881
00:36:57 phase=measured avail_mib=23468 free_mib=301 cached_mib=23997 swapused_mib=750 swapout_kib+=0 swapin_kib+=0 gpu_mib=10881
00:36:59 phase=measured avail_mib=23463 free_mib=296 cached_mib=23997 swapused_mib=750 swapout_kib+=0 swapin_kib+=0 gpu_mib=10881
00:37:01 phase=measured avail_mib=23476 free_mib=309 cached_mib=23997 swapused_mib=750 swapout_kib+=0 swapin_kib+=0 gpu_mib=10881
00:37:03 phase=measured avail_mib=23509 free_mib=342 cached_mib=23997 swapused_mib=750 swapout_kib+=0 swapin_kib+=0 gpu_mib=10881
00:37:05 phase=measured avail_mib=23508 free_mib=341 cached_mib=23997 swapused_mib=750 swapout_kib+=0 swapin_kib+=0 gpu_mib=10881
00:37:08 phase=measured avail_mib=23489 free_mib=322 cached_mib=23997 swapused_mib=750 swapout_kib+=0 swapin_kib+=0 gpu_mib=10881
00:37:10 phase=measured avail_mib=23483 free_mib=316 cached_mib=23997 swapused_mib=750 swapout_kib+=0 swapin_kib+=0 gpu_mib=10881
00:37:12 phase=measured avail_mib=23488 free_mib=321 cached_mib=23997 swapused_mib=750 swapout_kib+=0 swapin_kib+=0 gpu_mib=10881
00:37:14 phase=measured avail_mib=23524 free_mib=357 cached_mib=23997 swapused_mib=750 swapout_kib+=0 swapin_kib+=0 gpu_mib=10881
00:37:16 phase=measured avail_mib=23549 free_mib=382 cached_mib=23997 swapused_mib=750 swapout_kib+=0 swapin_kib+=4 gpu_mib=10881
00:37:18 phase=measured avail_mib=23473 free_mib=306 cached_mib=23997 swapused_mib=750 swapout_kib+=0 swapin_kib+=0 gpu_mib=10881
00:37:20 phase=measured avail_mib=23461 free_mib=294 cached_mib=23997 swapused_mib=750 swapout_kib+=0 swapin_kib+=0 gpu_mib=10881
00:37:22 phase=measured avail_mib=23515 free_mib=348 cached_mib=23997 swapused_mib=750 swapout_kib+=0 swapin_kib+=0 gpu_mib=10881
00:37:24 phase=measured avail_mib=23488 free_mib=321 cached_mib=23997 swapused_mib=750 swapout_kib+=0 swapin_kib+=0 gpu_mib=10881
00:37:26 phase=measured avail_mib=23418 free_mib=381 cached_mib=23867 swapused_mib=750 swapout_kib+=0 swapin_kib+=4 gpu_mib=10881
00:37:28 phase=measured avail_mib=23405 free_mib=368 cached_mib=23867 swapused_mib=750 swapout_kib+=0 swapin_kib+=0 gpu_mib=10881
00:37:30 phase=measured avail_mib=23424 free_mib=387 cached_mib=23867 swapused_mib=750 swapout_kib+=0 swapin_kib+=0 gpu_mib=10881
00:37:32 phase=measured avail_mib=23445 free_mib=408 cached_mib=23867 swapused_mib=750 swapout_kib+=0 swapin_kib+=0 gpu_mib=10881
00:37:34 phase=measured avail_mib=23412 free_mib=375 cached_mib=23867 swapused_mib=750 swapout_kib+=0 swapin_kib+=0 gpu_mib=10881
00:37:36 phase=measured avail_mib=23430 free_mib=393 cached_mib=23867 swapused_mib=750 swapout_kib+=0 swapin_kib+=0 gpu_mib=10881
00:37:38 phase=measured avail_mib=23443 free_mib=406 cached_mib=23867 swapused_mib=750 swapout_kib+=0 swapin_kib+=0 gpu_mib=10881
00:37:40 phase=measured avail_mib=23438 free_mib=401 cached_mib=23867 swapused_mib=750 swapout_kib+=0 swapin_kib+=0 gpu_mib=10881
00:37:42 phase=measured avail_mib=23451 free_mib=414 cached_mib=23867 swapused_mib=750 swapout_kib+=0 swapin_kib+=0 gpu_mib=10881
00:37:44 phase=measured avail_mib=23465 free_mib=428 cached_mib=23867 swapused_mib=750 swapout_kib+=0 swapin_kib+=0 gpu_mib=10881
00:37:46 phase=measured avail_mib=23462 free_mib=425 cached_mib=23867 swapused_mib=750 swapout_kib+=0 swapin_kib+=0 gpu_mib=10881
00:37:48 phase=measured avail_mib=23438 free_mib=401 cached_mib=23867 swapused_mib=750 swapout_kib+=0 swapin_kib+=0 gpu_mib=10881
00:37:50 phase=measured avail_mib=23425 free_mib=388 cached_mib=23867 swapused_mib=750 swapout_kib+=0 swapin_kib+=0 gpu_mib=10881
00:37:52 phase=measured avail_mib=23434 free_mib=396 cached_mib=23867 swapused_mib=750 swapout_kib+=0 swapin_kib+=0 gpu_mib=10881
00:37:54 phase=measured avail_mib=23447 free_mib=409 cached_mib=23868 swapused_mib=750 swapout_kib+=0 swapin_kib+=4 gpu_mib=10881
00:37:56 phase=measured avail_mib=22874 free_mib=415 cached_mib=23290 swapused_mib=750 swapout_kib+=4 swapin_kib+=0 gpu_mib=10881
00:37:58 phase=measured avail_mib=22858 free_mib=399 cached_mib=23290 swapused_mib=750 swapout_kib+=0 swapin_kib+=4 gpu_mib=10881
00:38:00 phase=measured avail_mib=22834 free_mib=375 cached_mib=23291 swapused_mib=750 swapout_kib+=0 swapin_kib+=0 gpu_mib=10881
00:38:02 phase=measured avail_mib=22827 free_mib=367 cached_mib=23291 swapused_mib=750 swapout_kib+=0 swapin_kib+=0 gpu_mib=10881
00:38:04 phase=measured avail_mib=22808 free_mib=348 cached_mib=23291 swapused_mib=750 swapout_kib+=0 swapin_kib+=0 gpu_mib=10881
00:38:06 phase=measured avail_mib=22830 free_mib=371 cached_mib=23291 swapused_mib=750 swapout_kib+=0 swapin_kib+=0 gpu_mib=10881
00:38:08 phase=measured avail_mib=22841 free_mib=381 cached_mib=23291 swapused_mib=750 swapout_kib+=0 swapin_kib+=0 gpu_mib=10881
00:38:11 phase=measured avail_mib=22786 free_mib=326 cached_mib=23291 swapused_mib=750 swapout_kib+=0 swapin_kib+=0 gpu_mib=10881
00:38:13 phase=measured avail_mib=22820 free_mib=361 cached_mib=23291 swapused_mib=750 swapout_kib+=0 swapin_kib+=12 gpu_mib=10881
00:38:15 phase=measured avail_mib=22809 free_mib=349 cached_mib=23291 swapused_mib=750 swapout_kib+=0 swapin_kib+=0 gpu_mib=10881
00:38:17 phase=measured avail_mib=22835 free_mib=375 cached_mib=23291 swapused_mib=750 swapout_kib+=0 swapin_kib+=0 gpu_mib=10881
00:38:19 phase=measured avail_mib=22840 free_mib=380 cached_mib=23291 swapused_mib=750 swapout_kib+=0 swapin_kib+=0 gpu_mib=10881
00:38:21 phase=measured avail_mib=22705 free_mib=246 cached_mib=23291 swapused_mib=750 swapout_kib+=0 swapin_kib+=0 gpu_mib=10881
00:38:23 phase=measured avail_mib=22715 free_mib=255 cached_mib=23291 swapused_mib=750 swapout_kib+=0 swapin_kib+=0 gpu_mib=10881
00:38:25 phase=measured avail_mib=22730 free_mib=270 cached_mib=23291 swapused_mib=750 swapout_kib+=0 swapin_kib+=0 gpu_mib=10881
00:38:27 phase=measured avail_mib=22731 free_mib=271 cached_mib=23291 swapused_mib=750 swapout_kib+=0 swapin_kib+=12 gpu_mib=10881
00:38:29 phase=measured avail_mib=22740 free_mib=280 cached_mib=23291 swapused_mib=750 swapout_kib+=0 swapin_kib+=0 gpu_mib=10881
00:38:31 phase=measured avail_mib=22632 free_mib=339 cached_mib=23125 swapused_mib=751 swapout_kib+=1764 swapin_kib+=0 gpu_mib=10881
00:38:33 phase=measured avail_mib=22633 free_mib=340 cached_mib=23126 swapused_mib=751 swapout_kib+=0 swapin_kib+=0 gpu_mib=10881
00:38:35 phase=measured avail_mib=22610 free_mib=317 cached_mib=23126 swapused_mib=751 swapout_kib+=0 swapin_kib+=0 gpu_mib=10881
00:38:37 phase=measured avail_mib=22596 free_mib=302 cached_mib=23126 swapused_mib=751 swapout_kib+=0 swapin_kib+=0 gpu_mib=10881
00:38:39 phase=measured avail_mib=22593 free_mib=299 cached_mib=23126 swapused_mib=751 swapout_kib+=0 swapin_kib+=0 gpu_mib=10881
00:38:41 phase=measured avail_mib=22582 free_mib=288 cached_mib=23126 swapused_mib=751 swapout_kib+=0 swapin_kib+=0 gpu_mib=10881
00:38:43 phase=measured avail_mib=22566 free_mib=272 cached_mib=23126 swapused_mib=751 swapout_kib+=0 swapin_kib+=0 gpu_mib=10881
00:38:45 phase=measured avail_mib=22577 free_mib=283 cached_mib=23126 swapused_mib=751 swapout_kib+=0 swapin_kib+=0 gpu_mib=10881
00:38:47 phase=measured avail_mib=22593 free_mib=299 cached_mib=23127 swapused_mib=751 swapout_kib+=0 swapin_kib+=0 gpu_mib=10881
00:38:49 phase=measured avail_mib=22602 free_mib=308 cached_mib=23127 swapused_mib=751 swapout_kib+=0 swapin_kib+=0 gpu_mib=10881
00:38:51 phase=measured avail_mib=22604 free_mib=309 cached_mib=23127 swapused_mib=751 swapout_kib+=0 swapin_kib+=0 gpu_mib=10881
00:38:53 phase=measured avail_mib=22604 free_mib=310 cached_mib=23127 swapused_mib=751 swapout_kib+=0 swapin_kib+=0 gpu_mib=10881
00:38:55 phase=measured avail_mib=22594 free_mib=300 cached_mib=23127 swapused_mib=751 swapout_kib+=0 swapin_kib+=0 gpu_mib=10881
00:38:57 phase=measured avail_mib=22590 free_mib=275 cached_mib=23147 swapused_mib=751 swapout_kib+=0 swapin_kib+=20 gpu_mib=10881
00:38:59 phase=measured avail_mib=22492 free_mib=292 cached_mib=23033 swapused_mib=751 swapout_kib+=0 swapin_kib+=5296 gpu_mib=10881
00:39:01 phase=measured avail_mib=21943 free_mib=385 cached_mib=22391 swapused_mib=751 swapout_kib+=0 swapin_kib+=0 gpu_mib=10881
00:39:03 phase=measured avail_mib=21948 free_mib=327 cached_mib=22454 swapused_mib=751 swapout_kib+=0 swapin_kib+=0 gpu_mib=10881
00:39:05 phase=measured avail_mib=21914 free_mib=292 cached_mib=22455 swapused_mib=751 swapout_kib+=0 swapin_kib+=0 gpu_mib=10881
00:39:07 phase=measured avail_mib=21908 free_mib=286 cached_mib=22455 swapused_mib=751 swapout_kib+=0 swapin_kib+=0 gpu_mib=10881
00:39:09 phase=measured avail_mib=21921 free_mib=299 cached_mib=22455 swapused_mib=751 swapout_kib+=0 swapin_kib+=0 gpu_mib=10881
00:39:12 phase=measured avail_mib=21919 free_mib=248 cached_mib=22503 swapused_mib=751 swapout_kib+=0 swapin_kib+=0 gpu_mib=10881
00:39:14 phase=measured avail_mib=22064 free_mib=374 cached_mib=22523 swapused_mib=860 swapout_kib+=112080 swapin_kib+=0 gpu_mib=10881
00:39:16 phase=measured avail_mib=22000 free_mib=310 cached_mib=22523 swapused_mib=860 swapout_kib+=0 swapin_kib+=4 gpu_mib=10881
00:39:18 phase=measured avail_mib=22016 free_mib=326 cached_mib=22523 swapused_mib=860 swapout_kib+=0 swapin_kib+=0 gpu_mib=10881
00:39:20 phase=measured avail_mib=22035 free_mib=345 cached_mib=22523 swapused_mib=860 swapout_kib+=0 swapin_kib+=0 gpu_mib=10881
00:39:22 phase=measured avail_mib=22050 free_mib=314 cached_mib=22569 swapused_mib=860 swapout_kib+=0 swapin_kib+=0 gpu_mib=10881
00:39:24 phase=measured avail_mib=22044 free_mib=259 cached_mib=22619 swapused_mib=860 swapout_kib+=0 swapin_kib+=0 gpu_mib=10881
00:39:26 phase=measured avail_mib=22052 free_mib=267 cached_mib=22619 swapused_mib=860 swapout_kib+=0 swapin_kib+=0 gpu_mib=10881
00:39:28 phase=measured avail_mib=22053 free_mib=268 cached_mib=22619 swapused_mib=860 swapout_kib+=0 swapin_kib+=0 gpu_mib=10881
00:39:30 phase=measured avail_mib=22061 free_mib=276 cached_mib=22619 swapused_mib=860 swapout_kib+=0 swapin_kib+=4 gpu_mib=10881
00:39:32 phase=measured avail_mib=22068 free_mib=242 cached_mib=22660 swapused_mib=860 swapout_kib+=0 swapin_kib+=0 gpu_mib=10881
00:39:34 phase=measured avail_mib=22107 free_mib=239 cached_mib=22702 swapused_mib=889 swapout_kib+=29636 swapin_kib+=0 gpu_mib=10881
00:39:36 phase=measured avail_mib=22119 free_mib=253 cached_mib=22700 swapused_mib=889 swapout_kib+=84 swapin_kib+=4 gpu_mib=10881
00:39:38 phase=measured avail_mib=22102 free_mib=237 cached_mib=22700 swapused_mib=889 swapout_kib+=8 swapin_kib+=0 gpu_mib=10881
00:39:40 phase=measured avail_mib=22117 free_mib=253 cached_mib=22699 swapused_mib=889 swapout_kib+=4 swapin_kib+=0 gpu_mib=10881
00:39:42 phase=measured avail_mib=22106 free_mib=267 cached_mib=22674 swapused_mib=889 swapout_kib+=4 swapin_kib+=352 gpu_mib=10881
00:39:44 phase=measured avail_mib=22078 free_mib=254 cached_mib=22658 swapused_mib=889 swapout_kib+=0 swapin_kib+=0 gpu_mib=10881
00:39:46 phase=measured avail_mib=22093 free_mib=270 cached_mib=22657 swapused_mib=907 swapout_kib+=18540 swapin_kib+=0 gpu_mib=10881
00:39:48 phase=measured avail_mib=22094 free_mib=271 cached_mib=22657 swapused_mib=907 swapout_kib+=0 swapin_kib+=0 gpu_mib=10881
00:39:50 phase=measured avail_mib=22112 free_mib=289 cached_mib=22657 swapused_mib=907 swapout_kib+=0 swapin_kib+=0 gpu_mib=10881
00:39:52 phase=measured avail_mib=22103 free_mib=278 cached_mib=22659 swapused_mib=907 swapout_kib+=0 swapin_kib+=0 gpu_mib=10881
00:39:54 phase=measured avail_mib=22157 free_mib=271 cached_mib=22721 swapused_mib=960 swapout_kib+=54084 swapin_kib+=352 gpu_mib=10881
00:39:56 phase=measured avail_mib=22170 free_mib=264 cached_mib=22740 swapused_mib=1009 swapout_kib+=50728 swapin_kib+=16 gpu_mib=10881
00:39:58 phase=measured avail_mib=22220 free_mib=293 cached_mib=22761 swapused_mib=1073 swapout_kib+=64736 swapin_kib+=0 gpu_mib=10881
00:40:00 phase=measured avail_mib=22188 free_mib=258 cached_mib=22763 swapused_mib=1073 swapout_kib+=0 swapin_kib+=20 gpu_mib=10881
00:40:02 phase=measured avail_mib=22205 free_mib=275 cached_mib=22764 swapused_mib=1073 swapout_kib+=0 swapin_kib+=0 gpu_mib=10881
00:40:04 phase=measured avail_mib=22214 free_mib=248 cached_mib=22800 swapused_mib=1073 swapout_kib+=0 swapin_kib+=340 gpu_mib=10881
00:40:06 phase=measured avail_mib=22275 free_mib=285 cached_mib=22824 swapused_mib=1093 swapout_kib+=20396 swapin_kib+=260 gpu_mib=10881
00:40:08 phase=measured avail_mib=22264 free_mib=275 cached_mib=22824 swapused_mib=1093 swapout_kib+=0 swapin_kib+=196 gpu_mib=10881
00:40:10 phase=measured avail_mib=22267 free_mib=275 cached_mib=22826 swapused_mib=1093 swapout_kib+=0 swapin_kib+=0 gpu_mib=10881
00:40:13 phase=measured avail_mib=22256 free_mib=262 cached_mib=22828 swapused_mib=1093 swapout_kib+=0 swapin_kib+=0 gpu_mib=10881
00:40:15 phase=measured avail_mib=22290 free_mib=293 cached_mib=22831 swapused_mib=1152 swapout_kib+=61184 swapin_kib+=376 gpu_mib=10881
00:40:17 phase=measured avail_mib=22357 free_mib=281 cached_mib=22910 swapused_mib=1250 swapout_kib+=100728 swapin_kib+=0 gpu_mib=10881
00:40:19 phase=measured avail_mib=22363 free_mib=285 cached_mib=22912 swapused_mib=1269 swapout_kib+=20168 swapin_kib+=0 gpu_mib=10881
00:40:21 phase=measured avail_mib=22352 free_mib=274 cached_mib=22912 swapused_mib=1269 swapout_kib+=0 swapin_kib+=0 gpu_mib=10881
00:40:23 phase=measured avail_mib=22343 free_mib=265 cached_mib=22912 swapused_mib=1269 swapout_kib+=0 swapin_kib+=0 gpu_mib=10881
00:40:25 phase=measured avail_mib=22351 free_mib=272 cached_mib=22913 swapused_mib=1269 swapout_kib+=0 swapin_kib+=0 gpu_mib=10881
00:40:27 phase=measured avail_mib=22390 free_mib=311 cached_mib=22913 swapused_mib=1362 swapout_kib+=95440 swapin_kib+=4 gpu_mib=10881
00:40:29 phase=measured avail_mib=22387 free_mib=306 cached_mib=22915 swapused_mib=1403 swapout_kib+=42072 swapin_kib+=252 gpu_mib=10883
00:40:31 phase=measured avail_mib=22357 free_mib=276 cached_mib=22916 swapused_mib=1403 swapout_kib+=0 swapin_kib+=44 gpu_mib=10883
00:40:33 phase=measured avail_mib=22353 free_mib=270 cached_mib=22917 swapused_mib=1403 swapout_kib+=0 swapin_kib+=0 gpu_mib=10883
00:40:35 phase=measured avail_mib=22364 free_mib=281 cached_mib=22917 swapused_mib=1403 swapout_kib+=0 swapin_kib+=4 gpu_mib=10883
00:40:37 phase=measured avail_mib=22357 free_mib=273 cached_mib=22918 swapused_mib=1403 swapout_kib+=0 swapin_kib+=8 gpu_mib=10883
00:40:39 phase=measured avail_mib=22370 free_mib=285 cached_mib=22919 swapused_mib=1403 swapout_kib+=0 swapin_kib+=4 gpu_mib=10883
00:40:41 phase=measured avail_mib=22354 free_mib=268 cached_mib=22920 swapused_mib=1403 swapout_kib+=0 swapin_kib+=0 gpu_mib=10883
00:40:43 phase=measured avail_mib=22358 free_mib=272 cached_mib=22921 swapused_mib=1403 swapout_kib+=0 swapin_kib+=4 gpu_mib=10883
00:40:45 phase=measured avail_mib=22363 free_mib=276 cached_mib=22922 swapused_mib=1403 swapout_kib+=0 swapin_kib+=0 gpu_mib=10883
00:40:47 phase=measured avail_mib=22357 free_mib=269 cached_mib=22923 swapused_mib=1403 swapout_kib+=0 swapin_kib+=24 gpu_mib=10883
00:40:49 phase=measured avail_mib=22369 free_mib=280 cached_mib=22923 swapused_mib=1403 swapout_kib+=0 swapin_kib+=0 gpu_mib=10883
00:40:51 phase=measured avail_mib=22362 free_mib=272 cached_mib=22924 swapused_mib=1403 swapout_kib+=0 swapin_kib+=4 gpu_mib=10883
00:40:53 phase=measured avail_mib=22370 free_mib=279 cached_mib=22925 swapused_mib=1403 swapout_kib+=0 swapin_kib+=0 gpu_mib=10883
00:40:55 phase=measured avail_mib=22366 free_mib=275 cached_mib=22926 swapused_mib=1403 swapout_kib+=0 swapin_kib+=0 gpu_mib=10883
00:40:57 phase=measured avail_mib=22356 free_mib=259 cached_mib=22931 swapused_mib=1403 swapout_kib+=0 swapin_kib+=32 gpu_mib=10883
00:40:59 phase=measured avail_mib=22374 free_mib=264 cached_mib=22944 swapused_mib=1403 swapout_kib+=0 swapin_kib+=1076 gpu_mib=10883
00:41:01 phase=measured avail_mib=22633 free_mib=520 cached_mib=22949 swapused_mib=1383 swapout_kib+=147472 swapin_kib+=608 gpu_mib=10883
00:41:03 phase=measured avail_mib=22583 free_mib=379 cached_mib=23039 swapused_mib=1383 swapout_kib+=0 swapin_kib+=0 gpu_mib=10883
00:41:05 phase=measured avail_mib=22534 free_mib=320 cached_mib=23049 swapused_mib=1383 swapout_kib+=0 swapin_kib+=0 gpu_mib=10883
00:41:07 phase=measured avail_mib=22540 free_mib=326 cached_mib=23049 swapused_mib=1383 swapout_kib+=0 swapin_kib+=0 gpu_mib=10883
00:41:10 phase=measured avail_mib=22553 free_mib=339 cached_mib=23049 swapused_mib=1383 swapout_kib+=0 swapin_kib+=0 gpu_mib=10883
00:41:12 phase=measured avail_mib=22544 free_mib=330 cached_mib=23049 swapused_mib=1383 swapout_kib+=0 swapin_kib+=0 gpu_mib=10883
00:41:14 phase=measured avail_mib=22524 free_mib=310 cached_mib=23049 swapused_mib=1383 swapout_kib+=0 swapin_kib+=0 gpu_mib=10883
00:41:16 phase=measured avail_mib=22528 free_mib=314 cached_mib=23049 swapused_mib=1383 swapout_kib+=0 swapin_kib+=0 gpu_mib=10883
00:41:18 phase=measured avail_mib=22517 free_mib=303 cached_mib=23049 swapused_mib=1383 swapout_kib+=0 swapin_kib+=0 gpu_mib=10883
00:41:20 phase=measured avail_mib=22510 free_mib=296 cached_mib=23049 swapused_mib=1383 swapout_kib+=0 swapin_kib+=20 gpu_mib=10883
00:41:22 phase=measured avail_mib=22538 free_mib=324 cached_mib=23049 swapused_mib=1383 swapout_kib+=0 swapin_kib+=0 gpu_mib=10883
00:41:24 phase=measured avail_mib=22532 free_mib=318 cached_mib=23049 swapused_mib=1383 swapout_kib+=0 swapin_kib+=0 gpu_mib=10883
00:41:26 phase=measured avail_mib=22556 free_mib=342 cached_mib=23049 swapused_mib=1383 swapout_kib+=0 swapin_kib+=0 gpu_mib=10883
00:41:28 phase=measured avail_mib=22557 free_mib=343 cached_mib=23049 swapused_mib=1383 swapout_kib+=0 swapin_kib+=16 gpu_mib=10883
00:41:30 phase=measured avail_mib=22549 free_mib=335 cached_mib=23049 swapused_mib=1383 swapout_kib+=0 swapin_kib+=32 gpu_mib=10883
00:41:32 phase=measured avail_mib=22543 free_mib=329 cached_mib=23049 swapused_mib=1383 swapout_kib+=0 swapin_kib+=0 gpu_mib=10883
00:41:34 phase=measured avail_mib=22546 free_mib=332 cached_mib=23049 swapused_mib=1383 swapout_kib+=0 swapin_kib+=0 gpu_mib=10883
00:41:36 phase=measured avail_mib=22502 free_mib=288 cached_mib=23049 swapused_mib=1383 swapout_kib+=0 swapin_kib+=12 gpu_mib=10883
00:41:38 phase=measured avail_mib=22517 free_mib=303 cached_mib=23049 swapused_mib=1383 swapout_kib+=0 swapin_kib+=0 gpu_mib=10883
00:41:40 phase=measured avail_mib=22508 free_mib=293 cached_mib=23049 swapused_mib=1383 swapout_kib+=0 swapin_kib+=0 gpu_mib=10883
00:41:42 phase=measured avail_mib=22556 free_mib=342 cached_mib=23049 swapused_mib=1383 swapout_kib+=0 swapin_kib+=0 gpu_mib=10883
00:41:44 phase=measured avail_mib=22551 free_mib=336 cached_mib=23049 swapused_mib=1383 swapout_kib+=0 swapin_kib+=0 gpu_mib=10883
00:41:46 phase=measured avail_mib=22530 free_mib=316 cached_mib=23049 swapused_mib=1383 swapout_kib+=0 swapin_kib+=0 gpu_mib=10883
00:41:48 phase=measured avail_mib=22529 free_mib=315 cached_mib=23049 swapused_mib=1383 swapout_kib+=0 swapin_kib+=0 gpu_mib=10883
00:41:50 phase=measured avail_mib=22544 free_mib=329 cached_mib=23049 swapused_mib=1383 swapout_kib+=0 swapin_kib+=0 gpu_mib=10883
00:41:52 phase=measured avail_mib=22505 free_mib=291 cached_mib=23049 swapused_mib=1383 swapout_kib+=0 swapin_kib+=0 gpu_mib=10883
00:41:54 phase=measured avail_mib=22487 free_mib=273 cached_mib=23049 swapused_mib=1383 swapout_kib+=0 swapin_kib+=16 gpu_mib=10883
00:41:56 phase=measured avail_mib=22526 free_mib=312 cached_mib=23049 swapused_mib=1383 swapout_kib+=0 swapin_kib+=12 gpu_mib=10883
00:41:58 phase=measured avail_mib=22527 free_mib=305 cached_mib=23057 swapused_mib=1383 swapout_kib+=0 swapin_kib+=0 gpu_mib=10883
00:42:00 phase=measured avail_mib=22555 free_mib=333 cached_mib=23058 swapused_mib=1383 swapout_kib+=0 swapin_kib+=32 gpu_mib=10883
00:42:02 phase=measured avail_mib=22541 free_mib=318 cached_mib=23058 swapused_mib=1383 swapout_kib+=0 swapin_kib+=0 gpu_mib=10883
00:42:04 phase=measured avail_mib=22590 free_mib=369 cached_mib=23054 swapused_mib=1522 swapout_kib+=141864 swapin_kib+=0 gpu_mib=10883
00:42:06 phase=measured avail_mib=22541 free_mib=320 cached_mib=23054 swapused_mib=1522 swapout_kib+=0 swapin_kib+=0 gpu_mib=10883
00:42:08 phase=measured avail_mib=22526 free_mib=306 cached_mib=23054 swapused_mib=1522 swapout_kib+=0 swapin_kib+=0 gpu_mib=10883
00:42:10 phase=measured avail_mib=22572 free_mib=351 cached_mib=23054 swapused_mib=1522 swapout_kib+=0 swapin_kib+=0 gpu_mib=10883
00:42:12 phase=measured avail_mib=22582 free_mib=362 cached_mib=23054 swapused_mib=1522 swapout_kib+=0 swapin_kib+=0 gpu_mib=10883
00:42:15 phase=measured avail_mib=22491 free_mib=270 cached_mib=23054 swapused_mib=1522 swapout_kib+=0 swapin_kib+=12 gpu_mib=10883
00:42:17 phase=measured avail_mib=22485 free_mib=263 cached_mib=23055 swapused_mib=1522 swapout_kib+=0 swapin_kib+=0 gpu_mib=10883
00:42:19 phase=measured avail_mib=22482 free_mib=259 cached_mib=23055 swapused_mib=1522 swapout_kib+=0 swapin_kib+=0 gpu_mib=10883
00:42:21 phase=measured avail_mib=22484 free_mib=261 cached_mib=23056 swapused_mib=1522 swapout_kib+=0 swapin_kib+=4 gpu_mib=10883
00:42:23 phase=measured avail_mib=22484 free_mib=261 cached_mib=23056 swapused_mib=1522 swapout_kib+=0 swapin_kib+=0 gpu_mib=10883
00:42:25 phase=measured avail_mib=22482 free_mib=258 cached_mib=23057 swapused_mib=1522 swapout_kib+=0 swapin_kib+=0 gpu_mib=10883
00:42:27 phase=measured avail_mib=22483 free_mib=258 cached_mib=23057 swapused_mib=1522 swapout_kib+=0 swapin_kib+=0 gpu_mib=10883
00:42:29 phase=measured avail_mib=22488 free_mib=263 cached_mib=23058 swapused_mib=1522 swapout_kib+=0 swapin_kib+=0 gpu_mib=10883
00:42:31 phase=measured avail_mib=22483 free_mib=257 cached_mib=23058 swapused_mib=1522 swapout_kib+=0 swapin_kib+=36 gpu_mib=10883
00:42:33 phase=measured avail_mib=22492 free_mib=265 cached_mib=23060 swapused_mib=1522 swapout_kib+=0 swapin_kib+=4 gpu_mib=10883
00:42:35 phase=measured avail_mib=22486 free_mib=259 cached_mib=23060 swapused_mib=1522 swapout_kib+=0 swapin_kib+=0 gpu_mib=10883
00:42:37 phase=measured avail_mib=22487 free_mib=259 cached_mib=23060 swapused_mib=1522 swapout_kib+=0 swapin_kib+=0 gpu_mib=10883
00:42:39 phase=measured avail_mib=22488 free_mib=260 cached_mib=23061 swapused_mib=1522 swapout_kib+=0 swapin_kib+=8 gpu_mib=10883
00:42:41 phase=measured avail_mib=22494 free_mib=265 cached_mib=23062 swapused_mib=1522 swapout_kib+=0 swapin_kib+=0 gpu_mib=10883
00:42:43 phase=measured avail_mib=22496 free_mib=267 cached_mib=23062 swapused_mib=1522 swapout_kib+=0 swapin_kib+=0 gpu_mib=10883
00:42:45 phase=measured avail_mib=22485 free_mib=254 cached_mib=23063 swapused_mib=1522 swapout_kib+=0 swapin_kib+=0 gpu_mib=10883
00:42:47 phase=measured avail_mib=22737 free_mib=508 cached_mib=23062 swapused_mib=1462 swapout_kib+=106460 swapin_kib+=884 gpu_mib=10883
00:42:49 phase=measured avail_mib=22680 free_mib=451 cached_mib=23062 swapused_mib=1462 swapout_kib+=0 swapin_kib+=0 gpu_mib=10883
00:42:51 phase=measured avail_mib=22671 free_mib=442 cached_mib=23062 swapused_mib=1462 swapout_kib+=0 swapin_kib+=0 gpu_mib=10883
00:42:53 phase=measured avail_mib=22650 free_mib=421 cached_mib=23062 swapused_mib=1462 swapout_kib+=0 swapin_kib+=0 gpu_mib=10883
00:42:55 phase=measured avail_mib=22680 free_mib=451 cached_mib=23062 swapused_mib=1462 swapout_kib+=0 swapin_kib+=0 gpu_mib=10883
00:42:57 phase=measured avail_mib=22676 free_mib=447 cached_mib=23062 swapused_mib=1462 swapout_kib+=0 swapin_kib+=8 gpu_mib=10883
00:42:59 phase=measured avail_mib=22628 free_mib=392 cached_mib=23069 swapused_mib=1462 swapout_kib+=0 swapin_kib+=4 gpu_mib=10883
00:43:01 phase=measured avail_mib=22647 free_mib=411 cached_mib=23069 swapused_mib=1462 swapout_kib+=0 swapin_kib+=16 gpu_mib=10883
00:43:03 phase=measured avail_mib=22675 free_mib=439 cached_mib=23069 swapused_mib=1462 swapout_kib+=0 swapin_kib+=4 gpu_mib=10883
00:43:05 phase=measured avail_mib=22688 free_mib=452 cached_mib=23069 swapused_mib=1462 swapout_kib+=0 swapin_kib+=0 gpu_mib=10883
00:43:07 phase=measured avail_mib=22664 free_mib=427 cached_mib=23069 swapused_mib=1462 swapout_kib+=0 swapin_kib+=0 gpu_mib=10883
00:43:09 phase=measured avail_mib=22665 free_mib=428 cached_mib=23069 swapused_mib=1462 swapout_kib+=0 swapin_kib+=0 gpu_mib=10883
00:43:11 phase=measured avail_mib=22680 free_mib=444 cached_mib=23069 swapused_mib=1462 swapout_kib+=0 swapin_kib+=0 gpu_mib=10883
00:43:13 phase=measured avail_mib=22674 free_mib=438 cached_mib=23069 swapused_mib=1462 swapout_kib+=0 swapin_kib+=0 gpu_mib=10883
00:43:15 phase=measured avail_mib=22675 free_mib=439 cached_mib=23069 swapused_mib=1462 swapout_kib+=0 swapin_kib+=0 gpu_mib=10883
00:43:17 phase=measured avail_mib=22703 free_mib=467 cached_mib=23069 swapused_mib=1462 swapout_kib+=0 swapin_kib+=0 gpu_mib=10883
00:43:20 phase=measured avail_mib=22689 free_mib=453 cached_mib=23069 swapused_mib=1462 swapout_kib+=0 swapin_kib+=0 gpu_mib=10883
00:43:22 phase=measured avail_mib=22711 free_mib=474 cached_mib=23069 swapused_mib=1462 swapout_kib+=0 swapin_kib+=0 gpu_mib=10883
00:43:24 phase=measured avail_mib=22692 free_mib=456 cached_mib=23069 swapused_mib=1462 swapout_kib+=0 swapin_kib+=0 gpu_mib=10883
00:43:26 phase=measured avail_mib=22708 free_mib=472 cached_mib=23069 swapused_mib=1462 swapout_kib+=0 swapin_kib+=0 gpu_mib=10883
00:43:28 phase=measured avail_mib=22687 free_mib=451 cached_mib=23069 swapused_mib=1462 swapout_kib+=0 swapin_kib+=8 gpu_mib=10883
00:43:30 phase=measured avail_mib=22678 free_mib=442 cached_mib=23069 swapused_mib=1462 swapout_kib+=0 swapin_kib+=0 gpu_mib=10883
00:43:32 phase=measured avail_mib=22671 free_mib=435 cached_mib=23069 swapused_mib=1462 swapout_kib+=0 swapin_kib+=248 gpu_mib=10883
00:43:34 phase=measured avail_mib=22671 free_mib=435 cached_mib=23069 swapused_mib=1462 swapout_kib+=0 swapin_kib+=0 gpu_mib=10883
00:43:36 phase=measured avail_mib=22682 free_mib=446 cached_mib=23069 swapused_mib=1462 swapout_kib+=0 swapin_kib+=0 gpu_mib=10883
00:43:38 phase=measured avail_mib=22692 free_mib=455 cached_mib=23069 swapused_mib=1462 swapout_kib+=0 swapin_kib+=136 gpu_mib=10883
00:43:40 phase=measured avail_mib=22673 free_mib=436 cached_mib=23069 swapused_mib=1462 swapout_kib+=0 swapin_kib+=0 gpu_mib=10883
00:43:42 phase=measured avail_mib=22697 free_mib=460 cached_mib=23069 swapused_mib=1462 swapout_kib+=0 swapin_kib+=0 gpu_mib=10883
00:43:44 phase=measured avail_mib=22700 free_mib=463 cached_mib=23069 swapused_mib=1462 swapout_kib+=0 swapin_kib+=0 gpu_mib=10883
00:43:46 phase=measured avail_mib=22576 free_mib=340 cached_mib=23069 swapused_mib=1462 swapout_kib+=0 swapin_kib+=0 gpu_mib=10883
00:43:48 phase=measured avail_mib=22595 free_mib=358 cached_mib=23069 swapused_mib=1462 swapout_kib+=0 swapin_kib+=4 gpu_mib=10883
00:43:50 phase=measured avail_mib=22577 free_mib=340 cached_mib=23069 swapused_mib=1462 swapout_kib+=0 swapin_kib+=0 gpu_mib=10883
00:43:52 phase=measured avail_mib=22567 free_mib=331 cached_mib=23069 swapused_mib=1462 swapout_kib+=0 swapin_kib+=0 gpu_mib=10883
00:43:54 phase=measured avail_mib=22593 free_mib=357 cached_mib=23069 swapused_mib=1462 swapout_kib+=0 swapin_kib+=0 gpu_mib=10883
00:43:56 phase=measured avail_mib=22540 free_mib=308 cached_mib=23064 swapused_mib=1481 swapout_kib+=19404 swapin_kib+=0 gpu_mib=10883
00:43:58 phase=measured avail_mib=22505 free_mib=273 cached_mib=23065 swapused_mib=1481 swapout_kib+=0 swapin_kib+=16 gpu_mib=10883
00:44:00 phase=measured avail_mib=22504 free_mib=266 cached_mib=23070 swapused_mib=1481 swapout_kib+=0 swapin_kib+=8 gpu_mib=10883
00:44:02 phase=measured avail_mib=22507 free_mib=269 cached_mib=23071 swapused_mib=1481 swapout_kib+=0 swapin_kib+=48 gpu_mib=10883
00:44:04 phase=measured avail_mib=22507 free_mib=269 cached_mib=23071 swapused_mib=1481 swapout_kib+=0 swapin_kib+=0 gpu_mib=10883
00:44:06 phase=measured avail_mib=22510 free_mib=272 cached_mib=23071 swapused_mib=1481 swapout_kib+=0 swapin_kib+=0 gpu_mib=10883
00:44:08 phase=measured avail_mib=22511 free_mib=272 cached_mib=23071 swapused_mib=1481 swapout_kib+=0 swapin_kib+=0 gpu_mib=10883
00:44:10 phase=measured avail_mib=22506 free_mib=267 cached_mib=23072 swapused_mib=1481 swapout_kib+=0 swapin_kib+=0 gpu_mib=10883
00:44:12 phase=measured avail_mib=22510 free_mib=270 cached_mib=23072 swapused_mib=1481 swapout_kib+=0 swapin_kib+=0 gpu_mib=10883
00:44:14 phase=measured avail_mib=22514 free_mib=273 cached_mib=23073 swapused_mib=1481 swapout_kib+=0 swapin_kib+=0 gpu_mib=10883
00:44:16 phase=measured avail_mib=22511 free_mib=270 cached_mib=23073 swapused_mib=1481 swapout_kib+=0 swapin_kib+=0 gpu_mib=10883
00:44:18 phase=measured avail_mib=22513 free_mib=271 cached_mib=23074 swapused_mib=1481 swapout_kib+=0 swapin_kib+=0 gpu_mib=10883
00:44:20 phase=measured avail_mib=22518 free_mib=276 cached_mib=23075 swapused_mib=1481 swapout_kib+=0 swapin_kib+=0 gpu_mib=10883
00:44:23 phase=measured avail_mib=22520 free_mib=277 cached_mib=23075 swapused_mib=1481 swapout_kib+=0 swapin_kib+=0 gpu_mib=10883
00:44:25 phase=measured avail_mib=22525 free_mib=281 cached_mib=23076 swapused_mib=1481 swapout_kib+=0 swapin_kib+=0 gpu_mib=10883
00:44:27 phase=measured avail_mib=22521 free_mib=276 cached_mib=23077 swapused_mib=1481 swapout_kib+=0 swapin_kib+=8 gpu_mib=10883
00:44:29 phase=measured avail_mib=22675 free_mib=429 cached_mib=23078 swapused_mib=1291 swapout_kib+=0 swapin_kib+=1516 gpu_mib=10883
00:44:31 phase=measured avail_mib=22742 free_mib=496 cached_mib=23078 swapused_mib=1291 swapout_kib+=0 swapin_kib+=1380 gpu_mib=10883
00:44:33 phase=measured avail_mib=22732 free_mib=487 cached_mib=23078 swapused_mib=1291 swapout_kib+=0 swapin_kib+=0 gpu_mib=10883
00:44:35 phase=measured avail_mib=22731 free_mib=486 cached_mib=23078 swapused_mib=1291 swapout_kib+=0 swapin_kib+=0 gpu_mib=10883
00:44:37 phase=measured avail_mib=22736 free_mib=491 cached_mib=23078 swapused_mib=1291 swapout_kib+=0 swapin_kib+=4 gpu_mib=10883
00:44:39 phase=measured avail_mib=22769 free_mib=524 cached_mib=23078 swapused_mib=1291 swapout_kib+=0 swapin_kib+=0 gpu_mib=10883
00:44:41 phase=measured avail_mib=22768 free_mib=523 cached_mib=23078 swapused_mib=1291 swapout_kib+=0 swapin_kib+=0 gpu_mib=10883
00:44:43 phase=measured avail_mib=22759 free_mib=514 cached_mib=23078 swapused_mib=1291 swapout_kib+=0 swapin_kib+=0 gpu_mib=10883
00:44:45 phase=measured avail_mib=22777 free_mib=531 cached_mib=23078 swapused_mib=1291 swapout_kib+=0 swapin_kib+=0 gpu_mib=10883
00:44:47 phase=measured avail_mib=22782 free_mib=537 cached_mib=23078 swapused_mib=1291 swapout_kib+=0 swapin_kib+=0 gpu_mib=10883
00:44:49 phase=measured avail_mib=22791 free_mib=545 cached_mib=23078 swapused_mib=1291 swapout_kib+=0 swapin_kib+=0 gpu_mib=10883
00:44:51 phase=measured avail_mib=22821 free_mib=576 cached_mib=23078 swapused_mib=1291 swapout_kib+=0 swapin_kib+=0 gpu_mib=10883
00:44:53 phase=measured avail_mib=22832 free_mib=586 cached_mib=23078 swapused_mib=1291 swapout_kib+=0 swapin_kib+=16 gpu_mib=10883
00:44:55 phase=measured avail_mib=22840 free_mib=594 cached_mib=23078 swapused_mib=1291 swapout_kib+=0 swapin_kib+=0 gpu_mib=10883
00:44:57 phase=measured avail_mib=22853 free_mib=606 cached_mib=23079 swapused_mib=1291 swapout_kib+=0 swapin_kib+=40 gpu_mib=10883
00:44:59 phase=measured avail_mib=22857 free_mib=611 cached_mib=23079 swapused_mib=1291 swapout_kib+=0 swapin_kib+=8 gpu_mib=10883
00:45:01 phase=measured avail_mib=22877 free_mib=631 cached_mib=23079 swapused_mib=1291 swapout_kib+=0 swapin_kib+=8 gpu_mib=10883
00:45:03 phase=measured avail_mib=22855 free_mib=608 cached_mib=23079 swapused_mib=1291 swapout_kib+=0 swapin_kib+=40 gpu_mib=10883
00:45:05 phase=measured avail_mib=22828 free_mib=580 cached_mib=23079 swapused_mib=1291 swapout_kib+=0 swapin_kib+=0 gpu_mib=10883
00:45:07 phase=measured avail_mib=22845 free_mib=597 cached_mib=23079 swapused_mib=1291 swapout_kib+=0 swapin_kib+=0 gpu_mib=10883
00:45:09 phase=measured avail_mib=22820 free_mib=573 cached_mib=23079 swapused_mib=1291 swapout_kib+=0 swapin_kib+=0 gpu_mib=10883
00:45:11 phase=measured avail_mib=22856 free_mib=609 cached_mib=23079 swapused_mib=1291 swapout_kib+=0 swapin_kib+=0 gpu_mib=10883
00:45:13 phase=measured avail_mib=22860 free_mib=613 cached_mib=23079 swapused_mib=1291 swapout_kib+=0 swapin_kib+=0 gpu_mib=10883
00:45:15 phase=measured avail_mib=22887 free_mib=640 cached_mib=23079 swapused_mib=1291 swapout_kib+=0 swapin_kib+=4 gpu_mib=10883
00:45:17 phase=measured avail_mib=22883 free_mib=635 cached_mib=23079 swapused_mib=1291 swapout_kib+=0 swapin_kib+=0 gpu_mib=10883
00:45:19 phase=measured avail_mib=22870 free_mib=623 cached_mib=23079 swapused_mib=1291 swapout_kib+=0 swapin_kib+=0 gpu_mib=10883
00:45:21 phase=measured avail_mib=22899 free_mib=651 cached_mib=23079 swapused_mib=1291 swapout_kib+=0 swapin_kib+=0 gpu_mib=10883
00:45:23 phase=measured avail_mib=22904 free_mib=656 cached_mib=23079 swapused_mib=1291 swapout_kib+=0 swapin_kib+=0 gpu_mib=10883
00:45:25 phase=measured avail_mib=22864 free_mib=617 cached_mib=23079 swapused_mib=1291 swapout_kib+=0 swapin_kib+=0 gpu_mib=10883
00:45:28 phase=measured avail_mib=22884 free_mib=636 cached_mib=23079 swapused_mib=1291 swapout_kib+=0 swapin_kib+=16 gpu_mib=10883
00:45:30 phase=measured avail_mib=22775 free_mib=527 cached_mib=23079 swapused_mib=1291 swapout_kib+=0 swapin_kib+=0 gpu_mib=10883
00:45:32 phase=measured avail_mib=22739 free_mib=492 cached_mib=23079 swapused_mib=1291 swapout_kib+=0 swapin_kib+=48 gpu_mib=10883
00:45:34 phase=measured avail_mib=22766 free_mib=518 cached_mib=23079 swapused_mib=1291 swapout_kib+=0 swapin_kib+=4 gpu_mib=10883
00:45:36 phase=measured avail_mib=22775 free_mib=528 cached_mib=23079 swapused_mib=1291 swapout_kib+=0 swapin_kib+=0 gpu_mib=10883
00:45:38 phase=measured avail_mib=22776 free_mib=529 cached_mib=23079 swapused_mib=1291 swapout_kib+=0 swapin_kib+=0 gpu_mib=10883
00:45:40 phase=measured avail_mib=22635 free_mib=387 cached_mib=23080 swapused_mib=1291 swapout_kib+=0 swapin_kib+=0 gpu_mib=10883
00:45:42 phase=measured avail_mib=22636 free_mib=388 cached_mib=23080 swapused_mib=1291 swapout_kib+=0 swapin_kib+=0 gpu_mib=10883
00:45:44 phase=measured avail_mib=22642 free_mib=393 cached_mib=23081 swapused_mib=1291 swapout_kib+=0 swapin_kib+=0 gpu_mib=10883
00:45:46 phase=measured avail_mib=22627 free_mib=378 cached_mib=23081 swapused_mib=1291 swapout_kib+=0 swapin_kib+=0 gpu_mib=10883
00:45:48 phase=measured avail_mib=22637 free_mib=389 cached_mib=23081 swapused_mib=1291 swapout_kib+=0 swapin_kib+=0 gpu_mib=10883
00:45:50 phase=measured avail_mib=22643 free_mib=394 cached_mib=23081 swapused_mib=1291 swapout_kib+=0 swapin_kib+=0 gpu_mib=10883
00:45:52 phase=measured avail_mib=22634 free_mib=384 cached_mib=23081 swapused_mib=1291 swapout_kib+=0 swapin_kib+=0 gpu_mib=10883
00:45:54 phase=measured avail_mib=22635 free_mib=385 cached_mib=23082 swapused_mib=1291 swapout_kib+=0 swapin_kib+=0 gpu_mib=10883
00:45:56 phase=measured avail_mib=22627 free_mib=376 cached_mib=23082 swapused_mib=1291 swapout_kib+=0 swapin_kib+=0 gpu_mib=10883
00:45:58 phase=measured avail_mib=22648 free_mib=397 cached_mib=23083 swapused_mib=1291 swapout_kib+=0 swapin_kib+=0 gpu_mib=10883
00:46:00 phase=measured avail_mib=22655 free_mib=403 cached_mib=23083 swapused_mib=1291 swapout_kib+=0 swapin_kib+=4 gpu_mib=10883
00:46:02 phase=measured avail_mib=22641 free_mib=389 cached_mib=23084 swapused_mib=1291 swapout_kib+=0 swapin_kib+=16 gpu_mib=10883
00:46:04 phase=measured avail_mib=22639 free_mib=386 cached_mib=23085 swapused_mib=1291 swapout_kib+=0 swapin_kib+=0 gpu_mib=10883
00:46:06 phase=measured avail_mib=22638 free_mib=385 cached_mib=23085 swapused_mib=1291 swapout_kib+=0 swapin_kib+=0 gpu_mib=10883
00:46:08 phase=measured avail_mib=22656 free_mib=402 cached_mib=23086 swapused_mib=1291 swapout_kib+=0 swapin_kib+=0 gpu_mib=10883
00:46:10 phase=measured avail_mib=22651 free_mib=397 cached_mib=23086 swapused_mib=1291 swapout_kib+=0 swapin_kib+=4 gpu_mib=10883
00:46:12 phase=measured avail_mib=22729 free_mib=474 cached_mib=23087 swapused_mib=782 swapout_kib+=0 swapin_kib+=1568 gpu_mib=10883
00:46:14 phase=measured avail_mib=22719 free_mib=465 cached_mib=23087 swapused_mib=782 swapout_kib+=0 swapin_kib+=0 gpu_mib=10883
00:46:16 phase=measured avail_mib=22724 free_mib=469 cached_mib=23087 swapused_mib=782 swapout_kib+=0 swapin_kib+=0 gpu_mib=10883
00:46:18 phase=measured avail_mib=22723 free_mib=468 cached_mib=23087 swapused_mib=782 swapout_kib+=0 swapin_kib+=0 gpu_mib=10883
00:46:20 phase=measured avail_mib=22734 free_mib=479 cached_mib=23087 swapused_mib=782 swapout_kib+=0 swapin_kib+=0 gpu_mib=10883
00:46:22 phase=measured avail_mib=22742 free_mib=487 cached_mib=23087 swapused_mib=782 swapout_kib+=0 swapin_kib+=4 gpu_mib=10883
00:46:24 phase=measured avail_mib=22742 free_mib=488 cached_mib=23087 swapused_mib=782 swapout_kib+=0 swapin_kib+=4 gpu_mib=10883
00:46:26 phase=measured avail_mib=22734 free_mib=479 cached_mib=23087 swapused_mib=782 swapout_kib+=0 swapin_kib+=0 gpu_mib=10883
00:46:29 phase=measured avail_mib=22731 free_mib=477 cached_mib=23087 swapused_mib=782 swapout_kib+=0 swapin_kib+=16 gpu_mib=10883
00:46:31 phase=measured avail_mib=22729 free_mib=474 cached_mib=23087 swapused_mib=782 swapout_kib+=0 swapin_kib+=0 gpu_mib=10883
00:46:33 phase=measured avail_mib=22697 free_mib=442 cached_mib=23087 swapused_mib=782 swapout_kib+=0 swapin_kib+=36 gpu_mib=10883
00:46:35 phase=measured avail_mib=22714 free_mib=460 cached_mib=23087 swapused_mib=782 swapout_kib+=0 swapin_kib+=0 gpu_mib=10883
00:46:37 phase=measured avail_mib=22730 free_mib=475 cached_mib=23087 swapused_mib=782 swapout_kib+=0 swapin_kib+=0 gpu_mib=10883
00:46:39 phase=measured avail_mib=22741 free_mib=487 cached_mib=23087 swapused_mib=782 swapout_kib+=0 swapin_kib+=0 gpu_mib=10883
00:46:41 phase=measured avail_mib=22726 free_mib=471 cached_mib=23087 swapused_mib=782 swapout_kib+=0 swapin_kib+=4 gpu_mib=10883
00:46:43 phase=measured avail_mib=22736 free_mib=482 cached_mib=23087 swapused_mib=782 swapout_kib+=0 swapin_kib+=0 gpu_mib=10883
00:46:45 phase=measured avail_mib=22744 free_mib=489 cached_mib=23087 swapused_mib=782 swapout_kib+=0 swapin_kib+=0 gpu_mib=10883
00:46:47 phase=measured avail_mib=22746 free_mib=491 cached_mib=23087 swapused_mib=782 swapout_kib+=0 swapin_kib+=0 gpu_mib=10883
00:46:49 phase=measured avail_mib=22727 free_mib=472 cached_mib=23087 swapused_mib=782 swapout_kib+=0 swapin_kib+=0 gpu_mib=10883
00:46:51 phase=measured avail_mib=22705 free_mib=449 cached_mib=23089 swapused_mib=782 swapout_kib+=0 swapin_kib+=0 gpu_mib=10883
00:46:53 phase=measured avail_mib=22706 free_mib=450 cached_mib=23089 swapused_mib=782 swapout_kib+=0 swapin_kib+=0 gpu_mib=10883
00:46:55 phase=measured avail_mib=22742 free_mib=486 cached_mib=23089 swapused_mib=782 swapout_kib+=0 swapin_kib+=0 gpu_mib=10883
00:46:57 phase=measured avail_mib=22721 free_mib=464 cached_mib=23089 swapused_mib=782 swapout_kib+=0 swapin_kib+=0 gpu_mib=10883
00:46:59 phase=measured avail_mib=22725 free_mib=469 cached_mib=23089 swapused_mib=782 swapout_kib+=0 swapin_kib+=0 gpu_mib=10883
00:47:01 phase=measured avail_mib=22703 free_mib=446 cached_mib=23089 swapused_mib=782 swapout_kib+=0 swapin_kib+=0 gpu_mib=10883
00:47:03 phase=measured avail_mib=22682 free_mib=425 cached_mib=23089 swapused_mib=782 swapout_kib+=0 swapin_kib+=12 gpu_mib=10883
00:47:05 phase=measured avail_mib=22719 free_mib=462 cached_mib=23089 swapused_mib=782 swapout_kib+=0 swapin_kib+=0 gpu_mib=10883
00:47:07 phase=measured avail_mib=22733 free_mib=476 cached_mib=23089 swapused_mib=782 swapout_kib+=0 swapin_kib+=0 gpu_mib=10883
00:47:09 phase=measured avail_mib=22735 free_mib=478 cached_mib=23089 swapused_mib=782 swapout_kib+=0 swapin_kib+=0 gpu_mib=10883
00:47:11 phase=measured avail_mib=22630 free_mib=373 cached_mib=23089 swapused_mib=782 swapout_kib+=0 swapin_kib+=0 gpu_mib=10883
00:47:13 phase=measured avail_mib=22632 free_mib=375 cached_mib=23089 swapused_mib=782 swapout_kib+=0 swapin_kib+=0 gpu_mib=10883
00:47:15 phase=measured avail_mib=22637 free_mib=380 cached_mib=23089 swapused_mib=782 swapout_kib+=0 swapin_kib+=0 gpu_mib=10883
00:47:17 phase=measured avail_mib=22650 free_mib=393 cached_mib=23089 swapused_mib=782 swapout_kib+=0 swapin_kib+=0 gpu_mib=10883
00:47:19 phase=measured avail_mib=22649 free_mib=392 cached_mib=23089 swapused_mib=782 swapout_kib+=0 swapin_kib+=0 gpu_mib=10883
00:47:21 phase=measured avail_mib=22533 free_mib=276 cached_mib=23089 swapused_mib=782 swapout_kib+=0 swapin_kib+=0 gpu_mib=10883
00:47:23 phase=measured avail_mib=22533 free_mib=276 cached_mib=23089 swapused_mib=782 swapout_kib+=0 swapin_kib+=0 gpu_mib=10883
00:47:25 phase=measured avail_mib=22537 free_mib=280 cached_mib=23089 swapused_mib=782 swapout_kib+=0 swapin_kib+=0 gpu_mib=10883
00:47:27 phase=measured avail_mib=22545 free_mib=288 cached_mib=23089 swapused_mib=782 swapout_kib+=0 swapin_kib+=0 gpu_mib=10883
00:47:29 phase=measured avail_mib=22541 free_mib=284 cached_mib=23089 swapused_mib=782 swapout_kib+=0 swapin_kib+=12 gpu_mib=10883
00:47:31 phase=measured avail_mib=22535 free_mib=278 cached_mib=23089 swapused_mib=782 swapout_kib+=0 swapin_kib+=0 gpu_mib=10883
00:47:34 phase=measured avail_mib=22546 free_mib=289 cached_mib=23089 swapused_mib=782 swapout_kib+=0 swapin_kib+=0 gpu_mib=10883
00:47:36 phase=measured avail_mib=22540 free_mib=283 cached_mib=23089 swapused_mib=782 swapout_kib+=0 swapin_kib+=0 gpu_mib=10883
00:47:38 phase=measured avail_mib=22539 free_mib=282 cached_mib=23089 swapused_mib=782 swapout_kib+=0 swapin_kib+=0 gpu_mib=10883
00:47:40 phase=measured avail_mib=22542 free_mib=285 cached_mib=23089 swapused_mib=782 swapout_kib+=0 swapin_kib+=0 gpu_mib=10883
00:47:42 phase=measured avail_mib=22544 free_mib=287 cached_mib=23090 swapused_mib=782 swapout_kib+=0 swapin_kib+=4 gpu_mib=10883
00:47:44 phase=measured avail_mib=22541 free_mib=283 cached_mib=23090 swapused_mib=782 swapout_kib+=0 swapin_kib+=0 gpu_mib=10883
00:47:46 phase=measured avail_mib=22533 free_mib=275 cached_mib=23090 swapused_mib=782 swapout_kib+=0 swapin_kib+=0 gpu_mib=10883
00:47:48 phase=measured avail_mib=22530 free_mib=271 cached_mib=23090 swapused_mib=782 swapout_kib+=0 swapin_kib+=0 gpu_mib=10883
00:47:50 phase=measured avail_mib=22533 free_mib=274 cached_mib=23091 swapused_mib=782 swapout_kib+=0 swapin_kib+=4 gpu_mib=10883
00:47:52 phase=measured avail_mib=22541 free_mib=282 cached_mib=23091 swapused_mib=782 swapout_kib+=0 swapin_kib+=0 gpu_mib=10883
00:47:54 phase=measured avail_mib=22246 free_mib=465 cached_mib=22614 swapused_mib=796 swapout_kib+=41856 swapin_kib+=944 gpu_mib=10883
00:47:56 phase=measured avail_mib=22269 free_mib=444 cached_mib=22658 swapused_mib=796 swapout_kib+=0 swapin_kib+=0 gpu_mib=10883
00:47:58 phase=measured avail_mib=22227 free_mib=402 cached_mib=22658 swapused_mib=796 swapout_kib+=0 swapin_kib+=0 gpu_mib=10883
00:48:00 phase=measured avail_mib=22206 free_mib=381 cached_mib=22658 swapused_mib=796 swapout_kib+=0 swapin_kib+=0 gpu_mib=10883
00:48:02 phase=measured avail_mib=22193 free_mib=345 cached_mib=22680 swapused_mib=796 swapout_kib+=0 swapin_kib+=24 gpu_mib=10883
00:48:04 phase=measured avail_mib=22225 free_mib=360 cached_mib=22697 swapused_mib=796 swapout_kib+=0 swapin_kib+=0 gpu_mib=10883
00:48:06 phase=measured avail_mib=22214 free_mib=349 cached_mib=22697 swapused_mib=796 swapout_kib+=0 swapin_kib+=0 gpu_mib=10883
00:48:08 phase=measured avail_mib=22204 free_mib=339 cached_mib=22697 swapused_mib=796 swapout_kib+=0 swapin_kib+=4 gpu_mib=10883
00:48:10 phase=measured avail_mib=22223 free_mib=359 cached_mib=22697 swapused_mib=796 swapout_kib+=0 swapin_kib+=0 gpu_mib=10883
00:48:12 phase=measured avail_mib=22231 free_mib=291 cached_mib=22772 swapused_mib=796 swapout_kib+=0 swapin_kib+=0 gpu_mib=10883
00:48:14 phase=measured avail_mib=22198 free_mib=252 cached_mib=22778 swapused_mib=796 swapout_kib+=0 swapin_kib+=0 gpu_mib=10883
00:48:16 phase=measured avail_mib=22211 free_mib=265 cached_mib=22778 swapused_mib=796 swapout_kib+=0 swapin_kib+=0 gpu_mib=10883
00:48:18 phase=measured avail_mib=22226 free_mib=280 cached_mib=22778 swapused_mib=796 swapout_kib+=0 swapin_kib+=0 gpu_mib=10883
00:48:20 phase=measured avail_mib=22222 free_mib=276 cached_mib=22778 swapused_mib=796 swapout_kib+=0 swapin_kib+=0 gpu_mib=10883
00:48:22 phase=measured avail_mib=22272 free_mib=393 cached_mib=22712 swapused_mib=796 swapout_kib+=0 swapin_kib+=0 gpu_mib=10883
00:48:24 phase=measured avail_mib=22233 free_mib=354 cached_mib=22712 swapused_mib=796 swapout_kib+=0 swapin_kib+=0 gpu_mib=10883
00:48:26 phase=measured avail_mib=22249 free_mib=369 cached_mib=22712 swapused_mib=796 swapout_kib+=0 swapin_kib+=0 gpu_mib=10883
00:48:28 phase=measured avail_mib=22234 free_mib=353 cached_mib=22714 swapused_mib=796 swapout_kib+=0 swapin_kib+=16 gpu_mib=10883
00:48:30 phase=measured avail_mib=22222 free_mib=336 cached_mib=22719 swapused_mib=796 swapout_kib+=0 swapin_kib+=0 gpu_mib=10883
00:48:32 phase=measured avail_mib=22203 free_mib=266 cached_mib=22769 swapused_mib=796 swapout_kib+=0 swapin_kib+=8 gpu_mib=10883
00:48:34 phase=measured avail_mib=22205 free_mib=268 cached_mib=22769 swapused_mib=796 swapout_kib+=0 swapin_kib+=0 gpu_mib=10883
00:48:36 phase=measured avail_mib=22220 free_mib=283 cached_mib=22769 swapused_mib=796 swapout_kib+=0 swapin_kib+=0 gpu_mib=10883
00:48:39 phase=measured avail_mib=22209 free_mib=272 cached_mib=22769 swapused_mib=796 swapout_kib+=0 swapin_kib+=0 gpu_mib=10883
00:48:41 phase=measured avail_mib=22239 free_mib=293 cached_mib=22778 swapused_mib=796 swapout_kib+=0 swapin_kib+=0 gpu_mib=10883
00:48:43 phase=measured avail_mib=22240 free_mib=247 cached_mib=22825 swapused_mib=796 swapout_kib+=0 swapin_kib+=0 gpu_mib=10883
00:48:45 phase=measured avail_mib=22243 free_mib=250 cached_mib=22825 swapused_mib=796 swapout_kib+=0 swapin_kib+=0 gpu_mib=10883
00:48:47 phase=measured avail_mib=22250 free_mib=258 cached_mib=22825 swapused_mib=796 swapout_kib+=0 swapin_kib+=0 gpu_mib=10883
00:48:49 phase=measured avail_mib=22254 free_mib=261 cached_mib=22825 swapused_mib=796 swapout_kib+=0 swapin_kib+=0 gpu_mib=10883
00:48:51 phase=measured avail_mib=22238 free_mib=245 cached_mib=22825 swapused_mib=796 swapout_kib+=0 swapin_kib+=0 gpu_mib=10883
00:48:53 phase=measured avail_mib=22260 free_mib=341 cached_mib=22751 swapused_mib=796 swapout_kib+=0 swapin_kib+=0 gpu_mib=10883
00:48:55 phase=measured avail_mib=22217 free_mib=299 cached_mib=22751 swapused_mib=796 swapout_kib+=0 swapin_kib+=0 gpu_mib=10883
00:48:57 phase=measured avail_mib=22214 free_mib=296 cached_mib=22751 swapused_mib=796 swapout_kib+=0 swapin_kib+=0 gpu_mib=10883
00:48:59 phase=measured avail_mib=22238 free_mib=319 cached_mib=22751 swapused_mib=796 swapout_kib+=0 swapin_kib+=0 gpu_mib=10883
00:49:01 phase=measured avail_mib=22247 free_mib=328 cached_mib=22751 swapused_mib=796 swapout_kib+=0 swapin_kib+=0 gpu_mib=10883
00:49:03 phase=measured avail_mib=22252 free_mib=286 cached_mib=22799 swapused_mib=922 swapout_kib+=129028 swapin_kib+=0 gpu_mib=10883
00:49:05 phase=measured avail_mib=22272 free_mib=291 cached_mib=22814 swapused_mib=970 swapout_kib+=48964 swapin_kib+=0 gpu_mib=10883
00:49:07 phase=measured avail_mib=22271 free_mib=290 cached_mib=22814 swapused_mib=970 swapout_kib+=0 swapin_kib+=0 gpu_mib=10883
00:49:09 phase=measured avail_mib=22249 free_mib=268 cached_mib=22814 swapused_mib=970 swapout_kib+=0 swapin_kib+=0 gpu_mib=10883
00:49:11 phase=measured avail_mib=22252 free_mib=271 cached_mib=22814 swapused_mib=970 swapout_kib+=0 swapin_kib+=0 gpu_mib=10883
00:49:13 phase=measured avail_mib=22172 free_mib=194 cached_mib=22810 swapused_mib=970 swapout_kib+=0 swapin_kib+=0 gpu_mib=10883
00:49:15 phase=measured avail_mib=22188 free_mib=356 cached_mib=22665 swapused_mib=970 swapout_kib+=188 swapin_kib+=0 gpu_mib=10883
00:49:17 phase=measured avail_mib=22166 free_mib=333 cached_mib=22665 swapused_mib=970 swapout_kib+=0 swapin_kib+=4 gpu_mib=10883
00:49:19 phase=measured avail_mib=22195 free_mib=361 cached_mib=22666 swapused_mib=970 swapout_kib+=0 swapin_kib+=0 gpu_mib=10883
00:49:21 phase=measured avail_mib=22195 free_mib=360 cached_mib=22667 swapused_mib=970 swapout_kib+=0 swapin_kib+=0 gpu_mib=10883
00:49:23 phase=measured avail_mib=22171 free_mib=336 cached_mib=22668 swapused_mib=970 swapout_kib+=0 swapin_kib+=0 gpu_mib=10883
00:49:25 phase=measured avail_mib=22185 free_mib=348 cached_mib=22669 swapused_mib=970 swapout_kib+=0 swapin_kib+=0 gpu_mib=10883
00:49:27 phase=measured avail_mib=22193 free_mib=356 cached_mib=22670 swapused_mib=970 swapout_kib+=0 swapin_kib+=0 gpu_mib=10883
00:49:29 phase=measured avail_mib=22188 free_mib=350 cached_mib=22671 swapused_mib=970 swapout_kib+=0 swapin_kib+=32 gpu_mib=10883
00:49:31 phase=measured avail_mib=22172 free_mib=333 cached_mib=22672 swapused_mib=970 swapout_kib+=0 swapin_kib+=0 gpu_mib=10883
00:49:33 phase=measured avail_mib=22156 free_mib=316 cached_mib=22672 swapused_mib=970 swapout_kib+=0 swapin_kib+=0 gpu_mib=10883
00:49:35 phase=measured avail_mib=22144 free_mib=303 cached_mib=22673 swapused_mib=970 swapout_kib+=0 swapin_kib+=0 gpu_mib=10883
00:49:37 phase=measured avail_mib=22159 free_mib=317 cached_mib=22674 swapused_mib=970 swapout_kib+=0 swapin_kib+=8 gpu_mib=10883
00:49:39 phase=measured avail_mib=22176 free_mib=333 cached_mib=22675 swapused_mib=970 swapout_kib+=0 swapin_kib+=0 gpu_mib=10883
00:49:42 phase=measured avail_mib=22184 free_mib=340 cached_mib=22676 swapused_mib=970 swapout_kib+=0 swapin_kib+=0 gpu_mib=10883
00:49:44 phase=measured avail_mib=22133 free_mib=289 cached_mib=22677 swapused_mib=970 swapout_kib+=0 swapin_kib+=0 gpu_mib=10883
00:49:46 phase=measured avail_mib=22138 free_mib=292 cached_mib=22678 swapused_mib=970 swapout_kib+=0 swapin_kib+=0 gpu_mib=10883
00:49:48 phase=measured avail_mib=29222 free_mib=7370 cached_mib=22154 swapused_mib=639 swapout_kib+=0 swapin_kib+=27208 gpu_mib=171
00:49:52 phase=idle avail_mib=31097 free_mib=9150 cached_mib=22239 swapused_mib=133 swapout_kib+=0 swapin_kib+=14532 gpu_mib=0
00:49:55 phase=idle avail_mib=31098 free_mib=9079 cached_mib=22310 swapused_mib=126 swapout_kib+=0 swapin_kib+=6744 gpu_mib=0
