Linux 6.8.0-136-generic (rushuna) 	09/08/2026 	_x86_64_	(8 CPU)

09/08/2026 09:05:17 PM
Device            r/s     rkB/s   rrqm/s  %rrqm r_await rareq-sz     w/s     wkB/s   wrqm/s  %wrqm w_await wareq-sz     d/s     dkB/s   drqm/s  %drqm d_await dareq-sz     f/s f_await  aqu-sz  %util
nvme0n1          9.25    870.33     0.23   2.41    0.51    94.10    3.42    110.81     1.24  26.54   11.00    32.41    0.01    136.89     0.00   0.00    3.68 11331.64    0.08    2.33    0.04   0.19


09/08/2026 09:05:18 PM
Device            r/s     rkB/s   rrqm/s  %rrqm r_await rareq-sz     w/s     wkB/s   wrqm/s  %wrqm w_await wareq-sz     d/s     dkB/s   drqm/s  %drqm d_await dareq-sz     f/s f_await  aqu-sz  %util
nvme0n1       13627.00 506320.00   456.00   3.24    0.13    37.16   16.00     64.00     0.00   0.00   31.44     4.00    0.00      0.00     0.00   0.00    0.00     0.00    0.00    0.00    2.24  61.20


09/08/2026 09:05:19 PM
Device            r/s     rkB/s   rrqm/s  %rrqm r_await rareq-sz     w/s     wkB/s   wrqm/s  %wrqm w_await wareq-sz     d/s     dkB/s   drqm/s  %drqm d_await dareq-sz     f/s f_await  aqu-sz  %util
nvme0n1       5694.00  22780.00     0.00   0.00    0.14     4.00    0.00      0.00     0.00   0.00    0.00     0.00    0.00      0.00     0.00   0.00    0.00     0.00    0.00    0.00    0.81  77.80


09/08/2026 09:05:20 PM
Device            r/s     rkB/s   rrqm/s  %rrqm r_await rareq-sz     w/s     wkB/s   wrqm/s  %wrqm w_await wareq-sz     d/s     dkB/s   drqm/s  %drqm d_await dareq-sz     f/s f_await  aqu-sz  %util
nvme0n1       9062.00 939396.00   575.00   5.97    0.17   103.66   42.00    196.00     7.00  14.29   27.40     4.67    0.00      0.00     0.00   0.00    0.00     0.00    0.00    0.00    2.66  54.00


09/08/2026 09:05:21 PM
Device            r/s     rkB/s   rrqm/s  %rrqm r_await rareq-sz     w/s     wkB/s   wrqm/s  %wrqm w_await wareq-sz     d/s     dkB/s   drqm/s  %drqm d_await dareq-sz     f/s f_await  aqu-sz  %util
nvme0n1       11568.00 1473928.00     4.00   0.03    0.18   127.41  281.00   1184.00    16.00   5.39    6.96     4.21    0.00      0.00     0.00   0.00    0.00     0.00    1.00    1.00    4.08  54.90


09/08/2026 09:05:22 PM
Device            r/s     rkB/s   rrqm/s  %rrqm r_await rareq-sz     w/s     wkB/s   wrqm/s  %wrqm w_await wareq-sz     d/s     dkB/s   drqm/s  %drqm d_await dareq-sz     f/s f_await  aqu-sz  %util
nvme0n1       9643.00 1219800.00    25.00   0.26    0.20   126.50  193.00    812.00    10.00   4.93    9.09     4.21    0.00      0.00     0.00   0.00    0.00     0.00    0.00    0.00    3.65  54.20


09/08/2026 09:05:23 PM
Device            r/s     rkB/s   rrqm/s  %rrqm r_await rareq-sz     w/s     wkB/s   wrqm/s  %wrqm w_await wareq-sz     d/s     dkB/s   drqm/s  %drqm d_await dareq-sz     f/s f_await  aqu-sz  %util
nvme0n1       10640.00 1355292.00     0.00   0.00    0.19   127.38   54.00    304.00    22.00  28.95    0.28     5.63    0.00      0.00     0.00   0.00    0.00     0.00    0.00    0.00    2.03  56.30


09/08/2026 09:05:24 PM
Device            r/s     rkB/s   rrqm/s  %rrqm r_await rareq-sz     w/s     wkB/s   wrqm/s  %wrqm w_await wareq-sz     d/s     dkB/s   drqm/s  %drqm d_await dareq-sz     f/s f_await  aqu-sz  %util
nvme0n1       12092.00 1373820.00    38.00   0.31    0.17   113.61   78.00    704.00    98.00  55.68    2.24     9.03    0.00      0.00     0.00   0.00    0.00     0.00    0.00    0.00    2.23  51.90


09/08/2026 09:05:25 PM
Device            r/s     rkB/s   rrqm/s  %rrqm r_await rareq-sz     w/s     wkB/s   wrqm/s  %wrqm w_await wareq-sz     d/s     dkB/s   drqm/s  %drqm d_await dareq-sz     f/s f_await  aqu-sz  %util
nvme0n1       11401.00 1414252.00    31.00   0.27    0.18   124.05    2.00      8.00     0.00   0.00   15.50     4.00    0.00      0.00     0.00   0.00    0.00     0.00    0.00    0.00    2.13  58.20


09/08/2026 09:05:26 PM
Device            r/s     rkB/s   rrqm/s  %rrqm r_await rareq-sz     w/s     wkB/s   wrqm/s  %wrqm w_await wareq-sz     d/s     dkB/s   drqm/s  %drqm d_await dareq-sz     f/s f_await  aqu-sz  %util
nvme0n1       10796.00 1370560.00     0.00   0.00    0.19   126.95    0.00      0.00    11.00 100.00    0.00     0.00    0.00      0.00     0.00   0.00    0.00     0.00    0.00    0.00    2.05  55.80


09/08/2026 09:05:27 PM
Device            r/s     rkB/s   rrqm/s  %rrqm r_await rareq-sz     w/s     wkB/s   wrqm/s  %wrqm w_await wareq-sz     d/s     dkB/s   drqm/s  %drqm d_await dareq-sz     f/s f_await  aqu-sz  %util
nvme0n1       10895.00 1388948.00     0.00   0.00    0.19   127.48    3.00     52.00     0.00   0.00    1.33    17.33    0.00      0.00     0.00   0.00    0.00     0.00    1.00    1.00    2.07  54.70


09/08/2026 09:05:28 PM
Device            r/s     rkB/s   rrqm/s  %rrqm r_await rareq-sz     w/s     wkB/s   wrqm/s  %wrqm w_await wareq-sz     d/s     dkB/s   drqm/s  %drqm d_await dareq-sz     f/s f_await  aqu-sz  %util
nvme0n1       10043.00 1276232.00     1.00   0.01    0.20   127.08  308.00   1376.00    36.00  10.47    8.13     4.47    0.00      0.00     0.00   0.00    0.00     0.00    0.00    0.00    4.52  59.30


09/08/2026 09:05:29 PM
Device            r/s     rkB/s   rrqm/s  %rrqm r_await rareq-sz     w/s     wkB/s   wrqm/s  %wrqm w_await wareq-sz     d/s     dkB/s   drqm/s  %drqm d_await dareq-sz     f/s f_await  aqu-sz  %util
nvme0n1       10230.00 1303532.00     0.00   0.00    0.20   127.42  533.00   2332.00    29.00   5.16   10.28     4.38    0.00      0.00     0.00   0.00    0.00     0.00    0.00    0.00    7.49  54.80


09/08/2026 09:05:30 PM
Device            r/s     rkB/s   rrqm/s  %rrqm r_await rareq-sz     w/s     wkB/s   wrqm/s  %wrqm w_await wareq-sz     d/s     dkB/s   drqm/s  %drqm d_await dareq-sz     f/s f_await  aqu-sz  %util
nvme0n1       10707.00 1363208.00     0.00   0.00    0.19   127.32   16.00     64.00     0.00   0.00   28.50     4.00    0.00      0.00     0.00   0.00    0.00     0.00    0.00    0.00    2.50  55.00


09/08/2026 09:05:31 PM
Device            r/s     rkB/s   rrqm/s  %rrqm r_await rareq-sz     w/s     wkB/s   wrqm/s  %wrqm w_await wareq-sz     d/s     dkB/s   drqm/s  %drqm d_await dareq-sz     f/s f_await  aqu-sz  %util
nvme0n1       10511.00 1339532.00     0.00   0.00    0.20   127.44  423.00   1828.00    39.00   8.44    5.13     4.32    0.00      0.00     0.00   0.00    0.00     0.00    0.00    0.00    4.25  53.20


09/08/2026 09:05:32 PM
Device            r/s     rkB/s   rrqm/s  %rrqm r_await rareq-sz     w/s     wkB/s   wrqm/s  %wrqm w_await wareq-sz     d/s     dkB/s   drqm/s  %drqm d_await dareq-sz     f/s f_await  aqu-sz  %util
nvme0n1       10486.00 1336884.00     0.00   0.00    0.20   127.49  601.00   2496.00    19.00   3.06    3.22     4.15    0.00      0.00     0.00   0.00    0.00     0.00    1.00    1.00    4.05  55.30


09/08/2026 09:05:33 PM
Device            r/s     rkB/s   rrqm/s  %rrqm r_await rareq-sz     w/s     wkB/s   wrqm/s  %wrqm w_await wareq-sz     d/s     dkB/s   drqm/s  %drqm d_await dareq-sz     f/s f_await  aqu-sz  %util
nvme0n1       10109.00 1286740.00     0.00   0.00    0.20   127.29  574.00   2332.00     9.00   1.54    4.38     4.06    0.00      0.00     0.00   0.00    0.00     0.00    0.00    0.00    4.57  52.40


09/08/2026 09:05:34 PM
Device            r/s     rkB/s   rrqm/s  %rrqm r_await rareq-sz     w/s     wkB/s   wrqm/s  %wrqm w_await wareq-sz     d/s     dkB/s   drqm/s  %drqm d_await dareq-sz     f/s f_await  aqu-sz  %util
nvme0n1       8564.00 1067332.00     0.00   0.00    0.20   124.63  271.00   1132.00    12.00   4.24    5.72     4.18    0.00      0.00     0.00   0.00    0.00     0.00    0.00    0.00    3.27  49.80


09/08/2026 09:05:35 PM
Device            r/s     rkB/s   rrqm/s  %rrqm r_await rareq-sz     w/s     wkB/s   wrqm/s  %wrqm w_await wareq-sz     d/s     dkB/s   drqm/s  %drqm d_await dareq-sz     f/s f_await  aqu-sz  %util
nvme0n1       7090.00 808236.00     0.00   0.00    0.21   114.00  362.00   1696.00    62.00  14.62    7.91     4.69    0.00      0.00     0.00   0.00    0.00     0.00    0.00    0.00    4.35  51.00


09/08/2026 09:05:36 PM
Device            r/s     rkB/s   rrqm/s  %rrqm r_await rareq-sz     w/s     wkB/s   wrqm/s  %wrqm w_await wareq-sz     d/s     dkB/s   drqm/s  %drqm d_await dareq-sz     f/s f_await  aqu-sz  %util
nvme0n1       8179.00 979328.00     0.00   0.00    0.21   119.74  122.00    516.00     7.00   5.43    1.13     4.23    0.00      0.00     0.00   0.00    0.00     0.00    0.00    0.00    1.81  54.10


09/08/2026 09:05:37 PM
Device            r/s     rkB/s   rrqm/s  %rrqm r_await rareq-sz     w/s     wkB/s   wrqm/s  %wrqm w_await wareq-sz     d/s     dkB/s   drqm/s  %drqm d_await dareq-sz     f/s f_await  aqu-sz  %util
nvme0n1       8359.00 1048800.00     0.00   0.00    0.24   125.47  826.00  15360.00  3015.00  78.50   28.61    18.60    0.00      0.00     0.00   0.00    0.00     0.00    1.00    1.00   25.62  56.80


09/08/2026 09:05:38 PM
Device            r/s     rkB/s   rrqm/s  %rrqm r_await rareq-sz     w/s     wkB/s   wrqm/s  %wrqm w_await wareq-sz     d/s     dkB/s   drqm/s  %drqm d_await dareq-sz     f/s f_await  aqu-sz  %util
nvme0n1       10964.00 1283984.00    10.00   0.09    0.19   117.11  157.00    648.00     5.00   3.09    8.08     4.13    0.00      0.00     0.00   0.00    0.00     0.00    0.00    0.00    3.30  58.80


09/08/2026 09:05:39 PM
Device            r/s     rkB/s   rrqm/s  %rrqm r_await rareq-sz     w/s     wkB/s   wrqm/s  %wrqm w_await wareq-sz     d/s     dkB/s   drqm/s  %drqm d_await dareq-sz     f/s f_await  aqu-sz  %util
nvme0n1       9685.00 1210620.00     0.00   0.00    0.20   125.00  543.00   2272.00    25.00   4.40    2.01     4.18    0.00      0.00     0.00   0.00    0.00     0.00    0.00    0.00    3.00  54.50


09/08/2026 09:05:40 PM
Device            r/s     rkB/s   rrqm/s  %rrqm r_await rareq-sz     w/s     wkB/s   wrqm/s  %wrqm w_await wareq-sz     d/s     dkB/s   drqm/s  %drqm d_await dareq-sz     f/s f_await  aqu-sz  %util
nvme0n1       10317.00 1305472.00     1.00   0.01    0.19   126.54  408.00   1912.00    70.00  14.64   11.28     4.69    0.00      0.00     0.00   0.00    0.00     0.00    0.00    0.00    6.61  54.70


09/08/2026 09:05:41 PM
Device            r/s     rkB/s   rrqm/s  %rrqm r_await rareq-sz     w/s     wkB/s   wrqm/s  %wrqm w_await wareq-sz     d/s     dkB/s   drqm/s  %drqm d_await dareq-sz     f/s f_await  aqu-sz  %util
nvme0n1       13250.00 226220.00   254.00   1.88    0.10    17.07   38.00    188.00     9.00  19.15    2.08     4.95    0.00      0.00     0.00   0.00    0.00     0.00    0.00    0.00    1.36  78.70


09/08/2026 09:05:42 PM
Device            r/s     rkB/s   rrqm/s  %rrqm r_await rareq-sz     w/s     wkB/s   wrqm/s  %wrqm w_await wareq-sz     d/s     dkB/s   drqm/s  %drqm d_await dareq-sz     f/s f_await  aqu-sz  %util
nvme0n1       4501.00 553708.00     3.00   0.07    0.23   123.02    2.00      4.00     0.00   0.00    1.00     2.00    0.00      0.00     0.00   0.00    0.00     0.00    1.00    1.00    1.04  36.30


09/08/2026 09:05:43 PM
Device            r/s     rkB/s   rrqm/s  %rrqm r_await rareq-sz     w/s     wkB/s   wrqm/s  %wrqm w_await wareq-sz     d/s     dkB/s   drqm/s  %drqm d_await dareq-sz     f/s f_await  aqu-sz  %util
nvme0n1       4790.00 587416.00     0.00   0.00    0.24   122.63  164.00   4412.00   939.00  85.13    2.80    26.90    0.00      0.00     0.00   0.00    0.00     0.00    0.00    0.00    1.62  39.90


09/08/2026 09:05:44 PM
Device            r/s     rkB/s   rrqm/s  %rrqm r_await rareq-sz     w/s     wkB/s   wrqm/s  %wrqm w_await wareq-sz     d/s     dkB/s   drqm/s  %drqm d_await dareq-sz     f/s f_await  aqu-sz  %util
nvme0n1       5149.00 634836.00     0.00   0.00    0.23   123.29  200.00   1036.00    59.00  22.78   14.54     5.18    0.00      0.00     0.00   0.00    0.00     0.00    0.00    0.00    4.07  42.50


09/08/2026 09:05:45 PM
Device            r/s     rkB/s   rrqm/s  %rrqm r_await rareq-sz     w/s     wkB/s   wrqm/s  %wrqm w_await wareq-sz     d/s     dkB/s   drqm/s  %drqm d_await dareq-sz     f/s f_await  aqu-sz  %util
nvme0n1       5148.00 633904.00     0.00   0.00    0.22   123.14  129.00    568.00    13.00   9.15    7.01     4.40    0.00      0.00     0.00   0.00    0.00     0.00    0.00    0.00    2.05  40.60


09/08/2026 09:05:46 PM
Device            r/s     rkB/s   rrqm/s  %rrqm r_await rareq-sz     w/s     wkB/s   wrqm/s  %wrqm w_await wareq-sz     d/s     dkB/s   drqm/s  %drqm d_await dareq-sz     f/s f_await  aqu-sz  %util
nvme0n1       4907.00 608804.00     0.00   0.00    0.23   124.07   36.00    160.00     8.00  18.18    0.11     4.44    0.00      0.00     0.00   0.00    0.00     0.00    0.00    0.00    1.13  42.20


09/08/2026 09:05:47 PM
Device            r/s     rkB/s   rrqm/s  %rrqm r_await rareq-sz     w/s     wkB/s   wrqm/s  %wrqm w_await wareq-sz     d/s     dkB/s   drqm/s  %drqm d_await dareq-sz     f/s f_await  aqu-sz  %util
nvme0n1       4597.00 553828.00     2.00   0.04    0.23   120.48    3.00     28.00     0.00   0.00    1.33     9.33    0.00      0.00     0.00   0.00    0.00     0.00    1.00    2.00    1.06  38.70


09/08/2026 09:05:48 PM
Device            r/s     rkB/s   rrqm/s  %rrqm r_await rareq-sz     w/s     wkB/s   wrqm/s  %wrqm w_await wareq-sz     d/s     dkB/s   drqm/s  %drqm d_await dareq-sz     f/s f_await  aqu-sz  %util
nvme0n1       5009.00 598124.00     8.00   0.16    0.23   119.41   75.00   1836.00   384.00  83.66    1.40    24.48    0.00      0.00     0.00   0.00    0.00     0.00    0.00    0.00    1.25  44.80


09/08/2026 09:05:49 PM
Device            r/s     rkB/s   rrqm/s  %rrqm r_await rareq-sz     w/s     wkB/s   wrqm/s  %wrqm w_await wareq-sz     d/s     dkB/s   drqm/s  %drqm d_await dareq-sz     f/s f_await  aqu-sz  %util
nvme0n1       4593.00 561124.00     0.00   0.00    0.24   122.17    0.00      0.00     0.00   0.00    0.00     0.00    0.00      0.00     0.00   0.00    0.00     0.00    0.00    0.00    1.09  41.50


09/08/2026 09:05:50 PM
Device            r/s     rkB/s   rrqm/s  %rrqm r_await rareq-sz     w/s     wkB/s   wrqm/s  %wrqm w_await wareq-sz     d/s     dkB/s   drqm/s  %drqm d_await dareq-sz     f/s f_await  aqu-sz  %util
nvme0n1       4529.00 551312.00     0.00   0.00    0.22   121.73    0.00      0.00     0.00   0.00    0.00     0.00    0.00      0.00     0.00   0.00    0.00     0.00    0.00    0.00    0.99  35.90


09/08/2026 09:05:51 PM
Device            r/s     rkB/s   rrqm/s  %rrqm r_await rareq-sz     w/s     wkB/s   wrqm/s  %wrqm w_await wareq-sz     d/s     dkB/s   drqm/s  %drqm d_await dareq-sz     f/s f_await  aqu-sz  %util
nvme0n1       4677.00 574796.00     4.00   0.09    0.22   122.90    0.00      0.00     1.00 100.00    0.00     0.00    0.00      0.00     0.00   0.00    0.00     0.00    0.00    0.00    1.02  33.50


09/08/2026 09:05:52 PM
Device            r/s     rkB/s   rrqm/s  %rrqm r_await rareq-sz     w/s     wkB/s   wrqm/s  %wrqm w_await wareq-sz     d/s     dkB/s   drqm/s  %drqm d_await dareq-sz     f/s f_await  aqu-sz  %util
nvme0n1       5483.00  40304.00     0.00   0.00    0.15     7.35    8.00     32.00     0.00   0.00    0.25     4.00    0.00      0.00     0.00   0.00    0.00     0.00    1.00    0.00    0.84  79.50


09/08/2026 09:05:53 PM
Device            r/s     rkB/s   rrqm/s  %rrqm r_await rareq-sz     w/s     wkB/s   wrqm/s  %wrqm w_await wareq-sz     d/s     dkB/s   drqm/s  %drqm d_await dareq-sz     f/s f_await  aqu-sz  %util
nvme0n1       3975.00 209532.00    10.00   0.25    0.18    52.71   44.00    216.00    10.00  18.52    9.20     4.91    0.00      0.00     0.00   0.00    0.00     0.00    0.00    0.00    1.10  47.90


09/08/2026 09:05:54 PM
Device            r/s     rkB/s   rrqm/s  %rrqm r_await rareq-sz     w/s     wkB/s   wrqm/s  %wrqm w_await wareq-sz     d/s     dkB/s   drqm/s  %drqm d_await dareq-sz     f/s f_await  aqu-sz  %util
nvme0n1       2502.00 306040.00     0.00   0.00    0.24   122.32   21.00    116.00     8.00  27.59   25.86     5.52    0.00      0.00     0.00   0.00    0.00     0.00    0.00    0.00    1.15  24.50


09/08/2026 09:05:55 PM
Device            r/s     rkB/s   rrqm/s  %rrqm r_await rareq-sz     w/s     wkB/s   wrqm/s  %wrqm w_await wareq-sz     d/s     dkB/s   drqm/s  %drqm d_await dareq-sz     f/s f_await  aqu-sz  %util
nvme0n1       3988.00 316244.00   112.00   2.73    0.18    79.30    7.00     28.00     0.00   0.00   32.14     4.00    0.00      0.00     0.00   0.00    0.00     0.00    0.00    0.00    0.95  31.60


09/08/2026 09:05:56 PM
Device            r/s     rkB/s   rrqm/s  %rrqm r_await rareq-sz     w/s     wkB/s   wrqm/s  %wrqm w_await wareq-sz     d/s     dkB/s   drqm/s  %drqm d_await dareq-sz     f/s f_await  aqu-sz  %util
nvme0n1       1880.00 226152.00     2.00   0.11    0.25   120.29    1.00      4.00     5.00  83.33    0.00     4.00    0.00      0.00     0.00   0.00    0.00     0.00    0.00    0.00    0.46  17.00


09/08/2026 09:05:57 PM
Device            r/s     rkB/s   rrqm/s  %rrqm r_await rareq-sz     w/s     wkB/s   wrqm/s  %wrqm w_await wareq-sz     d/s     dkB/s   drqm/s  %drqm d_await dareq-sz     f/s f_await  aqu-sz  %util
nvme0n1       2114.00 259612.00     0.00   0.00    0.25   122.81    3.00     28.00     0.00   0.00    0.67     9.33    0.00      0.00     0.00   0.00    0.00     0.00    1.00    2.00    0.53  20.80


09/08/2026 09:05:58 PM
Device            r/s     rkB/s   rrqm/s  %rrqm r_await rareq-sz     w/s     wkB/s   wrqm/s  %wrqm w_await wareq-sz     d/s     dkB/s   drqm/s  %drqm d_await dareq-sz     f/s f_await  aqu-sz  %util
nvme0n1       2594.00 317092.00     0.00   0.00    0.24   122.24    2.00      8.00     0.00   0.00    0.00     4.00    0.00      0.00     0.00   0.00    0.00     0.00    0.00    0.00    0.63  22.50


09/08/2026 09:05:59 PM
Device            r/s     rkB/s   rrqm/s  %rrqm r_await rareq-sz     w/s     wkB/s   wrqm/s  %wrqm w_await wareq-sz     d/s     dkB/s   drqm/s  %drqm d_await dareq-sz     f/s f_await  aqu-sz  %util
nvme0n1       1378.00 113468.00     0.00   0.00    0.94    82.34 1170.00 149308.00 36157.00  96.87  150.53   127.61    0.00      0.00     0.00   0.00    0.00     0.00    0.00    0.00  177.41  52.00


09/08/2026 09:06:00 PM
Device            r/s     rkB/s   rrqm/s  %rrqm r_await rareq-sz     w/s     wkB/s   wrqm/s  %wrqm w_await wareq-sz     d/s     dkB/s   drqm/s  %drqm d_await dareq-sz     f/s f_await  aqu-sz  %util
nvme0n1       4160.00  48204.00     5.00   0.12    0.15    11.59   75.00    396.00     3.00   3.85    0.33     5.28    0.00      0.00     0.00   0.00    0.00     0.00    0.00    0.00    0.65  57.10


09/08/2026 09:06:01 PM
Device            r/s     rkB/s   rrqm/s  %rrqm r_await rareq-sz     w/s     wkB/s   wrqm/s  %wrqm w_await wareq-sz     d/s     dkB/s   drqm/s  %drqm d_await dareq-sz     f/s f_await  aqu-sz  %util
nvme0n1        841.00  93436.00    42.00   4.76    1.56   111.10  824.00 105324.00 25517.00  96.87  136.04   127.82    0.00      0.00     0.00   0.00    0.00     0.00    0.00    0.00  113.41  59.20


09/08/2026 09:06:02 PM
Device            r/s     rkB/s   rrqm/s  %rrqm r_await rareq-sz     w/s     wkB/s   wrqm/s  %wrqm w_await wareq-sz     d/s     dkB/s   drqm/s  %drqm d_await dareq-sz     f/s f_await  aqu-sz  %util
nvme0n1       1157.00 141232.00     0.00   0.00    0.51   122.07 1948.00 100932.00 23276.00  92.28   35.09    51.81    0.00      0.00     0.00   0.00    0.00     0.00    1.00    1.00   68.95  24.50


09/08/2026 09:06:03 PM
Device            r/s     rkB/s   rrqm/s  %rrqm r_await rareq-sz     w/s     wkB/s   wrqm/s  %wrqm w_await wareq-sz     d/s     dkB/s   drqm/s  %drqm d_await dareq-sz     f/s f_await  aqu-sz  %util
nvme0n1       1620.00 200152.00     0.00   0.00    0.80   123.55  564.00  68772.00 16629.00  96.72  174.74   121.94    0.00      0.00     0.00   0.00    0.00     0.00    0.00    0.00   99.85  45.10


09/08/2026 09:06:04 PM
Device            r/s     rkB/s   rrqm/s  %rrqm r_await rareq-sz     w/s     wkB/s   wrqm/s  %wrqm w_await wareq-sz     d/s     dkB/s   drqm/s  %drqm d_await dareq-sz     f/s f_await  aqu-sz  %util
nvme0n1       1476.00 171296.00     0.00   0.00    0.24   116.05    1.00      4.00     0.00   0.00    0.00     4.00    0.00      0.00     0.00   0.00    0.00     0.00    0.00    0.00    0.35  14.60


09/08/2026 09:06:05 PM
Device            r/s     rkB/s   rrqm/s  %rrqm r_await rareq-sz     w/s     wkB/s   wrqm/s  %wrqm w_await wareq-sz     d/s     dkB/s   drqm/s  %drqm d_await dareq-sz     f/s f_await  aqu-sz  %util
nvme0n1       1823.00 220172.00     1.00   0.05    0.24   120.77    0.00      0.00     0.00   0.00    0.00     0.00    0.00      0.00     0.00   0.00    0.00     0.00    0.00    0.00    0.44  15.90


09/08/2026 09:06:06 PM
Device            r/s     rkB/s   rrqm/s  %rrqm r_await rareq-sz     w/s     wkB/s   wrqm/s  %wrqm w_await wareq-sz     d/s     dkB/s   drqm/s  %drqm d_await dareq-sz     f/s f_await  aqu-sz  %util
nvme0n1       3434.00 121200.00    57.00   1.63    0.17    35.29    5.00     24.00     2.00  28.57   27.20     4.80    0.00      0.00     0.00   0.00    0.00     0.00    0.00    0.00    0.73  49.00


09/08/2026 09:06:07 PM
Device            r/s     rkB/s   rrqm/s  %rrqm r_await rareq-sz     w/s     wkB/s   wrqm/s  %wrqm w_await wareq-sz     d/s     dkB/s   drqm/s  %drqm d_await dareq-sz     f/s f_await  aqu-sz  %util
nvme0n1       5010.00  36472.00   166.00   3.21    0.15     7.28   10.00     52.00     3.00  23.08    1.10     5.20    0.00      0.00     0.00   0.00    0.00     0.00    1.00    0.00    0.75  70.60


09/08/2026 09:06:08 PM
Device            r/s     rkB/s   rrqm/s  %rrqm r_await rareq-sz     w/s     wkB/s   wrqm/s  %wrqm w_await wareq-sz     d/s     dkB/s   drqm/s  %drqm d_await dareq-sz     f/s f_await  aqu-sz  %util
nvme0n1       2731.00 314308.00    16.00   0.58    0.23   115.09  106.00    428.00     1.00   0.93    0.67     4.04    0.00      0.00     0.00   0.00    0.00     0.00    0.00    0.00    0.71  26.70


09/08/2026 09:06:09 PM
Device            r/s     rkB/s   rrqm/s  %rrqm r_await rareq-sz     w/s     wkB/s   wrqm/s  %wrqm w_await wareq-sz     d/s     dkB/s   drqm/s  %drqm d_await dareq-sz     f/s f_await  aqu-sz  %util
nvme0n1       2505.00 311564.00     0.00   0.00    0.22   124.38    0.00      0.00     0.00   0.00    0.00     0.00    0.00      0.00     0.00   0.00    0.00     0.00    0.00    0.00    0.55  19.30


09/08/2026 09:06:10 PM
Device            r/s     rkB/s   rrqm/s  %rrqm r_await rareq-sz     w/s     wkB/s   wrqm/s  %wrqm w_await wareq-sz     d/s     dkB/s   drqm/s  %drqm d_await dareq-sz     f/s f_await  aqu-sz  %util
nvme0n1       2333.00 285428.00     0.00   0.00    0.34   122.34 3210.00  13472.00   158.00   4.69    4.30     4.20    0.00      0.00     0.00   0.00    0.00     0.00    0.00    0.00   14.61  28.90


09/08/2026 09:06:11 PM
Device            r/s     rkB/s   rrqm/s  %rrqm r_await rareq-sz     w/s     wkB/s   wrqm/s  %wrqm w_await wareq-sz     d/s     dkB/s   drqm/s  %drqm d_await dareq-sz     f/s f_await  aqu-sz  %util
nvme0n1       6547.00 304700.00   497.00   7.06    0.12    46.54    0.00      0.00     0.00   0.00    0.00     0.00    0.00      0.00     0.00   0.00    0.00     0.00    0.00    0.00    0.77  37.70


09/08/2026 09:06:12 PM
Device            r/s     rkB/s   rrqm/s  %rrqm r_await rareq-sz     w/s     wkB/s   wrqm/s  %wrqm w_await wareq-sz     d/s     dkB/s   drqm/s  %drqm d_await dareq-sz     f/s f_await  aqu-sz  %util
nvme0n1       1988.00 243264.00    29.00   1.44    0.25   122.37    0.00      0.00    11.00 100.00    0.00     0.00    0.00      0.00     0.00   0.00    0.00     0.00    0.00    0.00    0.50  20.40


09/08/2026 09:06:13 PM
Device            r/s     rkB/s   rrqm/s  %rrqm r_await rareq-sz     w/s     wkB/s   wrqm/s  %wrqm w_await wareq-sz     d/s     dkB/s   drqm/s  %drqm d_await dareq-sz     f/s f_await  aqu-sz  %util
nvme0n1       1510.00 183284.00     0.00   0.00    0.26   121.38    3.00     52.00     0.00   0.00    0.67    17.33    0.00      0.00     0.00   0.00    0.00     0.00    1.00    1.00    0.39  16.30


09/08/2026 09:06:14 PM
Device            r/s     rkB/s   rrqm/s  %rrqm r_await rareq-sz     w/s     wkB/s   wrqm/s  %wrqm w_await wareq-sz     d/s     dkB/s   drqm/s  %drqm d_await dareq-sz     f/s f_await  aqu-sz  %util
nvme0n1       4760.00 226368.00   413.00   7.98    0.15    47.56    0.00      0.00     0.00   0.00    0.00     0.00    0.00      0.00     0.00   0.00    0.00     0.00    0.00    0.00    0.69  20.90


09/08/2026 09:06:15 PM
Device            r/s     rkB/s   rrqm/s  %rrqm r_await rareq-sz     w/s     wkB/s   wrqm/s  %wrqm w_await wareq-sz     d/s     dkB/s   drqm/s  %drqm d_await dareq-sz     f/s f_await  aqu-sz  %util
nvme0n1       1198.00  59392.00    18.00   1.48    0.21    49.58    2.00      8.00     0.00   0.00    0.50     4.00    0.00      0.00     0.00   0.00    0.00     0.00    0.00    0.00    0.25   8.40


09/08/2026 09:06:16 PM
Device            r/s     rkB/s   rrqm/s  %rrqm r_await rareq-sz     w/s     wkB/s   wrqm/s  %wrqm w_await wareq-sz     d/s     dkB/s   drqm/s  %drqm d_await dareq-sz     f/s f_await  aqu-sz  %util
nvme0n1       1162.00  56912.00     5.00   0.43    0.22    48.98   38.00    164.00     2.00   5.00    0.11     4.32    0.00      0.00     0.00   0.00    0.00     0.00    0.00    0.00    0.26   8.00


09/08/2026 09:06:17 PM
Device            r/s     rkB/s   rrqm/s  %rrqm r_await rareq-sz     w/s     wkB/s   wrqm/s  %wrqm w_await wareq-sz     d/s     dkB/s   drqm/s  %drqm d_await dareq-sz     f/s f_await  aqu-sz  %util
nvme0n1       1212.00  60364.00     4.00   0.33    0.22    49.81    0.00      0.00     7.00 100.00    0.00     0.00    0.00      0.00     0.00   0.00    0.00     0.00    0.00    0.00    0.26   7.70


09/08/2026 09:06:18 PM
Device            r/s     rkB/s   rrqm/s  %rrqm r_await rareq-sz     w/s     wkB/s   wrqm/s  %wrqm w_await wareq-sz     d/s     dkB/s   drqm/s  %drqm d_await dareq-sz     f/s f_await  aqu-sz  %util
nvme0n1        922.00  47948.00    18.00   1.91    0.22    52.00    3.00     36.00     0.00   0.00    1.33    12.00    0.00      0.00     0.00   0.00    0.00     0.00    1.00    2.00    0.21   8.50


09/08/2026 09:06:19 PM
Device            r/s     rkB/s   rrqm/s  %rrqm r_await rareq-sz     w/s     wkB/s   wrqm/s  %wrqm w_await wareq-sz     d/s     dkB/s   drqm/s  %drqm d_await dareq-sz     f/s f_await  aqu-sz  %util
nvme0n1       1731.00  96404.00     0.00   0.00    0.22    55.69    0.00      0.00     0.00   0.00    0.00     0.00    0.00      0.00     0.00   0.00    0.00     0.00    0.00    0.00    0.38  10.10


09/08/2026 09:06:20 PM
Device            r/s     rkB/s   rrqm/s  %rrqm r_await rareq-sz     w/s     wkB/s   wrqm/s  %wrqm w_await wareq-sz     d/s     dkB/s   drqm/s  %drqm d_await dareq-sz     f/s f_await  aqu-sz  %util
nvme0n1        564.00  22276.00     1.00   0.18    0.23    39.50    0.00      0.00     0.00   0.00    0.00     0.00    0.00      0.00     0.00   0.00    0.00     0.00    0.00    0.00    0.13   5.90


09/08/2026 09:06:21 PM
Device            r/s     rkB/s   rrqm/s  %rrqm r_await rareq-sz     w/s     wkB/s   wrqm/s  %wrqm w_await wareq-sz     d/s     dkB/s   drqm/s  %drqm d_await dareq-sz     f/s f_await  aqu-sz  %util
nvme0n1       1186.00  64784.00     0.00   0.00    0.21    54.62    2.00      8.00     0.00   0.00    0.50     4.00    0.00      0.00     0.00   0.00    0.00     0.00    0.00    0.00    0.25   7.80


09/08/2026 09:06:22 PM
Device            r/s     rkB/s   rrqm/s  %rrqm r_await rareq-sz     w/s     wkB/s   wrqm/s  %wrqm w_await wareq-sz     d/s     dkB/s   drqm/s  %drqm d_await dareq-sz     f/s f_await  aqu-sz  %util
nvme0n1        911.00  44920.00     0.00   0.00    0.23    49.31    0.00      0.00     0.00   0.00    0.00     0.00    0.00      0.00     0.00   0.00    0.00     0.00    0.00    0.00    0.21   7.30


09/08/2026 09:06:23 PM
Device            r/s     rkB/s   rrqm/s  %rrqm r_await rareq-sz     w/s     wkB/s   wrqm/s  %wrqm w_await wareq-sz     d/s     dkB/s   drqm/s  %drqm d_await dareq-sz     f/s f_await  aqu-sz  %util
nvme0n1       2875.00 157264.00     1.00   0.03    0.20    54.70    3.00     16.00     7.00  70.00    0.00     5.33    0.00      0.00     0.00   0.00    0.00     0.00    0.00    0.00    0.56  11.90


09/08/2026 09:06:24 PM
Device            r/s     rkB/s   rrqm/s  %rrqm r_await rareq-sz     w/s     wkB/s   wrqm/s  %wrqm w_await wareq-sz     d/s     dkB/s   drqm/s  %drqm d_await dareq-sz     f/s f_await  aqu-sz  %util
nvme0n1       2411.00 149576.00     0.00   0.00    0.23    62.04   59.00   2964.00   677.00  91.98    3.39    50.24    0.00      0.00     0.00   0.00    0.00     0.00    1.00    2.00    0.76  16.00


09/08/2026 09:06:25 PM
Device            r/s     rkB/s   rrqm/s  %rrqm r_await rareq-sz     w/s     wkB/s   wrqm/s  %wrqm w_await wareq-sz     d/s     dkB/s   drqm/s  %drqm d_await dareq-sz     f/s f_await  aqu-sz  %util
nvme0n1       1720.00  80696.00  1058.00  38.08    0.20    46.92    9.00     40.00     1.00  10.00   21.22     4.44    0.00      0.00     0.00   0.00    0.00     0.00    0.00    0.00    0.54  10.90


09/08/2026 09:06:26 PM
Device            r/s     rkB/s   rrqm/s  %rrqm r_await rareq-sz     w/s     wkB/s   wrqm/s  %wrqm w_await wareq-sz     d/s     dkB/s   drqm/s  %drqm d_await dareq-sz     f/s f_await  aqu-sz  %util
nvme0n1       8863.00  66480.00  1030.00  10.41    0.09     7.50   49.00    216.00     5.00   9.26    2.29     4.41    0.00      0.00     0.00   0.00    0.00     0.00    0.00    0.00    0.88  64.30


09/08/2026 09:06:27 PM
Device            r/s     rkB/s   rrqm/s  %rrqm r_await rareq-sz     w/s     wkB/s   wrqm/s  %wrqm w_await wareq-sz     d/s     dkB/s   drqm/s  %drqm d_await dareq-sz     f/s f_await  aqu-sz  %util
nvme0n1       5553.00  22212.00     0.00   0.00    0.15     4.00    4.00     20.00     1.00  20.00    0.00     5.00    0.00      0.00     0.00   0.00    0.00     0.00    0.00    0.00    0.81  79.90


09/08/2026 09:06:28 PM
Device            r/s     rkB/s   rrqm/s  %rrqm r_await rareq-sz     w/s     wkB/s   wrqm/s  %wrqm w_await wareq-sz     d/s     dkB/s   drqm/s  %drqm d_await dareq-sz     f/s f_await  aqu-sz  %util
nvme0n1       1575.00 163200.00     5.00   0.32    0.26   103.62    1.00     52.00    12.00  92.31    0.00    52.00    0.00      0.00     0.00   0.00    0.00     0.00    0.00    0.00    0.42  21.40


09/08/2026 09:06:29 PM
Device            r/s     rkB/s   rrqm/s  %rrqm r_await rareq-sz     w/s     wkB/s   wrqm/s  %wrqm w_await wareq-sz     d/s     dkB/s   drqm/s  %drqm d_await dareq-sz     f/s f_await  aqu-sz  %util
nvme0n1       1785.00 222884.00     0.00   0.00    0.27   124.86   21.00     88.00     2.00   8.70    6.86     4.19    0.00      0.00     0.00   0.00    0.00     0.00    1.00    1.00    0.62  18.70


09/08/2026 09:06:30 PM
Device            r/s     rkB/s   rrqm/s  %rrqm r_await rareq-sz     w/s     wkB/s   wrqm/s  %wrqm w_await wareq-sz     d/s     dkB/s   drqm/s  %drqm d_await dareq-sz     f/s f_await  aqu-sz  %util
nvme0n1       2619.00 328508.00     0.00   0.00    0.25   125.43    1.00      4.00     0.00   0.00   18.00     4.00    0.00      0.00     0.00   0.00    0.00     0.00    0.00    0.00    0.67  27.30


09/08/2026 09:06:31 PM
Device            r/s     rkB/s   rrqm/s  %rrqm r_await rareq-sz     w/s     wkB/s   wrqm/s  %wrqm w_await wareq-sz     d/s     dkB/s   drqm/s  %drqm d_await dareq-sz     f/s f_await  aqu-sz  %util
nvme0n1       2159.00 270768.00     0.00   0.00    0.25   125.41   74.00    396.00     1.00   1.33    0.05     5.35    0.00      0.00     0.00   0.00    0.00     0.00    0.00    0.00    0.55  22.00


09/08/2026 09:06:32 PM
Device            r/s     rkB/s   rrqm/s  %rrqm r_await rareq-sz     w/s     wkB/s   wrqm/s  %wrqm w_await wareq-sz     d/s     dkB/s   drqm/s  %drqm d_await dareq-sz     f/s f_await  aqu-sz  %util
nvme0n1       2484.00 309996.00     0.00   0.00    0.24   124.80    0.00      0.00     0.00   0.00    0.00     0.00    0.00      0.00     0.00   0.00    0.00     0.00    0.00    0.00    0.60  22.80


09/08/2026 09:06:33 PM
Device            r/s     rkB/s   rrqm/s  %rrqm r_await rareq-sz     w/s     wkB/s   wrqm/s  %wrqm w_await wareq-sz     d/s     dkB/s   drqm/s  %drqm d_await dareq-sz     f/s f_await  aqu-sz  %util
nvme0n1       2022.00 251600.00     0.00   0.00    0.25   124.43    1.00      4.00     3.00  75.00    0.00     4.00    0.00      0.00     0.00   0.00    0.00     0.00    0.00    0.00    0.50  18.00


09/08/2026 09:06:34 PM
Device            r/s     rkB/s   rrqm/s  %rrqm r_await rareq-sz     w/s     wkB/s   wrqm/s  %wrqm w_await wareq-sz     d/s     dkB/s   drqm/s  %drqm d_await dareq-sz     f/s f_await  aqu-sz  %util
nvme0n1       5426.00  25172.00     2.00   0.04    0.14     4.64    3.00     20.00     0.00   0.00    2.33     6.67    0.00      0.00     0.00   0.00    0.00     0.00    1.00    2.00    0.78  76.70


09/08/2026 09:06:35 PM
Device            r/s     rkB/s   rrqm/s  %rrqm r_await rareq-sz     w/s     wkB/s   wrqm/s  %wrqm w_await wareq-sz     d/s     dkB/s   drqm/s  %drqm d_await dareq-sz     f/s f_await  aqu-sz  %util
nvme0n1       2245.00 273024.00     0.00   0.00    0.25   121.61    4.00    148.00    33.00  89.19    5.25    37.00    0.00      0.00     0.00   0.00    0.00     0.00    0.00    0.00    0.59  23.00


09/08/2026 09:06:36 PM
Device            r/s     rkB/s   rrqm/s  %rrqm r_await rareq-sz     w/s     wkB/s   wrqm/s  %wrqm w_await wareq-sz     d/s     dkB/s   drqm/s  %drqm d_await dareq-sz     f/s f_await  aqu-sz  %util
nvme0n1       1654.00 192568.00     0.00   0.00    0.25   116.43    0.00      0.00     0.00   0.00    0.00     0.00    0.00      0.00     0.00   0.00    0.00     0.00    0.00    0.00    0.41  20.00


09/08/2026 09:06:37 PM
Device            r/s     rkB/s   rrqm/s  %rrqm r_await rareq-sz     w/s     wkB/s   wrqm/s  %wrqm w_await wareq-sz     d/s     dkB/s   drqm/s  %drqm d_await dareq-sz     f/s f_await  aqu-sz  %util
nvme0n1       2021.00 250076.00     0.00   0.00    0.22   123.74    4.00     16.00     0.00   0.00    0.25     4.00    0.00      0.00     0.00   0.00    0.00     0.00    0.00    0.00    0.44  19.50


09/08/2026 09:06:38 PM
Device            r/s     rkB/s   rrqm/s  %rrqm r_await rareq-sz     w/s     wkB/s   wrqm/s  %wrqm w_await wareq-sz     d/s     dkB/s   drqm/s  %drqm d_await dareq-sz     f/s f_await  aqu-sz  %util
nvme0n1       1758.00 218024.00     4.00   0.23    0.26   124.02    4.00     20.00     1.00  20.00    7.50     5.00    0.00      0.00     0.00   0.00    0.00     0.00    0.00    0.00    0.48  17.40


09/08/2026 09:06:39 PM
Device            r/s     rkB/s   rrqm/s  %rrqm r_await rareq-sz     w/s     wkB/s   wrqm/s  %wrqm w_await wareq-sz     d/s     dkB/s   drqm/s  %drqm d_await dareq-sz     f/s f_await  aqu-sz  %util
nvme0n1       2169.00 270904.00     0.00   0.00    0.25   124.90   26.00    104.00     1.00   3.70    6.08     4.00    0.00      0.00     0.00   0.00    0.00     0.00    1.00    1.00    0.69  23.60


09/08/2026 09:06:40 PM
Device            r/s     rkB/s   rrqm/s  %rrqm r_await rareq-sz     w/s     wkB/s   wrqm/s  %wrqm w_await wareq-sz     d/s     dkB/s   drqm/s  %drqm d_await dareq-sz     f/s f_await  aqu-sz  %util
nvme0n1       2632.00 326852.00     1.00   0.04    0.25   124.18    0.00      0.00     0.00   0.00    0.00     0.00    0.00      0.00     0.00   0.00    0.00     0.00    0.00    0.00    0.65  25.70


09/08/2026 09:06:41 PM
Device            r/s     rkB/s   rrqm/s  %rrqm r_await rareq-sz     w/s     wkB/s   wrqm/s  %wrqm w_await wareq-sz     d/s     dkB/s   drqm/s  %drqm d_await dareq-sz     f/s f_await  aqu-sz  %util
nvme0n1       7409.00 118644.00   233.00   3.05    0.13    16.01   23.00   1328.00   309.00  93.07    0.30    57.74    0.00      0.00     0.00   0.00    0.00     0.00    0.00    0.00    0.94  63.40


09/08/2026 09:06:42 PM
Device            r/s     rkB/s   rrqm/s  %rrqm r_await rareq-sz     w/s     wkB/s   wrqm/s  %wrqm w_await wareq-sz     d/s     dkB/s   drqm/s  %drqm d_await dareq-sz     f/s f_await  aqu-sz  %util
nvme0n1       3485.00  83984.00     0.00   0.00    0.18    24.10  156.00   6656.00  1508.00  90.62    7.35    42.67    0.00      0.00     0.00   0.00    0.00     0.00    0.00    0.00    1.76  51.40


09/08/2026 09:06:43 PM
Device            r/s     rkB/s   rrqm/s  %rrqm r_await rareq-sz     w/s     wkB/s   wrqm/s  %wrqm w_await wareq-sz     d/s     dkB/s   drqm/s  %drqm d_await dareq-sz     f/s f_await  aqu-sz  %util
nvme0n1       1751.00 218956.00     0.00   0.00    0.26   125.05    0.00      0.00     0.00   0.00    0.00     0.00    0.00      0.00     0.00   0.00    0.00     0.00    0.00    0.00    0.46  18.80


09/08/2026 09:06:44 PM
Device            r/s     rkB/s   rrqm/s  %rrqm r_await rareq-sz     w/s     wkB/s   wrqm/s  %wrqm w_await wareq-sz     d/s     dkB/s   drqm/s  %drqm d_await dareq-sz     f/s f_await  aqu-sz  %util
nvme0n1       1265.00 150620.00     0.00   0.00    0.27   119.07    2.00     64.00    14.00  87.50   14.00    32.00    0.00      0.00     0.00   0.00    0.00     0.00    0.00    0.00    0.37  17.70


09/08/2026 09:06:45 PM
Device            r/s     rkB/s   rrqm/s  %rrqm r_await rareq-sz     w/s     wkB/s   wrqm/s  %wrqm w_await wareq-sz     d/s     dkB/s   drqm/s  %drqm d_await dareq-sz     f/s f_await  aqu-sz  %util
nvme0n1        958.00 117220.00     0.00   0.00    0.29   122.36   40.00    168.00     3.00   6.98    3.40     4.20    0.00      0.00     0.00   0.00    0.00     0.00    1.00    1.00    0.41  11.90


09/08/2026 09:06:46 PM
Device            r/s     rkB/s   rrqm/s  %rrqm r_await rareq-sz     w/s     wkB/s   wrqm/s  %wrqm w_await wareq-sz     d/s     dkB/s   drqm/s  %drqm d_await dareq-sz     f/s f_await  aqu-sz  %util
nvme0n1       1161.00 143688.00     0.00   0.00    0.29   123.76    0.00      0.00     0.00   0.00    0.00     0.00    0.00      0.00     0.00   0.00    0.00     0.00    0.00    0.00    0.34  15.40


09/08/2026 09:06:47 PM
Device            r/s     rkB/s   rrqm/s  %rrqm r_await rareq-sz     w/s     wkB/s   wrqm/s  %wrqm w_await wareq-sz     d/s     dkB/s   drqm/s  %drqm d_await dareq-sz     f/s f_await  aqu-sz  %util
nvme0n1       1398.00 173868.00     0.00   0.00    0.27   124.37   32.00    136.00     1.00   3.03    0.06     4.25    0.00      0.00     0.00   0.00    0.00     0.00    0.00    0.00    0.38  15.80


09/08/2026 09:06:48 PM
Device            r/s     rkB/s   rrqm/s  %rrqm r_await rareq-sz     w/s     wkB/s   wrqm/s  %wrqm w_await wareq-sz     d/s     dkB/s   drqm/s  %drqm d_await dareq-sz     f/s f_await  aqu-sz  %util
nvme0n1       4112.00  41912.00     0.00   0.00    0.16    10.19    0.00      0.00     0.00   0.00    0.00     0.00    0.00      0.00     0.00   0.00    0.00     0.00    0.00    0.00    0.65  60.70


09/08/2026 09:06:49 PM
Device            r/s     rkB/s   rrqm/s  %rrqm r_await rareq-sz     w/s     wkB/s   wrqm/s  %wrqm w_await wareq-sz     d/s     dkB/s   drqm/s  %drqm d_await dareq-sz     f/s f_await  aqu-sz  %util
nvme0n1       1128.00 137724.00     0.00   0.00    0.29   122.10    0.00      0.00     0.00   0.00    0.00     0.00    0.00      0.00     0.00   0.00    0.00     0.00    0.00    0.00    0.33  16.10


09/08/2026 09:06:50 PM
Device            r/s     rkB/s   rrqm/s  %rrqm r_await rareq-sz     w/s     wkB/s   wrqm/s  %wrqm w_await wareq-sz     d/s     dkB/s   drqm/s  %drqm d_await dareq-sz     f/s f_await  aqu-sz  %util
nvme0n1       1007.00 121752.00     0.00   0.00    0.34   120.91  723.00   5796.00   727.00  50.14    1.09     8.02    0.00      0.00     0.00   0.00    0.00     0.00    1.00    2.00    1.13  16.60


09/08/2026 09:06:51 PM
Device            r/s     rkB/s   rrqm/s  %rrqm r_await rareq-sz     w/s     wkB/s   wrqm/s  %wrqm w_await wareq-sz     d/s     dkB/s   drqm/s  %drqm d_await dareq-sz     f/s f_await  aqu-sz  %util
nvme0n1       1362.00 170664.00     0.00   0.00    0.28   125.30    1.00      4.00     0.00   0.00    0.00     4.00    0.00      0.00     0.00   0.00    0.00     0.00    0.00    0.00    0.37  15.30


09/08/2026 09:06:52 PM
Device            r/s     rkB/s   rrqm/s  %rrqm r_await rareq-sz     w/s     wkB/s   wrqm/s  %wrqm w_await wareq-sz     d/s     dkB/s   drqm/s  %drqm d_await dareq-sz     f/s f_await  aqu-sz  %util
nvme0n1       1582.00 190944.00    10.00   0.63    0.25   120.70    5.00     24.00     1.00  16.67   35.80     4.80    0.00      0.00     0.00   0.00    0.00     0.00    0.00    0.00    0.58  19.00


09/08/2026 09:06:53 PM
Device            r/s     rkB/s   rrqm/s  %rrqm r_await rareq-sz     w/s     wkB/s   wrqm/s  %wrqm w_await wareq-sz     d/s     dkB/s   drqm/s  %drqm d_await dareq-sz     f/s f_await  aqu-sz  %util
nvme0n1       5363.00  32004.00    30.00   0.56    0.14     5.97    0.00      0.00     0.00   0.00    0.00     0.00    0.00      0.00     0.00   0.00    0.00     0.00    0.00    0.00    0.77  71.30


09/08/2026 09:06:54 PM
Device            r/s     rkB/s   rrqm/s  %rrqm r_await rareq-sz     w/s     wkB/s   wrqm/s  %wrqm w_await wareq-sz     d/s     dkB/s   drqm/s  %drqm d_await dareq-sz     f/s f_await  aqu-sz  %util
nvme0n1       2969.00 107508.00     0.00   0.00    0.18    36.21    0.00      0.00     1.00 100.00    0.00     0.00    0.00      0.00     0.00   0.00    0.00     0.00    0.00    0.00    0.52  37.50


09/08/2026 09:06:55 PM
Device            r/s     rkB/s   rrqm/s  %rrqm r_await rareq-sz     w/s     wkB/s   wrqm/s  %wrqm w_await wareq-sz     d/s     dkB/s   drqm/s  %drqm d_await dareq-sz     f/s f_await  aqu-sz  %util
nvme0n1       1866.00 233800.00     0.00   0.00    0.25   125.29    3.00     12.00     0.00   0.00    1.00     4.00    0.00      0.00     0.00   0.00    0.00     0.00    1.00    2.00    0.48  19.20


09/08/2026 09:06:56 PM
Device            r/s     rkB/s   rrqm/s  %rrqm r_await rareq-sz     w/s     wkB/s   wrqm/s  %wrqm w_await wareq-sz     d/s     dkB/s   drqm/s  %drqm d_await dareq-sz     f/s f_await  aqu-sz  %util
nvme0n1       1458.00 118860.00     2.00   0.14    0.21    81.52    0.00      0.00     0.00   0.00    0.00     0.00    0.00      0.00     0.00   0.00    0.00     0.00    0.00    0.00    0.31  16.90


09/08/2026 09:06:57 PM
Device            r/s     rkB/s   rrqm/s  %rrqm r_await rareq-sz     w/s     wkB/s   wrqm/s  %wrqm w_await wareq-sz     d/s     dkB/s   drqm/s  %drqm d_await dareq-sz     f/s f_await  aqu-sz  %util
nvme0n1       1379.00 173020.00     0.00   0.00    0.23   125.47    9.00     48.00     3.00  25.00   49.78     5.33    0.00      0.00     0.00   0.00    0.00     0.00    0.00    0.00    0.77  13.80


09/08/2026 09:06:58 PM
Device            r/s     rkB/s   rrqm/s  %rrqm r_await rareq-sz     w/s     wkB/s   wrqm/s  %wrqm w_await wareq-sz     d/s     dkB/s   drqm/s  %drqm d_await dareq-sz     f/s f_await  aqu-sz  %util
nvme0n1       1642.00 204680.00     0.00   0.00    0.24   124.65   68.00    316.00    11.00  13.92   13.75     4.65    0.00      0.00     0.00   0.00    0.00     0.00    0.00    0.00    1.33  17.70


09/08/2026 09:06:59 PM
Device            r/s     rkB/s   rrqm/s  %rrqm r_await rareq-sz     w/s     wkB/s   wrqm/s  %wrqm w_await wareq-sz     d/s     dkB/s   drqm/s  %drqm d_await dareq-sz     f/s f_await  aqu-sz  %util
nvme0n1       1461.00 162252.00     0.00   0.00    0.25   111.06    1.00     36.00     8.00  88.89    0.00    36.00    0.00      0.00     0.00   0.00    0.00     0.00    0.00    0.00    0.37  15.90


09/08/2026 09:07:00 PM
Device            r/s     rkB/s   rrqm/s  %rrqm r_await rareq-sz     w/s     wkB/s   wrqm/s  %wrqm w_await wareq-sz     d/s     dkB/s   drqm/s  %drqm d_await dareq-sz     f/s f_await  aqu-sz  %util
nvme0n1       4221.00 164604.00   904.00  17.64    0.16    39.00    2.00      4.00     0.00   0.00    0.50     2.00    0.00      0.00     0.00   0.00    0.00     0.00    1.00    1.00    0.66  16.50


09/08/2026 09:07:01 PM
Device            r/s     rkB/s   rrqm/s  %rrqm r_await rareq-sz     w/s     wkB/s   wrqm/s  %wrqm w_await wareq-sz     d/s     dkB/s   drqm/s  %drqm d_await dareq-sz     f/s f_await  aqu-sz  %util
nvme0n1        866.00  35608.00    16.00   1.81    0.19    41.12   73.00    388.00     1.00   1.35    0.22     5.32    0.00      0.00     0.00   0.00    0.00     0.00    0.00    0.00    0.18   6.60


09/08/2026 09:07:02 PM
Device            r/s     rkB/s   rrqm/s  %rrqm r_await rareq-sz     w/s     wkB/s   wrqm/s  %wrqm w_await wareq-sz     d/s     dkB/s   drqm/s  %drqm d_await dareq-sz     f/s f_await  aqu-sz  %util
nvme0n1        862.00  40992.00     4.00   0.46    0.24    47.55    0.00      0.00     0.00   0.00    0.00     0.00    0.00      0.00     0.00   0.00    0.00     0.00    0.00    0.00    0.20   7.30


09/08/2026 09:07:03 PM
Device            r/s     rkB/s   rrqm/s  %rrqm r_await rareq-sz     w/s     wkB/s   wrqm/s  %wrqm w_await wareq-sz     d/s     dkB/s   drqm/s  %drqm d_await dareq-sz     f/s f_await  aqu-sz  %util
nvme0n1        681.00  33988.00     3.00   0.44    0.22    49.91   20.00     88.00     2.00   9.09    3.60     4.40    0.00      0.00     0.00   0.00    0.00     0.00    0.00    0.00    0.22   6.90


09/08/2026 09:07:04 PM
Device            r/s     rkB/s   rrqm/s  %rrqm r_await rareq-sz     w/s     wkB/s   wrqm/s  %wrqm w_await wareq-sz     d/s     dkB/s   drqm/s  %drqm d_await dareq-sz     f/s f_await  aqu-sz  %util
nvme0n1        862.00  38440.00     3.00   0.35    0.22    44.59    1.00     16.00     3.00  75.00    0.00    16.00    0.00      0.00     0.00   0.00    0.00     0.00    0.00    0.00    0.19   6.70


09/08/2026 09:07:05 PM
Device            r/s     rkB/s   rrqm/s  %rrqm r_await rareq-sz     w/s     wkB/s   wrqm/s  %wrqm w_await wareq-sz     d/s     dkB/s   drqm/s  %drqm d_await dareq-sz     f/s f_await  aqu-sz  %util
nvme0n1       1204.00  60380.00     1.00   0.08    0.22    50.15   10.00     44.00     2.00  16.67    0.30     4.40    0.00      0.00     0.00   0.00    0.00     0.00    1.00    1.00    0.27   7.50


09/08/2026 09:07:06 PM
Device            r/s     rkB/s   rrqm/s  %rrqm r_await rareq-sz     w/s     wkB/s   wrqm/s  %wrqm w_await wareq-sz     d/s     dkB/s   drqm/s  %drqm d_await dareq-sz     f/s f_await  aqu-sz  %util
nvme0n1        642.00  22964.00     8.00   1.23    0.19    35.77    0.00      0.00     0.00   0.00    0.00     0.00    0.00      0.00     0.00   0.00    0.00     0.00    0.00    0.00    0.12   6.20


09/08/2026 09:07:07 PM
Device            r/s     rkB/s   rrqm/s  %rrqm r_await rareq-sz     w/s     wkB/s   wrqm/s  %wrqm w_await wareq-sz     d/s     dkB/s   drqm/s  %drqm d_await dareq-sz     f/s f_await  aqu-sz  %util
nvme0n1        939.00  46892.00     1.00   0.11    0.20    49.94    0.00      0.00     0.00   0.00    0.00     0.00    0.00      0.00     0.00   0.00    0.00     0.00    0.00    0.00    0.19   6.00


09/08/2026 09:07:08 PM
Device            r/s     rkB/s   rrqm/s  %rrqm r_await rareq-sz     w/s     wkB/s   wrqm/s  %wrqm w_await wareq-sz     d/s     dkB/s   drqm/s  %drqm d_await dareq-sz     f/s f_await  aqu-sz  %util
nvme0n1        929.00  40472.00     0.00   0.00    0.25    43.57    0.00      0.00     0.00   0.00    0.00     0.00    0.00      0.00     0.00   0.00    0.00     0.00    0.00    0.00    0.23   6.40


09/08/2026 09:07:09 PM
Device            r/s     rkB/s   rrqm/s  %rrqm r_await rareq-sz     w/s     wkB/s   wrqm/s  %wrqm w_await wareq-sz     d/s     dkB/s   drqm/s  %drqm d_await dareq-sz     f/s f_await  aqu-sz  %util
nvme0n1       2229.00 112136.00     1.00   0.04    0.21    50.31    3.00     12.00     0.00   0.00    0.00     4.00    0.00      0.00     0.00   0.00    0.00     0.00    0.00    0.00    0.47  12.10


09/08/2026 09:07:10 PM
Device            r/s     rkB/s   rrqm/s  %rrqm r_await rareq-sz     w/s     wkB/s   wrqm/s  %wrqm w_await wareq-sz     d/s     dkB/s   drqm/s  %drqm d_await dareq-sz     f/s f_await  aqu-sz  %util
nvme0n1       2067.00 106184.00     2.00   0.10    0.20    51.37    1.00     12.00     6.00  85.71   39.00    12.00    0.00      0.00     0.00   0.00    0.00     0.00    0.00    0.00    0.44  14.60


09/08/2026 09:07:11 PM
Device            r/s     rkB/s   rrqm/s  %rrqm r_await rareq-sz     w/s     wkB/s   wrqm/s  %wrqm w_await wareq-sz     d/s     dkB/s   drqm/s  %drqm d_await dareq-sz     f/s f_await  aqu-sz  %util
nvme0n1       4689.00  47432.00   207.00   4.23    0.08    10.12    3.00     24.00     0.00   0.00    1.00     8.00    0.00      0.00     0.00   0.00    0.00     0.00    1.00    2.00    0.40  29.70


09/08/2026 09:07:12 PM
Device            r/s     rkB/s   rrqm/s  %rrqm r_await rareq-sz     w/s     wkB/s   wrqm/s  %wrqm w_await wareq-sz     d/s     dkB/s   drqm/s  %drqm d_await dareq-sz     f/s f_await  aqu-sz  %util
nvme0n1       7529.00  51924.00    54.00   0.71    0.13     6.90   74.00    356.00    15.00  16.85    5.05     4.81    0.00      0.00     0.00   0.00    0.00     0.00    0.00    0.00    1.32  88.80


09/08/2026 09:07:13 PM
Device            r/s     rkB/s   rrqm/s  %rrqm r_await rareq-sz     w/s     wkB/s   wrqm/s  %wrqm w_await wareq-sz     d/s     dkB/s   drqm/s  %drqm d_await dareq-sz     f/s f_await  aqu-sz  %util
nvme0n1       2781.00 106576.00     0.00   0.00    0.18    38.32    0.00      0.00     0.00   0.00    0.00     0.00    0.00      0.00     0.00   0.00    0.00     0.00    0.00    0.00    0.51  38.80


09/08/2026 09:07:14 PM
Device            r/s     rkB/s   rrqm/s  %rrqm r_await rareq-sz     w/s     wkB/s   wrqm/s  %wrqm w_await wareq-sz     d/s     dkB/s   drqm/s  %drqm d_await dareq-sz     f/s f_await  aqu-sz  %util
nvme0n1       1190.00 132980.00     3.00   0.25    0.26   111.75    5.00     24.00     1.00  16.67    0.20     4.80    0.00      0.00     0.00   0.00    0.00     0.00    0.00    0.00    0.31  14.30


09/08/2026 09:07:15 PM
Device            r/s     rkB/s   rrqm/s  %rrqm r_await rareq-sz     w/s     wkB/s   wrqm/s  %wrqm w_await wareq-sz     d/s     dkB/s   drqm/s  %drqm d_await dareq-sz     f/s f_await  aqu-sz  %util
nvme0n1       1188.00 141616.00     0.00   0.00    0.27   119.21  104.00    428.00    12.00  10.34    8.40     4.12    0.00      0.00     0.00   0.00    0.00     0.00    0.00    0.00    1.19  17.70


09/08/2026 09:07:16 PM
Device            r/s     rkB/s   rrqm/s  %rrqm r_await rareq-sz     w/s     wkB/s   wrqm/s  %wrqm w_await wareq-sz     d/s     dkB/s   drqm/s  %drqm d_await dareq-sz     f/s f_await  aqu-sz  %util
nvme0n1       1954.00 246016.00     0.00   0.00    0.25   125.90  220.00    968.00    14.00   5.98    4.56     4.40    0.00      0.00     0.00   0.00    0.00     0.00    1.00    1.00    1.49  19.00


09/08/2026 09:07:17 PM
Device            r/s     rkB/s   rrqm/s  %rrqm r_await rareq-sz     w/s     wkB/s   wrqm/s  %wrqm w_await wareq-sz     d/s     dkB/s   drqm/s  %drqm d_await dareq-sz     f/s f_await  aqu-sz  %util
nvme0n1       2108.00 265220.00     0.00   0.00    0.28   125.82   97.00   4424.00  1008.00  91.22    5.31    45.61    0.00      0.00     0.00   0.00    0.00     0.00    0.00    0.00    1.10  23.20


09/08/2026 09:07:18 PM
Device            r/s     rkB/s   rrqm/s  %rrqm r_await rareq-sz     w/s     wkB/s   wrqm/s  %wrqm w_await wareq-sz     d/s     dkB/s   drqm/s  %drqm d_await dareq-sz     f/s f_await  aqu-sz  %util
nvme0n1       2429.00 217100.00     0.00   0.00    0.24    89.38    0.00      0.00     0.00   0.00    0.00     0.00    0.00      0.00     0.00   0.00    0.00     0.00    0.00    0.00    0.57  28.10


09/08/2026 09:07:19 PM
Device            r/s     rkB/s   rrqm/s  %rrqm r_await rareq-sz     w/s     wkB/s   wrqm/s  %wrqm w_await wareq-sz     d/s     dkB/s   drqm/s  %drqm d_await dareq-sz     f/s f_await  aqu-sz  %util
nvme0n1       4815.00  23140.00    30.00   0.62    0.15     4.81    0.00      0.00     0.00   0.00    0.00     0.00    0.00      0.00     0.00   0.00    0.00     0.00    0.00    0.00    0.71  69.80


09/08/2026 09:07:20 PM
Device            r/s     rkB/s   rrqm/s  %rrqm r_await rareq-sz     w/s     wkB/s   wrqm/s  %wrqm w_await wareq-sz     d/s     dkB/s   drqm/s  %drqm d_await dareq-sz     f/s f_await  aqu-sz  %util
nvme0n1       1481.00 179424.00     0.00   0.00    0.25   121.15    1.00     24.00     4.00  80.00    0.00    24.00    0.00      0.00     0.00   0.00    0.00     0.00    0.00    0.00    0.38  17.00


09/08/2026 09:07:21 PM
Device            r/s     rkB/s   rrqm/s  %rrqm r_await rareq-sz     w/s     wkB/s   wrqm/s  %wrqm w_await wareq-sz     d/s     dkB/s   drqm/s  %drqm d_await dareq-sz     f/s f_await  aqu-sz  %util
nvme0n1       2080.00 259348.00     0.00   0.00    0.24   124.69    3.00      4.00     0.00   0.00    1.00     1.33    0.00      0.00     0.00   0.00    0.00     0.00    1.00    1.00    0.51  21.30


09/08/2026 09:07:22 PM
Device            r/s     rkB/s   rrqm/s  %rrqm r_await rareq-sz     w/s     wkB/s   wrqm/s  %wrqm w_await wareq-sz     d/s     dkB/s   drqm/s  %drqm d_await dareq-sz     f/s f_await  aqu-sz  %util
nvme0n1       1735.00 216380.00     0.00   0.00    0.24   124.71   45.00    180.00     0.00   0.00    8.47     4.00    0.00      0.00     0.00   0.00    0.00     0.00    0.00    0.00    0.80  16.30


09/08/2026 09:07:23 PM
Device            r/s     rkB/s   rrqm/s  %rrqm r_await rareq-sz     w/s     wkB/s   wrqm/s  %wrqm w_await wareq-sz     d/s     dkB/s   drqm/s  %drqm d_await dareq-sz     f/s f_await  aqu-sz  %util
nvme0n1       1183.00 148572.00     0.00   0.00    0.30   125.59    3.00    116.00    26.00  89.66   31.33    38.67    0.00      0.00     0.00   0.00    0.00     0.00    0.00    0.00    0.44  17.10


09/08/2026 09:07:24 PM
Device            r/s     rkB/s   rrqm/s  %rrqm r_await rareq-sz     w/s     wkB/s   wrqm/s  %wrqm w_await wareq-sz     d/s     dkB/s   drqm/s  %drqm d_await dareq-sz     f/s f_await  aqu-sz  %util
nvme0n1       1687.00 209816.00     1.00   0.06    0.26   124.37   70.00    308.00     7.00   9.09   16.94     4.40    0.00      0.00     0.00   0.00    0.00     0.00    0.00    0.00    1.63  17.20


09/08/2026 09:07:25 PM
Device            r/s     rkB/s   rrqm/s  %rrqm r_await rareq-sz     w/s     wkB/s   wrqm/s  %wrqm w_await wareq-sz     d/s     dkB/s   drqm/s  %drqm d_await dareq-sz     f/s f_await  aqu-sz  %util
nvme0n1       3201.00 130440.00     0.00   0.00    0.19    40.75   67.00    288.00     5.00   6.94    0.85     4.30    0.00      0.00     0.00   0.00    0.00     0.00    0.00    0.00    0.66  43.40


09/08/2026 09:07:26 PM
Device            r/s     rkB/s   rrqm/s  %rrqm r_await rareq-sz     w/s     wkB/s   wrqm/s  %wrqm w_await wareq-sz     d/s     dkB/s   drqm/s  %drqm d_await dareq-sz     f/s f_await  aqu-sz  %util
nvme0n1       4718.00  49364.00     1.00   0.02    0.14    10.46   24.00    132.00    10.00  29.41   26.92     5.50    0.00      0.00     0.00   0.00    0.00     0.00    1.00    0.00    1.30  59.90


09/08/2026 09:07:27 PM
Device            r/s     rkB/s   rrqm/s  %rrqm r_await rareq-sz     w/s     wkB/s   wrqm/s  %wrqm w_await wareq-sz     d/s     dkB/s   drqm/s  %drqm d_await dareq-sz     f/s f_await  aqu-sz  %util
nvme0n1       1408.00 125188.00    30.00   2.09    0.20    88.91   23.00     92.00     0.00   0.00   16.70     4.00    0.00      0.00     0.00   0.00    0.00     0.00    0.00    0.00    0.67  15.80


09/08/2026 09:07:28 PM
Device            r/s     rkB/s   rrqm/s  %rrqm r_await rareq-sz     w/s     wkB/s   wrqm/s  %wrqm w_await wareq-sz     d/s     dkB/s   drqm/s  %drqm d_await dareq-sz     f/s f_await  aqu-sz  %util
nvme0n1       1565.00 194204.00     0.00   0.00    0.29   124.09  382.00   6876.00  1770.00  82.25    6.54    18.00    0.00      0.00     0.00   0.00    0.00     0.00    0.00    0.00    2.95  18.50


09/08/2026 09:07:29 PM
Device            r/s     rkB/s   rrqm/s  %rrqm r_await rareq-sz     w/s     wkB/s   wrqm/s  %wrqm w_await wareq-sz     d/s     dkB/s   drqm/s  %drqm d_await dareq-sz     f/s f_await  aqu-sz  %util
nvme0n1       1437.00 179772.00     0.00   0.00    0.28   125.10   38.00   3244.00   340.00  89.95   15.50    85.37    0.00      0.00     0.00   0.00    0.00     0.00    0.00    0.00    0.99  17.10


09/08/2026 09:07:30 PM
Device            r/s     rkB/s   rrqm/s  %rrqm r_await rareq-sz     w/s     wkB/s   wrqm/s  %wrqm w_await wareq-sz     d/s     dkB/s   drqm/s  %drqm d_await dareq-sz     f/s f_await  aqu-sz  %util
nvme0n1       1069.00 133872.00     0.00   0.00    0.38   125.23   89.00   3728.00   843.00  90.45   10.01    41.89    0.00      0.00     0.00   0.00    0.00     0.00    0.00    0.00    1.29  19.50


09/08/2026 09:07:31 PM
Device            r/s     rkB/s   rrqm/s  %rrqm r_await rareq-sz     w/s     wkB/s   wrqm/s  %wrqm w_await wareq-sz     d/s     dkB/s   drqm/s  %drqm d_await dareq-sz     f/s f_await  aqu-sz  %util
nvme0n1       1475.00 185436.00     0.00   0.00    0.27   125.72   76.00    428.00    32.00  29.63   17.42     5.63    0.00      0.00     0.00   0.00    0.00     0.00    1.00    1.00    1.72  17.80


09/08/2026 09:07:32 PM
Device            r/s     rkB/s   rrqm/s  %rrqm r_await rareq-sz     w/s     wkB/s   wrqm/s  %wrqm w_await wareq-sz     d/s     dkB/s   drqm/s  %drqm d_await dareq-sz     f/s f_await  aqu-sz  %util
nvme0n1       4333.00  71500.00     0.00   0.00    0.16    16.50  101.00    504.00     1.00   0.98    5.83     4.99    0.00      0.00     0.00   0.00    0.00     0.00    0.00    0.00    1.27  60.10


09/08/2026 09:07:33 PM
Device            r/s     rkB/s   rrqm/s  %rrqm r_await rareq-sz     w/s     wkB/s   wrqm/s  %wrqm w_await wareq-sz     d/s     dkB/s   drqm/s  %drqm d_await dareq-sz     f/s f_await  aqu-sz  %util
nvme0n1        763.00  54680.00     4.00   0.52    0.27    71.66  468.00   2032.00    40.00   7.87    3.05     4.34    0.00      0.00     0.00   0.00    0.00     0.00    0.00    0.00    1.63  16.80


09/08/2026 09:07:34 PM
Device            r/s     rkB/s   rrqm/s  %rrqm r_await rareq-sz     w/s     wkB/s   wrqm/s  %wrqm w_await wareq-sz     d/s     dkB/s   drqm/s  %drqm d_await dareq-sz     f/s f_await  aqu-sz  %util
nvme0n1       1259.00 157568.00     0.00   0.00    0.28   125.15    0.00      0.00     0.00   0.00    0.00     0.00    0.00      0.00     0.00   0.00    0.00     0.00    0.00    0.00    0.35  15.30


09/08/2026 09:07:35 PM
Device            r/s     rkB/s   rrqm/s  %rrqm r_await rareq-sz     w/s     wkB/s   wrqm/s  %wrqm w_await wareq-sz     d/s     dkB/s   drqm/s  %drqm d_await dareq-sz     f/s f_await  aqu-sz  %util
nvme0n1       1272.00 159480.00     0.00   0.00    0.30   125.38   92.00    376.00     2.00   2.13    9.72     4.09    0.00      0.00     0.00   0.00    0.00     0.00    0.00    0.00    1.28  16.60


09/08/2026 09:07:36 PM
Device            r/s     rkB/s   rrqm/s  %rrqm r_await rareq-sz     w/s     wkB/s   wrqm/s  %wrqm w_await wareq-sz     d/s     dkB/s   drqm/s  %drqm d_await dareq-sz     f/s f_await  aqu-sz  %util
nvme0n1       1381.00 174096.00     0.00   0.00    0.38   126.07 2726.00  14384.00   873.00  24.26   10.11     5.28    0.00      0.00     0.00   0.00    0.00     0.00    0.00    0.00   28.08  19.50


09/08/2026 09:07:37 PM
Device            r/s     rkB/s   rrqm/s  %rrqm r_await rareq-sz     w/s     wkB/s   wrqm/s  %wrqm w_await wareq-sz     d/s     dkB/s   drqm/s  %drqm d_await dareq-sz     f/s f_await  aqu-sz  %util
nvme0n1       1939.00 147900.00    10.00   0.51    0.23    76.28    3.00     20.00     0.00   0.00    1.67     6.67    0.00      0.00     0.00   0.00    0.00     0.00    1.00    3.00    0.46  25.90


09/08/2026 09:07:38 PM
Device            r/s     rkB/s   rrqm/s  %rrqm r_await rareq-sz     w/s     wkB/s   wrqm/s  %wrqm w_await wareq-sz     d/s     dkB/s   drqm/s  %drqm d_await dareq-sz     f/s f_await  aqu-sz  %util
nvme0n1       5504.00  22016.00     0.00   0.00    0.14     4.00    2.00     12.00     1.00  33.33    0.00     6.00    0.00      0.00     0.00   0.00    0.00     0.00    0.00    0.00    0.76  73.60


09/08/2026 09:07:39 PM
Device            r/s     rkB/s   rrqm/s  %rrqm r_await rareq-sz     w/s     wkB/s   wrqm/s  %wrqm w_await wareq-sz     d/s     dkB/s   drqm/s  %drqm d_await dareq-sz     f/s f_await  aqu-sz  %util
nvme0n1       2549.00 152184.00     1.00   0.04    0.20    59.70  116.00    548.00    21.00  15.33    5.59     4.72    0.00      0.00     0.00   0.00    0.00     0.00    0.00    0.00    1.16  29.20


09/08/2026 09:07:40 PM
Device            r/s     rkB/s   rrqm/s  %rrqm r_await rareq-sz     w/s     wkB/s   wrqm/s  %wrqm w_await wareq-sz     d/s     dkB/s   drqm/s  %drqm d_await dareq-sz     f/s f_await  aqu-sz  %util
nvme0n1       1681.00 199796.00     2.00   0.12    0.25   118.86    8.00     32.00     0.00   0.00   29.50     4.00    0.00      0.00     0.00   0.00    0.00     0.00    0.00    0.00    0.66  20.30


09/08/2026 09:07:41 PM
Device            r/s     rkB/s   rrqm/s  %rrqm r_await rareq-sz     w/s     wkB/s   wrqm/s  %wrqm w_await wareq-sz     d/s     dkB/s   drqm/s  %drqm d_await dareq-sz     f/s f_await  aqu-sz  %util
nvme0n1       1862.00 231836.00     0.00   0.00    0.26   124.51   42.00    412.00    61.00  59.22    7.17     9.81    0.00      0.00     0.00   0.00    0.00     0.00    0.00    0.00    0.79  19.20


09/08/2026 09:07:42 PM
Device            r/s     rkB/s   rrqm/s  %rrqm r_await rareq-sz     w/s     wkB/s   wrqm/s  %wrqm w_await wareq-sz     d/s     dkB/s   drqm/s  %drqm d_await dareq-sz     f/s f_await  aqu-sz  %util
nvme0n1       6419.00 202376.00   251.00   3.76    0.09    31.53    5.00     48.00     8.00  61.54    0.60     9.60    0.00      0.00     0.00   0.00    0.00     0.00    1.00    1.00    0.59  32.60


09/08/2026 09:07:43 PM
Device            r/s     rkB/s   rrqm/s  %rrqm r_await rareq-sz     w/s     wkB/s   wrqm/s  %wrqm w_await wareq-sz     d/s     dkB/s   drqm/s  %drqm d_await dareq-sz     f/s f_await  aqu-sz  %util
nvme0n1       1793.00 224464.00     0.00   0.00    0.26   125.19  105.00    460.00    10.00   8.70    2.68     4.38    0.00      0.00     0.00   0.00    0.00     0.00    0.00    0.00    0.76  18.80


09/08/2026 09:07:44 PM
Device            r/s     rkB/s   rrqm/s  %rrqm r_await rareq-sz     w/s     wkB/s   wrqm/s  %wrqm w_await wareq-sz     d/s     dkB/s   drqm/s  %drqm d_await dareq-sz     f/s f_await  aqu-sz  %util
nvme0n1       1201.00 149376.00     0.00   0.00    0.28   124.38   34.00    148.00     4.00  10.53    0.15     4.35    0.00      0.00     0.00   0.00    0.00     0.00    0.00    0.00    0.34  13.80


09/08/2026 09:07:45 PM
Device            r/s     rkB/s   rrqm/s  %rrqm r_await rareq-sz     w/s     wkB/s   wrqm/s  %wrqm w_await wareq-sz     d/s     dkB/s   drqm/s  %drqm d_await dareq-sz     f/s f_await  aqu-sz  %util
nvme0n1       1988.00  63260.00  1081.00  35.22    0.16    31.82   45.00    188.00     1.00   2.17   27.33     4.18    0.00      0.00     0.00   0.00    0.00     0.00    0.00    0.00    1.54  14.80


09/08/2026 09:07:46 PM
Device            r/s     rkB/s   rrqm/s  %rrqm r_await rareq-sz     w/s     wkB/s   wrqm/s  %wrqm w_await wareq-sz     d/s     dkB/s   drqm/s  %drqm d_await dareq-sz     f/s f_await  aqu-sz  %util
nvme0n1        670.00  26912.00    19.00   2.76    0.21    40.17    0.00      0.00     0.00   0.00    0.00     0.00    0.00      0.00     0.00   0.00    0.00     0.00    0.00    0.00    0.14   6.50


09/08/2026 09:07:47 PM
Device            r/s     rkB/s   rrqm/s  %rrqm r_await rareq-sz     w/s     wkB/s   wrqm/s  %wrqm w_await wareq-sz     d/s     dkB/s   drqm/s  %drqm d_await dareq-sz     f/s f_await  aqu-sz  %util
nvme0n1        841.00  33492.00     1.00   0.12    0.25    39.82   31.00    132.00     7.00  18.42    0.42     4.26    0.00      0.00     0.00   0.00    0.00     0.00    0.00    0.00    0.23   7.00


09/08/2026 09:07:48 PM
Device            r/s     rkB/s   rrqm/s  %rrqm r_await rareq-sz     w/s     wkB/s   wrqm/s  %wrqm w_await wareq-sz     d/s     dkB/s   drqm/s  %drqm d_await dareq-sz     f/s f_await  aqu-sz  %util
nvme0n1        747.00  38384.00     6.00   0.80    0.26    51.38   12.00     72.00     1.00   7.69    0.92     6.00    0.00      0.00     0.00   0.00    0.00     0.00    1.00    2.00    0.20   6.90


09/08/2026 09:07:49 PM
Device            r/s     rkB/s   rrqm/s  %rrqm r_await rareq-sz     w/s     wkB/s   wrqm/s  %wrqm w_await wareq-sz     d/s     dkB/s   drqm/s  %drqm d_await dareq-sz     f/s f_await  aqu-sz  %util
nvme0n1       1495.00  76304.00     0.00   0.00    0.21    51.04    0.00      0.00     0.00   0.00    0.00     0.00    0.00      0.00     0.00   0.00    0.00     0.00    0.00    0.00    0.31   8.50


09/08/2026 09:07:50 PM
Device            r/s     rkB/s   rrqm/s  %rrqm r_await rareq-sz     w/s     wkB/s   wrqm/s  %wrqm w_await wareq-sz     d/s     dkB/s   drqm/s  %drqm d_await dareq-sz     f/s f_await  aqu-sz  %util
nvme0n1        909.00  41960.00     1.00   0.11    0.25    46.16    2.00      8.00     0.00   0.00    0.00     4.00    0.00      0.00     0.00   0.00    0.00     0.00    0.00    0.00    0.23   6.90


09/08/2026 09:07:51 PM
Device            r/s     rkB/s   rrqm/s  %rrqm r_await rareq-sz     w/s     wkB/s   wrqm/s  %wrqm w_await wareq-sz     d/s     dkB/s   drqm/s  %drqm d_await dareq-sz     f/s f_await  aqu-sz  %util
nvme0n1       1024.00  48368.00     5.00   0.49    0.19    47.23    0.00      0.00     0.00   0.00    0.00     0.00    0.00      0.00     0.00   0.00    0.00     0.00    0.00    0.00    0.19   7.30


09/08/2026 09:07:52 PM
Device            r/s     rkB/s   rrqm/s  %rrqm r_await rareq-sz     w/s     wkB/s   wrqm/s  %wrqm w_await wareq-sz     d/s     dkB/s   drqm/s  %drqm d_await dareq-sz     f/s f_await  aqu-sz  %util
nvme0n1        787.00  34604.00     1.00   0.13    0.21    43.97    0.00      0.00     1.00 100.00    0.00     0.00    0.00      0.00     0.00   0.00    0.00     0.00    0.00    0.00    0.17   6.40


09/08/2026 09:07:53 PM
Device            r/s     rkB/s   rrqm/s  %rrqm r_await rareq-sz     w/s     wkB/s   wrqm/s  %wrqm w_await wareq-sz     d/s     dkB/s   drqm/s  %drqm d_await dareq-sz     f/s f_await  aqu-sz  %util
nvme0n1       2091.00 103668.00     1.00   0.05    0.21    49.58    3.00     12.00     0.00   0.00    2.00     4.00    0.00      0.00     0.00   0.00    0.00     0.00    1.00    2.00    0.44   8.80


09/08/2026 09:07:54 PM
Device            r/s     rkB/s   rrqm/s  %rrqm r_await rareq-sz     w/s     wkB/s   wrqm/s  %wrqm w_await wareq-sz     d/s     dkB/s   drqm/s  %drqm d_await dareq-sz     f/s f_await  aqu-sz  %util
nvme0n1       3433.00 179052.00     0.00   0.00    0.18    52.16    5.00     20.00     0.00   0.00    1.20     4.00    0.00      0.00     0.00   0.00    0.00     0.00    0.00    0.00    0.64  15.20


09/08/2026 09:07:55 PM
Device            r/s     rkB/s   rrqm/s  %rrqm r_await rareq-sz     w/s     wkB/s   wrqm/s  %wrqm w_await wareq-sz     d/s     dkB/s   drqm/s  %drqm d_await dareq-sz     f/s f_await  aqu-sz  %util
nvme0n1       1219.00  66696.00     0.00   0.00    0.21    54.71   16.00    224.00    40.00  71.43    0.38    14.00    0.00      0.00     0.00   0.00    0.00     0.00    0.00    0.00    0.26   6.80

